{
  "command": {
    "actor": "krill",
    "time": "2020-04-30T14:34:56.109283Z",
    "handle": "ta",
    "version": 13,
    "sequence": 9,
    "details": {
      "child_certify": [
        "child",
        "0",
        {
          "asn": "none",
          "v4": "none",
          "v6": "none"
        },
        "C4CF00E42E046EBE5275589D3462F1B1F43FBA85"
      ]
    },
    "effect": {
      "events": [
        13,
        14,
        15
      ]
    }
  },
  "result": {
    "Events": [
      {
        "id": "ta",
        "version": 13,
        "details": {
          "child_certificate_issued": [
            "child",
            "0",
            "C4CF00E42E046EBE5275589D3462F1B1F43FBA85"
          ]
        }
      },
      {
        "id": "ta",
        "version": 14,
        "details": {
          "child_certificates_updated": [
            "0",
            {
              "issued": [
                {
                  "uri": "rsync://localhost/repo/ta/0/C4CF00E42E046EBE5275589D3462F1B1F43FBA85.cer",
                  "limit": {
                    "asn": "none",
                    "v4": "none",
                    "v6": "none"
                  },
                  "resource_set": {
                    "asn": "",
                    "v4": "10.0.0.0/24",
                    "v6": ""
                  },
                  "cert": "MIIHAzCCBeugAwIBAgIUWDYoCORcW2cRqSoLuCkt1hlQv6YwDQYJKoZIhvcNAQELBQAwggItMYICKTCCAiUGA1UEAxOCAhwzMDgyMDEwQTAyODIwMTAxMDBERjI0MzU0OTYyODI5MDRBMjg1ODNGRTg2NjQwMDY3RkEwREU0NDFDM0ZDRkE2RUI3OTFEQzVBQzlGRTlBOTBGMDFBNjMyRDE0OEMyMjJBMDBDQTJEN0MyRjU1Q0IyQjIxQjRERjdDQkU3RjA3MDU0QTk4OTZFRjdGNzE0QTcxRjZBNjc3ODY4QkUwNTRBQkUzNUY0Q0E1NTc1NTM3QzU4QzQ0MERDRDA5N0ZCODRGRTY3NEVDREE5RTYxMTkyOTkzQ0IwNTQ4OEI0RDY0MUMyMDFEQjM3RjFFQjE1QzIyMEMwQkRDRTZFQ0IyN0YzRUMyODRCMDIwOTEyRDM0MDVCNTRDMjYyNkE4NzVFOEZDRjk4ODNERTZCNzEyMTU1REE1NDY2RkQ1NTcyMzE3NkRBQzQwNDA4QTI2RTNFMjRBM0EwMDY1QThBMjk2MDg0MTgxMDlFRDMzMUI0QjM4NzJBMkZEOTI2MkRGODc2ODA1RTZGRjcwRTI4RkM1MDFGMjJENURENjgwOUQ4OTI5MjM0RTQzNkI4QUUxRjcwNTMwRTI3NjBGRjNCRkNBOTQ4RjNDRTlFNkJBN0ExRUJBQUFFNTI2M0Q0Q0U5QUExMDU5M0E0REUzN0RBQzE0ODdFRUU0NkE2Q0JCNkQ4NDAyRjhERTIxQUVCRjU1RjMxODkxNzAyMDMwMTAwMDEwHhcNMjAwNDMwMTQyOTU2WhcNMjEwNDMwMTQzNDU2WjAzMTEwLwYDVQQDEyhDNENGMDBFNDJFMDQ2RUJFNTI3NTU4OUQzNDYyRjFCMUY0M0ZCQTg1MIIBIjANBgkqhkiG9w0BAQEFAAOCAQ8AMIIBCgKCAQEA3L74WU+YUCEP5QwcGuHXEWbGCKafQ8bKsyHcoS57n1iGilV8J/D3iNQYDB0EY/AWT3rAr4hqpdBAj986o3r0wyfQunQPxqCkWpEs/Qxk5TXi90aWukCxgz5gT3mbclXmaAEuNiGceZrO92reaMNC7eXQ+s2hYHEnMlMmqVBKod9wB6FKwwloQbJHqgtYsKUlH2fjLoHWkJSxtOwZE6ILS43xkn7H/0srfh+1RQoJXX4UxwATZphQUjYYyUBtQf+Fc0UuE3kdAIxHw0qNDNsP3geIqh5lSW5jkplGTe08icw0PGmq5x0Amju8MQmW4VelP1JZT1WwhPh5oJh01leQWQIDAQABo4ICETCCAg0wDwYDVR0TAQH/BAUwAwEB/zAdBgNVHQ4EFgQUxM8A5C4Ebr5SdVidNGLxsfQ/uoUwHwYDVR0jBBgwFoAUPhNY2rYkJaxTFVTPQ6+EIJeblHYwDgYDVR0PAQH/BAQDAgEGMFkGA1UdHwRSMFAwTqBMoEqGSHJzeW5jOi8vbG9jYWxob3N0L3JlcG8vdGEvMC8zRTEzNThEQUI2MjQyNUFDNTMxNTU0Q0Y0M0FGODQyMDk3OUI5NDc2LmNybDA8BggrBgEFBQcBAQQwMC4wLAYIKwYBBQUHMAKGIHJzeW5jOi8vbG9jYWxob3N0L3JlcG8vdGEvdGEuY2VyMIHVBggrBgEFBQcBCwSByDCBxTArBggrBgEFBQcwBYYfcnN5bmM6Ly9sb2NhbGhvc3QvcmVwby9jaGlsZC8wLzBXBggrBgEFBQcwCoZLcnN5bmM6Ly9sb2NhbGhvc3QvcmVwby9jaGlsZC8wL0M0Q0YwMEU0MkUwNDZFQkU1Mjc1NTg5RDM0NjJGMUIxRjQzRkJBODUubWZ0MD0GCCsGAQUFBzANhjFodHRwczovL2xvY2FsaG9zdDozMDAwL3Rlc3QtcnJkcC9ub3RpZmljYXRpb24ueG1sMBgGA1UdIAEB/wQOMAwwCgYIKwYBBQUHDgIwHwYIKwYBBQUHAQcBAf8EEDAOMAwEAgABMAYDBAAKAAAwDQYJKoZIhvcNAQELBQADggEBAGDmnzP5S2dUV2D27BDk3kq5hKEp4AeM86+WUrvyaGPCkzYIKN0RiMXFnCNhC8C/hIR+5fM5NpkLFU8SmZHFuSMEcbWI++sAorjJBFeHjEs7I0I7fVIXEr4+tdlLFeFWU+MVMvBqk87D7q2NpOJTRPJoZdZ07YOSaiue+vb+LxIXTL7p5BRAExmUO8en9W0LSW5pS0cUS2YQhKevjGVQHkzuUo93n46S+nQ2/+jcJERCCrJ2akBtqvkySPLqyVBiMGNbcjEAqOG/GbXL79urUahvtbFmgRfZwtOXFge2t+DmyqFxJmWB7fy8lwOgjojV+VPFtkOHYTU1njqtWTqIsiA=",
                  "replaces": {
                    "revocation": {
                      "serial": "247196432361841211297007607219470692138597622956",
                      "expires": "2021-04-30T14:34:55Z"
                    },
                    "hash": "8ee647ad25576f1e4322cb610ffcd4c533534fdfc1251bc6626d666426d4a117"
                  }
                }
              ],
              "removed": []
            }
          ]
        }
      },
      {
        "id": "ta",
        "version": 15,
        "details": {
          "object_set_updated": [
            "0",
            {
              "3E1358DAB62425AC531554CF43AF8420979B9476": {
                "number": 4,
                "revocations_delta": {
                  "added": [
                    {
                      "serial": "247196432361841211297007607219470692138597622956",
                      "expires": "2021-04-30T14:34:55Z"
                    },
                    {
                      "serial": "330435061428886571390064415433267594408426634175",
                      "expires": "2020-05-01T14:34:55.056943Z"
                    }
                  ],
                  "dropped": []
                },
                "manifest_info": {
                  "name": "3E1358DAB62425AC531554CF43AF8420979B9476.mft",
                  "current": {
                    "content": "MIILZgYJKoZIhvcNAQcCoIILVzCCC1MCAQMxDzANBglghkgBZQMEAgEFADCB7wYLKoZIhvcNAQkQARqggd8EgdwwgdkCAQQYDzIwMjAwNDMwMTQyOTU2WhgPMjAyMDA1MDExNDM0NTZaBglghkgBZQMEAgEwgaYwURYsM0UxMzU4REFCNjI0MjVBQzUzMTU1NENGNDNBRjg0MjA5NzlCOTQ3Ni5jcmwDIQDyPGyUtcRbF3hs6MzlQsZ7WREfJFOgx1SayElC1/zP0jBRFixDNENGMDBFNDJFMDQ2RUJFNTI3NTU4OUQzNDYyRjFCMUY0M0ZCQTg1LmNlcgMhALQO6in7ZQdFTs+iaq1TZ/avZfK9nZSZDoOECNYC8X8boIIImTCCCJUwggd9oAMCAQICFDjUS1EfuQTrj/oNgvR+BGsHK3L8MA0GCSqGSIb3DQEBCwUAMIICLTGCAikwggIlBgNVBAMTggIcMzA4MjAxMEEwMjgyMDEwMTAwREYyNDM1NDk2MjgyOTA0QTI4NTgzRkU4NjY0MDA2N0ZBMERFNDQxQzNGQ0ZBNkVCNzkxREM1QUM5RkU5QTkwRjAxQTYzMkQxNDhDMjIyQTAwQ0EyRDdDMkY1NUNCMkIyMUI0REY3Q0JFN0YwNzA1NEE5ODk2RUY3RjcxNEE3MUY2QTY3Nzg2OEJFMDU0QUJFMzVGNENBNTU3NTUzN0M1OEM0NDBEQ0QwOTdGQjg0RkU2NzRFQ0RBOUU2MTE5Mjk5M0NCMDU0ODhCNEQ2NDFDMjAxREIzN0YxRUIxNUMyMjBDMEJEQ0U2RUNCMjdGM0VDMjg0QjAyMDkxMkQzNDA1QjU0QzI2MjZBODc1RThGQ0Y5ODgzREU2QjcxMjE1NURBNTQ2NkZENTU3MjMxNzZEQUM0MDQwOEEyNkUzRTI0QTNBMDA2NUE4QTI5NjA4NDE4MTA5RUQzMzFCNEIzODcyQTJGRDkyNjJERjg3NjgwNUU2RkY3MEUyOEZDNTAxRjIyRDVERDY4MDlEODkyOTIzNEU0MzZCOEFFMUY3MDUzMEUyNzYwRkYzQkZDQTk0OEYzQ0U5RTZCQTdBMUVCQUFBRTUyNjNENENFOUFBMTA1OTNBNERFMzdEQUMxNDg3RUVFNDZBNkNCQjZEODQwMkY4REUyMUFFQkY1NUYzMTg5MTcwMjAzMDEwMDAxMB4XDTIwMDQzMDE0Mjk1NloXDTIwMDUwNzE0MzQ1NlowggItMYICKTCCAiUGA1UEAxOCAhwzMDgyMDEwQTAyODIwMTAxMDBDOTY1QTQzODZGNjk4OUQ4RUFGMjdENTlGRTMwREE1RjBCMzhGODFDMDc1QTJDMENGMzdEN0UxNkQ3ODE5MERFOUZEMERFMzBFODJDMTMxQkRCQjFBMjI1REFFNTkzQjZBQzNCMjJCOEJFNEQyNzgwM0Q0NkM4QjFGMjNBREFERTIxRTJFREEwNzFFRjczMTA4NTIwMDVBMzIxNDA4MzU0RTBCRjFFRTAwN0EyNURCOTY2REVCN0JBRjVDOUFFQUVDMDRGMzlCQjk3RDE2RkEwMUIxNzU3QzA1QTZBNjQ1QjExQ0QzQUIzOTc4NjFGRjE2RTRFQzVFMTgxN0FCRUIyNDY5NDgwNTJCMEM0MDk1MDc5Njg1NDY1N0EwMzM3NUZDQTZBNDBGNTBGN0I2MEQ3N0M0MEQzRDg3MjM5RjMyNUJFOUE5QjExNDEzNjBEMzAyRTNGOUFEOUMzMDc0RDQ5MTRFQjZBNTg4NzMyQzgwNkE3RDIyMTE4NTMxMkMwNkI3RjdDMDM2OTY0NkIxNDlERkZERDYwRUI3MjU2Q0I3M0QzMDcyMjAyNTdGRjA2MEE5N0JCQjgxRDNGQ0NDNDE1Nzc5OThFQTQxMjlFRDBDRTY2NDI0QkY0NDU3ODc1NjhCMzA1QUJDNDIwMkIyMjYyQTZGMjc5NkVCRDMzOUMzNzAyMDMwMTAwMDEwggEiMA0GCSqGSIb3DQEBAQUAA4IBDwAwggEKAoIBAQDJZaQ4b2mJ2OryfVn+MNpfCzj4HAdaLAzzfX4W14GQ3p/Q3jDoLBMb27GiJdrlk7asOyK4vk0ngD1GyLHyOtreIeLtoHHvcxCFIAWjIUCDVOC/HuAHol25Zt63uvXJrq7ATzm7l9FvoBsXV8BaamRbEc06s5eGH/FuTsXhgXq+skaUgFKwxAlQeWhUZXoDN1/KakD1D3tg13xA09hyOfMlvpqbEUE2DTAuP5rZwwdNSRTraliHMsgGp9IhGFMSwGt/fANpZGsUnf/dYOtyVstz0wciAlf/BgqXu7gdP8zEFXeZjqQSntDOZkJL9EV4dWizBavEICsiYqbyeW69M5w3AgMBAAGjggGnMIIBozAdBgNVHQ4EFgQU1AMbC8JzRcvZf/jHHPk4IfMCl08wHwYDVR0jBBgwFoAUPhNY2rYkJaxTFVTPQ6+EIJeblHYwDgYDVR0PAQH/BAQDAgeAMFkGA1UdHwRSMFAwTqBMoEqGSHJzeW5jOi8vbG9jYWxob3N0L3JlcG8vdGEvMC8zRTEzNThEQUI2MjQyNUFDNTMxNTU0Q0Y0M0FGODQyMDk3OUI5NDc2LmNybDA8BggrBgEFBQcBAQQwMC4wLAYIKwYBBQUHMAKGIHJzeW5jOi8vbG9jYWxob3N0L3JlcG8vdGEvdGEuY2VyMGQGCCsGAQUFBwELBFgwVjBUBggrBgEFBQcwC4ZIcnN5bmM6Ly9sb2NhbGhvc3QvcmVwby90YS8wLzNFMTM1OERBQjYyNDI1QUM1MzE1NTRDRjQzQUY4NDIwOTc5Qjk0NzYubWZ0MBgGA1UdIAEB/wQOMAwwCgYIKwYBBQUHDgIwIQYIKwYBBQUHAQcBAf8EEjAQMAYEAgABBQAwBgQCAAIFADAVBggrBgEFBQcBCAEB/wQGMASgAgUAMA0GCSqGSIb3DQEBCwUAA4IBAQA6Gae6x8KwkO8Mu3OwQ7puqynXGau7RKeS12ytQK/uSWn2db2oTUtzlXSH9/VMURXgwzZnNOBvjOpFIoDfw3z6NJV06LVaErbG10uK+L47yHw2ElEkINIDwiCKJ2Q33ECV3IlxiF0ZmCObLUrIGY9BJTj2gyY8uyvs5GgbC9Q84GjkSQIvanlIBO+fUxXPQlwUD3PeJO+9tCg+ULcYi/OR2f2L6iMwzTLbQL4RhwQpExVssD23mkJMkMO9WWwxumtB7sqPBNXcZctgOfIo1/U4GWtjFQGUkwvo8+IIACwIxj+ztFi/T/WwEjF6RIwbHsuoPaNZMDqwm1hWhfazmfAtMYIBrDCCAagCAQOAFNQDGwvCc0XL2X/4xxz5OCHzApdPMA0GCWCGSAFlAwQCAQUAoGswGgYJKoZIhvcNAQkDMQ0GCyqGSIb3DQEJEAEaMBwGCSqGSIb3DQEJBTEPFw0yMDA0MzAxNDM0NTZaMC8GCSqGSIb3DQEJBDEiBCCnn7HUU9142DDkmkm7YaI0Sob1bO4Tz9m8QEcU39pmvTANBgkqhkiG9w0BAQEFAASCAQBdP40woeQdBXf1NdTJ69iPNGvD2tplLA1RQW7VCHR/Pnuv86rt9FK5PaBzcY9sGZ4ZVYb4gw8jv+kK1SoA29Vuh2Vs+kutfaAb4JJh+k5LTTyyp4hSPM+1ly0/pY2zIGRuKHdNkK2Gwc2JBCfhflykTfBxBh4SSXd/aTj/WYwYidY5oCXASJr9z8PC2z+Uj1wqEHWhLHDrXzf2ELgIjBIBx1kalPzKhJk5R0G1tJFt+BNKyN8QHBAOHfR/bCn9gWsltU3NLHN2DY5oBlo/97e5BG7CCo1dxJ0bSl2k5lKqyySWBu075+OtdStBbW3hY+35SSYMBgz7/cs3pGjpBroo",
                    "serial": "324437802174706850658552259052205978732316029692",
                    "expires": "2020-05-01T14:34:56.120728Z"
                  },
                  "next_update": "2020-05-01T14:34:56.120728Z",
                  "old": "1173111e449a693e8392a1952e5313d3f6a7e371fabfabe4a775dc8f292dce43"
                },
                "crl_info": {
                  "name": "3E1358DAB62425AC531554CF43AF8420979B9476.crl",
                  "current": {
                    "content": "MIIEcDCCA1gCAQEwDQYJKoZIhvcNAQELBQAwggItMYICKTCCAiUGA1UEAxOCAhwzMDgyMDEwQTAyODIwMTAxMDBERjI0MzU0OTYyODI5MDRBMjg1ODNGRTg2NjQwMDY3RkEwREU0NDFDM0ZDRkE2RUI3OTFEQzVBQzlGRTlBOTBGMDFBNjMyRDE0OEMyMjJBMDBDQTJEN0MyRjU1Q0IyQjIxQjRERjdDQkU3RjA3MDU0QTk4OTZFRjdGNzE0QTcxRjZBNjc3ODY4QkUwNTRBQkUzNUY0Q0E1NTc1NTM3QzU4QzQ0MERDRDA5N0ZCODRGRTY3NEVDREE5RTYxMTkyOTkzQ0IwNTQ4OEI0RDY0MUMyMDFEQjM3RjFFQjE1QzIyMEMwQkRDRTZFQ0IyN0YzRUMyODRCMDIwOTEyRDM0MDVCNTRDMjYyNkE4NzVFOEZDRjk4ODNERTZCNzEyMTU1REE1NDY2RkQ1NTcyMzE3NkRBQzQwNDA4QTI2RTNFMjRBM0EwMDY1QThBMjk2MDg0MTgxMDlFRDMzMUI0QjM4NzJBMkZEOTI2MkRGODc2ODA1RTZGRjcwRTI4RkM1MDFGMjJENURENjgwOUQ4OTI5MjM0RTQzNkI4QUUxRjcwNTMwRTI3NjBGRjNCRkNBOTQ4RjNDRTlFNkJBN0ExRUJBQUFFNTI2M0Q0Q0U5QUExMDU5M0E0REUzN0RBQzE0ODdFRUU0NkE2Q0JCNkQ4NDAyRjhERTIxQUVCRjU1RjMxODkxNzAyMDMwMTAwMDEXDTIwMDQzMDE0Mjk1NloXDTIwMDUwMTE0MzQ1NlowgcMwJQIUSCOV8ciKcKeVnz0lRNs3FTSOTCIXDTIwMDUwMTE0MzQ1MlowJQIUf/VM2XhPY94ZJVzeZb26MWaC1usXDTIxMDQzMDE0MzQ1NFowJQIUGY6XrXlZRVpPIXBMVpEmt0QkfEAXDTIwMDUwMTE0MzQ1NFowJQIUK0yr4HZAZTN7oI68IfhSgfaaJKwXDTIxMDQzMDE0MzQ1NVowJQIUOeE4eg7k1nWMr2ph8Yb23s+qe78XDTIwMDUwMTE0MzQ1NVqgLzAtMB8GA1UdIwQYMBaAFD4TWNq2JCWsUxVUz0OvhCCXm5R2MAoGA1UdFAQDAgEEMA0GCSqGSIb3DQEBCwUAA4IBAQAkhbDamt34f+OmcCiZrnf8jqnzAWMqmUj1qFX9kWSTfAwCw2LcaV/zShMrBGHnxgDJzM9fgRmhleBIzqws/9aWsU6atlKp2jmdSAiewi9UGscCvCmE0+xrnkwTgtaRZgwrqp0ZohT72EtQ4D8k8lFVFset6w96DgDDTlgyPPG0mJMrIE6C36cZ+J2HZPbssF0rDoM1FhlcbfY3OqdA6I8SubsgqEONZ4Gr7c8ermoLjBNeDCnjw95wq+mHzZKWsbtldyABgHm1xCdDqoVg4AdJBu/PWDDr9yAvFMGdEKJdPBx6TkZcbegeN3uX0eEsPBCsBHPYmewg+KyLgVm3GO//",
                    "serial": "4",
                    "expires": "2020-05-01T14:34:56.115593Z"
                  },
                  "old": "78f34f5b65bb1908d81cb8dc9e58c2ccacccd9bbe3a76f3f72335f441f600a58"
                },
                "objects_delta": {
                  "ca_repo": "rsync://localhost/repo/ta/0",
                  "added": [],
                  "updated": [
                    {
                      "name": "C4CF00E42E046EBE5275589D3462F1B1F43FBA85.cer",
                      "object": {
                        "content": "MIIHAzCCBeugAwIBAgIUWDYoCORcW2cRqSoLuCkt1hlQv6YwDQYJKoZIhvcNAQELBQAwggItMYICKTCCAiUGA1UEAxOCAhwzMDgyMDEwQTAyODIwMTAxMDBERjI0MzU0OTYyODI5MDRBMjg1ODNGRTg2NjQwMDY3RkEwREU0NDFDM0ZDRkE2RUI3OTFEQzVBQzlGRTlBOTBGMDFBNjMyRDE0OEMyMjJBMDBDQTJEN0MyRjU1Q0IyQjIxQjRERjdDQkU3RjA3MDU0QTk4OTZFRjdGNzE0QTcxRjZBNjc3ODY4QkUwNTRBQkUzNUY0Q0E1NTc1NTM3QzU4QzQ0MERDRDA5N0ZCODRGRTY3NEVDREE5RTYxMTkyOTkzQ0IwNTQ4OEI0RDY0MUMyMDFEQjM3RjFFQjE1QzIyMEMwQkRDRTZFQ0IyN0YzRUMyODRCMDIwOTEyRDM0MDVCNTRDMjYyNkE4NzVFOEZDRjk4ODNERTZCNzEyMTU1REE1NDY2RkQ1NTcyMzE3NkRBQzQwNDA4QTI2RTNFMjRBM0EwMDY1QThBMjk2MDg0MTgxMDlFRDMzMUI0QjM4NzJBMkZEOTI2MkRGODc2ODA1RTZGRjcwRTI4RkM1MDFGMjJENURENjgwOUQ4OTI5MjM0RTQzNkI4QUUxRjcwNTMwRTI3NjBGRjNCRkNBOTQ4RjNDRTlFNkJBN0ExRUJBQUFFNTI2M0Q0Q0U5QUExMDU5M0E0REUzN0RBQzE0ODdFRUU0NkE2Q0JCNkQ4NDAyRjhERTIxQUVCRjU1RjMxODkxNzAyMDMwMTAwMDEwHhcNMjAwNDMwMTQyOTU2WhcNMjEwNDMwMTQzNDU2WjAzMTEwLwYDVQQDEyhDNENGMDBFNDJFMDQ2RUJFNTI3NTU4OUQzNDYyRjFCMUY0M0ZCQTg1MIIBIjANBgkqhkiG9w0BAQEFAAOCAQ8AMIIBCgKCAQEA3L74WU+YUCEP5QwcGuHXEWbGCKafQ8bKsyHcoS57n1iGilV8J/D3iNQYDB0EY/AWT3rAr4hqpdBAj986o3r0wyfQunQPxqCkWpEs/Qxk5TXi90aWukCxgz5gT3mbclXmaAEuNiGceZrO92reaMNC7eXQ+s2hYHEnMlMmqVBKod9wB6FKwwloQbJHqgtYsKUlH2fjLoHWkJSxtOwZE6ILS43xkn7H/0srfh+1RQoJXX4UxwATZphQUjYYyUBtQf+Fc0UuE3kdAIxHw0qNDNsP3geIqh5lSW5jkplGTe08icw0PGmq5x0Amju8MQmW4VelP1JZT1WwhPh5oJh01leQWQIDAQABo4ICETCCAg0wDwYDVR0TAQH/BAUwAwEB/zAdBgNVHQ4EFgQUxM8A5C4Ebr5SdVidNGLxsfQ/uoUwHwYDVR0jBBgwFoAUPhNY2rYkJaxTFVTPQ6+EIJeblHYwDgYDVR0PAQH/BAQDAgEGMFkGA1UdHwRSMFAwTqBMoEqGSHJzeW5jOi8vbG9jYWxob3N0L3JlcG8vdGEvMC8zRTEzNThEQUI2MjQyNUFDNTMxNTU0Q0Y0M0FGODQyMDk3OUI5NDc2LmNybDA8BggrBgEFBQcBAQQwMC4wLAYIKwYBBQUHMAKGIHJzeW5jOi8vbG9jYWxob3N0L3JlcG8vdGEvdGEuY2VyMIHVBggrBgEFBQcBCwSByDCBxTArBggrBgEFBQcwBYYfcnN5bmM6Ly9sb2NhbGhvc3QvcmVwby9jaGlsZC8wLzBXBggrBgEFBQcwCoZLcnN5bmM6Ly9sb2NhbGhvc3QvcmVwby9jaGlsZC8wL0M0Q0YwMEU0MkUwNDZFQkU1Mjc1NTg5RDM0NjJGMUIxRjQzRkJBODUubWZ0MD0GCCsGAQUFBzANhjFodHRwczovL2xvY2FsaG9zdDozMDAwL3Rlc3QtcnJkcC9ub3RpZmljYXRpb24ueG1sMBgGA1UdIAEB/wQOMAwwCgYIKwYBBQUHDgIwHwYIKwYBBQUHAQcBAf8EEDAOMAwEAgABMAYDBAAKAAAwDQYJKoZIhvcNAQELBQADggEBAGDmnzP5S2dUV2D27BDk3kq5hKEp4AeM86+WUrvyaGPCkzYIKN0RiMXFnCNhC8C/hIR+5fM5NpkLFU8SmZHFuSMEcbWI++sAorjJBFeHjEs7I0I7fVIXEr4+tdlLFeFWU+MVMvBqk87D7q2NpOJTRPJoZdZ07YOSaiue+vb+LxIXTL7p5BRAExmUO8en9W0LSW5pS0cUS2YQhKevjGVQHkzuUo93n46S+nQ2/+jcJERCCrJ2akBtqvkySPLqyVBiMGNbcjEAqOG/GbXL79urUahvtbFmgRfZwtOXFge2t+DmyqFxJmWB7fy8lwOgjojV+VPFtkOHYTU1njqtWTqIsiA=",
                        "serial": "503598915590458265774719609317104819039126994854",
                        "expires": "2021-04-30T14:34:56Z"
                      },
                      "old": "8ee647ad25576f1e4322cb610ffcd4c533534fdfc1251bc6626d666426d4a117"
                    },
                    {
                      "name": "3E1358DAB62425AC531554CF43AF8420979B9476.crl",
                      "object": {
                        "content": "MIIEcDCCA1gCAQEwDQYJKoZIhvcNAQELBQAwggItMYICKTCCAiUGA1UEAxOCAhwzMDgyMDEwQTAyODIwMTAxMDBERjI0MzU0OTYyODI5MDRBMjg1ODNGRTg2NjQwMDY3RkEwREU0NDFDM0ZDRkE2RUI3OTFEQzVBQzlGRTlBOTBGMDFBNjMyRDE0OEMyMjJBMDBDQTJEN0MyRjU1Q0IyQjIxQjRERjdDQkU3RjA3MDU0QTk4OTZFRjdGNzE0QTcxRjZBNjc3ODY4QkUwNTRBQkUzNUY0Q0E1NTc1NTM3QzU4QzQ0MERDRDA5N0ZCODRGRTY3NEVDREE5RTYxMTkyOTkzQ0IwNTQ4OEI0RDY0MUMyMDFEQjM3RjFFQjE1QzIyMEMwQkRDRTZFQ0IyN0YzRUMyODRCMDIwOTEyRDM0MDVCNTRDMjYyNkE4NzVFOEZDRjk4ODNERTZCNzEyMTU1REE1NDY2RkQ1NTcyMzE3NkRBQzQwNDA4QTI2RTNFMjRBM0EwMDY1QThBMjk2MDg0MTgxMDlFRDMzMUI0QjM4NzJBMkZEOTI2MkRGODc2ODA1RTZGRjcwRTI4RkM1MDFGMjJENURENjgwOUQ4OTI5MjM0RTQzNkI4QUUxRjcwNTMwRTI3NjBGRjNCRkNBOTQ4RjNDRTlFNkJBN0ExRUJBQUFFNTI2M0Q0Q0U5QUExMDU5M0E0REUzN0RBQzE0ODdFRUU0NkE2Q0JCNkQ4NDAyRjhERTIxQUVCRjU1RjMxODkxNzAyMDMwMTAwMDEXDTIwMDQzMDE0Mjk1NloXDTIwMDUwMTE0MzQ1NlowgcMwJQIUSCOV8ciKcKeVnz0lRNs3FTSOTCIXDTIwMDUwMTE0MzQ1MlowJQIUf/VM2XhPY94ZJVzeZb26MWaC1usXDTIxMDQzMDE0MzQ1NFowJQIUGY6XrXlZRVpPIXBMVpEmt0QkfEAXDTIwMDUwMTE0MzQ1NFowJQIUK0yr4HZAZTN7oI68IfhSgfaaJKwXDTIxMDQzMDE0MzQ1NVowJQIUOeE4eg7k1nWMr2ph8Yb23s+qe78XDTIwMDUwMTE0MzQ1NVqgLzAtMB8GA1UdIwQYMBaAFD4TWNq2JCWsUxVUz0OvhCCXm5R2MAoGA1UdFAQDAgEEMA0GCSqGSIb3DQEBCwUAA4IBAQAkhbDamt34f+OmcCiZrnf8jqnzAWMqmUj1qFX9kWSTfAwCw2LcaV/zShMrBGHnxgDJzM9fgRmhleBIzqws/9aWsU6atlKp2jmdSAiewi9UGscCvCmE0+xrnkwTgtaRZgwrqp0ZohT72EtQ4D8k8lFVFset6w96DgDDTlgyPPG0mJMrIE6C36cZ+J2HZPbssF0rDoM1FhlcbfY3OqdA6I8SubsgqEONZ4Gr7c8ermoLjBNeDCnjw95wq+mHzZKWsbtldyABgHm1xCdDqoVg4AdJBu/PWDDr9yAvFMGdEKJdPBx6TkZcbegeN3uX0eEsPBCsBHPYmewg+KyLgVm3GO//",
                        "serial": "4",
                        "expires": "2020-05-01T14:34:56.115593Z"
                      },
                      "old": "78f34f5b65bb1908d81cb8dc9e58c2ccacccd9bbe3a76f3f72335f441f600a58"
                    },
                    {
                      "name": "3E1358DAB62425AC531554CF43AF8420979B9476.mft",
                      "object": {
                        "content": "MIILZgYJKoZIhvcNAQcCoIILVzCCC1MCAQMxDzANBglghkgBZQMEAgEFADCB7wYLKoZIhvcNAQkQARqggd8EgdwwgdkCAQQYDzIwMjAwNDMwMTQyOTU2WhgPMjAyMDA1MDExNDM0NTZaBglghkgBZQMEAgEwgaYwURYsM0UxMzU4REFCNjI0MjVBQzUzMTU1NENGNDNBRjg0MjA5NzlCOTQ3Ni5jcmwDIQDyPGyUtcRbF3hs6MzlQsZ7WREfJFOgx1SayElC1/zP0jBRFixDNENGMDBFNDJFMDQ2RUJFNTI3NTU4OUQzNDYyRjFCMUY0M0ZCQTg1LmNlcgMhALQO6in7ZQdFTs+iaq1TZ/avZfK9nZSZDoOECNYC8X8boIIImTCCCJUwggd9oAMCAQICFDjUS1EfuQTrj/oNgvR+BGsHK3L8MA0GCSqGSIb3DQEBCwUAMIICLTGCAikwggIlBgNVBAMTggIcMzA4MjAxMEEwMjgyMDEwMTAwREYyNDM1NDk2MjgyOTA0QTI4NTgzRkU4NjY0MDA2N0ZBMERFNDQxQzNGQ0ZBNkVCNzkxREM1QUM5RkU5QTkwRjAxQTYzMkQxNDhDMjIyQTAwQ0EyRDdDMkY1NUNCMkIyMUI0REY3Q0JFN0YwNzA1NEE5ODk2RUY3RjcxNEE3MUY2QTY3Nzg2OEJFMDU0QUJFMzVGNENBNTU3NTUzN0M1OEM0NDBEQ0QwOTdGQjg0RkU2NzRFQ0RBOUU2MTE5Mjk5M0NCMDU0ODhCNEQ2NDFDMjAxREIzN0YxRUIxNUMyMjBDMEJEQ0U2RUNCMjdGM0VDMjg0QjAyMDkxMkQzNDA1QjU0QzI2MjZBODc1RThGQ0Y5ODgzREU2QjcxMjE1NURBNTQ2NkZENTU3MjMxNzZEQUM0MDQwOEEyNkUzRTI0QTNBMDA2NUE4QTI5NjA4NDE4MTA5RUQzMzFCNEIzODcyQTJGRDkyNjJERjg3NjgwNUU2RkY3MEUyOEZDNTAxRjIyRDVERDY4MDlEODkyOTIzNEU0MzZCOEFFMUY3MDUzMEUyNzYwRkYzQkZDQTk0OEYzQ0U5RTZCQTdBMUVCQUFBRTUyNjNENENFOUFBMTA1OTNBNERFMzdEQUMxNDg3RUVFNDZBNkNCQjZEODQwMkY4REUyMUFFQkY1NUYzMTg5MTcwMjAzMDEwMDAxMB4XDTIwMDQzMDE0Mjk1NloXDTIwMDUwNzE0MzQ1NlowggItMYICKTCCAiUGA1UEAxOCAhwzMDgyMDEwQTAyODIwMTAxMDBDOTY1QTQzODZGNjk4OUQ4RUFGMjdENTlGRTMwREE1RjBCMzhGODFDMDc1QTJDMENGMzdEN0UxNkQ3ODE5MERFOUZEMERFMzBFODJDMTMxQkRCQjFBMjI1REFFNTkzQjZBQzNCMjJCOEJFNEQyNzgwM0Q0NkM4QjFGMjNBREFERTIxRTJFREEwNzFFRjczMTA4NTIwMDVBMzIxNDA4MzU0RTBCRjFFRTAwN0EyNURCOTY2REVCN0JBRjVDOUFFQUVDMDRGMzlCQjk3RDE2RkEwMUIxNzU3QzA1QTZBNjQ1QjExQ0QzQUIzOTc4NjFGRjE2RTRFQzVFMTgxN0FCRUIyNDY5NDgwNTJCMEM0MDk1MDc5Njg1NDY1N0EwMzM3NUZDQTZBNDBGNTBGN0I2MEQ3N0M0MEQzRDg3MjM5RjMyNUJFOUE5QjExNDEzNjBEMzAyRTNGOUFEOUMzMDc0RDQ5MTRFQjZBNTg4NzMyQzgwNkE3RDIyMTE4NTMxMkMwNkI3RjdDMDM2OTY0NkIxNDlERkZERDYwRUI3MjU2Q0I3M0QzMDcyMjAyNTdGRjA2MEE5N0JCQjgxRDNGQ0NDNDE1Nzc5OThFQTQxMjlFRDBDRTY2NDI0QkY0NDU3ODc1NjhCMzA1QUJDNDIwMkIyMjYyQTZGMjc5NkVCRDMzOUMzNzAyMDMwMTAwMDEwggEiMA0GCSqGSIb3DQEBAQUAA4IBDwAwggEKAoIBAQDJZaQ4b2mJ2OryfVn+MNpfCzj4HAdaLAzzfX4W14GQ3p/Q3jDoLBMb27GiJdrlk7asOyK4vk0ngD1GyLHyOtreIeLtoHHvcxCFIAWjIUCDVOC/HuAHol25Zt63uvXJrq7ATzm7l9FvoBsXV8BaamRbEc06s5eGH/FuTsXhgXq+skaUgFKwxAlQeWhUZXoDN1/KakD1D3tg13xA09hyOfMlvpqbEUE2DTAuP5rZwwdNSRTraliHMsgGp9IhGFMSwGt/fANpZGsUnf/dYOtyVstz0wciAlf/BgqXu7gdP8zEFXeZjqQSntDOZkJL9EV4dWizBavEICsiYqbyeW69M5w3AgMBAAGjggGnMIIBozAdBgNVHQ4EFgQU1AMbC8JzRcvZf/jHHPk4IfMCl08wHwYDVR0jBBgwFoAUPhNY2rYkJaxTFVTPQ6+EIJeblHYwDgYDVR0PAQH/BAQDAgeAMFkGA1UdHwRSMFAwTqBMoEqGSHJzeW5jOi8vbG9jYWxob3N0L3JlcG8vdGEvMC8zRTEzNThEQUI2MjQyNUFDNTMxNTU0Q0Y0M0FGODQyMDk3OUI5NDc2LmNybDA8BggrBgEFBQcBAQQwMC4wLAYIKwYBBQUHMAKGIHJzeW5jOi8vbG9jYWxob3N0L3JlcG8vdGEvdGEuY2VyMGQGCCsGAQUFBwELBFgwVjBUBggrBgEFBQcwC4ZIcnN5bmM6Ly9sb2NhbGhvc3QvcmVwby90YS8wLzNFMTM1OERBQjYyNDI1QUM1MzE1NTRDRjQzQUY4NDIwOTc5Qjk0NzYubWZ0MBgGA1UdIAEB/wQOMAwwCgYIKwYBBQUHDgIwIQYIKwYBBQUHAQcBAf8EEjAQMAYEAgABBQAwBgQCAAIFADAVBggrBgEFBQcBCAEB/wQGMASgAgUAMA0GCSqGSIb3DQEBCwUAA4IBAQA6Gae6x8KwkO8Mu3OwQ7puqynXGau7RKeS12ytQK/uSWn2db2oTUtzlXSH9/VMURXgwzZnNOBvjOpFIoDfw3z6NJV06LVaErbG10uK+L47yHw2ElEkINIDwiCKJ2Q33ECV3IlxiF0ZmCObLUrIGY9BJTj2gyY8uyvs5GgbC9Q84GjkSQIvanlIBO+fUxXPQlwUD3PeJO+9tCg+ULcYi/OR2f2L6iMwzTLbQL4RhwQpExVssD23mkJMkMO9WWwxumtB7sqPBNXcZctgOfIo1/U4GWtjFQGUkwvo8+IIACwIxj+ztFi/T/WwEjF6RIwbHsuoPaNZMDqwm1hWhfazmfAtMYIBrDCCAagCAQOAFNQDGwvCc0XL2X/4xxz5OCHzApdPMA0GCWCGSAFlAwQCAQUAoGswGgYJKoZIhvcNAQkDMQ0GCyqGSIb3DQEJEAEaMBwGCSqGSIb3DQEJBTEPFw0yMDA0MzAxNDM0NTZaMC8GCSqGSIb3DQEJBDEiBCCnn7HUU9142DDkmkm7YaI0Sob1bO4Tz9m8QEcU39pmvTANBgkqhkiG9w0BAQEFAASCAQBdP40woeQdBXf1NdTJ69iPNGvD2tplLA1RQW7VCHR/Pnuv86rt9FK5PaBzcY9sGZ4ZVYb4gw8jv+kK1SoA29Vuh2Vs+kutfaAb4JJh+k5LTTyyp4hSPM+1ly0/pY2zIGRuKHdNkK2Gwc2JBCfhflykTfBxBh4SSXd/aTj/WYwYidY5oCXASJr9z8PC2z+Uj1wqEHWhLHDrXzf2ELgIjBIBx1kalPzKhJk5R0G1tJFt+BNKyN8QHBAOHfR/bCn9gWsltU3NLHN2DY5oBlo/97e5BG7CCo1dxJ0bSl2k5lKqyySWBu075+OtdStBbW3hY+35SSYMBgz7/cs3pGjpBroo",
                        "serial": "324437802174706850658552259052205978732316029692",
                        "expires": "2020-05-01T14:34:56.120728Z"
                      },
                      "old": "1173111e449a693e8392a1952e5313d3f6a7e371fabfabe4a775dc8f292dce43"
                    }
                  ],
                  "withdrawn": []
                }
              }
            }
          ]
        }
      }
    ]
  }
}