{
  "command": {
    "actor": "krill",
    "time": "2020-04-30T14:14:09.776082Z",
    "handle": "rfc6492",
    "version": 8,
    "sequence": 7,
    "details": {
      "update_rcvd_cert": [
        "0",
        {
          "asn": "AS65000",
          "v4": "10.0.0.0/16",
          "v6": ""
        }
      ]
    },
    "effect": {
      "events": [
        8,
        9
      ]
    }
  },
  "result": {
    "Events": [
      {
        "id": "rfc6492",
        "version": 8,
        "details": {
          "certificate_received": [
            "0",
            "17143836B8F6D11DCB53CD49B5D40C61B8E9B813",
            {
              "cert": "MIIHIjCCBgqgAwIBAgIUOu6C9zJLLNSEJWEJ8H3i93htoegwDQYJKoZIhvcNAQELBQAwggItMYICKTCCAiUGA1UEAxOCAhwzMDgyMDEwQTAyODIwMTAxMDBEMTMyRjRBRDEwRjgzMkQ2MjE5QjFERDQyMzg4RTZGQTJGNTk3NDg1OEMwNjdCNDA4MTVBNEU4OEVGQTdCMzEzODE0OUM4RjU3MDgyNjlDREI2RjQ0MDNFRTlDMzY3QUUwQzg1MEE5MkE2RjVGMzY3QzZDMTEwMEQxOEQwQjM2M0QyMzc1RUI4NzU5NkVGMEE2ODA4RUQxOTRBODdCMEY1MDJCOUE5RDREQzczOUYwQzQyRkU0QTcxQzEzM0ZCNEI1NUFERUVGOTFBNjZDQ0I2QzVEMzNCRUVERjhEQzRBODcwRjJGQkY3RkREMEM5QTBFRDFDQkRGN0JGRkU2MTk4MEI4NDU5MkY2MTFENDQzNDUyN0UzMDMyMkYyODJFQzFEMDE1RUQyOTA4NjgyQzY0RTAyMTJCNDU1MzA4QkQ1MDcwMEI4MjMzMEIwRUI0MEI4OTUzMUFFQkFCMjJDMTQwNDdGQ0U2MjI0QTdGMDhBRjg3MUIzNEE5RjY2OTJFMjk0QTNCODBDMzcyQTdDOTNDQTRDQ0U4NTM1QTNGRTI5NzJFOEJDRUZCNTI3RTAwOEVGRjU4M0U2QjVFRUE1MkE2NDQxQkE1RDhGNkRGNEU1NzZGNEQ5MjQzNUUwOUNEMjQwRkY0NEZBMUVCN0U1RTI5QkJCRTdCOEJDMEQxRTgzMTAyMDMwMTAwMDEwHhcNMjAwNDMwMTQwOTA5WhcNMjEwNDMwMTQxNDA5WjAzMTEwLwYDVQQDEygxNzE0MzgzNkI4RjZEMTFEQ0I1M0NENDlCNUQ0MEM2MUI4RTlCODEzMIIBIjANBgkqhkiG9w0BAQEFAAOCAQ8AMIIBCgKCAQEA1uGsqPLgLLiNwNsc1h3EgTUeeAiWsyUmkUzEQgkBs3chLwDupIBaATsMomBRP0kfiZ+Zu+OPD1LW1BX60Ar/Fig6AOSZrAz9RHhDtENiWBvfa+VtE1PvZ4GeCNpL+8gkd53KiXE5HEcZu4+gC0CeDxYreXKM5DZV9lJvfF0acmBaM/FfVbYc/Pd6hpWE6fqCIIkUcoDb+5viZCn+oslMusc3RiWaw1hrLhRQkScPZrzZeEk7cHZSK0zPU8Hp0ah3Y+SwBaY4fvd926uJhzcxbJVuw1DWyQLLLHWSMCImHt8IhR4dG4YVls/f5vyG203vbDDBEverpAD5COJTvRmh8wIDAQABo4ICMDCCAiwwDwYDVR0TAQH/BAUwAwEB/zAdBgNVHQ4EFgQUFxQ4Nrj20R3LU81JtdQMYbjpuBMwHwYDVR0jBBgwFoAU6dha9MqhLL1xkGejm0QJo/9Ni7EwDgYDVR0PAQH/BAQDAgEGMFkGA1UdHwRSMFAwTqBMoEqGSHJzeW5jOi8vbG9jYWxob3N0L3JlcG8vdGEvMC9FOUQ4NUFGNENBQTEyQ0JENzE5MDY3QTM5QjQ0MDlBM0ZGNEQ4QkIxLmNybDA8BggrBgEFBQcBAQQwMC4wLAYIKwYBBQUHMAKGIHJzeW5jOi8vbG9jYWxob3N0L3JlcG8vdGEvdGEuY2VyMIHZBggrBgEFBQcBCwSBzDCByTAtBggrBgEFBQcwBYYhcnN5bmM6Ly9sb2NhbGhvc3QvcmVwby9yZmM2NDkyLzAvMFkGCCsGAQUFBzAKhk1yc3luYzovL2xvY2FsaG9zdC9yZXBvL3JmYzY0OTIvMC8xNzE0MzgzNkI4RjZEMTFEQ0I1M0NENDlCNUQ0MEM2MUI4RTlCODEzLm1mdDA9BggrBgEFBQcwDYYxaHR0cHM6Ly9sb2NhbGhvc3Q6MzAwMC90ZXN0LXJyZHAvbm90aWZpY2F0aW9uLnhtbDAYBgNVHSABAf8EDjAMMAoGCCsGAQUFBw4CMB4GCCsGAQUFBwEHAQH/BA8wDTALBAIAATAFAwMACgAwGgYIKwYBBQUHAQgBAf8ECzAJoAcwBQIDAP3oMA0GCSqGSIb3DQEBCwUAA4IBAQAtzi2pQ1Q2OAc/zhZaJ1KhsF/Ns3pT1JwwkwXVccNL+DTLmc6wNB7/3J29B6EdZ5B5HbHZJRHHuQefW7tFT0ena6Ns5M2GRBeHMGUR+ziB8qQl5bu+fBsn/jbaKLKLTqfeWRpSE5HWFfizSPTr4OXCW769eDpsN7SCzQwkE0RdvQt3aUIRnkH8FVPFCkOz+p6pROIalSAXVFtJwNVkDPNYVzYjoEDu9SlQFRfg12RzGdvC38I7JfZXxoGgbgdMbdHXHsdfX2HYnNHZDWYH1YNYTPcX2FrOKEiwMcIjULyFwGAZa+hmy3bhrBhRjMnspgim0CwkO9EMV37AGvXDxdUg",
              "uri": "rsync://localhost/repo/ta/0/17143836B8F6D11DCB53CD49B5D40C61B8E9B813.cer",
              "resources": {
                "asn": "AS65000",
                "v4": "10.0.0.0/16",
                "v6": ""
              }
            }
          ]
        }
      },
      {
        "id": "rfc6492",
        "version": 9,
        "details": {
          "object_set_updated": [
            "0",
            {
              "17143836B8F6D11DCB53CD49B5D40C61B8E9B813": {
                "number": 2,
                "revocations_delta": {
                  "added": [
                    {
                      "serial": "340278718506831011540060293122562504220132685803",
                      "expires": "2020-05-01T14:14:08.150422Z"
                    }
                  ],
                  "dropped": []
                },
                "manifest_info": {
                  "name": "17143836B8F6D11DCB53CD49B5D40C61B8E9B813.mft",
                  "current": {
                    "content": "MIIJSAYJKoZIhvcNAQcCoIIJOTCCCTUCAQMxDzANBglghkgBZQMEAgEFADCBmwYLKoZIhvcNAQkQARqggYsEgYgwgYUCAQIYDzIwMjAwNDMwMTQwOTA5WhgPMjAyMDA1MDExNDE0MDlaBglghkgBZQMEAgEwUzBRFiwxNzE0MzgzNkI4RjZEMTFEQ0I1M0NENDlCNUQ0MEM2MUI4RTlCODEzLmNybAMhAMcSnCX5bw7i2TqoPk4+IKkU+t9baRWtMuf0ZBJ+JaPZoIIGzzCCBsswggWzoAMCAQICFDw+ndI5hZeRXeHzXKMKhYhmAZQUMA0GCSqGSIb3DQEBCwUAMDMxMTAvBgNVBAMTKDE3MTQzODM2QjhGNkQxMURDQjUzQ0Q0OUI1RDQwQzYxQjhFOUI4MTMwHhcNMjAwNDMwMTQwOTA5WhcNMjAwNTA3MTQxNDA5WjCCAi0xggIpMIICJQYDVQQDE4ICHDMwODIwMTBBMDI4MjAxMDEwMEMwNzdGRTI1Qjk2RjAyRjk1Qjc3RkZFM0U0QzM1OTZGRUQxRTU5RDA5RkM3MDY4NDFFNzYxNzQyMTM0OEMzREYzODFCOEMwMzYzRTBEQjc4QTUzNERFMEYxMkEyOEE4QUY5QjM0MDZCOUNFOUNFODEyNDYxNDZBQ0VDODBBRjQxNENGMERGNjA5RDc1RUI0OEQ4QjQ0QUZFMUIzQUI1MUZGNzFDNjE0RjA4QzUxQ0VEMzBGMjc2MDFCQzM4ODAwQjlBMkY1QTc3OEI1MEE4NTY3RDFFMDM2MUJFQkEzNjNENEI0MERBQ0Y5MDc5MzUyODZGNTVFMkQ2OEU0NzU0M0U1RUM1RUZENzA4QzkwNTNGMDlBQkQwQkUwQTAxM0MwNzY1N0FFNzM2NERDRDFFM0I5REM4MTYyQTc4MDhDMEQ0NDk5NTUzNzc2OTVDMjg0QjQ0RUFCMzIwNTA4MUFGNjMxRDY1MzhEQzU5NTM2RkMyMUI4NThCRUY3RUM3RkJGOEM5NzQzRTE5QjVGNjUyMjU1NUVDNjkxNDVGQzIzQzI3MERDOUVFMUQ5NUY0MEI4N0RGRDY3QTY4QTkxQThGRDM0MkNGNzFGRjYzQ0RGODMxMDM2OTM2MzA3QkVDMjA3MEFBNjU2QUFERTQxNThGMjNFOUZBOThDQjAwODg5MjM1MDIwMzAxMDAwMTCCASIwDQYJKoZIhvcNAQEBBQADggEPADCCAQoCggEBAMB3/iW5bwL5W3f/4+TDWW/tHlnQn8cGhB52F0ITSMPfOBuMA2Pg23ilNN4PEqKKivmzQGuc6c6BJGFGrOyAr0FM8N9gnXXrSNi0Sv4bOrUf9xxhTwjFHO0w8nYBvDiAC5ovWneLUKhWfR4DYb66Nj1LQNrPkHk1KG9V4taOR1Q+XsXv1wjJBT8Jq9C+CgE8B2V65zZNzR47ncgWKngIwNRJlVN3aVwoS0TqsyBQga9jHWU43FlTb8IbhYvvfsf7+Ml0Phm19lIlVexpFF/CPCcNye4dlfQLh9/WemipGo/TQs9x/2PN+DEDaTYwe+wgcKplaq3kFY8j6fqYywCIkjUCAwEAAaOCAdkwggHVMB0GA1UdDgQWBBRBtnDf3gKJtizOBADKeqC8A7YnpTAfBgNVHSMEGDAWgBQXFDg2uPbRHctTzUm11AxhuOm4EzAOBgNVHQ8BAf8EBAMCB4AwXgYDVR0fBFcwVTBToFGgT4ZNcnN5bmM6Ly9sb2NhbGhvc3QvcmVwby9yZmM2NDkyLzAvMTcxNDM4MzZCOEY2RDExRENCNTNDRDQ5QjVENDBDNjFCOEU5QjgxMy5jcmwwZAYIKwYBBQUHAQEEWDBWMFQGCCsGAQUFBzAChkhyc3luYzovL2xvY2FsaG9zdC9yZXBvL3RhLzAvMTcxNDM4MzZCOEY2RDExRENCNTNDRDQ5QjVENDBDNjFCOEU5QjgxMy5jZXIwaQYIKwYBBQUHAQsEXTBbMFkGCCsGAQUFBzALhk1yc3luYzovL2xvY2FsaG9zdC9yZXBvL3JmYzY0OTIvMC8xNzE0MzgzNkI4RjZEMTFEQ0I1M0NENDlCNUQ0MEM2MUI4RTlCODEzLm1mdDAYBgNVHSABAf8EDjAMMAoGCCsGAQUFBw4CMCEGCCsGAQUFBwEHAQH/BBIwEDAGBAIAAQUAMAYEAgACBQAwFQYIKwYBBQUHAQgBAf8EBjAEoAIFADANBgkqhkiG9w0BAQsFAAOCAQEAHvL8NKcTBHzKqXVcH+N5zkty7B7KhcHok1q1boKZUvJeIPpkcYcfLoT7Zuz9F9HR2qgXGmzFrhGTyVzkgiHwm5/ygErmWQoYfbDm/yta3fmXMiUobNv2hxiXWMTsqO+1dYVwQ89WVtsPULPTXG6KFyq9SD3p2Nf4DEtIGASBgejU98lpUPFzsGU98rfTXx7+1ORaNVReTPSsN0Xve/cDNhzTPZ36zgUN1sPDe3QF7idv83JFYtTJnxGewX3z4CU51CmpCq/P9LuLUVl7IVHy2D7+qeUmDV3aIDt8E+CDDxwHqxGw9ftm1NvkYF5p/k6uNiKguLghAAYWR9kvYNwagTGCAawwggGoAgEDgBRBtnDf3gKJtizOBADKeqC8A7YnpTANBglghkgBZQMEAgEFAKBrMBoGCSqGSIb3DQEJAzENBgsqhkiG9w0BCRABGjAcBgkqhkiG9w0BCQUxDxcNMjAwNDMwMTQxNDA5WjAvBgkqhkiG9w0BCQQxIgQgSNafxNUp9PJBzEr/8QhyG/ZHqDJcA1sQ7YdkCLDNVs8wDQYJKoZIhvcNAQEBBQAEggEAVegk2Q1LXANLzmHqVdaOPJ6Bwo78n0AJbQqvM+gl7cOcz52JTz0H6FMUKBee5epAacFx78q9wZFuXYLjAu0I1aaS8THv7bFx1UqgA9err69XDDQltGjcbMEKSE3SgqSo7JyY3PGpyTSkrWtc2lr8KeTgv/mQRO1Bgfc8KMuFpqBcPysJItBPo/8UmZlMO4K2UohHlgXeon5XBHInil87SHxXHgUKvCai4EwXinos88Wp333mYvBebdKGuWkSFElT81QxS9KZX8PMwYC6z/tFeE+HdjTbAB2+ld0ZQTOpqPdi0uI2kkb/dfdEB/ONQxJt8CpqYhDNlkdy6MCefC7aHw==",
                    "serial": "343935840616387255247479010729049539450694112276",
                    "expires": "2020-05-01T14:14:09.780291Z"
                  },
                  "next_update": "2020-05-01T14:14:09.780291Z",
                  "old": "f57347f1475646c93da23524943a97c830f384a935f5f93f4fe7a1d1b71da363"
                },
                "crl_info": {
                  "name": "17143836B8F6D11DCB53CD49B5D40C61B8E9B813.crl",
                  "current": {
                    "content": "MIIB1jCBvwIBATANBgkqhkiG9w0BAQsFADAzMTEwLwYDVQQDEygxNzE0MzgzNkI4RjZEMTFEQ0I1M0NENDlCNUQ0MEM2MUI4RTlCODEzFw0yMDA0MzAxNDA5MDlaFw0yMDA1MDExNDE0MDlaMCcwJQIUO5qgHkZKF+Xa5Xnqwfe/AxByt+sXDTIwMDUwMTE0MTQwOFqgLzAtMB8GA1UdIwQYMBaAFBcUODa49tEdy1PNSbXUDGG46bgTMAoGA1UdFAQDAgECMA0GCSqGSIb3DQEBCwUAA4IBAQBbgnM4SdMcZFs2duv9beDWMlbSzQttOdMv2jLKt65Eh2GNaew6fAZnktGXH3EFc2TuW6A8kWa0eFV/bzSLphNa3sTSzwGr8+Rr7GAX8EvoFHMex4Oa0ZqYIzjL6em8M470hqP0JgIbpuaqVJqT2Qp+wahlSxOUB659Kc/tnNebiPxabie2rjOGJbjgCigdc4Y++Ax2pNywKH+Vd7225tqcH1UfJ+2qymNTh1BgTnd5aoIwuunGvMjy6IIjPj5kjyPn56yK3QQ3+rGiXUDtoiChRmTMBGMnkbVzsJxL9r713aQiyIiycGqsWCWvCmbztI05eXNVuJfxZKHSal/hBMww",
                    "serial": "2",
                    "expires": "2020-05-01T14:14:09.776644Z"
                  },
                  "old": "8a5fcb2f5e8b34e74a9faa8d84acb4134de3a993534e86c4285bf54f02a60209"
                },
                "objects_delta": {
                  "ca_repo": "rsync://localhost/repo/rfc6492/0",
                  "added": [],
                  "updated": [
                    {
                      "name": "17143836B8F6D11DCB53CD49B5D40C61B8E9B813.crl",
                      "object": {
                        "content": "MIIB1jCBvwIBATANBgkqhkiG9w0BAQsFADAzMTEwLwYDVQQDEygxNzE0MzgzNkI4RjZEMTFEQ0I1M0NENDlCNUQ0MEM2MUI4RTlCODEzFw0yMDA0MzAxNDA5MDlaFw0yMDA1MDExNDE0MDlaMCcwJQIUO5qgHkZKF+Xa5Xnqwfe/AxByt+sXDTIwMDUwMTE0MTQwOFqgLzAtMB8GA1UdIwQYMBaAFBcUODa49tEdy1PNSbXUDGG46bgTMAoGA1UdFAQDAgECMA0GCSqGSIb3DQEBCwUAA4IBAQBbgnM4SdMcZFs2duv9beDWMlbSzQttOdMv2jLKt65Eh2GNaew6fAZnktGXH3EFc2TuW6A8kWa0eFV/bzSLphNa3sTSzwGr8+Rr7GAX8EvoFHMex4Oa0ZqYIzjL6em8M470hqP0JgIbpuaqVJqT2Qp+wahlSxOUB659Kc/tnNebiPxabie2rjOGJbjgCigdc4Y++Ax2pNywKH+Vd7225tqcH1UfJ+2qymNTh1BgTnd5aoIwuunGvMjy6IIjPj5kjyPn56yK3QQ3+rGiXUDtoiChRmTMBGMnkbVzsJxL9r713aQiyIiycGqsWCWvCmbztI05eXNVuJfxZKHSal/hBMww",
                        "serial": "2",
                        "expires": "2020-05-01T14:14:09.776644Z"
                      },
                      "old": "8a5fcb2f5e8b34e74a9faa8d84acb4134de3a993534e86c4285bf54f02a60209"
                    },
                    {
                      "name": "17143836B8F6D11DCB53CD49B5D40C61B8E9B813.mft",
                      "object": {
                        "content": "MIIJSAYJKoZIhvcNAQcCoIIJOTCCCTUCAQMxDzANBglghkgBZQMEAgEFADCBmwYLKoZIhvcNAQkQARqggYsEgYgwgYUCAQIYDzIwMjAwNDMwMTQwOTA5WhgPMjAyMDA1MDExNDE0MDlaBglghkgBZQMEAgEwUzBRFiwxNzE0MzgzNkI4RjZEMTFEQ0I1M0NENDlCNUQ0MEM2MUI4RTlCODEzLmNybAMhAMcSnCX5bw7i2TqoPk4+IKkU+t9baRWtMuf0ZBJ+JaPZoIIGzzCCBsswggWzoAMCAQICFDw+ndI5hZeRXeHzXKMKhYhmAZQUMA0GCSqGSIb3DQEBCwUAMDMxMTAvBgNVBAMTKDE3MTQzODM2QjhGNkQxMURDQjUzQ0Q0OUI1RDQwQzYxQjhFOUI4MTMwHhcNMjAwNDMwMTQwOTA5WhcNMjAwNTA3MTQxNDA5WjCCAi0xggIpMIICJQYDVQQDE4ICHDMwODIwMTBBMDI4MjAxMDEwMEMwNzdGRTI1Qjk2RjAyRjk1Qjc3RkZFM0U0QzM1OTZGRUQxRTU5RDA5RkM3MDY4NDFFNzYxNzQyMTM0OEMzREYzODFCOEMwMzYzRTBEQjc4QTUzNERFMEYxMkEyOEE4QUY5QjM0MDZCOUNFOUNFODEyNDYxNDZBQ0VDODBBRjQxNENGMERGNjA5RDc1RUI0OEQ4QjQ0QUZFMUIzQUI1MUZGNzFDNjE0RjA4QzUxQ0VEMzBGMjc2MDFCQzM4ODAwQjlBMkY1QTc3OEI1MEE4NTY3RDFFMDM2MUJFQkEzNjNENEI0MERBQ0Y5MDc5MzUyODZGNTVFMkQ2OEU0NzU0M0U1RUM1RUZENzA4QzkwNTNGMDlBQkQwQkUwQTAxM0MwNzY1N0FFNzM2NERDRDFFM0I5REM4MTYyQTc4MDhDMEQ0NDk5NTUzNzc2OTVDMjg0QjQ0RUFCMzIwNTA4MUFGNjMxRDY1MzhEQzU5NTM2RkMyMUI4NThCRUY3RUM3RkJGOEM5NzQzRTE5QjVGNjUyMjU1NUVDNjkxNDVGQzIzQzI3MERDOUVFMUQ5NUY0MEI4N0RGRDY3QTY4QTkxQThGRDM0MkNGNzFGRjYzQ0RGODMxMDM2OTM2MzA3QkVDMjA3MEFBNjU2QUFERTQxNThGMjNFOUZBOThDQjAwODg5MjM1MDIwMzAxMDAwMTCCASIwDQYJKoZIhvcNAQEBBQADggEPADCCAQoCggEBAMB3/iW5bwL5W3f/4+TDWW/tHlnQn8cGhB52F0ITSMPfOBuMA2Pg23ilNN4PEqKKivmzQGuc6c6BJGFGrOyAr0FM8N9gnXXrSNi0Sv4bOrUf9xxhTwjFHO0w8nYBvDiAC5ovWneLUKhWfR4DYb66Nj1LQNrPkHk1KG9V4taOR1Q+XsXv1wjJBT8Jq9C+CgE8B2V65zZNzR47ncgWKngIwNRJlVN3aVwoS0TqsyBQga9jHWU43FlTb8IbhYvvfsf7+Ml0Phm19lIlVexpFF/CPCcNye4dlfQLh9/WemipGo/TQs9x/2PN+DEDaTYwe+wgcKplaq3kFY8j6fqYywCIkjUCAwEAAaOCAdkwggHVMB0GA1UdDgQWBBRBtnDf3gKJtizOBADKeqC8A7YnpTAfBgNVHSMEGDAWgBQXFDg2uPbRHctTzUm11AxhuOm4EzAOBgNVHQ8BAf8EBAMCB4AwXgYDVR0fBFcwVTBToFGgT4ZNcnN5bmM6Ly9sb2NhbGhvc3QvcmVwby9yZmM2NDkyLzAvMTcxNDM4MzZCOEY2RDExRENCNTNDRDQ5QjVENDBDNjFCOEU5QjgxMy5jcmwwZAYIKwYBBQUHAQEEWDBWMFQGCCsGAQUFBzAChkhyc3luYzovL2xvY2FsaG9zdC9yZXBvL3RhLzAvMTcxNDM4MzZCOEY2RDExRENCNTNDRDQ5QjVENDBDNjFCOEU5QjgxMy5jZXIwaQYIKwYBBQUHAQsEXTBbMFkGCCsGAQUFBzALhk1yc3luYzovL2xvY2FsaG9zdC9yZXBvL3JmYzY0OTIvMC8xNzE0MzgzNkI4RjZEMTFEQ0I1M0NENDlCNUQ0MEM2MUI4RTlCODEzLm1mdDAYBgNVHSABAf8EDjAMMAoGCCsGAQUFBw4CMCEGCCsGAQUFBwEHAQH/BBIwEDAGBAIAAQUAMAYEAgACBQAwFQYIKwYBBQUHAQgBAf8EBjAEoAIFADANBgkqhkiG9w0BAQsFAAOCAQEAHvL8NKcTBHzKqXVcH+N5zkty7B7KhcHok1q1boKZUvJeIPpkcYcfLoT7Zuz9F9HR2qgXGmzFrhGTyVzkgiHwm5/ygErmWQoYfbDm/yta3fmXMiUobNv2hxiXWMTsqO+1dYVwQ89WVtsPULPTXG6KFyq9SD3p2Nf4DEtIGASBgejU98lpUPFzsGU98rfTXx7+1ORaNVReTPSsN0Xve/cDNhzTPZ36zgUN1sPDe3QF7idv83JFYtTJnxGewX3z4CU51CmpCq/P9LuLUVl7IVHy2D7+qeUmDV3aIDt8E+CDDxwHqxGw9ftm1NvkYF5p/k6uNiKguLghAAYWR9kvYNwagTGCAawwggGoAgEDgBRBtnDf3gKJtizOBADKeqC8A7YnpTANBglghkgBZQMEAgEFAKBrMBoGCSqGSIb3DQEJAzENBgsqhkiG9w0BCRABGjAcBgkqhkiG9w0BCQUxDxcNMjAwNDMwMTQxNDA5WjAvBgkqhkiG9w0BCQQxIgQgSNafxNUp9PJBzEr/8QhyG/ZHqDJcA1sQ7YdkCLDNVs8wDQYJKoZIhvcNAQEBBQAEggEAVegk2Q1LXANLzmHqVdaOPJ6Bwo78n0AJbQqvM+gl7cOcz52JTz0H6FMUKBee5epAacFx78q9wZFuXYLjAu0I1aaS8THv7bFx1UqgA9err69XDDQltGjcbMEKSE3SgqSo7JyY3PGpyTSkrWtc2lr8KeTgv/mQRO1Bgfc8KMuFpqBcPysJItBPo/8UmZlMO4K2UohHlgXeon5XBHInil87SHxXHgUKvCai4EwXinos88Wp333mYvBebdKGuWkSFElT81QxS9KZX8PMwYC6z/tFeE+HdjTbAB2+ld0ZQTOpqPdi0uI2kkb/dfdEB/ONQxJt8CpqYhDNlkdy6MCefC7aHw==",
                        "serial": "343935840616387255247479010729049539450694112276",
                        "expires": "2020-05-01T14:14:09.780291Z"
                      },
                      "old": "f57347f1475646c93da23524943a97c830f384a935f5f93f4fe7a1d1b71da363"
                    }
                  ],
                  "withdrawn": []
                }
              }
            }
          ]
        }
      }
    ]
  }
}