{
  "command": {
    "actor": "krill",
    "time": "2020-04-30T14:14:08.146469Z",
    "handle": "rfc6492",
    "version": 6,
    "sequence": 5,
    "details": {
      "update_rcvd_cert": [
        "0",
        {
          "asn": "",
          "v4": "10.0.0.0/16",
          "v6": ""
        }
      ]
    },
    "effect": {
      "events": [
        6
      ]
    }
  },
  "result": {
    "Events": [
      {
        "id": "rfc6492",
        "version": 6,
        "details": {
          "key_pending_to_active": [
            "0",
            {
              "key_id": "17143836B8F6D11DCB53CD49B5D40C61B8E9B813",
              "incoming_cert": {
                "cert": "MIIHBjCCBe6gAwIBAgIUfdxHRSjdMC15Bm+mH1ltnyZmEkUwDQYJKoZIhvcNAQELBQAwggItMYICKTCCAiUGA1UEAxOCAhwzMDgyMDEwQTAyODIwMTAxMDBEMTMyRjRBRDEwRjgzMkQ2MjE5QjFERDQyMzg4RTZGQTJGNTk3NDg1OEMwNjdCNDA4MTVBNEU4OEVGQTdCMzEzODE0OUM4RjU3MDgyNjlDREI2RjQ0MDNFRTlDMzY3QUUwQzg1MEE5MkE2RjVGMzY3QzZDMTEwMEQxOEQwQjM2M0QyMzc1RUI4NzU5NkVGMEE2ODA4RUQxOTRBODdCMEY1MDJCOUE5RDREQzczOUYwQzQyRkU0QTcxQzEzM0ZCNEI1NUFERUVGOTFBNjZDQ0I2QzVEMzNCRUVERjhEQzRBODcwRjJGQkY3RkREMEM5QTBFRDFDQkRGN0JGRkU2MTk4MEI4NDU5MkY2MTFENDQzNDUyN0UzMDMyMkYyODJFQzFEMDE1RUQyOTA4NjgyQzY0RTAyMTJCNDU1MzA4QkQ1MDcwMEI4MjMzMEIwRUI0MEI4OTUzMUFFQkFCMjJDMTQwNDdGQ0U2MjI0QTdGMDhBRjg3MUIzNEE5RjY2OTJFMjk0QTNCODBDMzcyQTdDOTNDQTRDQ0U4NTM1QTNGRTI5NzJFOEJDRUZCNTI3RTAwOEVGRjU4M0U2QjVFRUE1MkE2NDQxQkE1RDhGNkRGNEU1NzZGNEQ5MjQzNUUwOUNEMjQwRkY0NEZBMUVCN0U1RTI5QkJCRTdCOEJDMEQxRTgzMTAyMDMwMTAwMDEwHhcNMjAwNDMwMTQwOTA4WhcNMjEwNDMwMTQxNDA4WjAzMTEwLwYDVQQDEygxNzE0MzgzNkI4RjZEMTFEQ0I1M0NENDlCNUQ0MEM2MUI4RTlCODEzMIIBIjANBgkqhkiG9w0BAQEFAAOCAQ8AMIIBCgKCAQEA1uGsqPLgLLiNwNsc1h3EgTUeeAiWsyUmkUzEQgkBs3chLwDupIBaATsMomBRP0kfiZ+Zu+OPD1LW1BX60Ar/Fig6AOSZrAz9RHhDtENiWBvfa+VtE1PvZ4GeCNpL+8gkd53KiXE5HEcZu4+gC0CeDxYreXKM5DZV9lJvfF0acmBaM/FfVbYc/Pd6hpWE6fqCIIkUcoDb+5viZCn+oslMusc3RiWaw1hrLhRQkScPZrzZeEk7cHZSK0zPU8Hp0ah3Y+SwBaY4fvd926uJhzcxbJVuw1DWyQLLLHWSMCImHt8IhR4dG4YVls/f5vyG203vbDDBEverpAD5COJTvRmh8wIDAQABo4ICFDCCAhAwDwYDVR0TAQH/BAUwAwEB/zAdBgNVHQ4EFgQUFxQ4Nrj20R3LU81JtdQMYbjpuBMwHwYDVR0jBBgwFoAU6dha9MqhLL1xkGejm0QJo/9Ni7EwDgYDVR0PAQH/BAQDAgEGMFkGA1UdHwRSMFAwTqBMoEqGSHJzeW5jOi8vbG9jYWxob3N0L3JlcG8vdGEvMC9FOUQ4NUFGNENBQTEyQ0JENzE5MDY3QTM5QjQ0MDlBM0ZGNEQ4QkIxLmNybDA8BggrBgEFBQcBAQQwMC4wLAYIKwYBBQUHMAKGIHJzeW5jOi8vbG9jYWxob3N0L3JlcG8vdGEvdGEuY2VyMIHZBggrBgEFBQcBCwSBzDCByTAtBggrBgEFBQcwBYYhcnN5bmM6Ly9sb2NhbGhvc3QvcmVwby9yZmM2NDkyLzAvMFkGCCsGAQUFBzAKhk1yc3luYzovL2xvY2FsaG9zdC9yZXBvL3JmYzY0OTIvMC8xNzE0MzgzNkI4RjZEMTFEQ0I1M0NENDlCNUQ0MEM2MUI4RTlCODEzLm1mdDA9BggrBgEFBQcwDYYxaHR0cHM6Ly9sb2NhbGhvc3Q6MzAwMC90ZXN0LXJyZHAvbm90aWZpY2F0aW9uLnhtbDAYBgNVHSABAf8EDjAMMAoGCCsGAQUFBw4CMB4GCCsGAQUFBwEHAQH/BA8wDTALBAIAATAFAwMACgAwDQYJKoZIhvcNAQELBQADggEBAIKpeMGFL7J2apmgQpHOLaLJRhnZr/uWUGc4HWFn9l7gwLP5tkca+53CIT7+9efo2JuQm6HbnZISFvu5bm6MHWot1ussjnZwNLHG1pc9x4p+HhVLDfA6IrAQbeErhnGzcyJsKv63KqR0EMg3TR6AL5GESO+6A+27QASC+rsPbe9nqK2SqIe2cfurvFvCnwRhnHzpIre2gsxkNpRBq9h/287cfrGUj6kvWAQEDHcpTenhRQmbeqPIRrP2iujIN5rHSUaXKxZgZQTGyPDiyst4QH18+M361BuntHSEwSiQ+zS2a30lLKxvcW0Du41qb1PIUUwGxBS8Mdbv5lTgZxbKmiM=",
                "uri": "rsync://localhost/repo/ta/0/17143836B8F6D11DCB53CD49B5D40C61B8E9B813.cer",
                "resources": {
                  "asn": "",
                  "v4": "10.0.0.0/16",
                  "v6": ""
                }
              },
              "current_set": {
                "number": 1,
                "revocations": [],
                "manifest_info": {
                  "name": "17143836B8F6D11DCB53CD49B5D40C61B8E9B813.mft",
                  "current": {
                    "content": "MIIJSAYJKoZIhvcNAQcCoIIJOTCCCTUCAQMxDzANBglghkgBZQMEAgEFADCBmwYLKoZIhvcNAQkQARqggYsEgYgwgYUCAQEYDzIwMjAwNDMwMTQwOTA4WhgPMjAyMDA1MDExNDE0MDhaBglghkgBZQMEAgEwUzBRFiwxNzE0MzgzNkI4RjZEMTFEQ0I1M0NENDlCNUQ0MEM2MUI4RTlCODEzLmNybAMhAIpfyy9eizTnSp+qjYSstBNN46mTU06GxChb9U8CpgIJoIIGzzCCBsswggWzoAMCAQICFDuaoB5GShfl2uV56sH3vwMQcrfrMA0GCSqGSIb3DQEBCwUAMDMxMTAvBgNVBAMTKDE3MTQzODM2QjhGNkQxMURDQjUzQ0Q0OUI1RDQwQzYxQjhFOUI4MTMwHhcNMjAwNDMwMTQwOTA4WhcNMjAwNTA3MTQxNDA4WjCCAi0xggIpMIICJQYDVQQDE4ICHDMwODIwMTBBMDI4MjAxMDEwMEIxMkZFQUMwRTJCMkM5OTJBNUNBNDA1NjYwQ0JERUMyOUZBRjkxMTAzMEQwODZFNkEyNDEyM0U5MTE3MjE1MTdDMjY0RkU2M0VEMDAyQUJGRUUzMUQ0QUUwRDY1Q0U4QTNBMDk0NUVGM0QxNUEyOUJFMjRBNDg3OEVFM0Y1NDVDQkVBMDBCRjgwQzdFMkU0MzY2OTVBOTU4RUYwNkY0RTlBMEIyMjBGQTY5ODY0QUJFOTlGQjM5QkRGMDI3RTIzQjk3N0UwNDE1NDNERTEyNTZCRkFDQzZDMTIwQzFCRDlDMDJCQzA3MjdGQzg0NDdFRDkyQzI4RkQxNEVBMDI0QUEyRTIzMzM0QkU1RDU2OEE1NTEzQ0E5NkU3MTRENzVGNzRFRDZBOUZENDRGNTg0NEMyOUIyQkQ5NEJDNjA1MDlBQUM3QTAxQTI4RkJDRDQ0QkM0ODVBMUE4MkQ5QzE3MkYzOEZDOENGQjU5NDc5MkE5MEYxMkI1ODc1OTk4MkY5ODJBODI5OTQwRDQzNkY4NUU2Q0EyQkQzMkM1OEY5NzAzOUY2MjU1MEFBRDY4OTFCQTFDNDUxNzYwRDdENzY1MDVFNzBBOEI3NzI3QzdENTZGRDMwM0ZFNkIxNjk5QkRDOTMxQzA4QUFBQ0FGMTc3MUVCMjNDQzhGQTVFNjA0QTY3MDIwMzAxMDAwMTCCASIwDQYJKoZIhvcNAQEBBQADggEPADCCAQoCggEBALEv6sDissmSpcpAVmDL3sKfr5EQMNCG5qJBI+kRchUXwmT+Y+0AKr/uMdSuDWXOijoJRe89FaKb4kpIeO4/VFy+oAv4DH4uQ2aVqVjvBvTpoLIg+mmGSr6Z+zm98CfiO5d+BBVD3hJWv6zGwSDBvZwCvAcn/IRH7ZLCj9FOoCSqLiMzS+XVaKVRPKlucU11907Wqf1E9YRMKbK9lLxgUJqsegGij7zUS8SFoagtnBcvOPyM+1lHkqkPErWHWZgvmCqCmUDUNvhebKK9MsWPlwOfYlUKrWiRuhxFF2DX12UF5wqLdyfH1W/TA/5rFpm9yTHAiqrK8XcesjzI+l5gSmcCAwEAAaOCAdkwggHVMB0GA1UdDgQWBBQ+VVjBYZSDqye/LpfrjIPdRHsVPjAfBgNVHSMEGDAWgBQXFDg2uPbRHctTzUm11AxhuOm4EzAOBgNVHQ8BAf8EBAMCB4AwXgYDVR0fBFcwVTBToFGgT4ZNcnN5bmM6Ly9sb2NhbGhvc3QvcmVwby9yZmM2NDkyLzAvMTcxNDM4MzZCOEY2RDExRENCNTNDRDQ5QjVENDBDNjFCOEU5QjgxMy5jcmwwZAYIKwYBBQUHAQEEWDBWMFQGCCsGAQUFBzAChkhyc3luYzovL2xvY2FsaG9zdC9yZXBvL3RhLzAvMTcxNDM4MzZCOEY2RDExRENCNTNDRDQ5QjVENDBDNjFCOEU5QjgxMy5jZXIwaQYIKwYBBQUHAQsEXTBbMFkGCCsGAQUFBzALhk1yc3luYzovL2xvY2FsaG9zdC9yZXBvL3JmYzY0OTIvMC8xNzE0MzgzNkI4RjZEMTFEQ0I1M0NENDlCNUQ0MEM2MUI4RTlCODEzLm1mdDAYBgNVHSABAf8EDjAMMAoGCCsGAQUFBw4CMCEGCCsGAQUFBwEHAQH/BBIwEDAGBAIAAQUAMAYEAgACBQAwFQYIKwYBBQUHAQgBAf8EBjAEoAIFADANBgkqhkiG9w0BAQsFAAOCAQEAhaeljyLdtntPmE+064QaduaFkv1UH5DzfFQmoDISf/+8oNVsVGEEJFLbvrHVK4F68GzML5MvI7bAj00R8mFNXBbb7hdzwcvvoO5G8h1ZmnMgVlNBZoccjaIXPG1BI36xAm4UaybNmA+cqCCoh0rC4erMJf6W4KE9IvwmCUaTySTdplmYbn+6jLL30VTu6dSUTqwZ9eLyh5vZrp8pLDTSOJOo7d2TKmURyGxweB6DxBNU4U7IUjeSJKBv2JJJF6xpj3k3f9ScG/xTlwyYCf7M23ejAD423UDKj4EwNeWqbKvuzZNp0KbXCD29XJByJQEzAtUjYS3wcwWOi3zWLixVeDGCAawwggGoAgEDgBQ+VVjBYZSDqye/LpfrjIPdRHsVPjANBglghkgBZQMEAgEFAKBrMBoGCSqGSIb3DQEJAzENBgsqhkiG9w0BCRABGjAcBgkqhkiG9w0BCQUxDxcNMjAwNDMwMTQxNDA4WjAvBgkqhkiG9w0BCQQxIgQgRh1xeGdIoEfiSozoo2havrRCRswKt45cXjAf9RzzjVAwDQYJKoZIhvcNAQEBBQAEggEAYvpKoqhyzmLgevpxjpWs6G3PQK1MFgMj1KDCK9rh4QOCucPpUVPEsC/+5rwHa0Juo18DJeWIGk8YJUyUw+uL08cBhyb5uIusQ6KUjg43ksODHooHePe+HmaYLmMFH7z6RGQruNKjMMd4eDvGIfxLCfxQOsa9SG1ylFcyIGCTuayqgjHepHCAIaL/UStzykiY4dFEJ77K5GPyaikzz4aVj2OAKqkrjpL91RMsjcR/p1g95pIaQVE6RptXXtNhWCEAVO81DkMYCEVCdoWQ73U248fLiOy38UGpKSOaSk9E7hzHqIo0cXis2A22mwKPWWMydcFy2UoADNxaWTxgXNgu9w==",
                    "serial": "340278718506831011540060293122562504220132685803",
                    "expires": "2020-05-01T14:14:08.150422Z"
                  },
                  "next_update": "2020-05-01T14:14:08.150422Z",
                  "old": null
                },
                "crl_info": {
                  "name": "17143836B8F6D11DCB53CD49B5D40C61B8E9B813.crl",
                  "current": {
                    "content": "MIIBrzCBmAIBATANBgkqhkiG9w0BAQsFADAzMTEwLwYDVQQDEygxNzE0MzgzNkI4RjZEMTFEQ0I1M0NENDlCNUQ0MEM2MUI4RTlCODEzFw0yMDA0MzAxNDA5MDhaFw0yMDA1MDExNDE0MDhaMACgLzAtMB8GA1UdIwQYMBaAFBcUODa49tEdy1PNSbXUDGG46bgTMAoGA1UdFAQDAgEBMA0GCSqGSIb3DQEBCwUAA4IBAQAFmSbKZrIl11yuokM9ZabP2fJBt1MrneVKtlWhcHKFOs1cjt4htDBB/+gup4u0H8OyYcOIbx0x/CJCDFOrDZhHkLJ5v6aCbhWKPysfcA1kH6CCHtPQ0StnYLxW9xPyRV+EEw4XXAUk6CItfNHIPVlYa3YENIo5tDsrLTR/P+xUUkNhIifIqdy1kwnbSLCoXOeAsXd9gZZ2YYgX86JNRzS5cmpudc9kKdG73o9V/y0VOOtHLBhmm+HEQ7BJGSSUQZ6+9E5r8MdyylOeu+/h5+cOhgrbvYceCDSsBxp84EWk5CnNHRMYSmx+QRwdcjiNnMdjFXsx2J3dsI6Rui7LF/7N",
                    "serial": "1",
                    "expires": "2020-05-01T14:14:08.146678Z"
                  },
                  "old": null
                }
              },
              "request": null
            },
            {
              "ca_repo": "rsync://localhost/repo/rfc6492/0/",
              "added": [
                {
                  "name": "17143836B8F6D11DCB53CD49B5D40C61B8E9B813.mft",
                  "object": {
                    "content": "MIIJSAYJKoZIhvcNAQcCoIIJOTCCCTUCAQMxDzANBglghkgBZQMEAgEFADCBmwYLKoZIhvcNAQkQARqggYsEgYgwgYUCAQEYDzIwMjAwNDMwMTQwOTA4WhgPMjAyMDA1MDExNDE0MDhaBglghkgBZQMEAgEwUzBRFiwxNzE0MzgzNkI4RjZEMTFEQ0I1M0NENDlCNUQ0MEM2MUI4RTlCODEzLmNybAMhAIpfyy9eizTnSp+qjYSstBNN46mTU06GxChb9U8CpgIJoIIGzzCCBsswggWzoAMCAQICFDuaoB5GShfl2uV56sH3vwMQcrfrMA0GCSqGSIb3DQEBCwUAMDMxMTAvBgNVBAMTKDE3MTQzODM2QjhGNkQxMURDQjUzQ0Q0OUI1RDQwQzYxQjhFOUI4MTMwHhcNMjAwNDMwMTQwOTA4WhcNMjAwNTA3MTQxNDA4WjCCAi0xggIpMIICJQYDVQQDE4ICHDMwODIwMTBBMDI4MjAxMDEwMEIxMkZFQUMwRTJCMkM5OTJBNUNBNDA1NjYwQ0JERUMyOUZBRjkxMTAzMEQwODZFNkEyNDEyM0U5MTE3MjE1MTdDMjY0RkU2M0VEMDAyQUJGRUUzMUQ0QUUwRDY1Q0U4QTNBMDk0NUVGM0QxNUEyOUJFMjRBNDg3OEVFM0Y1NDVDQkVBMDBCRjgwQzdFMkU0MzY2OTVBOTU4RUYwNkY0RTlBMEIyMjBGQTY5ODY0QUJFOTlGQjM5QkRGMDI3RTIzQjk3N0UwNDE1NDNERTEyNTZCRkFDQzZDMTIwQzFCRDlDMDJCQzA3MjdGQzg0NDdFRDkyQzI4RkQxNEVBMDI0QUEyRTIzMzM0QkU1RDU2OEE1NTEzQ0E5NkU3MTRENzVGNzRFRDZBOUZENDRGNTg0NEMyOUIyQkQ5NEJDNjA1MDlBQUM3QTAxQTI4RkJDRDQ0QkM0ODVBMUE4MkQ5QzE3MkYzOEZDOENGQjU5NDc5MkE5MEYxMkI1ODc1OTk4MkY5ODJBODI5OTQwRDQzNkY4NUU2Q0EyQkQzMkM1OEY5NzAzOUY2MjU1MEFBRDY4OTFCQTFDNDUxNzYwRDdENzY1MDVFNzBBOEI3NzI3QzdENTZGRDMwM0ZFNkIxNjk5QkRDOTMxQzA4QUFBQ0FGMTc3MUVCMjNDQzhGQTVFNjA0QTY3MDIwMzAxMDAwMTCCASIwDQYJKoZIhvcNAQEBBQADggEPADCCAQoCggEBALEv6sDissmSpcpAVmDL3sKfr5EQMNCG5qJBI+kRchUXwmT+Y+0AKr/uMdSuDWXOijoJRe89FaKb4kpIeO4/VFy+oAv4DH4uQ2aVqVjvBvTpoLIg+mmGSr6Z+zm98CfiO5d+BBVD3hJWv6zGwSDBvZwCvAcn/IRH7ZLCj9FOoCSqLiMzS+XVaKVRPKlucU11907Wqf1E9YRMKbK9lLxgUJqsegGij7zUS8SFoagtnBcvOPyM+1lHkqkPErWHWZgvmCqCmUDUNvhebKK9MsWPlwOfYlUKrWiRuhxFF2DX12UF5wqLdyfH1W/TA/5rFpm9yTHAiqrK8XcesjzI+l5gSmcCAwEAAaOCAdkwggHVMB0GA1UdDgQWBBQ+VVjBYZSDqye/LpfrjIPdRHsVPjAfBgNVHSMEGDAWgBQXFDg2uPbRHctTzUm11AxhuOm4EzAOBgNVHQ8BAf8EBAMCB4AwXgYDVR0fBFcwVTBToFGgT4ZNcnN5bmM6Ly9sb2NhbGhvc3QvcmVwby9yZmM2NDkyLzAvMTcxNDM4MzZCOEY2RDExRENCNTNDRDQ5QjVENDBDNjFCOEU5QjgxMy5jcmwwZAYIKwYBBQUHAQEEWDBWMFQGCCsGAQUFBzAChkhyc3luYzovL2xvY2FsaG9zdC9yZXBvL3RhLzAvMTcxNDM4MzZCOEY2RDExRENCNTNDRDQ5QjVENDBDNjFCOEU5QjgxMy5jZXIwaQYIKwYBBQUHAQsEXTBbMFkGCCsGAQUFBzALhk1yc3luYzovL2xvY2FsaG9zdC9yZXBvL3JmYzY0OTIvMC8xNzE0MzgzNkI4RjZEMTFEQ0I1M0NENDlCNUQ0MEM2MUI4RTlCODEzLm1mdDAYBgNVHSABAf8EDjAMMAoGCCsGAQUFBw4CMCEGCCsGAQUFBwEHAQH/BBIwEDAGBAIAAQUAMAYEAgACBQAwFQYIKwYBBQUHAQgBAf8EBjAEoAIFADANBgkqhkiG9w0BAQsFAAOCAQEAhaeljyLdtntPmE+064QaduaFkv1UH5DzfFQmoDISf/+8oNVsVGEEJFLbvrHVK4F68GzML5MvI7bAj00R8mFNXBbb7hdzwcvvoO5G8h1ZmnMgVlNBZoccjaIXPG1BI36xAm4UaybNmA+cqCCoh0rC4erMJf6W4KE9IvwmCUaTySTdplmYbn+6jLL30VTu6dSUTqwZ9eLyh5vZrp8pLDTSOJOo7d2TKmURyGxweB6DxBNU4U7IUjeSJKBv2JJJF6xpj3k3f9ScG/xTlwyYCf7M23ejAD423UDKj4EwNeWqbKvuzZNp0KbXCD29XJByJQEzAtUjYS3wcwWOi3zWLixVeDGCAawwggGoAgEDgBQ+VVjBYZSDqye/LpfrjIPdRHsVPjANBglghkgBZQMEAgEFAKBrMBoGCSqGSIb3DQEJAzENBgsqhkiG9w0BCRABGjAcBgkqhkiG9w0BCQUxDxcNMjAwNDMwMTQxNDA4WjAvBgkqhkiG9w0BCQQxIgQgRh1xeGdIoEfiSozoo2havrRCRswKt45cXjAf9RzzjVAwDQYJKoZIhvcNAQEBBQAEggEAYvpKoqhyzmLgevpxjpWs6G3PQK1MFgMj1KDCK9rh4QOCucPpUVPEsC/+5rwHa0Juo18DJeWIGk8YJUyUw+uL08cBhyb5uIusQ6KUjg43ksODHooHePe+HmaYLmMFH7z6RGQruNKjMMd4eDvGIfxLCfxQOsa9SG1ylFcyIGCTuayqgjHepHCAIaL/UStzykiY4dFEJ77K5GPyaikzz4aVj2OAKqkrjpL91RMsjcR/p1g95pIaQVE6RptXXtNhWCEAVO81DkMYCEVCdoWQ73U248fLiOy38UGpKSOaSk9E7hzHqIo0cXis2A22mwKPWWMydcFy2UoADNxaWTxgXNgu9w==",
                    "serial": "340278718506831011540060293122562504220132685803",
                    "expires": "2020-05-01T14:14:08.150422Z"
                  }
                },
                {
                  "name": "17143836B8F6D11DCB53CD49B5D40C61B8E9B813.crl",
                  "object": {
                    "content": "MIIBrzCBmAIBATANBgkqhkiG9w0BAQsFADAzMTEwLwYDVQQDEygxNzE0MzgzNkI4RjZEMTFEQ0I1M0NENDlCNUQ0MEM2MUI4RTlCODEzFw0yMDA0MzAxNDA5MDhaFw0yMDA1MDExNDE0MDhaMACgLzAtMB8GA1UdIwQYMBaAFBcUODa49tEdy1PNSbXUDGG46bgTMAoGA1UdFAQDAgEBMA0GCSqGSIb3DQEBCwUAA4IBAQAFmSbKZrIl11yuokM9ZabP2fJBt1MrneVKtlWhcHKFOs1cjt4htDBB/+gup4u0H8OyYcOIbx0x/CJCDFOrDZhHkLJ5v6aCbhWKPysfcA1kH6CCHtPQ0StnYLxW9xPyRV+EEw4XXAUk6CItfNHIPVlYa3YENIo5tDsrLTR/P+xUUkNhIifIqdy1kwnbSLCoXOeAsXd9gZZ2YYgX86JNRzS5cmpudc9kKdG73o9V/y0VOOtHLBhmm+HEQ7BJGSSUQZ6+9E5r8MdyylOeu+/h5+cOhgrbvYceCDSsBxp84EWk5CnNHRMYSmx+QRwdcjiNnMdjFXsx2J3dsI6Rui7LF/7N",
                    "serial": "1",
                    "expires": "2020-05-01T14:14:08.146678Z"
                  }
                }
              ],
              "updated": [],
              "withdrawn": []
            }
          ]
        }
      }
    ]
  }
}