{
  "command": {
    "actor": "krill",
    "time": "2020-04-30T14:14:10.829294Z",
    "handle": "rfc6492",
    "version": 11,
    "sequence": 9,
    "details": {
      "update_rcvd_cert": [
        "0",
        {
          "asn": "",
          "v4": "10.0.0.0/24",
          "v6": ""
        }
      ]
    },
    "effect": {
      "events": [
        11,
        12
      ]
    }
  },
  "result": {
    "Events": [
      {
        "id": "rfc6492",
        "version": 11,
        "details": {
          "certificate_received": [
            "0",
            "17143836B8F6D11DCB53CD49B5D40C61B8E9B813",
            {
              "cert": "MIIHBzCCBe+gAwIBAgIUJszQp6+pcX3G+CvNBjU7UcFCBMwwDQYJKoZIhvcNAQELBQAwggItMYICKTCCAiUGA1UEAxOCAhwzMDgyMDEwQTAyODIwMTAxMDBEMTMyRjRBRDEwRjgzMkQ2MjE5QjFERDQyMzg4RTZGQTJGNTk3NDg1OEMwNjdCNDA4MTVBNEU4OEVGQTdCMzEzODE0OUM4RjU3MDgyNjlDREI2RjQ0MDNFRTlDMzY3QUUwQzg1MEE5MkE2RjVGMzY3QzZDMTEwMEQxOEQwQjM2M0QyMzc1RUI4NzU5NkVGMEE2ODA4RUQxOTRBODdCMEY1MDJCOUE5RDREQzczOUYwQzQyRkU0QTcxQzEzM0ZCNEI1NUFERUVGOTFBNjZDQ0I2QzVEMzNCRUVERjhEQzRBODcwRjJGQkY3RkREMEM5QTBFRDFDQkRGN0JGRkU2MTk4MEI4NDU5MkY2MTFENDQzNDUyN0UzMDMyMkYyODJFQzFEMDE1RUQyOTA4NjgyQzY0RTAyMTJCNDU1MzA4QkQ1MDcwMEI4MjMzMEIwRUI0MEI4OTUzMUFFQkFCMjJDMTQwNDdGQ0U2MjI0QTdGMDhBRjg3MUIzNEE5RjY2OTJFMjk0QTNCODBDMzcyQTdDOTNDQTRDQ0U4NTM1QTNGRTI5NzJFOEJDRUZCNTI3RTAwOEVGRjU4M0U2QjVFRUE1MkE2NDQxQkE1RDhGNkRGNEU1NzZGNEQ5MjQzNUUwOUNEMjQwRkY0NEZBMUVCN0U1RTI5QkJCRTdCOEJDMEQxRTgzMTAyMDMwMTAwMDEwHhcNMjAwNDMwMTQwOTEwWhcNMjEwNDMwMTQxNDEwWjAzMTEwLwYDVQQDEygxNzE0MzgzNkI4RjZEMTFEQ0I1M0NENDlCNUQ0MEM2MUI4RTlCODEzMIIBIjANBgkqhkiG9w0BAQEFAAOCAQ8AMIIBCgKCAQEA1uGsqPLgLLiNwNsc1h3EgTUeeAiWsyUmkUzEQgkBs3chLwDupIBaATsMomBRP0kfiZ+Zu+OPD1LW1BX60Ar/Fig6AOSZrAz9RHhDtENiWBvfa+VtE1PvZ4GeCNpL+8gkd53KiXE5HEcZu4+gC0CeDxYreXKM5DZV9lJvfF0acmBaM/FfVbYc/Pd6hpWE6fqCIIkUcoDb+5viZCn+oslMusc3RiWaw1hrLhRQkScPZrzZeEk7cHZSK0zPU8Hp0ah3Y+SwBaY4fvd926uJhzcxbJVuw1DWyQLLLHWSMCImHt8IhR4dG4YVls/f5vyG203vbDDBEverpAD5COJTvRmh8wIDAQABo4ICFTCCAhEwDwYDVR0TAQH/BAUwAwEB/zAdBgNVHQ4EFgQUFxQ4Nrj20R3LU81JtdQMYbjpuBMwHwYDVR0jBBgwFoAU6dha9MqhLL1xkGejm0QJo/9Ni7EwDgYDVR0PAQH/BAQDAgEGMFkGA1UdHwRSMFAwTqBMoEqGSHJzeW5jOi8vbG9jYWxob3N0L3JlcG8vdGEvMC9FOUQ4NUFGNENBQTEyQ0JENzE5MDY3QTM5QjQ0MDlBM0ZGNEQ4QkIxLmNybDA8BggrBgEFBQcBAQQwMC4wLAYIKwYBBQUHMAKGIHJzeW5jOi8vbG9jYWxob3N0L3JlcG8vdGEvdGEuY2VyMIHZBggrBgEFBQcBCwSBzDCByTAtBggrBgEFBQcwBYYhcnN5bmM6Ly9sb2NhbGhvc3QvcmVwby9yZmM2NDkyLzAvMFkGCCsGAQUFBzAKhk1yc3luYzovL2xvY2FsaG9zdC9yZXBvL3JmYzY0OTIvMC8xNzE0MzgzNkI4RjZEMTFEQ0I1M0NENDlCNUQ0MEM2MUI4RTlCODEzLm1mdDA9BggrBgEFBQcwDYYxaHR0cHM6Ly9sb2NhbGhvc3Q6MzAwMC90ZXN0LXJyZHAvbm90aWZpY2F0aW9uLnhtbDAYBgNVHSABAf8EDjAMMAoGCCsGAQUFBw4CMB8GCCsGAQUFBwEHAQH/BBAwDjAMBAIAATAGAwQACgAAMA0GCSqGSIb3DQEBCwUAA4IBAQBlHAdTI0STrl7W8KNrJjSWAWgmawaJ3O/iDNPi9FznUkwN2EIFVTO4C2qAuAEX/UZhsnlcHIZ2lvSJ8hdyv+g32IWwaTjmYz1YUafLPApRRTLqBeLURkANS8BKz9L81Izru/1i/c63tpVAKt7zpoGfugwQbQgVmHNfX8UhZ3g0h3uHjToLZp2ZpqFf8ucBhxGr0uUw8fzmxO+tPK4hWnYYH9aIhYPS209tgoFP4A9wh4La/B+h7wdYXt5y9oORXk1/6Fq4yh+pa/TrAfvp0Sj6qLN8omEx1XStZ+D8N8d80Tci8HBLuqsnzm4JoZQ4OZFJzvbIMfsS2c7q4eq3jmT3",
              "uri": "rsync://localhost/repo/ta/0/17143836B8F6D11DCB53CD49B5D40C61B8E9B813.cer",
              "resources": {
                "asn": "",
                "v4": "10.0.0.0/24",
                "v6": ""
              }
            }
          ]
        }
      },
      {
        "id": "rfc6492",
        "version": 12,
        "details": {
          "object_set_updated": [
            "0",
            {
              "17143836B8F6D11DCB53CD49B5D40C61B8E9B813": {
                "number": 3,
                "revocations_delta": {
                  "added": [
                    {
                      "serial": "343935840616387255247479010729049539450694112276",
                      "expires": "2020-05-01T14:14:09.780291Z"
                    }
                  ],
                  "dropped": []
                },
                "manifest_info": {
                  "name": "17143836B8F6D11DCB53CD49B5D40C61B8E9B813.mft",
                  "current": {
                    "content": "MIIJSAYJKoZIhvcNAQcCoIIJOTCCCTUCAQMxDzANBglghkgBZQMEAgEFADCBmwYLKoZIhvcNAQkQARqggYsEgYgwgYUCAQMYDzIwMjAwNDMwMTQwOTEwWhgPMjAyMDA1MDExNDE0MTBaBglghkgBZQMEAgEwUzBRFiwxNzE0MzgzNkI4RjZEMTFEQ0I1M0NENDlCNUQ0MEM2MUI4RTlCODEzLmNybAMhAEky8+PysaU6aSbG6dvqmO2mJlU285BqUjtMN3hzBT8NoIIGzzCCBsswggWzoAMCAQICFEDZYT+Ni5aYlnjkRYSZiNI6CMlgMA0GCSqGSIb3DQEBCwUAMDMxMTAvBgNVBAMTKDE3MTQzODM2QjhGNkQxMURDQjUzQ0Q0OUI1RDQwQzYxQjhFOUI4MTMwHhcNMjAwNDMwMTQwOTEwWhcNMjAwNTA3MTQxNDEwWjCCAi0xggIpMIICJQYDVQQDE4ICHDMwODIwMTBBMDI4MjAxMDEwMEIzODg5N0ZGQ0FCNDAyREMwNjkyQzcyMkIzMEE3OTkzODIxMDI1NEU5NjNEODcwODkwMjJDNUQyQ0YwOEFDMjVGNzRFQUI4RDNCNDUyNTQ0ODM3Qjc1NEQ3M0Q5MkFGNkUzQkY5RTZDODcxRTg0MjBFRkY3OUQxMzFEQkNGQTNCOEZGQkJFRTE5NDBCQjlBMDBBMUVCMUUyQ0EwOTlCOEE2QUFFRjVGMzRDMzRGNDM3NzJBOTJBRENCMUQ1QkFCNUU3M0MyMTgyREQ3MUU2QkU5MDIyRkU1REQyNzBFMjIyNTYzQjc1MDY0NEYwQTkzOTdDNDNEMjFFMTFDNjY2MTY1NzFENDkzOTFGRjQ1RkE4NTQyMUM3MjkwRkE0RkNDRENGMkRCMjdFRTg0OUJDRTAwMTg2NDhGRDI5M0U4MjE3OTM5RjkzMzk0NURFMDU4NkRERjE0NjUxOTdFMTMxQUNBNjk0QTAwMzhEQTI0MThERDg3QjczNjc2MzY5QkUwRThCQkVEM0RBNzIzQjI2RTkzRkM5NUYzRDFFRTQxRDc5QzgzM0RBMjk1RTI4RTg2MDkzOEREODk0NUEwNzExNDQ4M0E3NjExNTJFNjY2NjczOTY5RTc1M0NCODRDNzJGQTYyQkY2QTY3NDlGNkMxM0M3RkM4MzkxMUZGRTk4MTI5MDIwMzAxMDAwMTCCASIwDQYJKoZIhvcNAQEBBQADggEPADCCAQoCggEBALOIl//KtALcBpLHIrMKeZOCECVOlj2HCJAixdLPCKwl906rjTtFJUSDe3VNc9kq9uO/nmyHHoQg7/edEx28+juP+77hlAu5oAoeseLKCZuKaq7180w09DdyqSrcsdW6tec8IYLdcea+kCL+XdJw4iJWO3UGRPCpOXxD0h4RxmYWVx1JOR/0X6hUIccpD6T8zc8tsn7oSbzgAYZI/Sk+gheTn5M5Rd4Fht3xRlGX4TGsppSgA42iQY3Ye3NnY2m+Dou+09pyOybpP8lfPR7kHXnIM9opXijoYJON2JRaBxFEg6dhFS5mZnOWnnU8uExy+mK/amdJ9sE8f8g5Ef/pgSkCAwEAAaOCAdkwggHVMB0GA1UdDgQWBBS+vJ2EKdydytFAUAFn+TnaChSAejAfBgNVHSMEGDAWgBQXFDg2uPbRHctTzUm11AxhuOm4EzAOBgNVHQ8BAf8EBAMCB4AwXgYDVR0fBFcwVTBToFGgT4ZNcnN5bmM6Ly9sb2NhbGhvc3QvcmVwby9yZmM2NDkyLzAvMTcxNDM4MzZCOEY2RDExRENCNTNDRDQ5QjVENDBDNjFCOEU5QjgxMy5jcmwwZAYIKwYBBQUHAQEEWDBWMFQGCCsGAQUFBzAChkhyc3luYzovL2xvY2FsaG9zdC9yZXBvL3RhLzAvMTcxNDM4MzZCOEY2RDExRENCNTNDRDQ5QjVENDBDNjFCOEU5QjgxMy5jZXIwaQYIKwYBBQUHAQsEXTBbMFkGCCsGAQUFBzALhk1yc3luYzovL2xvY2FsaG9zdC9yZXBvL3JmYzY0OTIvMC8xNzE0MzgzNkI4RjZEMTFEQ0I1M0NENDlCNUQ0MEM2MUI4RTlCODEzLm1mdDAYBgNVHSABAf8EDjAMMAoGCCsGAQUFBw4CMCEGCCsGAQUFBwEHAQH/BBIwEDAGBAIAAQUAMAYEAgACBQAwFQYIKwYBBQUHAQgBAf8EBjAEoAIFADANBgkqhkiG9w0BAQsFAAOCAQEAwwgW78FgS0Y55sGU6EBV1TXz8LHjt+P5Gav9aS2ytsT3vpeaRFM9WYZMzPHmIeqxzb/23xIRG9zgt8y/6PasB2DEb7HNxwqfxhTm9XGBXHx2/iG/Tig1DdwlfyZ5u18GB+DF0ZGRbME3YdZdfze2PmgpD0dmwYWx27MFe+WFXpqBFYu7pAO4ESsD/hKy0TS+pKr6Jcf0amEYZ3GluGHW5gnT5ZB3srHRaRujT+xKEMLI0XfcLKbT3JLbxdRccdAVTkLwLGCR63EH/oIle2sPBHOutNCiVER/UAnvXB0cUUQhugGP0/U54HyVSKNtRyOMafHiYnj4uTb43r4PFlcEzjGCAawwggGoAgEDgBS+vJ2EKdydytFAUAFn+TnaChSAejANBglghkgBZQMEAgEFAKBrMBoGCSqGSIb3DQEJAzENBgsqhkiG9w0BCRABGjAcBgkqhkiG9w0BCQUxDxcNMjAwNDMwMTQxNDEwWjAvBgkqhkiG9w0BCQQxIgQgiFlmRuXnTlyJYYymVzzWMkGLSAEfBypXisK5Ik5KA/wwDQYJKoZIhvcNAQEBBQAEggEAbfpc9fwpoX5migobQLem5RIeO0NFNogr+OGDXQ4SrF+n1NJBTqJPzpth5HBnbyM36h8qJx+kSDbA3ckBSwjDht2v43+qjKWMOKs0uNpSgRPWF5OEA0Hs50f5E6hznPP7Y+NZiXDh/kvfKtCKZpBU/TYlN+SRWkMVrcFZ1jfuiKkZRd/O14t1wBuD4FBjzOgaEJExlkHRwsfwp56sQ3CuYs2MqToVy8tnnz0ZSPHIhsQaKY85Pc2IXk/KOPTvNycZqIu4wEZ6J1RPSpXRfYLHMEqACEnLfiulA6I+iSJ2iCwyCswIuNXXEVXgIQxbwXMpO9KNKqnhHinGbTZWmoGu9g==",
                    "serial": "370223142558477302655382009347126673721759680864",
                    "expires": "2020-05-01T14:14:10.833379Z"
                  },
                  "next_update": "2020-05-01T14:14:10.833379Z",
                  "old": "63b2a57aedc6a05ec20e2279337049c9199b26c150b7f15f45d0fd00b49ccc47"
                },
                "crl_info": {
                  "name": "17143836B8F6D11DCB53CD49B5D40C61B8E9B813.crl",
                  "current": {
                    "content": "MIIB/TCB5gIBATANBgkqhkiG9w0BAQsFADAzMTEwLwYDVQQDEygxNzE0MzgzNkI4RjZEMTFEQ0I1M0NENDlCNUQ0MEM2MUI4RTlCODEzFw0yMDA0MzAxNDA5MTBaFw0yMDA1MDExNDE0MTBaME4wJQIUO5qgHkZKF+Xa5Xnqwfe/AxByt+sXDTIwMDUwMTE0MTQwOFowJQIUPD6d0jmFl5Fd4fNcowqFiGYBlBQXDTIwMDUwMTE0MTQwOVqgLzAtMB8GA1UdIwQYMBaAFBcUODa49tEdy1PNSbXUDGG46bgTMAoGA1UdFAQDAgEDMA0GCSqGSIb3DQEBCwUAA4IBAQBKdnynBYGLlwqRER8GgSc2ivtFwfW1z6RZlXn2ujY7iw1MuOwR31ybvgcUnlNtVnI2jt/Rh4nlGJTz5plaFN58YaqOv/O15uKiFqRpRQQCY2ftJ+Qp87HBfODfkHKysB5Y6VBLcnXFcxHIcR/1lIGrxkySoCWM9JNDoC2WBZnTa5eG85Vv0c+O77lCn25jP1FXoVIDh6rQbE+/nzPzdTVg/WEWdk1ObVrpbsFgRJZEeZOOnhDfkkjKh1IYuoQkbZ2t4ED5EjTwaUvFj599OLMYBMkUGbj/8KmXE5pte1qE5IKa8VXFUdQpRTymNalpqVxUinnSmGNmcove3zVWBnB+",
                    "serial": "3",
                    "expires": "2020-05-01T14:14:10.829946Z"
                  },
                  "old": "c7129c25f96f0ee2d93aa83e4e3e20a914fadf5b6915ad32e7f464127e25a3d9"
                },
                "objects_delta": {
                  "ca_repo": "rsync://localhost/repo/rfc6492/0",
                  "added": [],
                  "updated": [
                    {
                      "name": "17143836B8F6D11DCB53CD49B5D40C61B8E9B813.crl",
                      "object": {
                        "content": "MIIB/TCB5gIBATANBgkqhkiG9w0BAQsFADAzMTEwLwYDVQQDEygxNzE0MzgzNkI4RjZEMTFEQ0I1M0NENDlCNUQ0MEM2MUI4RTlCODEzFw0yMDA0MzAxNDA5MTBaFw0yMDA1MDExNDE0MTBaME4wJQIUO5qgHkZKF+Xa5Xnqwfe/AxByt+sXDTIwMDUwMTE0MTQwOFowJQIUPD6d0jmFl5Fd4fNcowqFiGYBlBQXDTIwMDUwMTE0MTQwOVqgLzAtMB8GA1UdIwQYMBaAFBcUODa49tEdy1PNSbXUDGG46bgTMAoGA1UdFAQDAgEDMA0GCSqGSIb3DQEBCwUAA4IBAQBKdnynBYGLlwqRER8GgSc2ivtFwfW1z6RZlXn2ujY7iw1MuOwR31ybvgcUnlNtVnI2jt/Rh4nlGJTz5plaFN58YaqOv/O15uKiFqRpRQQCY2ftJ+Qp87HBfODfkHKysB5Y6VBLcnXFcxHIcR/1lIGrxkySoCWM9JNDoC2WBZnTa5eG85Vv0c+O77lCn25jP1FXoVIDh6rQbE+/nzPzdTVg/WEWdk1ObVrpbsFgRJZEeZOOnhDfkkjKh1IYuoQkbZ2t4ED5EjTwaUvFj599OLMYBMkUGbj/8KmXE5pte1qE5IKa8VXFUdQpRTymNalpqVxUinnSmGNmcove3zVWBnB+",
                        "serial": "3",
                        "expires": "2020-05-01T14:14:10.829946Z"
                      },
                      "old": "c7129c25f96f0ee2d93aa83e4e3e20a914fadf5b6915ad32e7f464127e25a3d9"
                    },
                    {
                      "name": "17143836B8F6D11DCB53CD49B5D40C61B8E9B813.mft",
                      "object": {
                        "content": "MIIJSAYJKoZIhvcNAQcCoIIJOTCCCTUCAQMxDzANBglghkgBZQMEAgEFADCBmwYLKoZIhvcNAQkQARqggYsEgYgwgYUCAQMYDzIwMjAwNDMwMTQwOTEwWhgPMjAyMDA1MDExNDE0MTBaBglghkgBZQMEAgEwUzBRFiwxNzE0MzgzNkI4RjZEMTFEQ0I1M0NENDlCNUQ0MEM2MUI4RTlCODEzLmNybAMhAEky8+PysaU6aSbG6dvqmO2mJlU285BqUjtMN3hzBT8NoIIGzzCCBsswggWzoAMCAQICFEDZYT+Ni5aYlnjkRYSZiNI6CMlgMA0GCSqGSIb3DQEBCwUAMDMxMTAvBgNVBAMTKDE3MTQzODM2QjhGNkQxMURDQjUzQ0Q0OUI1RDQwQzYxQjhFOUI4MTMwHhcNMjAwNDMwMTQwOTEwWhcNMjAwNTA3MTQxNDEwWjCCAi0xggIpMIICJQYDVQQDE4ICHDMwODIwMTBBMDI4MjAxMDEwMEIzODg5N0ZGQ0FCNDAyREMwNjkyQzcyMkIzMEE3OTkzODIxMDI1NEU5NjNEODcwODkwMjJDNUQyQ0YwOEFDMjVGNzRFQUI4RDNCNDUyNTQ0ODM3Qjc1NEQ3M0Q5MkFGNkUzQkY5RTZDODcxRTg0MjBFRkY3OUQxMzFEQkNGQTNCOEZGQkJFRTE5NDBCQjlBMDBBMUVCMUUyQ0EwOTlCOEE2QUFFRjVGMzRDMzRGNDM3NzJBOTJBRENCMUQ1QkFCNUU3M0MyMTgyREQ3MUU2QkU5MDIyRkU1REQyNzBFMjIyNTYzQjc1MDY0NEYwQTkzOTdDNDNEMjFFMTFDNjY2MTY1NzFENDkzOTFGRjQ1RkE4NTQyMUM3MjkwRkE0RkNDRENGMkRCMjdFRTg0OUJDRTAwMTg2NDhGRDI5M0U4MjE3OTM5RjkzMzk0NURFMDU4NkRERjE0NjUxOTdFMTMxQUNBNjk0QTAwMzhEQTI0MThERDg3QjczNjc2MzY5QkUwRThCQkVEM0RBNzIzQjI2RTkzRkM5NUYzRDFFRTQxRDc5QzgzM0RBMjk1RTI4RTg2MDkzOEREODk0NUEwNzExNDQ4M0E3NjExNTJFNjY2NjczOTY5RTc1M0NCODRDNzJGQTYyQkY2QTY3NDlGNkMxM0M3RkM4MzkxMUZGRTk4MTI5MDIwMzAxMDAwMTCCASIwDQYJKoZIhvcNAQEBBQADggEPADCCAQoCggEBALOIl//KtALcBpLHIrMKeZOCECVOlj2HCJAixdLPCKwl906rjTtFJUSDe3VNc9kq9uO/nmyHHoQg7/edEx28+juP+77hlAu5oAoeseLKCZuKaq7180w09DdyqSrcsdW6tec8IYLdcea+kCL+XdJw4iJWO3UGRPCpOXxD0h4RxmYWVx1JOR/0X6hUIccpD6T8zc8tsn7oSbzgAYZI/Sk+gheTn5M5Rd4Fht3xRlGX4TGsppSgA42iQY3Ye3NnY2m+Dou+09pyOybpP8lfPR7kHXnIM9opXijoYJON2JRaBxFEg6dhFS5mZnOWnnU8uExy+mK/amdJ9sE8f8g5Ef/pgSkCAwEAAaOCAdkwggHVMB0GA1UdDgQWBBS+vJ2EKdydytFAUAFn+TnaChSAejAfBgNVHSMEGDAWgBQXFDg2uPbRHctTzUm11AxhuOm4EzAOBgNVHQ8BAf8EBAMCB4AwXgYDVR0fBFcwVTBToFGgT4ZNcnN5bmM6Ly9sb2NhbGhvc3QvcmVwby9yZmM2NDkyLzAvMTcxNDM4MzZCOEY2RDExRENCNTNDRDQ5QjVENDBDNjFCOEU5QjgxMy5jcmwwZAYIKwYBBQUHAQEEWDBWMFQGCCsGAQUFBzAChkhyc3luYzovL2xvY2FsaG9zdC9yZXBvL3RhLzAvMTcxNDM4MzZCOEY2RDExRENCNTNDRDQ5QjVENDBDNjFCOEU5QjgxMy5jZXIwaQYIKwYBBQUHAQsEXTBbMFkGCCsGAQUFBzALhk1yc3luYzovL2xvY2FsaG9zdC9yZXBvL3JmYzY0OTIvMC8xNzE0MzgzNkI4RjZEMTFEQ0I1M0NENDlCNUQ0MEM2MUI4RTlCODEzLm1mdDAYBgNVHSABAf8EDjAMMAoGCCsGAQUFBw4CMCEGCCsGAQUFBwEHAQH/BBIwEDAGBAIAAQUAMAYEAgACBQAwFQYIKwYBBQUHAQgBAf8EBjAEoAIFADANBgkqhkiG9w0BAQsFAAOCAQEAwwgW78FgS0Y55sGU6EBV1TXz8LHjt+P5Gav9aS2ytsT3vpeaRFM9WYZMzPHmIeqxzb/23xIRG9zgt8y/6PasB2DEb7HNxwqfxhTm9XGBXHx2/iG/Tig1DdwlfyZ5u18GB+DF0ZGRbME3YdZdfze2PmgpD0dmwYWx27MFe+WFXpqBFYu7pAO4ESsD/hKy0TS+pKr6Jcf0amEYZ3GluGHW5gnT5ZB3srHRaRujT+xKEMLI0XfcLKbT3JLbxdRccdAVTkLwLGCR63EH/oIle2sPBHOutNCiVER/UAnvXB0cUUQhugGP0/U54HyVSKNtRyOMafHiYnj4uTb43r4PFlcEzjGCAawwggGoAgEDgBS+vJ2EKdydytFAUAFn+TnaChSAejANBglghkgBZQMEAgEFAKBrMBoGCSqGSIb3DQEJAzENBgsqhkiG9w0BCRABGjAcBgkqhkiG9w0BCQUxDxcNMjAwNDMwMTQxNDEwWjAvBgkqhkiG9w0BCQQxIgQgiFlmRuXnTlyJYYymVzzWMkGLSAEfBypXisK5Ik5KA/wwDQYJKoZIhvcNAQEBBQAEggEAbfpc9fwpoX5migobQLem5RIeO0NFNogr+OGDXQ4SrF+n1NJBTqJPzpth5HBnbyM36h8qJx+kSDbA3ckBSwjDht2v43+qjKWMOKs0uNpSgRPWF5OEA0Hs50f5E6hznPP7Y+NZiXDh/kvfKtCKZpBU/TYlN+SRWkMVrcFZ1jfuiKkZRd/O14t1wBuD4FBjzOgaEJExlkHRwsfwp56sQ3CuYs2MqToVy8tnnz0ZSPHIhsQaKY85Pc2IXk/KOPTvNycZqIu4wEZ6J1RPSpXRfYLHMEqACEnLfiulA6I+iSJ2iCwyCswIuNXXEVXgIQxbwXMpO9KNKqnhHinGbTZWmoGu9g==",
                        "serial": "370223142558477302655382009347126673721759680864",
                        "expires": "2020-05-01T14:14:10.833379Z"
                      },
                      "old": "63b2a57aedc6a05ec20e2279337049c9199b26c150b7f15f45d0fd00b49ccc47"
                    }
                  ],
                  "withdrawn": []
                }
              }
            }
          ]
        }
      }
    ]
  }
}