{
  "command": {
    "actor": "krill",
    "time": "2020-04-30T14:14:19.250426Z",
    "handle": "rfc6492",
    "version": 26,
    "sequence": 20,
    "details": {
      "update_rcvd_cert": [
        "2",
        {
          "asn": "AS65000",
          "v4": "10.0.0.0/16",
          "v6": ""
        }
      ]
    },
    "effect": {
      "events": [
        26
      ]
    }
  },
  "result": {
    "Events": [
      {
        "id": "rfc6492",
        "version": 26,
        "details": {
          "key_pending_to_active": [
            "2",
            {
              "key_id": "43FB0F512A266C18A271E7B72FEA4E45C2A7CFFD",
              "incoming_cert": {
                "cert": "MIIHIjCCBgqgAwIBAgIUFbH4xqaQBtMTeKCsuOwwTguPs2gwDQYJKoZIhvcNAQELBQAwggItMYICKTCCAiUGA1UEAxOCAhwzMDgyMDEwQTAyODIwMTAxMDBEMTMyRjRBRDEwRjgzMkQ2MjE5QjFERDQyMzg4RTZGQTJGNTk3NDg1OEMwNjdCNDA4MTVBNEU4OEVGQTdCMzEzODE0OUM4RjU3MDgyNjlDREI2RjQ0MDNFRTlDMzY3QUUwQzg1MEE5MkE2RjVGMzY3QzZDMTEwMEQxOEQwQjM2M0QyMzc1RUI4NzU5NkVGMEE2ODA4RUQxOTRBODdCMEY1MDJCOUE5RDREQzczOUYwQzQyRkU0QTcxQzEzM0ZCNEI1NUFERUVGOTFBNjZDQ0I2QzVEMzNCRUVERjhEQzRBODcwRjJGQkY3RkREMEM5QTBFRDFDQkRGN0JGRkU2MTk4MEI4NDU5MkY2MTFENDQzNDUyN0UzMDMyMkYyODJFQzFEMDE1RUQyOTA4NjgyQzY0RTAyMTJCNDU1MzA4QkQ1MDcwMEI4MjMzMEIwRUI0MEI4OTUzMUFFQkFCMjJDMTQwNDdGQ0U2MjI0QTdGMDhBRjg3MUIzNEE5RjY2OTJFMjk0QTNCODBDMzcyQTdDOTNDQTRDQ0U4NTM1QTNGRTI5NzJFOEJDRUZCNTI3RTAwOEVGRjU4M0U2QjVFRUE1MkE2NDQxQkE1RDhGNkRGNEU1NzZGNEQ5MjQzNUUwOUNEMjQwRkY0NEZBMUVCN0U1RTI5QkJCRTdCOEJDMEQxRTgzMTAyMDMwMTAwMDEwHhcNMjAwNDMwMTQwOTE5WhcNMjEwNDMwMTQxNDE5WjAzMTEwLwYDVQQDEyg0M0ZCMEY1MTJBMjY2QzE4QTI3MUU3QjcyRkVBNEU0NUMyQTdDRkZEMIIBIjANBgkqhkiG9w0BAQEFAAOCAQ8AMIIBCgKCAQEA06mqaMHWSwlY+saEq/3D2JA2zHuRHT5QgYHXCUSYKRQtLeur2Wwci6QKw6Bbt7aXRynL6YbDHJYb85mCZH1q0Y9JImCBjqP+g7jSMoPFXJ3tmcSDGXJo9nQktRqlCQN52ZjIpzMRuDJJJAvJ118WCpYNUgzQq343/t+wMX+HWJJanPh2S1y4dPNtpge3uJkCYEeZcZMZ4WBqlgLhalaO6uxYttELWsq3z+Olzfd+MyhQ51ygBFatBhwwnyUqK4bORb9IkPIN3iO4OkMdQiN8brk7goVKCFhV4PLLKKtxw0Mvr+qGfwsuUbAMaqtHapcLumcwFx5plLSEYg8NUFzB6wIDAQABo4ICMDCCAiwwDwYDVR0TAQH/BAUwAwEB/zAdBgNVHQ4EFgQUQ/sPUSombBiicee3L+pORcKnz/0wHwYDVR0jBBgwFoAU6dha9MqhLL1xkGejm0QJo/9Ni7EwDgYDVR0PAQH/BAQDAgEGMFkGA1UdHwRSMFAwTqBMoEqGSHJzeW5jOi8vbG9jYWxob3N0L3JlcG8vdGEvMC9FOUQ4NUFGNENBQTEyQ0JENzE5MDY3QTM5QjQ0MDlBM0ZGNEQ4QkIxLmNybDA8BggrBgEFBQcBAQQwMC4wLAYIKwYBBQUHMAKGIHJzeW5jOi8vbG9jYWxob3N0L3JlcG8vdGEvdGEuY2VyMIHZBggrBgEFBQcBCwSBzDCByTAtBggrBgEFBQcwBYYhcnN5bmM6Ly9sb2NhbGhvc3QvcmVwby9yZmM2NDkyLzIvMFkGCCsGAQUFBzAKhk1yc3luYzovL2xvY2FsaG9zdC9yZXBvL3JmYzY0OTIvMi80M0ZCMEY1MTJBMjY2QzE4QTI3MUU3QjcyRkVBNEU0NUMyQTdDRkZELm1mdDA9BggrBgEFBQcwDYYxaHR0cHM6Ly9sb2NhbGhvc3Q6MzAwMC90ZXN0LXJyZHAvbm90aWZpY2F0aW9uLnhtbDAYBgNVHSABAf8EDjAMMAoGCCsGAQUFBw4CMB4GCCsGAQUFBwEHAQH/BA8wDTALBAIAATAFAwMACgAwGgYIKwYBBQUHAQgBAf8ECzAJoAcwBQIDAP3oMA0GCSqGSIb3DQEBCwUAA4IBAQBUx+MxXGu6HTEDSy7sRKEEbw2iGsr7xfIeMxmsIDZxPDvMcpxiGfY+Bkc8erAxO4tb3m+WRk9oHRrbXS0PPGR8qQS4OZC1m/2G6xcwPEMrUoZ6R1TydXIJD0EFX67ebptPU8TS+BHyVA6MGiucai4p5szuSrU3zoGwC/MbtIquYT8LbIcXHFenlI9B27tlmV7dNHfEJumqzQ8wY0oKW+WEIuJ/CRJBFr7x8HS/ednTUV03VPtWRY7y98gxZ+yOdz/jZzk2g2uBjW6gM97Fo//l+Z/VbLoPQJpRJ8TKFB7G14dtz+7f6ELQlj5uX62f9qAn+7R3dOMoJC48083QccoK",
                "uri": "rsync://localhost/repo/ta/0/43FB0F512A266C18A271E7B72FEA4E45C2A7CFFD.cer",
                "resources": {
                  "asn": "AS65000",
                  "v4": "10.0.0.0/16",
                  "v6": ""
                }
              },
              "current_set": {
                "number": 1,
                "revocations": [],
                "manifest_info": {
                  "name": "43FB0F512A266C18A271E7B72FEA4E45C2A7CFFD.mft",
                  "current": {
                    "content": "MIIJSAYJKoZIhvcNAQcCoIIJOTCCCTUCAQMxDzANBglghkgBZQMEAgEFADCBmwYLKoZIhvcNAQkQARqggYsEgYgwgYUCAQEYDzIwMjAwNDMwMTQwOTE5WhgPMjAyMDA1MDExNDE0MTlaBglghkgBZQMEAgEwUzBRFiw0M0ZCMEY1MTJBMjY2QzE4QTI3MUU3QjcyRkVBNEU0NUMyQTdDRkZELmNybAMhAF1jHAqkh+EsU1/1MNrmb06kjZWYKDibf2xln5yypFf8oIIGzzCCBsswggWzoAMCAQICFFHK1kKc9fxupHOjyai4cajyylaZMA0GCSqGSIb3DQEBCwUAMDMxMTAvBgNVBAMTKDQzRkIwRjUxMkEyNjZDMThBMjcxRTdCNzJGRUE0RTQ1QzJBN0NGRkQwHhcNMjAwNDMwMTQwOTE5WhcNMjAwNTA3MTQxNDE5WjCCAi0xggIpMIICJQYDVQQDE4ICHDMwODIwMTBBMDI4MjAxMDEwMEM2NjQ2ODNGOTU3QkJEMUMxRDQ3NERENkU4MUFFNEVCQzQzRTcwNkJEM0I1N0ZGQTkzREY4MUExQjI3QTEzMzk0MjRDRDVCNDAzRjQ1REVEQTA2QTcxNjM2RDRCQjk4MzkzM0FBRTk1RkQ0QTU0QUQ5RTAzN0ZFN0UyODNCRUQ0ODk0ODA1QjgyQzMxMkZDOTdCRjQyN0NFRTFFMDREOEZDMzE4RjE1ODEzNzQxMzJBMEQwN0ExQTY4MjEwODdFQjNCRTUyNzUzMEYyQkQ3NEY2NzU3NDU5RTQ0MUM1NDBEMEZBQTJFQUE0NTIwQzNFODQxOTQxNTZEQTM3QzY3N0RCMDlCRkYwOTk4RkExNkEyQUY5QzFDREIxNzI4RkE0NkY0ODY1NEEyMEYxNjA4RENGRkUwRjU4MDRDQTZCNUUwRjQwRDBBQUYwRjRDOEJFQUUwMUJDMjA1QjExRTg4Q0I0QkNGOENEODExOTQ1QTg3Q0QwQzNBRUFCRTY5OUU3MEQ2N0IyNkFGMzc2NjUzRUE0MzVGMjc5QjNGMUQ3MjhCRDJGRjNBMzY1MDkyNTE5MDIwOTBBNkMwNzA0MDBDQkI5MzZBRjVDMjcxRjY2MDgzMzZDMzkwMEUyM0I1NkM0NTFCNDcwRkRBODg5REQyQ0YxNjAyNzlGODQyN0ZCNzhCMDIwMzAxMDAwMTCCASIwDQYJKoZIhvcNAQEBBQADggEPADCCAQoCggEBAMZkaD+Ve70cHUdN1uga5OvEPnBr07V/+pPfgaGyehM5QkzVtAP0Xe2ganFjbUu5g5M6rpX9SlStngN/5+KDvtSJSAW4LDEvyXv0J87h4E2PwxjxWBN0EyoNB6GmghCH6zvlJ1MPK9dPZ1dFnkQcVA0Pqi6qRSDD6EGUFW2jfGd9sJv/CZj6FqKvnBzbFyj6RvSGVKIPFgjc/+D1gEymteD0DQqvD0yL6uAbwgWxHojLS8+M2BGUWofNDDrqvmmecNZ7Jq83ZlPqQ18nmz8dcovS/zo2UJJRkCCQpsBwQAy7k2r1wnH2YIM2w5AOI7VsRRtHD9qIndLPFgJ5+EJ/t4sCAwEAAaOCAdkwggHVMB0GA1UdDgQWBBQMvVi4ikS/NlYtkHP+FL/STqgVUTAfBgNVHSMEGDAWgBRD+w9RKiZsGKJx57cv6k5FwqfP/TAOBgNVHQ8BAf8EBAMCB4AwXgYDVR0fBFcwVTBToFGgT4ZNcnN5bmM6Ly9sb2NhbGhvc3QvcmVwby9yZmM2NDkyLzIvNDNGQjBGNTEyQTI2NkMxOEEyNzFFN0I3MkZFQTRFNDVDMkE3Q0ZGRC5jcmwwZAYIKwYBBQUHAQEEWDBWMFQGCCsGAQUFBzAChkhyc3luYzovL2xvY2FsaG9zdC9yZXBvL3RhLzAvNDNGQjBGNTEyQTI2NkMxOEEyNzFFN0I3MkZFQTRFNDVDMkE3Q0ZGRC5jZXIwaQYIKwYBBQUHAQsEXTBbMFkGCCsGAQUFBzALhk1yc3luYzovL2xvY2FsaG9zdC9yZXBvL3JmYzY0OTIvMi80M0ZCMEY1MTJBMjY2QzE4QTI3MUU3QjcyRkVBNEU0NUMyQTdDRkZELm1mdDAYBgNVHSABAf8EDjAMMAoGCCsGAQUFBw4CMCEGCCsGAQUFBwEHAQH/BBIwEDAGBAIAAQUAMAYEAgACBQAwFQYIKwYBBQUHAQgBAf8EBjAEoAIFADANBgkqhkiG9w0BAQsFAAOCAQEAdQYGqqiY5SmdSnbaorxrirjblxGw2WbJntQPIqXiXPrkGUeLgqT/iWbMeWkgd/3syzN5SGgaQhatoNWqidat8sgwPYDeTcNcQZtYZDm9Qbiwb+sj2PnUEvGUHbHq7Gz3SDfGXVohdLjeVCnUziBcb7w3y1Ji3083lJnFoR+2wChvsep7vs8BgJVlb1i/lVlTSvLcUG8p6laAZQtVi9TGgBIt47unhHh+LojZUld1VxLAB6VhLAm8Fpkdkxg2XbNOFWie6k61end/K+0uJ5ynwteI+LzEJQH2picgGElfR1gzbOe/pJuATK35cvamTCo9gxEUX78yM0fddyEeImWlMjGCAawwggGoAgEDgBQMvVi4ikS/NlYtkHP+FL/STqgVUTANBglghkgBZQMEAgEFAKBrMBoGCSqGSIb3DQEJAzENBgsqhkiG9w0BCRABGjAcBgkqhkiG9w0BCQUxDxcNMjAwNDMwMTQxNDE5WjAvBgkqhkiG9w0BCQQxIgQgOsWNZHX2tskewDIdtVgpSGopedRFNZ4vJ+qKza0bTlMwDQYJKoZIhvcNAQEBBQAEggEAfU+QKmdOxAF7lPLVTZyITcr0OvG79ZOtEBo3qN+S0YcTosURMZ9BDO90pRZhMugWwATWaM0u1pDNsXBr93dBzkqzuSU2YcCsgKWnYTq0D2GI8IM+PQ7TVPopncVyMzU+NxPsRj28pdACi8qwtVI3mvsjCry97zV1Re8PhYvCyoYYCAzyzAaMKjvYfwguQ4zNwbqJJT86guFYQtVpACLHDzunWQNxshhH13phUeNySucMl2mGL8K6rP+iJYAV9DUwnOiNfdmPJzNmnrzvtayN9zTc/Ra+nmdXypEV1Hz+OJnuokgqLJg4ExF8q58edxBH0CprCiYbjiCxztEWc3SkFw==",
                    "serial": "466951667663296600818197082567583001058441057945",
                    "expires": "2020-05-01T14:14:19.254182Z"
                  },
                  "next_update": "2020-05-01T14:14:19.254182Z",
                  "old": null
                },
                "crl_info": {
                  "name": "43FB0F512A266C18A271E7B72FEA4E45C2A7CFFD.crl",
                  "current": {
                    "content": "MIIBrzCBmAIBATANBgkqhkiG9w0BAQsFADAzMTEwLwYDVQQDEyg0M0ZCMEY1MTJBMjY2QzE4QTI3MUU3QjcyRkVBNEU0NUMyQTdDRkZEFw0yMDA0MzAxNDA5MTlaFw0yMDA1MDExNDE0MTlaMACgLzAtMB8GA1UdIwQYMBaAFEP7D1EqJmwYonHnty/qTkXCp8/9MAoGA1UdFAQDAgEBMA0GCSqGSIb3DQEBCwUAA4IBAQBDj8Ds/64oCIn1wWc6beQ/liVvztNOzYdy7NF/z0Fa5ikZ9yqsWOU3DPhEhwWQsfxw5HlPrKDZ29C/PXXbgFW1bggtDRA4iPFmE5sLkPWNJ1RDSB2f2RjY4xWjzKF6jb60thuAzOMyFHUEG+9oLvOuz1pkjddTukMuVbTnmlsPcowGgTqUjiUsZNYEqMH/vQh7SA/sMuuReW0gBVpFt0LpnShDbh3L6J7V2VqMr31TO1ggs2xIPYX8XI5XQ65Mgs7IGq2eYR+OPeKeNS6oNHBpwhawgQhS45cMKr6mSnwfCUIF3fDAtfCQRvy8uT/ZYWdTtZOTnFoQBJUMuNPYVkYY",
                    "serial": "1",
                    "expires": "2020-05-01T14:14:19.250717Z"
                  },
                  "old": null
                }
              },
              "request": null
            },
            {
              "ca_repo": "rsync://localhost/repo/rfc6492/2/",
              "added": [
                {
                  "name": "43FB0F512A266C18A271E7B72FEA4E45C2A7CFFD.mft",
                  "object": {
                    "content": "MIIJSAYJKoZIhvcNAQcCoIIJOTCCCTUCAQMxDzANBglghkgBZQMEAgEFADCBmwYLKoZIhvcNAQkQARqggYsEgYgwgYUCAQEYDzIwMjAwNDMwMTQwOTE5WhgPMjAyMDA1MDExNDE0MTlaBglghkgBZQMEAgEwUzBRFiw0M0ZCMEY1MTJBMjY2QzE4QTI3MUU3QjcyRkVBNEU0NUMyQTdDRkZELmNybAMhAF1jHAqkh+EsU1/1MNrmb06kjZWYKDibf2xln5yypFf8oIIGzzCCBsswggWzoAMCAQICFFHK1kKc9fxupHOjyai4cajyylaZMA0GCSqGSIb3DQEBCwUAMDMxMTAvBgNVBAMTKDQzRkIwRjUxMkEyNjZDMThBMjcxRTdCNzJGRUE0RTQ1QzJBN0NGRkQwHhcNMjAwNDMwMTQwOTE5WhcNMjAwNTA3MTQxNDE5WjCCAi0xggIpMIICJQYDVQQDE4ICHDMwODIwMTBBMDI4MjAxMDEwMEM2NjQ2ODNGOTU3QkJEMUMxRDQ3NERENkU4MUFFNEVCQzQzRTcwNkJEM0I1N0ZGQTkzREY4MUExQjI3QTEzMzk0MjRDRDVCNDAzRjQ1REVEQTA2QTcxNjM2RDRCQjk4MzkzM0FBRTk1RkQ0QTU0QUQ5RTAzN0ZFN0UyODNCRUQ0ODk0ODA1QjgyQzMxMkZDOTdCRjQyN0NFRTFFMDREOEZDMzE4RjE1ODEzNzQxMzJBMEQwN0ExQTY4MjEwODdFQjNCRTUyNzUzMEYyQkQ3NEY2NzU3NDU5RTQ0MUM1NDBEMEZBQTJFQUE0NTIwQzNFODQxOTQxNTZEQTM3QzY3N0RCMDlCRkYwOTk4RkExNkEyQUY5QzFDREIxNzI4RkE0NkY0ODY1NEEyMEYxNjA4RENGRkUwRjU4MDRDQTZCNUUwRjQwRDBBQUYwRjRDOEJFQUUwMUJDMjA1QjExRTg4Q0I0QkNGOENEODExOTQ1QTg3Q0QwQzNBRUFCRTY5OUU3MEQ2N0IyNkFGMzc2NjUzRUE0MzVGMjc5QjNGMUQ3MjhCRDJGRjNBMzY1MDkyNTE5MDIwOTBBNkMwNzA0MDBDQkI5MzZBRjVDMjcxRjY2MDgzMzZDMzkwMEUyM0I1NkM0NTFCNDcwRkRBODg5REQyQ0YxNjAyNzlGODQyN0ZCNzhCMDIwMzAxMDAwMTCCASIwDQYJKoZIhvcNAQEBBQADggEPADCCAQoCggEBAMZkaD+Ve70cHUdN1uga5OvEPnBr07V/+pPfgaGyehM5QkzVtAP0Xe2ganFjbUu5g5M6rpX9SlStngN/5+KDvtSJSAW4LDEvyXv0J87h4E2PwxjxWBN0EyoNB6GmghCH6zvlJ1MPK9dPZ1dFnkQcVA0Pqi6qRSDD6EGUFW2jfGd9sJv/CZj6FqKvnBzbFyj6RvSGVKIPFgjc/+D1gEymteD0DQqvD0yL6uAbwgWxHojLS8+M2BGUWofNDDrqvmmecNZ7Jq83ZlPqQ18nmz8dcovS/zo2UJJRkCCQpsBwQAy7k2r1wnH2YIM2w5AOI7VsRRtHD9qIndLPFgJ5+EJ/t4sCAwEAAaOCAdkwggHVMB0GA1UdDgQWBBQMvVi4ikS/NlYtkHP+FL/STqgVUTAfBgNVHSMEGDAWgBRD+w9RKiZsGKJx57cv6k5FwqfP/TAOBgNVHQ8BAf8EBAMCB4AwXgYDVR0fBFcwVTBToFGgT4ZNcnN5bmM6Ly9sb2NhbGhvc3QvcmVwby9yZmM2NDkyLzIvNDNGQjBGNTEyQTI2NkMxOEEyNzFFN0I3MkZFQTRFNDVDMkE3Q0ZGRC5jcmwwZAYIKwYBBQUHAQEEWDBWMFQGCCsGAQUFBzAChkhyc3luYzovL2xvY2FsaG9zdC9yZXBvL3RhLzAvNDNGQjBGNTEyQTI2NkMxOEEyNzFFN0I3MkZFQTRFNDVDMkE3Q0ZGRC5jZXIwaQYIKwYBBQUHAQsEXTBbMFkGCCsGAQUFBzALhk1yc3luYzovL2xvY2FsaG9zdC9yZXBvL3JmYzY0OTIvMi80M0ZCMEY1MTJBMjY2QzE4QTI3MUU3QjcyRkVBNEU0NUMyQTdDRkZELm1mdDAYBgNVHSABAf8EDjAMMAoGCCsGAQUFBw4CMCEGCCsGAQUFBwEHAQH/BBIwEDAGBAIAAQUAMAYEAgACBQAwFQYIKwYBBQUHAQgBAf8EBjAEoAIFADANBgkqhkiG9w0BAQsFAAOCAQEAdQYGqqiY5SmdSnbaorxrirjblxGw2WbJntQPIqXiXPrkGUeLgqT/iWbMeWkgd/3syzN5SGgaQhatoNWqidat8sgwPYDeTcNcQZtYZDm9Qbiwb+sj2PnUEvGUHbHq7Gz3SDfGXVohdLjeVCnUziBcb7w3y1Ji3083lJnFoR+2wChvsep7vs8BgJVlb1i/lVlTSvLcUG8p6laAZQtVi9TGgBIt47unhHh+LojZUld1VxLAB6VhLAm8Fpkdkxg2XbNOFWie6k61end/K+0uJ5ynwteI+LzEJQH2picgGElfR1gzbOe/pJuATK35cvamTCo9gxEUX78yM0fddyEeImWlMjGCAawwggGoAgEDgBQMvVi4ikS/NlYtkHP+FL/STqgVUTANBglghkgBZQMEAgEFAKBrMBoGCSqGSIb3DQEJAzENBgsqhkiG9w0BCRABGjAcBgkqhkiG9w0BCQUxDxcNMjAwNDMwMTQxNDE5WjAvBgkqhkiG9w0BCQQxIgQgOsWNZHX2tskewDIdtVgpSGopedRFNZ4vJ+qKza0bTlMwDQYJKoZIhvcNAQEBBQAEggEAfU+QKmdOxAF7lPLVTZyITcr0OvG79ZOtEBo3qN+S0YcTosURMZ9BDO90pRZhMugWwATWaM0u1pDNsXBr93dBzkqzuSU2YcCsgKWnYTq0D2GI8IM+PQ7TVPopncVyMzU+NxPsRj28pdACi8qwtVI3mvsjCry97zV1Re8PhYvCyoYYCAzyzAaMKjvYfwguQ4zNwbqJJT86guFYQtVpACLHDzunWQNxshhH13phUeNySucMl2mGL8K6rP+iJYAV9DUwnOiNfdmPJzNmnrzvtayN9zTc/Ra+nmdXypEV1Hz+OJnuokgqLJg4ExF8q58edxBH0CprCiYbjiCxztEWc3SkFw==",
                    "serial": "466951667663296600818197082567583001058441057945",
                    "expires": "2020-05-01T14:14:19.254182Z"
                  }
                },
                {
                  "name": "43FB0F512A266C18A271E7B72FEA4E45C2A7CFFD.crl",
                  "object": {
                    "content": "MIIBrzCBmAIBATANBgkqhkiG9w0BAQsFADAzMTEwLwYDVQQDEyg0M0ZCMEY1MTJBMjY2QzE4QTI3MUU3QjcyRkVBNEU0NUMyQTdDRkZEFw0yMDA0MzAxNDA5MTlaFw0yMDA1MDExNDE0MTlaMACgLzAtMB8GA1UdIwQYMBaAFEP7D1EqJmwYonHnty/qTkXCp8/9MAoGA1UdFAQDAgEBMA0GCSqGSIb3DQEBCwUAA4IBAQBDj8Ds/64oCIn1wWc6beQ/liVvztNOzYdy7NF/z0Fa5ikZ9yqsWOU3DPhEhwWQsfxw5HlPrKDZ29C/PXXbgFW1bggtDRA4iPFmE5sLkPWNJ1RDSB2f2RjY4xWjzKF6jb60thuAzOMyFHUEG+9oLvOuz1pkjddTukMuVbTnmlsPcowGgTqUjiUsZNYEqMH/vQh7SA/sMuuReW0gBVpFt0LpnShDbh3L6J7V2VqMr31TO1ggs2xIPYX8XI5XQ65Mgs7IGq2eYR+OPeKeNS6oNHBpwhawgQhS45cMKr6mSnwfCUIF3fDAtfCQRvy8uT/ZYWdTtZOTnFoQBJUMuNPYVkYY",
                    "serial": "1",
                    "expires": "2020-05-01T14:14:19.250717Z"
                  }
                }
              ],
              "updated": [],
              "withdrawn": []
            }
          ]
        }
      }
    ]
  }
}