{
  "command": {
    "actor": "krill",
    "time": "2020-04-30T14:14:11.665054Z",
    "handle": "rfc6492",
    "version": 13,
    "sequence": 10,
    "details": {
      "update_resource_classes": [
        "ta",
        {}
      ]
    },
    "effect": {
      "events": [
        13
      ]
    }
  },
  "result": {
    "Events": [
      {
        "id": "rfc6492",
        "version": 13,
        "details": {
          "resource_class_removed": [
            "0",
            {
              "ca_repo": "rsync://localhost/repo/rfc6492/0",
              "added": [],
              "updated": [],
              "withdrawn": [
                {
                  "name": "17143836B8F6D11DCB53CD49B5D40C61B8E9B813.mft",
                  "hash": "103f1492f73a85ac4f03f1fe7bbee129f8235cbe4ae9d013e6f5627e5938d9ec"
                },
                {
                  "name": "17143836B8F6D11DCB53CD49B5D40C61B8E9B813.crl",
                  "hash": "4932f3e3f2b1a53a6926c6e9dbea98eda6265536f3906a523b4c377873053f0d"
                }
              ]
            },
            "ta",
            [
              {
                "class_name": "0",
                "key": "17143836B8F6D11DCB53CD49B5D40C61B8E9B813"
              }
            ]
          ]
        }
      }
    ]
  }
}