{
  "command": {
    "actor": "krill",
    "time": "2020-04-28T13:28:05.488746Z",
    "handle": "child",
    "version": 23,
    "sequence": 13,
    "details": {
      "update_rcvd_cert": [
        "0",
        {
          "asn": "",
          "v4": "192.168.0.0/16",
          "v6": ""
        }
      ]
    },
    "effect": {
      "events": [
        23
      ]
    }
  },
  "result": {
    "Events": [
      {
        "id": "child",
        "version": 23,
        "details": {
          "key_pending_to_new": [
            "0",
            {
              "key_id": "4591FF2F94D01E45DA3A20F62579431DEED5B038",
              "incoming_cert": {
                "cert": "MIIHAjCCBeqgAwIBAgIUaNvK5O1K6CJhYG5WkA+vXpsWG2gwDQYJKoZIhvcNAQELBQAwggItMYICKTCCAiUGA1UEAxOCAhwzMDgyMDEwQTAyODIwMTAxMDBENTcwNTJGM0Y3RTI5OTFFNDIyMUQ1NzREMDg5NDc2QjUyMjQxOTJDRjY3N0M5MzkyMjEzMTRFNUU3QTdBNDhBNDFDRkY4QkFBNUU1ODRGMTlEMEU4MkVDRkQ5RDI5Qjg5MTk3MEZCQzRBNTNDREY4NkY2NjVBQURCODM0RDNCQTVCMzU3RTc4RTc3RUQzNTA3QkJFNUY5NUYxNUQ5NzZBNDcwRjdGNzI1NjBEM0EyNTBFM0YwRTU3QzQ5RkMzNEE4MjI2OUREQjYxNDE0NUM5MjBGNEFCRTI2MjM3RTMzMDYyNDYxMTNGNDBFNDc2NTc2QTQ3QzcxNDYxOUU3RUM2ODQzQkM3NkY3RUVBOThGNjY4MzJFQUYwQzE4ODgwREQ1NzQ5RUFFMTMzRTlENzFDNjYxRUM0QkEyNUNCMTk2MDY1Q0IwNDlFRTMyQzFFMjhEOUIwNDE3OEQwMkUzNUFGNTQ0NEQ4RjVDRDU0QzUyMjNENURENjg4MDk3ODFDMDE2NERDMjYzMkRENjc5ODYxNUE2QTFFNEUyRjZFMjI1MDM1M0ExMjMyNzI2Q0FFQzE3MTgzODEyN0U1REM1OEI0NUMyOUI3MUM1MEYxMDU1MjE2NTBFNTkzMjIwQTU2QTkwQjczNEJDODA4MjVDOURDRjIzQUVFNUUxNzcxRDJFOTAyMDMwMTAwMDEwHhcNMjAwNDI4MTMyMzA1WhcNMjEwNDI4MTMyODA1WjAzMTEwLwYDVQQDEyg0NTkxRkYyRjk0RDAxRTQ1REEzQTIwRjYyNTc5NDMxREVFRDVCMDM4MIIBIjANBgkqhkiG9w0BAQEFAAOCAQ8AMIIBCgKCAQEA2YDWzWED3wzOX5+YLIWrsc2l4H1aany1anbGI0f7a0NDk602S3UhANYvRKSyJDV4xpPkkezLbbhPkhJUib82gArN3UKcuiGjmntxSh3+LOn/B2F5dadYPhtosfstiXCW/gyolAeupx2wlLt+Yc4bqVjJLeDdoIhArbVw91O2asPr+bOo/9vBWrtNfj8tu7nZ9oNyvTw1catP1uigxZsuWv+EcIh8TrBJ0ZaZbtDxjBUe3rgjYB1C2TNBDhoX2M9ZuO8kPhGWjSHOs1tF+rrsLGoVsVXAY/PNJUrNiAQyAfR54Wo6lea9JTb9A8791dcZHedUMq5S+9eCvx0bHJApZwIDAQABo4ICEDCCAgwwDwYDVR0TAQH/BAUwAwEB/zAdBgNVHQ4EFgQURZH/L5TQHkXaOiD2JXlDHe7VsDgwHwYDVR0jBBgwFoAUbKywsyXpTjVWMCm+YXmGJbjPRHswDgYDVR0PAQH/BAQDAgEGMFkGA1UdHwRSMFAwTqBMoEqGSHJzeW5jOi8vbG9jYWxob3N0L3JlcG8vdGEvMC82Q0FDQjBCMzI1RTk0RTM1NTYzMDI5QkU2MTc5ODYyNUI4Q0Y0NDdCLmNybDA8BggrBgEFBQcBAQQwMC4wLAYIKwYBBQUHMAKGIHJzeW5jOi8vbG9jYWxob3N0L3JlcG8vdGEvdGEuY2VyMIHVBggrBgEFBQcBCwSByDCBxTArBggrBgEFBQcwBYYfcnN5bmM6Ly9sb2NhbGhvc3QvcmVwby9jaGlsZC8wLzBXBggrBgEFBQcwCoZLcnN5bmM6Ly9sb2NhbGhvc3QvcmVwby9jaGlsZC8wLzQ1OTFGRjJGOTREMDFFNDVEQTNBMjBGNjI1Nzk0MzFERUVENUIwMzgubWZ0MD0GCCsGAQUFBzANhjFodHRwczovL2xvY2FsaG9zdDozMDAwL3Rlc3QtcnJkcC9ub3RpZmljYXRpb24ueG1sMBgGA1UdIAEB/wQOMAwwCgYIKwYBBQUHDgIwHgYIKwYBBQUHAQcBAf8EDzANMAsEAgABMAUDAwDAqDANBgkqhkiG9w0BAQsFAAOCAQEAhE3Z8oiwbG5EdawNyIq0qMAqmWlzqWkin6KBlwXxI2Fz8Z179YYWFf3t/9+I34P1qCZQiUpePQ9Rt2IyWkwHO+hBiIbYLTDSwMwUkeL0NBGv3VRTInARXQwVZfOz+ei2IPbublEGUOYaF9/JV9/+KDBCLbyKHU08MhzTBQxQcGL/BgDtENmqpypJ6C/gl030iQlZbD4du/7dxpP1wE9eIn//AbKJpxHxcg/pF00Gp1vI0afZvInL8apy9hip0morHOCogmUNGlVUWofXM8lfakgIMSDlkkz+qqLIX9E/dyqr9IWpiVs5OaBeJtv9opGN216Qk/QMTQZEskmPvkSqnQ==",
                "uri": "rsync://localhost/repo/ta/0/4591FF2F94D01E45DA3A20F62579431DEED5B038.cer",
                "resources": {
                  "asn": "",
                  "v4": "192.168.0.0/16",
                  "v6": ""
                }
              },
              "current_set": {
                "number": 1,
                "revocations": [],
                "manifest_info": {
                  "name": "4591FF2F94D01E45DA3A20F62579431DEED5B038.mft",
                  "current": {
                    "content": "MIIJRAYJKoZIhvcNAQcCoIIJNTCCCTECAQMxDzANBglghkgBZQMEAgEFADCBmwYLKoZIhvcNAQkQARqggYsEgYgwgYUCAQEYDzIwMjAwNDI4MTMyMzA1WhgPMjAyMDA0MjkxMzI4MDVaBglghkgBZQMEAgEwUzBRFiw0NTkxRkYyRjk0RDAxRTQ1REEzQTIwRjYyNTc5NDMxREVFRDVCMDM4LmNybAMhAN4SGarEvJlAvpKnciPni+C2rYhtTNvNdTPUkMjI/ukaoIIGyzCCBscwggWvoAMCAQICFD6HhJ9S5700xR9bCwIjQWiox3OgMA0GCSqGSIb3DQEBCwUAMDMxMTAvBgNVBAMTKDQ1OTFGRjJGOTREMDFFNDVEQTNBMjBGNjI1Nzk0MzFERUVENUIwMzgwHhcNMjAwNDI4MTMyMzA1WhcNMjAwNTA1MTMyODA1WjCCAi0xggIpMIICJQYDVQQDE4ICHDMwODIwMTBBMDI4MjAxMDEwMEM5ODcyNjE0RDNCODE4NUUwQTVFODFGMzJDRTc0QTYxRTU5Q0ZFNUNDRUVDMEIxQzY4ODc0N0YzMjE5QkY4MzY4OTk4NTdDQkQ2RkJENTI1NTUwMTRGRUFGNkMyMTE5MEREN0VEMjQ5QjQzMTdCQUZBNkQ0NDMxN0RCM0U0MzE0MkRGNTY3MjBGQkE2NURBQUQwODg1OTczMEQ2QTRBOEQ0NkQwQTc5N0ZCNzVBRkVEMzY5Njk0RkZEMDcxRDBEODk4NkU4QzJFQkQ2Njg5NDY0MDNFNzU4NEM2RDNGNzg5MTIzMzZFNkI1MjMxQkQyNjI1QzRDQUVDRkQxMDU0NjAxREM0QUU2MjY5OEI4Mzk4QjJFREY1Q0NDNTA3RTdDNzhFRkRBMTM2RDFBNzU3QjBCMURCRjUwMjJFN0NBQkRFMEZCQTZFNEQxN0ZGNjEzNTQzNEVCRjMzRjUwQUJDQTRCQjg0ODY5NERDNTZDNjM2RERENDVGNzkwM0U3MTRGOEYyQkREODk0NUU5NEY1QjgwQjMzQTE5MDRGRkI2RTcxRjc3Mjk1QjM5M0FBQjBDRTAzMDZCOTg0OTk5MEFBRkU3MzlFREFCODFENUFFRUYzMTM3RTE3QzU4Nzg3Q0IyNUUyRjUxQTMyMTlGOTI2ODNBMDM4NEZBOEVBNDBGNjBGMDIwMzAxMDAwMTCCASIwDQYJKoZIhvcNAQEBBQADggEPADCCAQoCggEBAMmHJhTTuBheCl6B8yznSmHlnP5czuwLHGiHR/Mhm/g2iZhXy9b71SVVAU/q9sIRkN1+0km0MXuvptRDF9s+QxQt9Wcg+6ZdqtCIWXMNakqNRtCnl/t1r+02lpT/0HHQ2JhujC69ZolGQD51hMbT94kSM25rUjG9JiXEyuz9EFRgHcSuYmmLg5iy7fXMxQfnx479oTbRp1ewsdv1Ai58q94Pum5NF/9hNUNOvzP1Cryku4SGlNxWxjbd1F95A+cU+PK92JRelPW4CzOhkE/7bnH3cpWzk6qwzgMGuYSZkKr+c57auB1a7vMTfhfFh4fLJeL1GjIZ+SaDoDhPqOpA9g8CAwEAAaOCAdUwggHRMB0GA1UdDgQWBBQP7O6Me8vN3nSVXpFXGfzc1qXMvTAfBgNVHSMEGDAWgBRFkf8vlNAeRdo6IPYleUMd7tWwODAOBgNVHQ8BAf8EBAMCB4AwXAYDVR0fBFUwUzBRoE+gTYZLcnN5bmM6Ly9sb2NhbGhvc3QvcmVwby9jaGlsZC8wLzQ1OTFGRjJGOTREMDFFNDVEQTNBMjBGNjI1Nzk0MzFERUVENUIwMzguY3JsMGQGCCsGAQUFBwEBBFgwVjBUBggrBgEFBQcwAoZIcnN5bmM6Ly9sb2NhbGhvc3QvcmVwby90YS8wLzQ1OTFGRjJGOTREMDFFNDVEQTNBMjBGNjI1Nzk0MzFERUVENUIwMzguY2VyMGcGCCsGAQUFBwELBFswWTBXBggrBgEFBQcwC4ZLcnN5bmM6Ly9sb2NhbGhvc3QvcmVwby9jaGlsZC8wLzQ1OTFGRjJGOTREMDFFNDVEQTNBMjBGNjI1Nzk0MzFERUVENUIwMzgubWZ0MBgGA1UdIAEB/wQOMAwwCgYIKwYBBQUHDgIwIQYIKwYBBQUHAQcBAf8EEjAQMAYEAgABBQAwBgQCAAIFADAVBggrBgEFBQcBCAEB/wQGMASgAgUAMA0GCSqGSIb3DQEBCwUAA4IBAQB6s3urrBeXZHo5E5ba8AKr6eu1JPWfz+vNSFuXMTPqeficN6woclUKK3I7M1UY/4o7W05E7Ar7AbGVYGiQ3r0V+U+Tte497B1QNo5ylDpqFA+MLozDcltGcR2T0YAi/l3urRNijoFb2AJI8ivzZnj3GK0qBPCLXihXCuOM+WcqIDraIjTQA1jvz6QonNvI8Yg4gsTKnOTyP13ZLhX2iDvzsSUMtxHE6MYRwvmR+LXqUXqo6GBi+XwEIE14lzUOr/0urMwtzMv153uuGWFscU2weHGc4nVEkfKM1hP2JPgbrsi2eZbhNhwM8dw7bx3NiAdk5P/gqwZUEJPDzV9Bv496MYIBrDCCAagCAQOAFA/s7ox7y83edJVekVcZ/NzWpcy9MA0GCWCGSAFlAwQCAQUAoGswGgYJKoZIhvcNAQkDMQ0GCyqGSIb3DQEJEAEaMBwGCSqGSIb3DQEJBTEPFw0yMDA0MjgxMzI4MDVaMC8GCSqGSIb3DQEJBDEiBCARWi0yyxCfNbX4Y8a+8lieCMIGPOUYqXHgp+vIMUpOIjANBgkqhkiG9w0BAQEFAASCAQAK/xe1bezoFHInfVfU2gkNCHfps6S30HkEKPky018+vAZqZlqPNvSWH3isY+7VF+BMzAo0+Tv8KA29fGwZoeGOx6lagP+nFroQS8u+WS1TM4UWYEzF7Qk9LsB+WmaWChC6oXilM4iMEaJv4zxoV6bOnwhHHVnikAGqhOjPcjULXZSKZpKuJLQk7v7/OEx9NhCdVMbPaaLBIquEYk/CVJsPYgvTDksAr2gyNmUbo9dBIoEg6zu8oly70nUbBe6Wcd0Cmz1w2Enodxd9qU9ZmbmjzmYZYXcEYxvToTWKI5ww1YQ81KdUgWRabS5bD11wHmFgXemhTUftTe1REVmjRctF",
                    "serial": "356979581429718971193305928662968839800334283680",
                    "expires": "2020-04-29T13:28:05.492678Z"
                  },
                  "next_update": "2020-04-29T13:28:05.492678Z",
                  "old": null
                },
                "crl_info": {
                  "name": "4591FF2F94D01E45DA3A20F62579431DEED5B038.crl",
                  "current": {
                    "content": "MIIBrzCBmAIBATANBgkqhkiG9w0BAQsFADAzMTEwLwYDVQQDEyg0NTkxRkYyRjk0RDAxRTQ1REEzQTIwRjYyNTc5NDMxREVFRDVCMDM4Fw0yMDA0MjgxMzIzMDVaFw0yMDA0MjkxMzI4MDVaMACgLzAtMB8GA1UdIwQYMBaAFEWR/y+U0B5F2jog9iV5Qx3u1bA4MAoGA1UdFAQDAgEBMA0GCSqGSIb3DQEBCwUAA4IBAQBymf1/aYvjJBijx+XEiEBcE+xC3xtoh2Gl9rPG9ChxDh6gf9c7EG5bAyuPpKg/y5yTq1PS3OfwZY6bVDiDA/MhugwaXQPMnzCNVU0uFhrZvizjGN0ZXEzTgLJZ0OxvPUhEstXC3av9DghI11xaexiLLlP2owU/ORPZNnDcvqv9U90pt6Js6EUxu9vI+kEkJyqObgLaJiqCnbE6gSk9IHD5Air7hjUoUWIGoZgiD74yVUj+9EgfrOJZAb+/MY445RivOZwHm+6+xP1/zLlUe9VQCqF0DfoojJwvHsoaGK73cekCmhSHQ9ow7uTkfGBx05J5h2g4gjZPiHGX4lkuzVWu",
                    "serial": "1",
                    "expires": "2020-04-29T13:28:05.488934Z"
                  },
                  "old": null
                }
              },
              "request": null
            },
            {
              "ca_repo": "rsync://localhost/repo/child/0/",
              "added": [
                {
                  "name": "4591FF2F94D01E45DA3A20F62579431DEED5B038.mft",
                  "object": {
                    "content": "MIIJRAYJKoZIhvcNAQcCoIIJNTCCCTECAQMxDzANBglghkgBZQMEAgEFADCBmwYLKoZIhvcNAQkQARqggYsEgYgwgYUCAQEYDzIwMjAwNDI4MTMyMzA1WhgPMjAyMDA0MjkxMzI4MDVaBglghkgBZQMEAgEwUzBRFiw0NTkxRkYyRjk0RDAxRTQ1REEzQTIwRjYyNTc5NDMxREVFRDVCMDM4LmNybAMhAN4SGarEvJlAvpKnciPni+C2rYhtTNvNdTPUkMjI/ukaoIIGyzCCBscwggWvoAMCAQICFD6HhJ9S5700xR9bCwIjQWiox3OgMA0GCSqGSIb3DQEBCwUAMDMxMTAvBgNVBAMTKDQ1OTFGRjJGOTREMDFFNDVEQTNBMjBGNjI1Nzk0MzFERUVENUIwMzgwHhcNMjAwNDI4MTMyMzA1WhcNMjAwNTA1MTMyODA1WjCCAi0xggIpMIICJQYDVQQDE4ICHDMwODIwMTBBMDI4MjAxMDEwMEM5ODcyNjE0RDNCODE4NUUwQTVFODFGMzJDRTc0QTYxRTU5Q0ZFNUNDRUVDMEIxQzY4ODc0N0YzMjE5QkY4MzY4OTk4NTdDQkQ2RkJENTI1NTUwMTRGRUFGNkMyMTE5MEREN0VEMjQ5QjQzMTdCQUZBNkQ0NDMxN0RCM0U0MzE0MkRGNTY3MjBGQkE2NURBQUQwODg1OTczMEQ2QTRBOEQ0NkQwQTc5N0ZCNzVBRkVEMzY5Njk0RkZEMDcxRDBEODk4NkU4QzJFQkQ2Njg5NDY0MDNFNzU4NEM2RDNGNzg5MTIzMzZFNkI1MjMxQkQyNjI1QzRDQUVDRkQxMDU0NjAxREM0QUU2MjY5OEI4Mzk4QjJFREY1Q0NDNTA3RTdDNzhFRkRBMTM2RDFBNzU3QjBCMURCRjUwMjJFN0NBQkRFMEZCQTZFNEQxN0ZGNjEzNTQzNEVCRjMzRjUwQUJDQTRCQjg0ODY5NERDNTZDNjM2RERENDVGNzkwM0U3MTRGOEYyQkREODk0NUU5NEY1QjgwQjMzQTE5MDRGRkI2RTcxRjc3Mjk1QjM5M0FBQjBDRTAzMDZCOTg0OTk5MEFBRkU3MzlFREFCODFENUFFRUYzMTM3RTE3QzU4Nzg3Q0IyNUUyRjUxQTMyMTlGOTI2ODNBMDM4NEZBOEVBNDBGNjBGMDIwMzAxMDAwMTCCASIwDQYJKoZIhvcNAQEBBQADggEPADCCAQoCggEBAMmHJhTTuBheCl6B8yznSmHlnP5czuwLHGiHR/Mhm/g2iZhXy9b71SVVAU/q9sIRkN1+0km0MXuvptRDF9s+QxQt9Wcg+6ZdqtCIWXMNakqNRtCnl/t1r+02lpT/0HHQ2JhujC69ZolGQD51hMbT94kSM25rUjG9JiXEyuz9EFRgHcSuYmmLg5iy7fXMxQfnx479oTbRp1ewsdv1Ai58q94Pum5NF/9hNUNOvzP1Cryku4SGlNxWxjbd1F95A+cU+PK92JRelPW4CzOhkE/7bnH3cpWzk6qwzgMGuYSZkKr+c57auB1a7vMTfhfFh4fLJeL1GjIZ+SaDoDhPqOpA9g8CAwEAAaOCAdUwggHRMB0GA1UdDgQWBBQP7O6Me8vN3nSVXpFXGfzc1qXMvTAfBgNVHSMEGDAWgBRFkf8vlNAeRdo6IPYleUMd7tWwODAOBgNVHQ8BAf8EBAMCB4AwXAYDVR0fBFUwUzBRoE+gTYZLcnN5bmM6Ly9sb2NhbGhvc3QvcmVwby9jaGlsZC8wLzQ1OTFGRjJGOTREMDFFNDVEQTNBMjBGNjI1Nzk0MzFERUVENUIwMzguY3JsMGQGCCsGAQUFBwEBBFgwVjBUBggrBgEFBQcwAoZIcnN5bmM6Ly9sb2NhbGhvc3QvcmVwby90YS8wLzQ1OTFGRjJGOTREMDFFNDVEQTNBMjBGNjI1Nzk0MzFERUVENUIwMzguY2VyMGcGCCsGAQUFBwELBFswWTBXBggrBgEFBQcwC4ZLcnN5bmM6Ly9sb2NhbGhvc3QvcmVwby9jaGlsZC8wLzQ1OTFGRjJGOTREMDFFNDVEQTNBMjBGNjI1Nzk0MzFERUVENUIwMzgubWZ0MBgGA1UdIAEB/wQOMAwwCgYIKwYBBQUHDgIwIQYIKwYBBQUHAQcBAf8EEjAQMAYEAgABBQAwBgQCAAIFADAVBggrBgEFBQcBCAEB/wQGMASgAgUAMA0GCSqGSIb3DQEBCwUAA4IBAQB6s3urrBeXZHo5E5ba8AKr6eu1JPWfz+vNSFuXMTPqeficN6woclUKK3I7M1UY/4o7W05E7Ar7AbGVYGiQ3r0V+U+Tte497B1QNo5ylDpqFA+MLozDcltGcR2T0YAi/l3urRNijoFb2AJI8ivzZnj3GK0qBPCLXihXCuOM+WcqIDraIjTQA1jvz6QonNvI8Yg4gsTKnOTyP13ZLhX2iDvzsSUMtxHE6MYRwvmR+LXqUXqo6GBi+XwEIE14lzUOr/0urMwtzMv153uuGWFscU2weHGc4nVEkfKM1hP2JPgbrsi2eZbhNhwM8dw7bx3NiAdk5P/gqwZUEJPDzV9Bv496MYIBrDCCAagCAQOAFA/s7ox7y83edJVekVcZ/NzWpcy9MA0GCWCGSAFlAwQCAQUAoGswGgYJKoZIhvcNAQkDMQ0GCyqGSIb3DQEJEAEaMBwGCSqGSIb3DQEJBTEPFw0yMDA0MjgxMzI4MDVaMC8GCSqGSIb3DQEJBDEiBCARWi0yyxCfNbX4Y8a+8lieCMIGPOUYqXHgp+vIMUpOIjANBgkqhkiG9w0BAQEFAASCAQAK/xe1bezoFHInfVfU2gkNCHfps6S30HkEKPky018+vAZqZlqPNvSWH3isY+7VF+BMzAo0+Tv8KA29fGwZoeGOx6lagP+nFroQS8u+WS1TM4UWYEzF7Qk9LsB+WmaWChC6oXilM4iMEaJv4zxoV6bOnwhHHVnikAGqhOjPcjULXZSKZpKuJLQk7v7/OEx9NhCdVMbPaaLBIquEYk/CVJsPYgvTDksAr2gyNmUbo9dBIoEg6zu8oly70nUbBe6Wcd0Cmz1w2Enodxd9qU9ZmbmjzmYZYXcEYxvToTWKI5ww1YQ81KdUgWRabS5bD11wHmFgXemhTUftTe1REVmjRctF",
                    "serial": "356979581429718971193305928662968839800334283680",
                    "expires": "2020-04-29T13:28:05.492678Z"
                  }
                },
                {
                  "name": "4591FF2F94D01E45DA3A20F62579431DEED5B038.crl",
                  "object": {
                    "content": "MIIBrzCBmAIBATANBgkqhkiG9w0BAQsFADAzMTEwLwYDVQQDEyg0NTkxRkYyRjk0RDAxRTQ1REEzQTIwRjYyNTc5NDMxREVFRDVCMDM4Fw0yMDA0MjgxMzIzMDVaFw0yMDA0MjkxMzI4MDVaMACgLzAtMB8GA1UdIwQYMBaAFEWR/y+U0B5F2jog9iV5Qx3u1bA4MAoGA1UdFAQDAgEBMA0GCSqGSIb3DQEBCwUAA4IBAQBymf1/aYvjJBijx+XEiEBcE+xC3xtoh2Gl9rPG9ChxDh6gf9c7EG5bAyuPpKg/y5yTq1PS3OfwZY6bVDiDA/MhugwaXQPMnzCNVU0uFhrZvizjGN0ZXEzTgLJZ0OxvPUhEstXC3av9DghI11xaexiLLlP2owU/ORPZNnDcvqv9U90pt6Js6EUxu9vI+kEkJyqObgLaJiqCnbE6gSk9IHD5Air7hjUoUWIGoZgiD74yVUj+9EgfrOJZAb+/MY445RivOZwHm+6+xP1/zLlUe9VQCqF0DfoojJwvHsoaGK73cekCmhSHQ9ow7uTkfGBx05J5h2g4gjZPiHGX4lkuzVWu",
                    "serial": "1",
                    "expires": "2020-04-29T13:28:05.488934Z"
                  }
                }
              ],
              "updated": [],
              "withdrawn": []
            }
          ]
        }
      }
    ]
  }
}