{
  "command": {
    "actor": "krill",
    "time": "2020-04-28T13:28:05.667447Z",
    "handle": "child",
    "version": 24,
    "sequence": 14,
    "details": {
      "key_roll_activate": 0
    },
    "effect": {
      "events": [
        24,
        25,
        26
      ]
    }
  },
  "result": {
    "Events": [
      {
        "id": "child",
        "version": 24,
        "details": {
          "key_roll_activated": [
            "0",
            {
              "class_name": "0",
              "key": "77AA69E9571D1DD092F7331CF7157D07B5E8997B"
            }
          ]
        }
      },
      {
        "id": "child",
        "version": 25,
        "details": {
          "roas_updated": [
            "0",
            {
              "updated": {
                "192.168.0.0/24 => 64496": {
                  "object": {
                    "content": "MIIIvwYJKoZIhvcNAQcCoIIIsDCCCKwCAQMxDzANBglghkgBZQMEAgEFADAqBgsqhkiG9w0BCRABGKAbBBkwFwIDAPvwMBAwDgQCAAEwCDAGAwQAwKgAoIIGuDCCBrQwggWcoAMCAQICFAKznVd7j4VeQVDZT0ARlL9SffPHMA0GCSqGSIb3DQEBCwUAMDMxMTAvBgNVBAMTKDQ1OTFGRjJGOTREMDFFNDVEQTNBMjBGNjI1Nzk0MzFERUVENUIwMzgwHhcNMjAwNDI4MTMyMzA1WhcNMjEwNDI4MTMyODA1WjCCAi0xggIpMIICJQYDVQQDE4ICHDMwODIwMTBBMDI4MjAxMDEwMEIzM0Q0MUNCRTlDQkYzMjk5NTI5ODYzMEM1NEU3NTcyRTgwQkMzOTk5QjE1RkNGQzVGNTEwQkVFMEY4NzIxNzQzODBBMDY1OEMyMjkwNjZENDUyQzU3OTkwNENGMDFCRUU5RjBBQ0FDQTE4ODc0QkI4MTM0NDc0NEFCNDEzQjYxMjM3Q0UxRDAyN0FBRTJCQzJEREJCNjE4NDBDODBFRjgyQTdBM0E0MEQ2RTlBMUQxMzkzMkM4M0MyMzhBQkFGQURGRDMxQUUwRENDNzQ4NURFODA3MTA5NzA0MUVEOTAzRUQ3RTUwOTlCODc0N0JEODI0MkUzNDBFNDc0MTA2NDI4MDI5RDA0MjVCOTcwODFDQUQ4NDczQUJBNjJCQTFDQjRDQkUyQzRCOEQ5Nzk4MTk2OUZCMUJFNDcxRDQ1QTQyNUFBRkVENjQyNUM4NDdDQTM1OUFBMUZCQkU3MDY5QzY3NjQyRUQ0MzRCMDIzRUNGNUM1QkM0MDcyRjk5NUM2RDZDRENDNjYxMzlFQjE0MkY4OEI4RTY1NTMzOTY0Qzg3Q0NEQkI3MTMyQ0RCQ0QzOTZDQzc4MkFBNEM0NjM3OEZDODYzOUNGRjk0Qzc3M0E1RjgwRDEwM0YxNUYzOEQ4MUNDRDE2RDdGNkY5REZDRDVBMERBODlGOTc5ODI0NDI5MDIwMzAxMDAwMTCCASIwDQYJKoZIhvcNAQEBBQADggEPADCCAQoCggEBALM9Qcvpy/MplSmGMMVOdXLoC8OZmxX8/F9RC+4PhyF0OAoGWMIpBm1FLFeZBM8BvunwrKyhiHS7gTRHRKtBO2EjfOHQJ6rivC3bthhAyA74Kno6QNbpodE5Msg8I4q6+t/TGuDcx0hd6AcQlwQe2QPtflCZuHR72CQuNA5HQQZCgCnQQluXCBythHOrpiuhy0y+LEuNl5gZafsb5HHUWkJar+1kJchHyjWaofu+cGnGdkLtQ0sCPs9cW8QHL5lcbWzcxmE56xQviLjmVTOWTIfM27cTLNvNOWzHgqpMRjePyGOc/5THc6X4DRA/FfONgczRbX9vnfzVoNqJ+XmCRCkCAwEAAaOCAcIwggG+MB0GA1UdDgQWBBSxPmOCzrDqnE1CiOLaGfyEmIdbtjAfBgNVHSMEGDAWgBRFkf8vlNAeRdo6IPYleUMd7tWwODAOBgNVHQ8BAf8EBAMCB4AwXAYDVR0fBFUwUzBRoE+gTYZLcnN5bmM6Ly9sb2NhbGhvc3QvcmVwby9jaGlsZC8wLzQ1OTFGRjJGOTREMDFFNDVEQTNBMjBGNjI1Nzk0MzFERUVENUIwMzguY3JsMGQGCCsGAQUFBwEBBFgwVjBUBggrBgEFBQcwAoZIcnN5bmM6Ly9sb2NhbGhvc3QvcmVwby90YS8wLzQ1OTFGRjJGOTREMDFFNDVEQTNBMjBGNjI1Nzk0MzFERUVENUIwMzguY2VyMG0GCCsGAQUFBwELBGEwXzBdBggrBgEFBQcwC4ZRcnN5bmM6Ly9sb2NhbGhvc3QvcmVwby9jaGlsZC8wLzMxMzkzMjJlMzEzNjM4MmUzMDJlMzAyZjMyMzQyMDNkM2UyMDM2MzQzNDM5MzYucm9hMBgGA1UdIAEB/wQOMAwwCgYIKwYBBQUHDgIwHwYIKwYBBQUHAQcBAf8EEDAOMAwEAgABMAYDBADAqAAwDQYJKoZIhvcNAQELBQADggEBAKYTI3R6I6Vz2z85XU/XFqFtinzbKLgq45N4ZKfz7Vkm7NgIPRfAbOgxi/oaln7ZdCrFp82llZnRCOh4k6AImBOBaSqPuf2LXzpr9CIwHzKkGogE4SMXe+YDto/8catGZXOEKxSi1kpycN3ykGJZPJzpTgkg8ZknsY6xq6eybN7WX/p53oFnKcRPKfpRSNqT+HjhIDtLYu7VXN/rEnJ8wGayZyXZI6DupVCFDlISiE0saf6NMneViH+EkSbcXoGEmN3aI/nE04x3DpWX0I3cGrwLe0Yy18nisf7mNCXnPssdhPi2dsASBJRaB0DVDrI0QQPPzH5msg2GzM5Q3GGG14QxggGsMIIBqAIBA4AUsT5jgs6w6pxNQoji2hn8hJiHW7YwDQYJYIZIAWUDBAIBBQCgazAaBgkqhkiG9w0BCQMxDQYLKoZIhvcNAQkQARgwHAYJKoZIhvcNAQkFMQ8XDTIwMDQyODEzMjgwNVowLwYJKoZIhvcNAQkEMSIEIIA1+SHksvs76om9zDeMicGhblwIMA0+22sRyzJiIX2LMA0GCSqGSIb3DQEBAQUABIIBAK98FzEYi6DTLo1b4/pDo0fEAzKebGJgCsaOtCK/cjHrfsRwAUCITVLFH8880zBbySyR84l+HmkK1jV328tfoj7CKCoAk1yzoaKesSitu5IQo+mPSVcfKRwZVawtNtoaZA/PqOtoHFY4Z/wDdvrfRbO+XlKJeK+e3PFhEjnDwmbkEum2krJ3T0AN0UIrI8CbYSyzuv3VGAXIhDjrj1i63MEv0wRJDqBRA2JP6MC+Fzi0N9948hqAizw5vJrn59BQlGKyfa6H6/HTpV9P3BIvcZvEc1ZA+5xpsRjtbjwIgcYqSE4FTHtxxTbVtBwB+wca0l0WyZpgAS+cLCOagHzt574=",
                    "serial": "15423521329882116031624983242667809139163263943",
                    "expires": "2021-04-28T13:28:05Z"
                  },
                  "name": "3139322e3136382e302e302f3234203d3e203634343936.roa",
                  "since": "2020-04-28T13:28:03.572478Z",
                  "replaces": {
                    "revocation": {
                      "serial": "227433082829951988231686001148082115983085827399",
                      "expires": "2021-04-28T13:28:03Z"
                    },
                    "hash": "177d4d924efb4924e5cab748d30e3136e16342412d48acd8dde1a76aab0be30e"
                  }
                }
              },
              "removed": {}
            }
          ]
        }
      },
      {
        "id": "child",
        "version": 26,
        "details": {
          "object_set_updated": [
            "0",
            {
              "77AA69E9571D1DD092F7331CF7157D07B5E8997B": {
                "number": 6,
                "revocations_delta": {
                  "added": [
                    {
                      "serial": "227433082829951988231686001148082115983085827399",
                      "expires": "2021-04-28T13:28:03Z"
                    },
                    {
                      "serial": "565171481979511979490003186698225358774076924684",
                      "expires": "2020-04-29T13:28:03.576525Z"
                    }
                  ],
                  "dropped": []
                },
                "manifest_info": {
                  "name": "77AA69E9571D1DD092F7331CF7157D07B5E8997B.mft",
                  "current": {
                    "content": "MIIJngYJKoZIhvcNAQcCoIIJjzCCCYsCAQMxDzANBglghkgBZQMEAgEFADCB9QYLKoZIhvcNAQkQARqggeUEgeIwgd8CAQYYDzIwMjAwNDI4MTMyMzA1WhgPMjAyMDA0MjkxMzI4MDVaBglghkgBZQMEAgEwgawwURYsNzdBQTY5RTk1NzFEMUREMDkyRjczMzFDRjcxNTdEMDdCNUU4OTk3Qi5jcmwDIQASvz/GkEu4WvwWUhCybSvVFYzdMAam4JW4q2cfGKVfNzBXFjIzMTM5MzIyZTMxMzYzODJlMzAyZTMwMmYzMjM0MjAzZDNlMjAzNjM0MzQzOTM2LnJvYQMhABd9TZJO+0kk5cq3SNMOMTbhY0JBLUis2N3hp2qrC+MOoIIGyzCCBscwggWvoAMCAQICFEgEXkb3fVHDV4iJ3TxSKScH+pJJMA0GCSqGSIb3DQEBCwUAMDMxMTAvBgNVBAMTKDc3QUE2OUU5NTcxRDFERDA5MkY3MzMxQ0Y3MTU3RDA3QjVFODk5N0IwHhcNMjAwNDI4MTMyMzA1WhcNMjAwNTA1MTMyODA1WjCCAi0xggIpMIICJQYDVQQDE4ICHDMwODIwMTBBMDI4MjAxMDEwMEYzNzA5NDNDOUIyRkRGODNERkI5MUExNEM1MzhEMjgwRjU1MTNFRDEzQ0U4MDFDQjNERERGOTI2M0Y0NTIwODc4MjAwRjA2QjlFRjlDNDEwNTgwNDdDRTE1RDA4MEYyNUJFQzk4MTk3MjZEOUQ0QjRGRTQ1RUZEM0JDQjA1NDU4MTBCNjREQTUwQkYzNDFGMEYxNTdDQUNFRURENUE4NTM5NTRFN0I0QkQ0QkYwMTI3MTYzQzc1MDQ1NzMxMTY4NjU3NEMxRTc1NEQ4RTEyNDQ0NzlDODYzMTFBQ0I4QTZEQTQyNDYwREUyQkJFNjU1MzQ3MDA3N0NCNTE0NTEzRjg4NjU4NDcyNjREMkVDRkM4NTA2RkQ5NjcwQjEyODJFRUI5RDNBMEIxQzc0QjIxOUJEOUVGM0JFOUY2NTFEMEI2OTIzQTI1MkMxNUUxOUQxNjlFQjE2RUEzRTc4QkZGQUZBNjkxRTNBOTkxNENERDQ5RjY4OTlFODc3Q0JCNjU3QzkwMDVFMDkyRkJBOTEyM0Q3RDcxQkFDMDBFQ0QwMzAyOEE0NDhDQTJBREQ0MzIzMUVCNkZGRUU0NkU5MTI0Q0NERjU5NUNCQjA2OTlBM0QyOTM4RjE5NUYyMTI2NDhFMUFDRDAzMDdBRUZDRDQ0QTdDMDcyQTZBRTYxNjMyNzRGMDIwMzAxMDAwMTCCASIwDQYJKoZIhvcNAQEBBQADggEPADCCAQoCggEBAPNwlDybL9+D37kaFMU40oD1UT7RPOgByz3d+SY/RSCHggDwa575xBBYBHzhXQgPJb7JgZcm2dS0/kXv07ywVFgQtk2lC/NB8PFXys7t1ahTlU57S9S/AScWPHUEVzEWhldMHnVNjhJER5yGMRrLim2kJGDeK75lU0cAd8tRRRP4hlhHJk0uz8hQb9lnCxKC7rnToLHHSyGb2e876fZR0LaSOiUsFeGdFp6xbqPni/+vppHjqZFM3Un2iZ6HfLtlfJAF4JL7qRI9fXG6wA7NAwKKRIyirdQyMetv/uRukSTM31lcuwaZo9KTjxlfISZI4azQMHrvzUSnwHKmrmFjJ08CAwEAAaOCAdUwggHRMB0GA1UdDgQWBBQ0PLppMzEJGGfeTQ2UMzkQXuDBVjAfBgNVHSMEGDAWgBR3qmnpVx0d0JL3Mxz3FX0HteiZezAOBgNVHQ8BAf8EBAMCB4AwXAYDVR0fBFUwUzBRoE+gTYZLcnN5bmM6Ly9sb2NhbGhvc3QvcmVwby9jaGlsZC8wLzc3QUE2OUU5NTcxRDFERDA5MkY3MzMxQ0Y3MTU3RDA3QjVFODk5N0IuY3JsMGQGCCsGAQUFBwEBBFgwVjBUBggrBgEFBQcwAoZIcnN5bmM6Ly9sb2NhbGhvc3QvcmVwby90YS8wLzc3QUE2OUU5NTcxRDFERDA5MkY3MzMxQ0Y3MTU3RDA3QjVFODk5N0IuY2VyMGcGCCsGAQUFBwELBFswWTBXBggrBgEFBQcwC4ZLcnN5bmM6Ly9sb2NhbGhvc3QvcmVwby9jaGlsZC8wLzc3QUE2OUU5NTcxRDFERDA5MkY3MzMxQ0Y3MTU3RDA3QjVFODk5N0IubWZ0MBgGA1UdIAEB/wQOMAwwCgYIKwYBBQUHDgIwIQYIKwYBBQUHAQcBAf8EEjAQMAYEAgABBQAwBgQCAAIFADAVBggrBgEFBQcBCAEB/wQGMASgAgUAMA0GCSqGSIb3DQEBCwUAA4IBAQALRruQ4Oz07YL/U5FYrxwhwtBC0WfHtHK3k4sxBH6zltnbapC9NfRgBySJ6a5KgUDwRoks0Q1iSJsMUIq1B34HztcJycnAcwZMrR/mrP/0g2JV5OIy5gwLaHU4fBqZgPkGz110fVs5vyhIVrZC8da0AoazkUaftBI7SzKCjnnk0ribpKjgXRly1YDIDBV3B+tX+FENTQp7Xob7ClGPdkwk4pldVuZnEob/4XRHw2AY/yyhgmeWNbvN45v0vNh9R6utgtwBEtWnpcM4KWM+OA94O6wUJcaKa8y+nvYXrLT4PoNOPihjQegVxlurpiUeJ3mrzHWTOL6pYw+Y2HTRr3NTMYIBrDCCAagCAQOAFDQ8umkzMQkYZ95NDZQzORBe4MFWMA0GCWCGSAFlAwQCAQUAoGswGgYJKoZIhvcNAQkDMQ0GCyqGSIb3DQEJEAEaMBwGCSqGSIb3DQEJBTEPFw0yMDA0MjgxMzI4MDVaMC8GCSqGSIb3DQEJBDEiBCCNNUF92XPODh68j7XsDYM1C9akFIZSwFEbH2GGK0WkLDANBgkqhkiG9w0BAQEFAASCAQDAf9ISO1DzIn1TBWx+fcRYMYHdaAaOFQx5KZj1HqE+8DiEcYqTN6XUOzHO7Zfg6dDJ1rZdooCI0PX6iOZWj+eKVvqaCZ1FoE3vh1Ge/DAuoQbbHIIN5E48yrVgYPFNgIkyR4eyKu8vIJF72CJmrDZdYP5EA9Zn7kRNLfrH1YkAj9pEjJVdcc5p39egTcLIxRVk1NE7KtkNAkmFFV495EvonHvIIN03GZavycSygfkVfBMQCzkfkG02sWIiRxVhrni+BIHzNkiefEY0qPaI838D4udhvY7Hl1vyNJxUN9mnd/hWBja6qsVbODPIlrsxLMjXN1TZE5oBXUO/u5wGVMXd",
                    "serial": "411144751183723848584180648096187563233093784137",
                    "expires": "2020-04-29T13:28:05.935785Z"
                  },
                  "next_update": "2020-04-29T13:28:05.935785Z",
                  "old": "be4cbfbfee30f3bdc6cc3ec0b7147af6e6b4a745a16700d885cd544fa6aae90f"
                },
                "crl_info": {
                  "name": "77AA69E9571D1DD092F7331CF7157D07B5E8997B.crl",
                  "current": {
                    "content": "MIIC6jCCAdICAQEwDQYJKoZIhvcNAQELBQAwMzExMC8GA1UEAxMoNzdBQTY5RTk1NzFEMUREMDkyRjczMzFDRjcxNTdEMDdCNUU4OTk3QhcNMjAwNDI4MTMyMzA1WhcNMjAwNDI5MTMyODA1WjCCATgwJQIUXoqdR0J763OnWJ0PZJuIyGaaK/MXDTIwMDQyOTEzMjgwMFowJQIUCkSWTNoucA5LeR9SavAzcfu16hgXDTIxMDQyODEzMjgwMFowJQIUKnEj+T4fmB+Kpdxg3yd/isCGLL0XDTIwMDQyOTEzMjgwMFowJQIUcXHKsVYK7XZ4YM6an97qCtgXVcgXDTIxMDQyODEzMjgwMFowJQIUEOL4XNEMwuc1f7iRDNmFuVGgsFYXDTIwMDQyOTEzMjgwMVowJQIUPxXyz8VtHJTTZEceKPsPv20adS0XDTIwMDQyOTEzMjgwM1owJQIUJ9ZzwCRKtCyiM6zP5Umbb5ymdUcXDTIxMDQyODEzMjgwM1owJQIUYv8qbsgtUVMsZg0qz4qyDEXHYwwXDTIwMDQyOTEzMjgwM1qgLzAtMB8GA1UdIwQYMBaAFHeqaelXHR3QkvczHPcVfQe16Jl7MAoGA1UdFAQDAgEGMA0GCSqGSIb3DQEBCwUAA4IBAQCi9hWWSTxFJ2EBUdkvN+F6abWvS5+9mSgpQ/NQVlivBEkmLFc54iACBbYuVfU97TEmntDjbrOBYmjjM40ma0VPlCfYQnvu0WYZBRfjbGmnHqUxP6ijzNxXWmgVmZRHcx3ZVz+1O1VDr5Z0sszCrv5gYnmlbJXAOZB9/MVsaCAwYYQ3tb3D7YkLdd3q0BqytE+rbVPUKpy1T5EwtTmvBHEN7D3ctk8UAM0RTN24mIqhcE1A2RVT8ozImYemraajsNhAjD0KMb3vNfZtKvhdJW6o7ROHHsmuHEiIbVTKMri1C8F8vc4ZKm1waBiqkKxZInjOf7/1xH+wAiXS1zoEdX5+",
                    "serial": "6",
                    "expires": "2020-04-29T13:28:05.932256Z"
                  },
                  "old": "fae330f25f508103de36403ba5e8d99841a158eb15ccda642b730f3b8bc3130e"
                },
                "objects_delta": {
                  "ca_repo": "rsync://localhost/repo/child/0",
                  "added": [],
                  "updated": [
                    {
                      "name": "77AA69E9571D1DD092F7331CF7157D07B5E8997B.crl",
                      "object": {
                        "content": "MIIC6jCCAdICAQEwDQYJKoZIhvcNAQELBQAwMzExMC8GA1UEAxMoNzdBQTY5RTk1NzFEMUREMDkyRjczMzFDRjcxNTdEMDdCNUU4OTk3QhcNMjAwNDI4MTMyMzA1WhcNMjAwNDI5MTMyODA1WjCCATgwJQIUXoqdR0J763OnWJ0PZJuIyGaaK/MXDTIwMDQyOTEzMjgwMFowJQIUCkSWTNoucA5LeR9SavAzcfu16hgXDTIxMDQyODEzMjgwMFowJQIUKnEj+T4fmB+Kpdxg3yd/isCGLL0XDTIwMDQyOTEzMjgwMFowJQIUcXHKsVYK7XZ4YM6an97qCtgXVcgXDTIxMDQyODEzMjgwMFowJQIUEOL4XNEMwuc1f7iRDNmFuVGgsFYXDTIwMDQyOTEzMjgwMVowJQIUPxXyz8VtHJTTZEceKPsPv20adS0XDTIwMDQyOTEzMjgwM1owJQIUJ9ZzwCRKtCyiM6zP5Umbb5ymdUcXDTIxMDQyODEzMjgwM1owJQIUYv8qbsgtUVMsZg0qz4qyDEXHYwwXDTIwMDQyOTEzMjgwM1qgLzAtMB8GA1UdIwQYMBaAFHeqaelXHR3QkvczHPcVfQe16Jl7MAoGA1UdFAQDAgEGMA0GCSqGSIb3DQEBCwUAA4IBAQCi9hWWSTxFJ2EBUdkvN+F6abWvS5+9mSgpQ/NQVlivBEkmLFc54iACBbYuVfU97TEmntDjbrOBYmjjM40ma0VPlCfYQnvu0WYZBRfjbGmnHqUxP6ijzNxXWmgVmZRHcx3ZVz+1O1VDr5Z0sszCrv5gYnmlbJXAOZB9/MVsaCAwYYQ3tb3D7YkLdd3q0BqytE+rbVPUKpy1T5EwtTmvBHEN7D3ctk8UAM0RTN24mIqhcE1A2RVT8ozImYemraajsNhAjD0KMb3vNfZtKvhdJW6o7ROHHsmuHEiIbVTKMri1C8F8vc4ZKm1waBiqkKxZInjOf7/1xH+wAiXS1zoEdX5+",
                        "serial": "6",
                        "expires": "2020-04-29T13:28:05.932256Z"
                      },
                      "old": "fae330f25f508103de36403ba5e8d99841a158eb15ccda642b730f3b8bc3130e"
                    },
                    {
                      "name": "77AA69E9571D1DD092F7331CF7157D07B5E8997B.mft",
                      "object": {
                        "content": "MIIJngYJKoZIhvcNAQcCoIIJjzCCCYsCAQMxDzANBglghkgBZQMEAgEFADCB9QYLKoZIhvcNAQkQARqggeUEgeIwgd8CAQYYDzIwMjAwNDI4MTMyMzA1WhgPMjAyMDA0MjkxMzI4MDVaBglghkgBZQMEAgEwgawwURYsNzdBQTY5RTk1NzFEMUREMDkyRjczMzFDRjcxNTdEMDdCNUU4OTk3Qi5jcmwDIQASvz/GkEu4WvwWUhCybSvVFYzdMAam4JW4q2cfGKVfNzBXFjIzMTM5MzIyZTMxMzYzODJlMzAyZTMwMmYzMjM0MjAzZDNlMjAzNjM0MzQzOTM2LnJvYQMhABd9TZJO+0kk5cq3SNMOMTbhY0JBLUis2N3hp2qrC+MOoIIGyzCCBscwggWvoAMCAQICFEgEXkb3fVHDV4iJ3TxSKScH+pJJMA0GCSqGSIb3DQEBCwUAMDMxMTAvBgNVBAMTKDc3QUE2OUU5NTcxRDFERDA5MkY3MzMxQ0Y3MTU3RDA3QjVFODk5N0IwHhcNMjAwNDI4MTMyMzA1WhcNMjAwNTA1MTMyODA1WjCCAi0xggIpMIICJQYDVQQDE4ICHDMwODIwMTBBMDI4MjAxMDEwMEYzNzA5NDNDOUIyRkRGODNERkI5MUExNEM1MzhEMjgwRjU1MTNFRDEzQ0U4MDFDQjNERERGOTI2M0Y0NTIwODc4MjAwRjA2QjlFRjlDNDEwNTgwNDdDRTE1RDA4MEYyNUJFQzk4MTk3MjZEOUQ0QjRGRTQ1RUZEM0JDQjA1NDU4MTBCNjREQTUwQkYzNDFGMEYxNTdDQUNFRURENUE4NTM5NTRFN0I0QkQ0QkYwMTI3MTYzQzc1MDQ1NzMxMTY4NjU3NEMxRTc1NEQ4RTEyNDQ0NzlDODYzMTFBQ0I4QTZEQTQyNDYwREUyQkJFNjU1MzQ3MDA3N0NCNTE0NTEzRjg4NjU4NDcyNjREMkVDRkM4NTA2RkQ5NjcwQjEyODJFRUI5RDNBMEIxQzc0QjIxOUJEOUVGM0JFOUY2NTFEMEI2OTIzQTI1MkMxNUUxOUQxNjlFQjE2RUEzRTc4QkZGQUZBNjkxRTNBOTkxNENERDQ5RjY4OTlFODc3Q0JCNjU3QzkwMDVFMDkyRkJBOTEyM0Q3RDcxQkFDMDBFQ0QwMzAyOEE0NDhDQTJBREQ0MzIzMUVCNkZGRUU0NkU5MTI0Q0NERjU5NUNCQjA2OTlBM0QyOTM4RjE5NUYyMTI2NDhFMUFDRDAzMDdBRUZDRDQ0QTdDMDcyQTZBRTYxNjMyNzRGMDIwMzAxMDAwMTCCASIwDQYJKoZIhvcNAQEBBQADggEPADCCAQoCggEBAPNwlDybL9+D37kaFMU40oD1UT7RPOgByz3d+SY/RSCHggDwa575xBBYBHzhXQgPJb7JgZcm2dS0/kXv07ywVFgQtk2lC/NB8PFXys7t1ahTlU57S9S/AScWPHUEVzEWhldMHnVNjhJER5yGMRrLim2kJGDeK75lU0cAd8tRRRP4hlhHJk0uz8hQb9lnCxKC7rnToLHHSyGb2e876fZR0LaSOiUsFeGdFp6xbqPni/+vppHjqZFM3Un2iZ6HfLtlfJAF4JL7qRI9fXG6wA7NAwKKRIyirdQyMetv/uRukSTM31lcuwaZo9KTjxlfISZI4azQMHrvzUSnwHKmrmFjJ08CAwEAAaOCAdUwggHRMB0GA1UdDgQWBBQ0PLppMzEJGGfeTQ2UMzkQXuDBVjAfBgNVHSMEGDAWgBR3qmnpVx0d0JL3Mxz3FX0HteiZezAOBgNVHQ8BAf8EBAMCB4AwXAYDVR0fBFUwUzBRoE+gTYZLcnN5bmM6Ly9sb2NhbGhvc3QvcmVwby9jaGlsZC8wLzc3QUE2OUU5NTcxRDFERDA5MkY3MzMxQ0Y3MTU3RDA3QjVFODk5N0IuY3JsMGQGCCsGAQUFBwEBBFgwVjBUBggrBgEFBQcwAoZIcnN5bmM6Ly9sb2NhbGhvc3QvcmVwby90YS8wLzc3QUE2OUU5NTcxRDFERDA5MkY3MzMxQ0Y3MTU3RDA3QjVFODk5N0IuY2VyMGcGCCsGAQUFBwELBFswWTBXBggrBgEFBQcwC4ZLcnN5bmM6Ly9sb2NhbGhvc3QvcmVwby9jaGlsZC8wLzc3QUE2OUU5NTcxRDFERDA5MkY3MzMxQ0Y3MTU3RDA3QjVFODk5N0IubWZ0MBgGA1UdIAEB/wQOMAwwCgYIKwYBBQUHDgIwIQYIKwYBBQUHAQcBAf8EEjAQMAYEAgABBQAwBgQCAAIFADAVBggrBgEFBQcBCAEB/wQGMASgAgUAMA0GCSqGSIb3DQEBCwUAA4IBAQALRruQ4Oz07YL/U5FYrxwhwtBC0WfHtHK3k4sxBH6zltnbapC9NfRgBySJ6a5KgUDwRoks0Q1iSJsMUIq1B34HztcJycnAcwZMrR/mrP/0g2JV5OIy5gwLaHU4fBqZgPkGz110fVs5vyhIVrZC8da0AoazkUaftBI7SzKCjnnk0ribpKjgXRly1YDIDBV3B+tX+FENTQp7Xob7ClGPdkwk4pldVuZnEob/4XRHw2AY/yyhgmeWNbvN45v0vNh9R6utgtwBEtWnpcM4KWM+OA94O6wUJcaKa8y+nvYXrLT4PoNOPihjQegVxlurpiUeJ3mrzHWTOL6pYw+Y2HTRr3NTMYIBrDCCAagCAQOAFDQ8umkzMQkYZ95NDZQzORBe4MFWMA0GCWCGSAFlAwQCAQUAoGswGgYJKoZIhvcNAQkDMQ0GCyqGSIb3DQEJEAEaMBwGCSqGSIb3DQEJBTEPFw0yMDA0MjgxMzI4MDVaMC8GCSqGSIb3DQEJBDEiBCCNNUF92XPODh68j7XsDYM1C9akFIZSwFEbH2GGK0WkLDANBgkqhkiG9w0BAQEFAASCAQDAf9ISO1DzIn1TBWx+fcRYMYHdaAaOFQx5KZj1HqE+8DiEcYqTN6XUOzHO7Zfg6dDJ1rZdooCI0PX6iOZWj+eKVvqaCZ1FoE3vh1Ge/DAuoQbbHIIN5E48yrVgYPFNgIkyR4eyKu8vIJF72CJmrDZdYP5EA9Zn7kRNLfrH1YkAj9pEjJVdcc5p39egTcLIxRVk1NE7KtkNAkmFFV495EvonHvIIN03GZavycSygfkVfBMQCzkfkG02sWIiRxVhrni+BIHzNkiefEY0qPaI838D4udhvY7Hl1vyNJxUN9mnd/hWBja6qsVbODPIlrsxLMjXN1TZE5oBXUO/u5wGVMXd",
                        "serial": "411144751183723848584180648096187563233093784137",
                        "expires": "2020-04-29T13:28:05.935785Z"
                      },
                      "old": "be4cbfbfee30f3bdc6cc3ec0b7147af6e6b4a745a16700d885cd544fa6aae90f"
                    }
                  ],
                  "withdrawn": []
                }
              },
              "4591FF2F94D01E45DA3A20F62579431DEED5B038": {
                "number": 2,
                "revocations_delta": {
                  "added": [
                    {
                      "serial": "356979581429718971193305928662968839800334283680",
                      "expires": "2020-04-29T13:28:05.492678Z"
                    }
                  ],
                  "dropped": []
                },
                "manifest_info": {
                  "name": "4591FF2F94D01E45DA3A20F62579431DEED5B038.mft",
                  "current": {
                    "content": "MIIJngYJKoZIhvcNAQcCoIIJjzCCCYsCAQMxDzANBglghkgBZQMEAgEFADCB9QYLKoZIhvcNAQkQARqggeUEgeIwgd8CAQIYDzIwMjAwNDI4MTMyMzA1WhgPMjAyMDA0MjkxMzI4MDVaBglghkgBZQMEAgEwgawwVxYyMzEzOTMyMmUzMTM2MzgyZTMwMmUzMDJmMzIzNDIwM2QzZTIwMzYzNDM0MzkzNi5yb2EDIQCGG0HqpChikooHWi5MHG1savbXOSXW6aaPhtmGxuDtKzBRFiw0NTkxRkYyRjk0RDAxRTQ1REEzQTIwRjYyNTc5NDMxREVFRDVCMDM4LmNybAMhAOAhajeRbsD5CnDpwa63D/oxnSdHDRgVVVuFvYBBTajYoIIGyzCCBscwggWvoAMCAQICFHad8KMwDNZRpMvDRgBO5FFlqZRZMA0GCSqGSIb3DQEBCwUAMDMxMTAvBgNVBAMTKDQ1OTFGRjJGOTREMDFFNDVEQTNBMjBGNjI1Nzk0MzFERUVENUIwMzgwHhcNMjAwNDI4MTMyMzA1WhcNMjAwNTA1MTMyODA1WjCCAi0xggIpMIICJQYDVQQDE4ICHDMwODIwMTBBMDI4MjAxMDEwMEU0QjQ2MzMyQkIzODkwRTU2QTZERDdBNjVCMURDQUNEM0MyMUNGMjNFODcwMjlDQjJENjM0MkMyOTBGRTdFRTZCNzZFNzQ1ODBFQjJFNzcwQTY2RkJBQjEwRjY5QUZCNTI4MzUzQjZBRTk2ODRDNTgxMjkwREZERkRCRDc0RDNFMDI2NTQzQTdFMzYwNDVFMUUyQ0NCNzgzNEVBNzU2NDc1QTJDMjE0NEY4RThDQTgxNEM2RTg3NDVEMkEzMzc3NzgzRDY4MTdEMUYwMTUwQTJENjhBODhFM0VBNjI3QUI3OEZFNkFBRUI5OTBBMUY0Qzc3NUIxMkZEMTBCRjVBOTIzQTQ2M0Q0QUNEQkNBNDA1QkVBNkRDMDFDREQyNjRDNTE1OEI0MUM5ODA1RDQyNEIxQzE3MTk3NENBMUJDOEI4RUQ1QkFEQzJBNkREOTg3NDkxOEYyQjc0QTE5REY5MkYxRkNFRjA4M0Y5M0MyNjA2RjlBMjY1QkQxMjM1Q0YyOURBMzQwMkJDREM1ODJFQjk0NEQwRDQ0OTk4RDQzODUwQUY0OTFBOTUzRTRGMzc3RDcyN0ZCNkY4ODI4QjM1OERBQ0E2QTRDNjM2NEY5MEMxQjEzNTc5Qzk4Mjc5NjkwQTY1NzVERDBFQjg0MDM5MDcyMDMzRENCQ0MzNTQxNEFCMDIwMzAxMDAwMTCCASIwDQYJKoZIhvcNAQEBBQADggEPADCCAQoCggEBAOS0YzK7OJDlam3Xplsdys08Ic8j6HApyy1jQsKQ/n7mt250WA6y53Cmb7qxD2mvtSg1O2rpaExYEpDf39vXTT4CZUOn42BF4eLMt4NOp1ZHWiwhRPjoyoFMbodF0qM3d4PWgX0fAVCi1oqI4+piereP5qrrmQofTHdbEv0Qv1qSOkY9Ss28pAW+ptwBzdJkxRWLQcmAXUJLHBcZdMobyLjtW63Cpt2YdJGPK3ShnfkvH87wg/k8Jgb5omW9EjXPKdo0ArzcWC65RNDUSZjUOFCvSRqVPk83fXJ/tviCizWNrKakxjZPkMGxNXnJgnlpCmV13Q64QDkHIDPcvMNUFKsCAwEAAaOCAdUwggHRMB0GA1UdDgQWBBSVWwMn2udOS3Y52i93jG5ooQ7BgDAfBgNVHSMEGDAWgBRFkf8vlNAeRdo6IPYleUMd7tWwODAOBgNVHQ8BAf8EBAMCB4AwXAYDVR0fBFUwUzBRoE+gTYZLcnN5bmM6Ly9sb2NhbGhvc3QvcmVwby9jaGlsZC8wLzQ1OTFGRjJGOTREMDFFNDVEQTNBMjBGNjI1Nzk0MzFERUVENUIwMzguY3JsMGQGCCsGAQUFBwEBBFgwVjBUBggrBgEFBQcwAoZIcnN5bmM6Ly9sb2NhbGhvc3QvcmVwby90YS8wLzQ1OTFGRjJGOTREMDFFNDVEQTNBMjBGNjI1Nzk0MzFERUVENUIwMzguY2VyMGcGCCsGAQUFBwELBFswWTBXBggrBgEFBQcwC4ZLcnN5bmM6Ly9sb2NhbGhvc3QvcmVwby9jaGlsZC8wLzQ1OTFGRjJGOTREMDFFNDVEQTNBMjBGNjI1Nzk0MzFERUVENUIwMzgubWZ0MBgGA1UdIAEB/wQOMAwwCgYIKwYBBQUHDgIwIQYIKwYBBQUHAQcBAf8EEjAQMAYEAgABBQAwBgQCAAIFADAVBggrBgEFBQcBCAEB/wQGMASgAgUAMA0GCSqGSIb3DQEBCwUAA4IBAQAZCydSUwBm4pH86KYKb/8m31bOltzDoU3kChW208lZzMKKlogu7A7BwnkfLPViYHcSpK5B6nn9hPJuPfaBEi38dsgjgV37WvUlM2/3dBMAiM/ZCzsI6rLNatSkF4+aHajlAWTF+5+0SXsYmfTir0HbQtUbC/zGELZBakdBf4RuoXFrt2B7eM0b/FYSFRLGpfE2/0fwWBgBBuCy3NRseL7HIitVoE4RGtxoRWI45Rn2y/zvOWxQxWpru3+h2pj0GIU40s+fkG5oe/qhMByLj+eMGJg3S57rzgvioJhHlBq97dRYjAQiSgPD/566alvB7tGG2qTiLAHjtii8YTi40CYzMYIBrDCCAagCAQOAFJVbAyfa505LdjnaL3eMbmihDsGAMA0GCWCGSAFlAwQCAQUAoGswGgYJKoZIhvcNAQkDMQ0GCyqGSIb3DQEJEAEaMBwGCSqGSIb3DQEJBTEPFw0yMDA0MjgxMzI4MDVaMC8GCSqGSIb3DQEJBDEiBCBQO8fl0BSSnTs34vjdbBk+WR6lyeI7vTaTckUtFbM1FjANBgkqhkiG9w0BAQEFAASCAQDg9BcQmmsSWk2zTh+f2xiBNB+RrWeJ9GY4WprbCWp1jzwZrvtqNwkAvbdqgFBCitLPQgWIcWDPXPU5Ffo5K/sTnGzzu5skFKlZqmkDbSdx31g+lZePoMxNMZCHfJAxoyBOp19ZFunAjRajwugugOdPY0aicy4X5BYfY6mUgXNhFQIt8HxxzEg/bYG6eVKX0pDOZc2pk4/tr1RTItt3dy2P5sMhrXY9HZByA5ZaLblslJ6gNRbmZjolSsHkthhN1KGrBKwwk107dj7jdwAGzPpikXv9LGPWLkwNXmMCD/fhEzvFqC0HmWdzRoj72W2l+rq6guas1Gc+HBhEY+8FI5R8",
                    "serial": "677183090431901400529013420263557102804715279449",
                    "expires": "2020-04-29T13:28:05.782640Z"
                  },
                  "next_update": "2020-04-29T13:28:05.782640Z",
                  "old": "6c20076d4778a0116fae3a8f9cdc43b46b739383d2cf67c93c15db6e9e28e81e"
                },
                "crl_info": {
                  "name": "4591FF2F94D01E45DA3A20F62579431DEED5B038.crl",
                  "current": {
                    "content": "MIIB1jCBvwIBATANBgkqhkiG9w0BAQsFADAzMTEwLwYDVQQDEyg0NTkxRkYyRjk0RDAxRTQ1REEzQTIwRjYyNTc5NDMxREVFRDVCMDM4Fw0yMDA0MjgxMzIzMDVaFw0yMDA0MjkxMzI4MDVaMCcwJQIUPoeEn1LnvTTFH1sLAiNBaKjHc6AXDTIwMDQyOTEzMjgwNVqgLzAtMB8GA1UdIwQYMBaAFEWR/y+U0B5F2jog9iV5Qx3u1bA4MAoGA1UdFAQDAgECMA0GCSqGSIb3DQEBCwUAA4IBAQC37VBqU7Mfu4FEPZsZeyIc3e0LmMMMlz3uVQyevw4tdY50rHC+hciKzUiIPoREJjS1YGZ1n0gXnJ6cEtH1dtZ425b7s2TPzjuaB3VmR9VG5u7iu50V0C0WmNm/tq70JLhGarqKQ/57WtMpVUGqHpKqqeS2ySCBxRsrn9Uu1jxiGktiVKTqz7Hh27HgLRYIvMW98u71DZ9QeMd2NGn09+HEUGioEM6kwMK2UIJ0nj3laDZsY1NTXG9sW/oSLyaF5Z6KGO4FTfclakGl0wGdEw/LW9wrzh6oVMEzUJu8CTjPalpUMXmqKKhDQdLzoNVay/EwlIqWA9WJZLNRPzODdfbT",
                    "serial": "2",
                    "expires": "2020-04-29T13:28:05.778905Z"
                  },
                  "old": "de1219aac4bc9940be92a77223e78be0b6ad886d4cdbcd7533d490c8c8fee91a"
                },
                "objects_delta": {
                  "ca_repo": "rsync://localhost/repo/child/0",
                  "added": [],
                  "updated": [
                    {
                      "name": "3139322e3136382e302e302f3234203d3e203634343936.roa",
                      "object": {
                        "content": "MIIIvwYJKoZIhvcNAQcCoIIIsDCCCKwCAQMxDzANBglghkgBZQMEAgEFADAqBgsqhkiG9w0BCRABGKAbBBkwFwIDAPvwMBAwDgQCAAEwCDAGAwQAwKgAoIIGuDCCBrQwggWcoAMCAQICFAKznVd7j4VeQVDZT0ARlL9SffPHMA0GCSqGSIb3DQEBCwUAMDMxMTAvBgNVBAMTKDQ1OTFGRjJGOTREMDFFNDVEQTNBMjBGNjI1Nzk0MzFERUVENUIwMzgwHhcNMjAwNDI4MTMyMzA1WhcNMjEwNDI4MTMyODA1WjCCAi0xggIpMIICJQYDVQQDE4ICHDMwODIwMTBBMDI4MjAxMDEwMEIzM0Q0MUNCRTlDQkYzMjk5NTI5ODYzMEM1NEU3NTcyRTgwQkMzOTk5QjE1RkNGQzVGNTEwQkVFMEY4NzIxNzQzODBBMDY1OEMyMjkwNjZENDUyQzU3OTkwNENGMDFCRUU5RjBBQ0FDQTE4ODc0QkI4MTM0NDc0NEFCNDEzQjYxMjM3Q0UxRDAyN0FBRTJCQzJEREJCNjE4NDBDODBFRjgyQTdBM0E0MEQ2RTlBMUQxMzkzMkM4M0MyMzhBQkFGQURGRDMxQUUwRENDNzQ4NURFODA3MTA5NzA0MUVEOTAzRUQ3RTUwOTlCODc0N0JEODI0MkUzNDBFNDc0MTA2NDI4MDI5RDA0MjVCOTcwODFDQUQ4NDczQUJBNjJCQTFDQjRDQkUyQzRCOEQ5Nzk4MTk2OUZCMUJFNDcxRDQ1QTQyNUFBRkVENjQyNUM4NDdDQTM1OUFBMUZCQkU3MDY5QzY3NjQyRUQ0MzRCMDIzRUNGNUM1QkM0MDcyRjk5NUM2RDZDRENDNjYxMzlFQjE0MkY4OEI4RTY1NTMzOTY0Qzg3Q0NEQkI3MTMyQ0RCQ0QzOTZDQzc4MkFBNEM0NjM3OEZDODYzOUNGRjk0Qzc3M0E1RjgwRDEwM0YxNUYzOEQ4MUNDRDE2RDdGNkY5REZDRDVBMERBODlGOTc5ODI0NDI5MDIwMzAxMDAwMTCCASIwDQYJKoZIhvcNAQEBBQADggEPADCCAQoCggEBALM9Qcvpy/MplSmGMMVOdXLoC8OZmxX8/F9RC+4PhyF0OAoGWMIpBm1FLFeZBM8BvunwrKyhiHS7gTRHRKtBO2EjfOHQJ6rivC3bthhAyA74Kno6QNbpodE5Msg8I4q6+t/TGuDcx0hd6AcQlwQe2QPtflCZuHR72CQuNA5HQQZCgCnQQluXCBythHOrpiuhy0y+LEuNl5gZafsb5HHUWkJar+1kJchHyjWaofu+cGnGdkLtQ0sCPs9cW8QHL5lcbWzcxmE56xQviLjmVTOWTIfM27cTLNvNOWzHgqpMRjePyGOc/5THc6X4DRA/FfONgczRbX9vnfzVoNqJ+XmCRCkCAwEAAaOCAcIwggG+MB0GA1UdDgQWBBSxPmOCzrDqnE1CiOLaGfyEmIdbtjAfBgNVHSMEGDAWgBRFkf8vlNAeRdo6IPYleUMd7tWwODAOBgNVHQ8BAf8EBAMCB4AwXAYDVR0fBFUwUzBRoE+gTYZLcnN5bmM6Ly9sb2NhbGhvc3QvcmVwby9jaGlsZC8wLzQ1OTFGRjJGOTREMDFFNDVEQTNBMjBGNjI1Nzk0MzFERUVENUIwMzguY3JsMGQGCCsGAQUFBwEBBFgwVjBUBggrBgEFBQcwAoZIcnN5bmM6Ly9sb2NhbGhvc3QvcmVwby90YS8wLzQ1OTFGRjJGOTREMDFFNDVEQTNBMjBGNjI1Nzk0MzFERUVENUIwMzguY2VyMG0GCCsGAQUFBwELBGEwXzBdBggrBgEFBQcwC4ZRcnN5bmM6Ly9sb2NhbGhvc3QvcmVwby9jaGlsZC8wLzMxMzkzMjJlMzEzNjM4MmUzMDJlMzAyZjMyMzQyMDNkM2UyMDM2MzQzNDM5MzYucm9hMBgGA1UdIAEB/wQOMAwwCgYIKwYBBQUHDgIwHwYIKwYBBQUHAQcBAf8EEDAOMAwEAgABMAYDBADAqAAwDQYJKoZIhvcNAQELBQADggEBAKYTI3R6I6Vz2z85XU/XFqFtinzbKLgq45N4ZKfz7Vkm7NgIPRfAbOgxi/oaln7ZdCrFp82llZnRCOh4k6AImBOBaSqPuf2LXzpr9CIwHzKkGogE4SMXe+YDto/8catGZXOEKxSi1kpycN3ykGJZPJzpTgkg8ZknsY6xq6eybN7WX/p53oFnKcRPKfpRSNqT+HjhIDtLYu7VXN/rEnJ8wGayZyXZI6DupVCFDlISiE0saf6NMneViH+EkSbcXoGEmN3aI/nE04x3DpWX0I3cGrwLe0Yy18nisf7mNCXnPssdhPi2dsASBJRaB0DVDrI0QQPPzH5msg2GzM5Q3GGG14QxggGsMIIBqAIBA4AUsT5jgs6w6pxNQoji2hn8hJiHW7YwDQYJYIZIAWUDBAIBBQCgazAaBgkqhkiG9w0BCQMxDQYLKoZIhvcNAQkQARgwHAYJKoZIhvcNAQkFMQ8XDTIwMDQyODEzMjgwNVowLwYJKoZIhvcNAQkEMSIEIIA1+SHksvs76om9zDeMicGhblwIMA0+22sRyzJiIX2LMA0GCSqGSIb3DQEBAQUABIIBAK98FzEYi6DTLo1b4/pDo0fEAzKebGJgCsaOtCK/cjHrfsRwAUCITVLFH8880zBbySyR84l+HmkK1jV328tfoj7CKCoAk1yzoaKesSitu5IQo+mPSVcfKRwZVawtNtoaZA/PqOtoHFY4Z/wDdvrfRbO+XlKJeK+e3PFhEjnDwmbkEum2krJ3T0AN0UIrI8CbYSyzuv3VGAXIhDjrj1i63MEv0wRJDqBRA2JP6MC+Fzi0N9948hqAizw5vJrn59BQlGKyfa6H6/HTpV9P3BIvcZvEc1ZA+5xpsRjtbjwIgcYqSE4FTHtxxTbVtBwB+wca0l0WyZpgAS+cLCOagHzt574=",
                        "serial": "15423521329882116031624983242667809139163263943",
                        "expires": "2021-04-28T13:28:05Z"
                      },
                      "old": "177d4d924efb4924e5cab748d30e3136e16342412d48acd8dde1a76aab0be30e"
                    },
                    {
                      "name": "4591FF2F94D01E45DA3A20F62579431DEED5B038.crl",
                      "object": {
                        "content": "MIIB1jCBvwIBATANBgkqhkiG9w0BAQsFADAzMTEwLwYDVQQDEyg0NTkxRkYyRjk0RDAxRTQ1REEzQTIwRjYyNTc5NDMxREVFRDVCMDM4Fw0yMDA0MjgxMzIzMDVaFw0yMDA0MjkxMzI4MDVaMCcwJQIUPoeEn1LnvTTFH1sLAiNBaKjHc6AXDTIwMDQyOTEzMjgwNVqgLzAtMB8GA1UdIwQYMBaAFEWR/y+U0B5F2jog9iV5Qx3u1bA4MAoGA1UdFAQDAgECMA0GCSqGSIb3DQEBCwUAA4IBAQC37VBqU7Mfu4FEPZsZeyIc3e0LmMMMlz3uVQyevw4tdY50rHC+hciKzUiIPoREJjS1YGZ1n0gXnJ6cEtH1dtZ425b7s2TPzjuaB3VmR9VG5u7iu50V0C0WmNm/tq70JLhGarqKQ/57WtMpVUGqHpKqqeS2ySCBxRsrn9Uu1jxiGktiVKTqz7Hh27HgLRYIvMW98u71DZ9QeMd2NGn09+HEUGioEM6kwMK2UIJ0nj3laDZsY1NTXG9sW/oSLyaF5Z6KGO4FTfclakGl0wGdEw/LW9wrzh6oVMEzUJu8CTjPalpUMXmqKKhDQdLzoNVay/EwlIqWA9WJZLNRPzODdfbT",
                        "serial": "2",
                        "expires": "2020-04-29T13:28:05.778905Z"
                      },
                      "old": "de1219aac4bc9940be92a77223e78be0b6ad886d4cdbcd7533d490c8c8fee91a"
                    },
                    {
                      "name": "4591FF2F94D01E45DA3A20F62579431DEED5B038.mft",
                      "object": {
                        "content": "MIIJngYJKoZIhvcNAQcCoIIJjzCCCYsCAQMxDzANBglghkgBZQMEAgEFADCB9QYLKoZIhvcNAQkQARqggeUEgeIwgd8CAQIYDzIwMjAwNDI4MTMyMzA1WhgPMjAyMDA0MjkxMzI4MDVaBglghkgBZQMEAgEwgawwVxYyMzEzOTMyMmUzMTM2MzgyZTMwMmUzMDJmMzIzNDIwM2QzZTIwMzYzNDM0MzkzNi5yb2EDIQCGG0HqpChikooHWi5MHG1savbXOSXW6aaPhtmGxuDtKzBRFiw0NTkxRkYyRjk0RDAxRTQ1REEzQTIwRjYyNTc5NDMxREVFRDVCMDM4LmNybAMhAOAhajeRbsD5CnDpwa63D/oxnSdHDRgVVVuFvYBBTajYoIIGyzCCBscwggWvoAMCAQICFHad8KMwDNZRpMvDRgBO5FFlqZRZMA0GCSqGSIb3DQEBCwUAMDMxMTAvBgNVBAMTKDQ1OTFGRjJGOTREMDFFNDVEQTNBMjBGNjI1Nzk0MzFERUVENUIwMzgwHhcNMjAwNDI4MTMyMzA1WhcNMjAwNTA1MTMyODA1WjCCAi0xggIpMIICJQYDVQQDE4ICHDMwODIwMTBBMDI4MjAxMDEwMEU0QjQ2MzMyQkIzODkwRTU2QTZERDdBNjVCMURDQUNEM0MyMUNGMjNFODcwMjlDQjJENjM0MkMyOTBGRTdFRTZCNzZFNzQ1ODBFQjJFNzcwQTY2RkJBQjEwRjY5QUZCNTI4MzUzQjZBRTk2ODRDNTgxMjkwREZERkRCRDc0RDNFMDI2NTQzQTdFMzYwNDVFMUUyQ0NCNzgzNEVBNzU2NDc1QTJDMjE0NEY4RThDQTgxNEM2RTg3NDVEMkEzMzc3NzgzRDY4MTdEMUYwMTUwQTJENjhBODhFM0VBNjI3QUI3OEZFNkFBRUI5OTBBMUY0Qzc3NUIxMkZEMTBCRjVBOTIzQTQ2M0Q0QUNEQkNBNDA1QkVBNkRDMDFDREQyNjRDNTE1OEI0MUM5ODA1RDQyNEIxQzE3MTk3NENBMUJDOEI4RUQ1QkFEQzJBNkREOTg3NDkxOEYyQjc0QTE5REY5MkYxRkNFRjA4M0Y5M0MyNjA2RjlBMjY1QkQxMjM1Q0YyOURBMzQwMkJDREM1ODJFQjk0NEQwRDQ0OTk4RDQzODUwQUY0OTFBOTUzRTRGMzc3RDcyN0ZCNkY4ODI4QjM1OERBQ0E2QTRDNjM2NEY5MEMxQjEzNTc5Qzk4Mjc5NjkwQTY1NzVERDBFQjg0MDM5MDcyMDMzRENCQ0MzNTQxNEFCMDIwMzAxMDAwMTCCASIwDQYJKoZIhvcNAQEBBQADggEPADCCAQoCggEBAOS0YzK7OJDlam3Xplsdys08Ic8j6HApyy1jQsKQ/n7mt250WA6y53Cmb7qxD2mvtSg1O2rpaExYEpDf39vXTT4CZUOn42BF4eLMt4NOp1ZHWiwhRPjoyoFMbodF0qM3d4PWgX0fAVCi1oqI4+piereP5qrrmQofTHdbEv0Qv1qSOkY9Ss28pAW+ptwBzdJkxRWLQcmAXUJLHBcZdMobyLjtW63Cpt2YdJGPK3ShnfkvH87wg/k8Jgb5omW9EjXPKdo0ArzcWC65RNDUSZjUOFCvSRqVPk83fXJ/tviCizWNrKakxjZPkMGxNXnJgnlpCmV13Q64QDkHIDPcvMNUFKsCAwEAAaOCAdUwggHRMB0GA1UdDgQWBBSVWwMn2udOS3Y52i93jG5ooQ7BgDAfBgNVHSMEGDAWgBRFkf8vlNAeRdo6IPYleUMd7tWwODAOBgNVHQ8BAf8EBAMCB4AwXAYDVR0fBFUwUzBRoE+gTYZLcnN5bmM6Ly9sb2NhbGhvc3QvcmVwby9jaGlsZC8wLzQ1OTFGRjJGOTREMDFFNDVEQTNBMjBGNjI1Nzk0MzFERUVENUIwMzguY3JsMGQGCCsGAQUFBwEBBFgwVjBUBggrBgEFBQcwAoZIcnN5bmM6Ly9sb2NhbGhvc3QvcmVwby90YS8wLzQ1OTFGRjJGOTREMDFFNDVEQTNBMjBGNjI1Nzk0MzFERUVENUIwMzguY2VyMGcGCCsGAQUFBwELBFswWTBXBggrBgEFBQcwC4ZLcnN5bmM6Ly9sb2NhbGhvc3QvcmVwby9jaGlsZC8wLzQ1OTFGRjJGOTREMDFFNDVEQTNBMjBGNjI1Nzk0MzFERUVENUIwMzgubWZ0MBgGA1UdIAEB/wQOMAwwCgYIKwYBBQUHDgIwIQYIKwYBBQUHAQcBAf8EEjAQMAYEAgABBQAwBgQCAAIFADAVBggrBgEFBQcBCAEB/wQGMASgAgUAMA0GCSqGSIb3DQEBCwUAA4IBAQAZCydSUwBm4pH86KYKb/8m31bOltzDoU3kChW208lZzMKKlogu7A7BwnkfLPViYHcSpK5B6nn9hPJuPfaBEi38dsgjgV37WvUlM2/3dBMAiM/ZCzsI6rLNatSkF4+aHajlAWTF+5+0SXsYmfTir0HbQtUbC/zGELZBakdBf4RuoXFrt2B7eM0b/FYSFRLGpfE2/0fwWBgBBuCy3NRseL7HIitVoE4RGtxoRWI45Rn2y/zvOWxQxWpru3+h2pj0GIU40s+fkG5oe/qhMByLj+eMGJg3S57rzgvioJhHlBq97dRYjAQiSgPD/566alvB7tGG2qTiLAHjtii8YTi40CYzMYIBrDCCAagCAQOAFJVbAyfa505LdjnaL3eMbmihDsGAMA0GCWCGSAFlAwQCAQUAoGswGgYJKoZIhvcNAQkDMQ0GCyqGSIb3DQEJEAEaMBwGCSqGSIb3DQEJBTEPFw0yMDA0MjgxMzI4MDVaMC8GCSqGSIb3DQEJBDEiBCBQO8fl0BSSnTs34vjdbBk+WR6lyeI7vTaTckUtFbM1FjANBgkqhkiG9w0BAQEFAASCAQDg9BcQmmsSWk2zTh+f2xiBNB+RrWeJ9GY4WprbCWp1jzwZrvtqNwkAvbdqgFBCitLPQgWIcWDPXPU5Ffo5K/sTnGzzu5skFKlZqmkDbSdx31g+lZePoMxNMZCHfJAxoyBOp19ZFunAjRajwugugOdPY0aicy4X5BYfY6mUgXNhFQIt8HxxzEg/bYG6eVKX0pDOZc2pk4/tr1RTItt3dy2P5sMhrXY9HZByA5ZaLblslJ6gNRbmZjolSsHkthhN1KGrBKwwk107dj7jdwAGzPpikXv9LGPWLkwNXmMCD/fhEzvFqC0HmWdzRoj72W2l+rq6guas1Gc+HBhEY+8FI5R8",
                        "serial": "677183090431901400529013420263557102804715279449",
                        "expires": "2020-04-29T13:28:05.782640Z"
                      },
                      "old": "6c20076d4778a0116fae3a8f9cdc43b46b739383d2cf67c93c15db6e9e28e81e"
                    }
                  ],
                  "withdrawn": []
                }
              }
            }
          ]
        }
      }
    ]
  }
}