{
  "command": {
    "actor": "krill",
    "time": "2020-04-28T13:27:59.358476Z",
    "handle": "child",
    "version": 2,
    "sequence": 2,
    "details": {
      "add_parent": [
        "ta",
        "embedded"
      ]
    },
    "effect": {
      "events": [
        2
      ]
    }
  },
  "result": {
    "Events": [
      {
        "id": "child",
        "version": 2,
        "details": {
          "parent_added": [
            "ta",
            "embedded"
          ]
        }
      }
    ]
  }
}