{
  "command": {
    "actor": "krill",
    "time": "2020-04-28T13:28:03.528788Z",
    "handle": "child",
    "version": 18,
    "sequence": 11,
    "details": {
      "roa_definition_updates": {
        "added": [
          {
            "asn": 64496,
            "prefix": "192.168.0.0/24"
          }
        ],
        "removed": []
      }
    },
    "effect": {
      "events": [
        18,
        19,
        20
      ]
    }
  },
  "result": {
    "Events": [
      {
        "id": "child",
        "version": 18,
        "details": {
          "route_authorization_added": "192.168.0.0/24 => 64496"
        }
      },
      {
        "id": "child",
        "version": 19,
        "details": {
          "roas_updated": [
            "0",
            {
              "updated": {
                "192.168.0.0/24 => 64496": {
                  "object": {
                    "content": "MIIIvwYJKoZIhvcNAQcCoIIIsDCCCKwCAQMxDzANBglghkgBZQMEAgEFADAqBgsqhkiG9w0BCRABGKAbBBkwFwIDAPvwMBAwDgQCAAEwCDAGAwQAwKgAoIIGuDCCBrQwggWcoAMCAQICFCfWc8AkSrQsojOsz+VJm2+cpnVHMA0GCSqGSIb3DQEBCwUAMDMxMTAvBgNVBAMTKDc3QUE2OUU5NTcxRDFERDA5MkY3MzMxQ0Y3MTU3RDA3QjVFODk5N0IwHhcNMjAwNDI4MTMyMzAzWhcNMjEwNDI4MTMyODAzWjCCAi0xggIpMIICJQYDVQQDE4ICHDMwODIwMTBBMDI4MjAxMDEwMEYxMjk4RUE1MENDRDlEQjVFQzg4MEU5NkFFOUM2MzRFREIxREIzQzZBNUZGOUNCQTcxQzJCNTI2RDUwQzY3OThDMDY2QUE4MjZFQkNBNEMwQjREMzNBMDVBQjU3RjJERkZGMjBBMDY2M0QxN0E0MTI1QkVGOEE0RjA2RjQ1QjQwNjdFMzcwMUY2MkM0RDYyNkUzMzY0QkIyMjMxQ0FEMzdERTMwQTIwNEE5OUQwOEIzRTU4QjlEOTU5QTI2NTcxMzUwRjRDRjU3MzRGQ0E2MjQxQUJGMkJFOEQ5NEVEQTlFMEY5QTk2RTEwQTRFRUQxNEZDRUY4MEFCNjM2MDIwQTYyNDE4M0Q4ODUwMkQwRUFBQTAzNDRCODMwNEE4MzA2OUVCRDU2RjQxM0Q2M0JFQjIzRTJGNDAyNTVGNjYwRUQ4QjNGRDJERUE1NUM2N0YzMTQzRjdDQzYzNkRBRjQxODk3OTRCQkY1OTU4NDY1QjRFRkU3MjE4OTA3RURFM0RGRkMwODUyRjkyRjg1NDY3NDY3NDcwNDA3QzJEQTU3NjQzNUFGOUJBNDRDN0MyODI5RUFBMzlBMzUyNjRBODVBMzFERjQyRjg5MUY4RURDQzFFN0NENUIxODgyMjk0QzhCMTk5RkE0Qjc1OEVBNEMwREIzMDAxN0M3ODNFMDY1NTFGMDIwMzAxMDAwMTCCASIwDQYJKoZIhvcNAQEBBQADggEPADCCAQoCggEBAPEpjqUMzZ217IgOlq6cY07bHbPGpf+cunHCtSbVDGeYwGaqgm68pMC00zoFq1fy3/8goGY9F6QSW++KTwb0W0Bn43AfYsTWJuM2S7IjHK033jCiBKmdCLPli52VmiZXE1D0z1c0/KYkGr8r6NlO2p4PmpbhCk7tFPzvgKtjYCCmJBg9iFAtDqqgNEuDBKgwaevVb0E9Y76yPi9AJV9mDtiz/S3qVcZ/MUP3zGNtr0GJeUu/WVhGW07+chiQft49/8CFL5L4VGdGdHBAfC2ldkNa+bpEx8KCnqo5o1JkqFox30L4kfjtzB581bGIIpTIsZn6S3WOpMDbMAF8eD4GVR8CAwEAAaOCAcIwggG+MB0GA1UdDgQWBBQE7dU0aGiL0e1EXQCtSPDZf0ZA2TAfBgNVHSMEGDAWgBR3qmnpVx0d0JL3Mxz3FX0HteiZezAOBgNVHQ8BAf8EBAMCB4AwXAYDVR0fBFUwUzBRoE+gTYZLcnN5bmM6Ly9sb2NhbGhvc3QvcmVwby9jaGlsZC8wLzc3QUE2OUU5NTcxRDFERDA5MkY3MzMxQ0Y3MTU3RDA3QjVFODk5N0IuY3JsMGQGCCsGAQUFBwEBBFgwVjBUBggrBgEFBQcwAoZIcnN5bmM6Ly9sb2NhbGhvc3QvcmVwby90YS8wLzc3QUE2OUU5NTcxRDFERDA5MkY3MzMxQ0Y3MTU3RDA3QjVFODk5N0IuY2VyMG0GCCsGAQUFBwELBGEwXzBdBggrBgEFBQcwC4ZRcnN5bmM6Ly9sb2NhbGhvc3QvcmVwby9jaGlsZC8wLzMxMzkzMjJlMzEzNjM4MmUzMDJlMzAyZjMyMzQyMDNkM2UyMDM2MzQzNDM5MzYucm9hMBgGA1UdIAEB/wQOMAwwCgYIKwYBBQUHDgIwHwYIKwYBBQUHAQcBAf8EEDAOMAwEAgABMAYDBADAqAAwDQYJKoZIhvcNAQELBQADggEBAKDjeHpAaoeIItvESR61BuzpJkshVmrDLAP0bCP2I2MI5U/ZTll/9d4cPOop3BAIEwxCyKDG50EznocKON/K4ku51R1QRZFkGJRcMjDpi9i5KLY2qUdhuwRxWx3XjcXntki8D1h4jgWMe2JZ3BJqelLdr3ADp2bhsu0yNT1GeFK4bDH6CuWegPXlAf0LYcaINFom0qN/2BoN4VvD1QG3YRjp+Dnzlofc0QtPViHR47Cc3IAc6MRpauiJKj2P3V0Wol5KKI5D39STUPzIuAe+pqDg9IFDFZdwBcxZNp44VATcpuMAIqtR5sovQfOphJ61ESzdLMFFRk5H55A75HU1KdoxggGsMIIBqAIBA4AUBO3VNGhoi9HtRF0ArUjw2X9GQNkwDQYJYIZIAWUDBAIBBQCgazAaBgkqhkiG9w0BCQMxDQYLKoZIhvcNAQkQARgwHAYJKoZIhvcNAQkFMQ8XDTIwMDQyODEzMjgwM1owLwYJKoZIhvcNAQkEMSIEIIA1+SHksvs76om9zDeMicGhblwIMA0+22sRyzJiIX2LMA0GCSqGSIb3DQEBAQUABIIBAJhDx5DWP/exlkm8ONNRK0jJzlj2IT+zuV61PgHKlXp3sbIdtVS6VVsj3eOQSO1l5MT2jSmwQuiw0F0nTk3/azYD4aNYUdDno/ZX8T2ggipraawkjI+P/fQNR+Yot4a4+G7kwHqkhh38fbB8n+BukSYTPQWPD/JDa8BXm/+3mGivrmYGW5eneJXgHWlX+Ecyx3iiVxi+bAr5Y2euUZD6Aop+1agMWn2A4nw4krLxe4ptheaCM+XnIQJ5kqGsCQd78o9VTVJz3/hcYedDgCSQMrQfpFeWcaMa8W1C5kw2/x1yfle99M8fjUwqODbciek84r3di3Gu81pu2K44UHzlHNE=",
                    "serial": "227433082829951988231686001148082115983085827399",
                    "expires": "2021-04-28T13:28:03Z"
                  },
                  "name": "3139322e3136382e302e302f3234203d3e203634343936.roa",
                  "since": "2020-04-28T13:28:03.572478Z",
                  "replaces": null
                }
              },
              "removed": {}
            }
          ]
        }
      },
      {
        "id": "child",
        "version": 20,
        "details": {
          "object_set_updated": [
            "0",
            {
              "77AA69E9571D1DD092F7331CF7157D07B5E8997B": {
                "number": 5,
                "revocations_delta": {
                  "added": [
                    {
                      "serial": "360155886085140926952478977317316240252998415661",
                      "expires": "2020-04-29T13:28:03.368375Z"
                    }
                  ],
                  "dropped": []
                },
                "manifest_info": {
                  "name": "77AA69E9571D1DD092F7331CF7157D07B5E8997B.mft",
                  "current": {
                    "content": "MIIJngYJKoZIhvcNAQcCoIIJjzCCCYsCAQMxDzANBglghkgBZQMEAgEFADCB9QYLKoZIhvcNAQkQARqggeUEgeIwgd8CAQUYDzIwMjAwNDI4MTMyMzAzWhgPMjAyMDA0MjkxMzI4MDNaBglghkgBZQMEAgEwgawwURYsNzdBQTY5RTk1NzFEMUREMDkyRjczMzFDRjcxNTdEMDdCNUU4OTk3Qi5jcmwDIQD64zDyX1CBA942QDul6NmYQaFY6xXM2mQrcw87i8MTDjBXFjIzMTM5MzIyZTMxMzYzODJlMzAyZTMwMmYzMjM0MjAzZDNlMjAzNjM0MzQzOTM2LnJvYQMhABd9TZJO+0kk5cq3SNMOMTbhY0JBLUis2N3hp2qrC+MOoIIGyzCCBscwggWvoAMCAQICFGL/Km7ILVFTLGYNKs+KsgxFx2MMMA0GCSqGSIb3DQEBCwUAMDMxMTAvBgNVBAMTKDc3QUE2OUU5NTcxRDFERDA5MkY3MzMxQ0Y3MTU3RDA3QjVFODk5N0IwHhcNMjAwNDI4MTMyMzAzWhcNMjAwNTA1MTMyODAzWjCCAi0xggIpMIICJQYDVQQDE4ICHDMwODIwMTBBMDI4MjAxMDEwMEI5MDM2MzgxRUZDRDQyN0REMkZCREE1QzU4MDc2NkNFODMyQkU4NTM4RUI4QjlBQTAyMjJFMDRDNjcwNDYwRUE4MUEzOTJDOTZGNUExNDVFNzg1NkNENDc3Q0ExMjIxRTQ1RjAyRDZDRjQ1MEI4NjQ3MUVCRTAzRjEzQjg4NjMwQzFFQkI0QTBGOEM1QkFDOUI5QkU3RkE0RDMwMTNCOEY1MENBMkM1MzYyNkNBQTlDODk0RDVDQTkyMkEwNjhFNkNENkYzQTExNDMwRTM5Q0FGN0M1MkY3Qjk1MUM0MEYzRUE1MDlCQkFBRTU0RjQ5NzFDNzYzREMxQUM0MzNFOTYwN0IzNTQ0NkU2M0U1Q0E3NzlCQTYyQ0EwRDczNTRFOTQxQjQ3MzYxNERCQTExMUQ3ODMxRkE3NjIzRTM3QUZBNDJCOUY0N0U2MkE1OTA4RTRBNjRDNDY0QjJDMThFQ0FENENENkREN0ZCRkQwRENGRDY2REU2MUNGMEEyMDlEM0EzMUQ1MjBFQkM4OTY2NDI0QzFBQTVGNjlGMDA0NjBBMTU4QTEyRTkwNDNFMTUxMTI0NkE3Njk1NkJCMTlGMDA5N0QzN0E2NTM0MDFBMTUwNDQ0RDA5MDAzRDBDREM5RDREQTQzMzQwNTg3NDIxMDVENzAyQkZGMEM3MDkxNjA3MDIwMzAxMDAwMTCCASIwDQYJKoZIhvcNAQEBBQADggEPADCCAQoCggEBALkDY4HvzUJ90vvaXFgHZs6DK+hTjri5qgIi4ExnBGDqgaOSyW9aFF54Vs1HfKEiHkXwLWz0ULhkcevgPxO4hjDB67Sg+MW6ybm+f6TTATuPUMosU2JsqpyJTVypIqBo5s1vOhFDDjnK98Uve5UcQPPqUJu6rlT0lxx2PcGsQz6WB7NURuY+XKd5umLKDXNU6UG0c2FNuhEdeDH6diPjevpCufR+YqWQjkpkxGSywY7K1M1t1/v9Dc/WbeYc8KIJ06MdUg68iWZCTBql9p8ARgoVihLpBD4VESRqdpVrsZ8Al9N6ZTQBoVBETQkAPQzcnU2kM0BYdCEF1wK/8McJFgcCAwEAAaOCAdUwggHRMB0GA1UdDgQWBBTosSCRSZNzURhiOvKigbszI1po6jAfBgNVHSMEGDAWgBR3qmnpVx0d0JL3Mxz3FX0HteiZezAOBgNVHQ8BAf8EBAMCB4AwXAYDVR0fBFUwUzBRoE+gTYZLcnN5bmM6Ly9sb2NhbGhvc3QvcmVwby9jaGlsZC8wLzc3QUE2OUU5NTcxRDFERDA5MkY3MzMxQ0Y3MTU3RDA3QjVFODk5N0IuY3JsMGQGCCsGAQUFBwEBBFgwVjBUBggrBgEFBQcwAoZIcnN5bmM6Ly9sb2NhbGhvc3QvcmVwby90YS8wLzc3QUE2OUU5NTcxRDFERDA5MkY3MzMxQ0Y3MTU3RDA3QjVFODk5N0IuY2VyMGcGCCsGAQUFBwELBFswWTBXBggrBgEFBQcwC4ZLcnN5bmM6Ly9sb2NhbGhvc3QvcmVwby9jaGlsZC8wLzc3QUE2OUU5NTcxRDFERDA5MkY3MzMxQ0Y3MTU3RDA3QjVFODk5N0IubWZ0MBgGA1UdIAEB/wQOMAwwCgYIKwYBBQUHDgIwIQYIKwYBBQUHAQcBAf8EEjAQMAYEAgABBQAwBgQCAAIFADAVBggrBgEFBQcBCAEB/wQGMASgAgUAMA0GCSqGSIb3DQEBCwUAA4IBAQA8ZLtix6oKl27kLLJQETHmy5FO8Z3f7+mwO/Cc41iDHqrSRaqvtCOMT/mYvVpcgq5jMkQYXJnH6pHWd7H8FoZT1LbImKCkQD9fkHrmLWxVzjV6gdY/i/seXmAv4YDnPB5FzHQEEpaabzcan2rfPZ8Se3gcHNdj/clJtBjHvI+9E56aK4MtrM3WaHYYHaJwosUuiV7GInYaPK0fn7NQkUwuCEFZ5NMlB6NQ7d7AW1fOgSOMmjUYkHoifK44uhWf1qCF3ncKYu4uQSIQ9EgsW/hG/VLFDNeIqYs4MQL/c234vRwTVksXqspLASNDIKZW8sok2azPPGNO3gq1c9hZ1hVKMYIBrDCCAagCAQOAFOixIJFJk3NRGGI68qKBuzMjWmjqMA0GCWCGSAFlAwQCAQUAoGswGgYJKoZIhvcNAQkDMQ0GCyqGSIb3DQEJEAEaMBwGCSqGSIb3DQEJBTEPFw0yMDA0MjgxMzI4MDNaMC8GCSqGSIb3DQEJBDEiBCD88UyYVRvfhdpCpRmE5MrEp15A7auutywMPIoOTsy7jTANBgkqhkiG9w0BAQEFAASCAQB3bQooEcuzUiXOdl8yWvzE+MtDMJMa6485jyKTzMmzjWoWlDodzLi2+uD4KFpbibhdvONLLEz08BQGhfAN0NrbLUvyl8hFemYyG0WwFgpZtSfQaDP/RTwwjrzMpDlYJEZux9WiKOz3+v3vrF6+UbeqAwesaZUs1ZDkIpHgT6Tv3fYNptZNsWFJrZgRJ87V4dbjbJEDhzbcAfYC4S3rZBVGSNeO9cT3X2K5KyqyaseTpOlhiiOANwoY2rSOBLUYxe6tG4XPnbDIpwnuYBID+q8h4y98tAW49CwHPukK6Qif2j9BnDRen9QYsAWjzXh2Jwfpb4q2iXLoOKxn6aYJtVP+",
                    "serial": "565171481979511979490003186698225358774076924684",
                    "expires": "2020-04-29T13:28:03.576525Z"
                  },
                  "next_update": "2020-04-29T13:28:03.576525Z",
                  "old": "a8d2e78680c81ab704686ec1dd17375601b238cdaee1c282e0e8308570a56c1c"
                },
                "crl_info": {
                  "name": "77AA69E9571D1DD092F7331CF7157D07B5E8997B.crl",
                  "current": {
                    "content": "MIICmzCCAYMCAQEwDQYJKoZIhvcNAQELBQAwMzExMC8GA1UEAxMoNzdBQTY5RTk1NzFEMUREMDkyRjczMzFDRjcxNTdEMDdCNUU4OTk3QhcNMjAwNDI4MTMyMzAzWhcNMjAwNDI5MTMyODAzWjCB6jAlAhReip1HQnvrc6dYnQ9km4jIZpor8xcNMjAwNDI5MTMyODAwWjAlAhQKRJZM2i5wDkt5H1Jq8DNx+7XqGBcNMjEwNDI4MTMyODAwWjAlAhQqcSP5Ph+YH4ql3GDfJ3+KwIYsvRcNMjAwNDI5MTMyODAwWjAlAhRxccqxVgrtdnhgzpqf3uoK2BdVyBcNMjEwNDI4MTMyODAwWjAlAhQQ4vhc0QzC5zV/uJEM2YW5UaCwVhcNMjAwNDI5MTMyODAxWjAlAhQ/FfLPxW0clNNkRx4o+w+/bRp1LRcNMjAwNDI5MTMyODAzWqAvMC0wHwYDVR0jBBgwFoAUd6pp6VcdHdCS9zMc9xV9B7XomXswCgYDVR0UBAMCAQUwDQYJKoZIhvcNAQELBQADggEBAAZ0RLcbRuLkTM6dgN/t/mLRwAaUbE4L2fwz5gYa2YhWzHjs/RePP7dGPIK33qHmZdq1+ye6GkK9/tJSSUXIPMj+Dk1C4/GKmFQlmTZKhcVB4lKzU3Kn3WYzcAE1drvk6iwRLayLxoNapQRndFmoQGeKvYQWBWsupghZC7r6F7iUwD/IF6ZViE4vdkHVEaQijhWpuJbl7LYbJZkp54l8oXm0kzyJq1sxblTxPH/ngkrA8Ef3OlHy4DStjuB1c4N+PJ0y4vFRhLhhYwhAjQM2lJPKw/zIStv6iq+MOr5OThe/CWDsT+AZIKOjbVciMy18/HCeGJVk/CdM5oL4N0VXfvI=",
                    "serial": "5",
                    "expires": "2020-04-29T13:28:03.572910Z"
                  },
                  "old": "6b786c7905efdbc42ec8164284bbe6c21079265dc8ddb419e0fab7c3870b196d"
                },
                "objects_delta": {
                  "ca_repo": "rsync://localhost/repo/child/0",
                  "added": [
                    {
                      "name": "3139322e3136382e302e302f3234203d3e203634343936.roa",
                      "object": {
                        "content": "MIIIvwYJKoZIhvcNAQcCoIIIsDCCCKwCAQMxDzANBglghkgBZQMEAgEFADAqBgsqhkiG9w0BCRABGKAbBBkwFwIDAPvwMBAwDgQCAAEwCDAGAwQAwKgAoIIGuDCCBrQwggWcoAMCAQICFCfWc8AkSrQsojOsz+VJm2+cpnVHMA0GCSqGSIb3DQEBCwUAMDMxMTAvBgNVBAMTKDc3QUE2OUU5NTcxRDFERDA5MkY3MzMxQ0Y3MTU3RDA3QjVFODk5N0IwHhcNMjAwNDI4MTMyMzAzWhcNMjEwNDI4MTMyODAzWjCCAi0xggIpMIICJQYDVQQDE4ICHDMwODIwMTBBMDI4MjAxMDEwMEYxMjk4RUE1MENDRDlEQjVFQzg4MEU5NkFFOUM2MzRFREIxREIzQzZBNUZGOUNCQTcxQzJCNTI2RDUwQzY3OThDMDY2QUE4MjZFQkNBNEMwQjREMzNBMDVBQjU3RjJERkZGMjBBMDY2M0QxN0E0MTI1QkVGOEE0RjA2RjQ1QjQwNjdFMzcwMUY2MkM0RDYyNkUzMzY0QkIyMjMxQ0FEMzdERTMwQTIwNEE5OUQwOEIzRTU4QjlEOTU5QTI2NTcxMzUwRjRDRjU3MzRGQ0E2MjQxQUJGMkJFOEQ5NEVEQTlFMEY5QTk2RTEwQTRFRUQxNEZDRUY4MEFCNjM2MDIwQTYyNDE4M0Q4ODUwMkQwRUFBQTAzNDRCODMwNEE4MzA2OUVCRDU2RjQxM0Q2M0JFQjIzRTJGNDAyNTVGNjYwRUQ4QjNGRDJERUE1NUM2N0YzMTQzRjdDQzYzNkRBRjQxODk3OTRCQkY1OTU4NDY1QjRFRkU3MjE4OTA3RURFM0RGRkMwODUyRjkyRjg1NDY3NDY3NDcwNDA3QzJEQTU3NjQzNUFGOUJBNDRDN0MyODI5RUFBMzlBMzUyNjRBODVBMzFERjQyRjg5MUY4RURDQzFFN0NENUIxODgyMjk0QzhCMTk5RkE0Qjc1OEVBNEMwREIzMDAxN0M3ODNFMDY1NTFGMDIwMzAxMDAwMTCCASIwDQYJKoZIhvcNAQEBBQADggEPADCCAQoCggEBAPEpjqUMzZ217IgOlq6cY07bHbPGpf+cunHCtSbVDGeYwGaqgm68pMC00zoFq1fy3/8goGY9F6QSW++KTwb0W0Bn43AfYsTWJuM2S7IjHK033jCiBKmdCLPli52VmiZXE1D0z1c0/KYkGr8r6NlO2p4PmpbhCk7tFPzvgKtjYCCmJBg9iFAtDqqgNEuDBKgwaevVb0E9Y76yPi9AJV9mDtiz/S3qVcZ/MUP3zGNtr0GJeUu/WVhGW07+chiQft49/8CFL5L4VGdGdHBAfC2ldkNa+bpEx8KCnqo5o1JkqFox30L4kfjtzB581bGIIpTIsZn6S3WOpMDbMAF8eD4GVR8CAwEAAaOCAcIwggG+MB0GA1UdDgQWBBQE7dU0aGiL0e1EXQCtSPDZf0ZA2TAfBgNVHSMEGDAWgBR3qmnpVx0d0JL3Mxz3FX0HteiZezAOBgNVHQ8BAf8EBAMCB4AwXAYDVR0fBFUwUzBRoE+gTYZLcnN5bmM6Ly9sb2NhbGhvc3QvcmVwby9jaGlsZC8wLzc3QUE2OUU5NTcxRDFERDA5MkY3MzMxQ0Y3MTU3RDA3QjVFODk5N0IuY3JsMGQGCCsGAQUFBwEBBFgwVjBUBggrBgEFBQcwAoZIcnN5bmM6Ly9sb2NhbGhvc3QvcmVwby90YS8wLzc3QUE2OUU5NTcxRDFERDA5MkY3MzMxQ0Y3MTU3RDA3QjVFODk5N0IuY2VyMG0GCCsGAQUFBwELBGEwXzBdBggrBgEFBQcwC4ZRcnN5bmM6Ly9sb2NhbGhvc3QvcmVwby9jaGlsZC8wLzMxMzkzMjJlMzEzNjM4MmUzMDJlMzAyZjMyMzQyMDNkM2UyMDM2MzQzNDM5MzYucm9hMBgGA1UdIAEB/wQOMAwwCgYIKwYBBQUHDgIwHwYIKwYBBQUHAQcBAf8EEDAOMAwEAgABMAYDBADAqAAwDQYJKoZIhvcNAQELBQADggEBAKDjeHpAaoeIItvESR61BuzpJkshVmrDLAP0bCP2I2MI5U/ZTll/9d4cPOop3BAIEwxCyKDG50EznocKON/K4ku51R1QRZFkGJRcMjDpi9i5KLY2qUdhuwRxWx3XjcXntki8D1h4jgWMe2JZ3BJqelLdr3ADp2bhsu0yNT1GeFK4bDH6CuWegPXlAf0LYcaINFom0qN/2BoN4VvD1QG3YRjp+Dnzlofc0QtPViHR47Cc3IAc6MRpauiJKj2P3V0Wol5KKI5D39STUPzIuAe+pqDg9IFDFZdwBcxZNp44VATcpuMAIqtR5sovQfOphJ61ESzdLMFFRk5H55A75HU1KdoxggGsMIIBqAIBA4AUBO3VNGhoi9HtRF0ArUjw2X9GQNkwDQYJYIZIAWUDBAIBBQCgazAaBgkqhkiG9w0BCQMxDQYLKoZIhvcNAQkQARgwHAYJKoZIhvcNAQkFMQ8XDTIwMDQyODEzMjgwM1owLwYJKoZIhvcNAQkEMSIEIIA1+SHksvs76om9zDeMicGhblwIMA0+22sRyzJiIX2LMA0GCSqGSIb3DQEBAQUABIIBAJhDx5DWP/exlkm8ONNRK0jJzlj2IT+zuV61PgHKlXp3sbIdtVS6VVsj3eOQSO1l5MT2jSmwQuiw0F0nTk3/azYD4aNYUdDno/ZX8T2ggipraawkjI+P/fQNR+Yot4a4+G7kwHqkhh38fbB8n+BukSYTPQWPD/JDa8BXm/+3mGivrmYGW5eneJXgHWlX+Ecyx3iiVxi+bAr5Y2euUZD6Aop+1agMWn2A4nw4krLxe4ptheaCM+XnIQJ5kqGsCQd78o9VTVJz3/hcYedDgCSQMrQfpFeWcaMa8W1C5kw2/x1yfle99M8fjUwqODbciek84r3di3Gu81pu2K44UHzlHNE=",
                        "serial": "227433082829951988231686001148082115983085827399",
                        "expires": "2021-04-28T13:28:03Z"
                      }
                    }
                  ],
                  "updated": [
                    {
                      "name": "77AA69E9571D1DD092F7331CF7157D07B5E8997B.crl",
                      "object": {
                        "content": "MIICmzCCAYMCAQEwDQYJKoZIhvcNAQELBQAwMzExMC8GA1UEAxMoNzdBQTY5RTk1NzFEMUREMDkyRjczMzFDRjcxNTdEMDdCNUU4OTk3QhcNMjAwNDI4MTMyMzAzWhcNMjAwNDI5MTMyODAzWjCB6jAlAhReip1HQnvrc6dYnQ9km4jIZpor8xcNMjAwNDI5MTMyODAwWjAlAhQKRJZM2i5wDkt5H1Jq8DNx+7XqGBcNMjEwNDI4MTMyODAwWjAlAhQqcSP5Ph+YH4ql3GDfJ3+KwIYsvRcNMjAwNDI5MTMyODAwWjAlAhRxccqxVgrtdnhgzpqf3uoK2BdVyBcNMjEwNDI4MTMyODAwWjAlAhQQ4vhc0QzC5zV/uJEM2YW5UaCwVhcNMjAwNDI5MTMyODAxWjAlAhQ/FfLPxW0clNNkRx4o+w+/bRp1LRcNMjAwNDI5MTMyODAzWqAvMC0wHwYDVR0jBBgwFoAUd6pp6VcdHdCS9zMc9xV9B7XomXswCgYDVR0UBAMCAQUwDQYJKoZIhvcNAQELBQADggEBAAZ0RLcbRuLkTM6dgN/t/mLRwAaUbE4L2fwz5gYa2YhWzHjs/RePP7dGPIK33qHmZdq1+ye6GkK9/tJSSUXIPMj+Dk1C4/GKmFQlmTZKhcVB4lKzU3Kn3WYzcAE1drvk6iwRLayLxoNapQRndFmoQGeKvYQWBWsupghZC7r6F7iUwD/IF6ZViE4vdkHVEaQijhWpuJbl7LYbJZkp54l8oXm0kzyJq1sxblTxPH/ngkrA8Ef3OlHy4DStjuB1c4N+PJ0y4vFRhLhhYwhAjQM2lJPKw/zIStv6iq+MOr5OThe/CWDsT+AZIKOjbVciMy18/HCeGJVk/CdM5oL4N0VXfvI=",
                        "serial": "5",
                        "expires": "2020-04-29T13:28:03.572910Z"
                      },
                      "old": "6b786c7905efdbc42ec8164284bbe6c21079265dc8ddb419e0fab7c3870b196d"
                    },
                    {
                      "name": "77AA69E9571D1DD092F7331CF7157D07B5E8997B.mft",
                      "object": {
                        "content": "MIIJngYJKoZIhvcNAQcCoIIJjzCCCYsCAQMxDzANBglghkgBZQMEAgEFADCB9QYLKoZIhvcNAQkQARqggeUEgeIwgd8CAQUYDzIwMjAwNDI4MTMyMzAzWhgPMjAyMDA0MjkxMzI4MDNaBglghkgBZQMEAgEwgawwURYsNzdBQTY5RTk1NzFEMUREMDkyRjczMzFDRjcxNTdEMDdCNUU4OTk3Qi5jcmwDIQD64zDyX1CBA942QDul6NmYQaFY6xXM2mQrcw87i8MTDjBXFjIzMTM5MzIyZTMxMzYzODJlMzAyZTMwMmYzMjM0MjAzZDNlMjAzNjM0MzQzOTM2LnJvYQMhABd9TZJO+0kk5cq3SNMOMTbhY0JBLUis2N3hp2qrC+MOoIIGyzCCBscwggWvoAMCAQICFGL/Km7ILVFTLGYNKs+KsgxFx2MMMA0GCSqGSIb3DQEBCwUAMDMxMTAvBgNVBAMTKDc3QUE2OUU5NTcxRDFERDA5MkY3MzMxQ0Y3MTU3RDA3QjVFODk5N0IwHhcNMjAwNDI4MTMyMzAzWhcNMjAwNTA1MTMyODAzWjCCAi0xggIpMIICJQYDVQQDE4ICHDMwODIwMTBBMDI4MjAxMDEwMEI5MDM2MzgxRUZDRDQyN0REMkZCREE1QzU4MDc2NkNFODMyQkU4NTM4RUI4QjlBQTAyMjJFMDRDNjcwNDYwRUE4MUEzOTJDOTZGNUExNDVFNzg1NkNENDc3Q0ExMjIxRTQ1RjAyRDZDRjQ1MEI4NjQ3MUVCRTAzRjEzQjg4NjMwQzFFQkI0QTBGOEM1QkFDOUI5QkU3RkE0RDMwMTNCOEY1MENBMkM1MzYyNkNBQTlDODk0RDVDQTkyMkEwNjhFNkNENkYzQTExNDMwRTM5Q0FGN0M1MkY3Qjk1MUM0MEYzRUE1MDlCQkFBRTU0RjQ5NzFDNzYzREMxQUM0MzNFOTYwN0IzNTQ0NkU2M0U1Q0E3NzlCQTYyQ0EwRDczNTRFOTQxQjQ3MzYxNERCQTExMUQ3ODMxRkE3NjIzRTM3QUZBNDJCOUY0N0U2MkE1OTA4RTRBNjRDNDY0QjJDMThFQ0FENENENkREN0ZCRkQwRENGRDY2REU2MUNGMEEyMDlEM0EzMUQ1MjBFQkM4OTY2NDI0QzFBQTVGNjlGMDA0NjBBMTU4QTEyRTkwNDNFMTUxMTI0NkE3Njk1NkJCMTlGMDA5N0QzN0E2NTM0MDFBMTUwNDQ0RDA5MDAzRDBDREM5RDREQTQzMzQwNTg3NDIxMDVENzAyQkZGMEM3MDkxNjA3MDIwMzAxMDAwMTCCASIwDQYJKoZIhvcNAQEBBQADggEPADCCAQoCggEBALkDY4HvzUJ90vvaXFgHZs6DK+hTjri5qgIi4ExnBGDqgaOSyW9aFF54Vs1HfKEiHkXwLWz0ULhkcevgPxO4hjDB67Sg+MW6ybm+f6TTATuPUMosU2JsqpyJTVypIqBo5s1vOhFDDjnK98Uve5UcQPPqUJu6rlT0lxx2PcGsQz6WB7NURuY+XKd5umLKDXNU6UG0c2FNuhEdeDH6diPjevpCufR+YqWQjkpkxGSywY7K1M1t1/v9Dc/WbeYc8KIJ06MdUg68iWZCTBql9p8ARgoVihLpBD4VESRqdpVrsZ8Al9N6ZTQBoVBETQkAPQzcnU2kM0BYdCEF1wK/8McJFgcCAwEAAaOCAdUwggHRMB0GA1UdDgQWBBTosSCRSZNzURhiOvKigbszI1po6jAfBgNVHSMEGDAWgBR3qmnpVx0d0JL3Mxz3FX0HteiZezAOBgNVHQ8BAf8EBAMCB4AwXAYDVR0fBFUwUzBRoE+gTYZLcnN5bmM6Ly9sb2NhbGhvc3QvcmVwby9jaGlsZC8wLzc3QUE2OUU5NTcxRDFERDA5MkY3MzMxQ0Y3MTU3RDA3QjVFODk5N0IuY3JsMGQGCCsGAQUFBwEBBFgwVjBUBggrBgEFBQcwAoZIcnN5bmM6Ly9sb2NhbGhvc3QvcmVwby90YS8wLzc3QUE2OUU5NTcxRDFERDA5MkY3MzMxQ0Y3MTU3RDA3QjVFODk5N0IuY2VyMGcGCCsGAQUFBwELBFswWTBXBggrBgEFBQcwC4ZLcnN5bmM6Ly9sb2NhbGhvc3QvcmVwby9jaGlsZC8wLzc3QUE2OUU5NTcxRDFERDA5MkY3MzMxQ0Y3MTU3RDA3QjVFODk5N0IubWZ0MBgGA1UdIAEB/wQOMAwwCgYIKwYBBQUHDgIwIQYIKwYBBQUHAQcBAf8EEjAQMAYEAgABBQAwBgQCAAIFADAVBggrBgEFBQcBCAEB/wQGMASgAgUAMA0GCSqGSIb3DQEBCwUAA4IBAQA8ZLtix6oKl27kLLJQETHmy5FO8Z3f7+mwO/Cc41iDHqrSRaqvtCOMT/mYvVpcgq5jMkQYXJnH6pHWd7H8FoZT1LbImKCkQD9fkHrmLWxVzjV6gdY/i/seXmAv4YDnPB5FzHQEEpaabzcan2rfPZ8Se3gcHNdj/clJtBjHvI+9E56aK4MtrM3WaHYYHaJwosUuiV7GInYaPK0fn7NQkUwuCEFZ5NMlB6NQ7d7AW1fOgSOMmjUYkHoifK44uhWf1qCF3ncKYu4uQSIQ9EgsW/hG/VLFDNeIqYs4MQL/c234vRwTVksXqspLASNDIKZW8sok2azPPGNO3gq1c9hZ1hVKMYIBrDCCAagCAQOAFOixIJFJk3NRGGI68qKBuzMjWmjqMA0GCWCGSAFlAwQCAQUAoGswGgYJKoZIhvcNAQkDMQ0GCyqGSIb3DQEJEAEaMBwGCSqGSIb3DQEJBTEPFw0yMDA0MjgxMzI4MDNaMC8GCSqGSIb3DQEJBDEiBCD88UyYVRvfhdpCpRmE5MrEp15A7auutywMPIoOTsy7jTANBgkqhkiG9w0BAQEFAASCAQB3bQooEcuzUiXOdl8yWvzE+MtDMJMa6485jyKTzMmzjWoWlDodzLi2+uD4KFpbibhdvONLLEz08BQGhfAN0NrbLUvyl8hFemYyG0WwFgpZtSfQaDP/RTwwjrzMpDlYJEZux9WiKOz3+v3vrF6+UbeqAwesaZUs1ZDkIpHgT6Tv3fYNptZNsWFJrZgRJ87V4dbjbJEDhzbcAfYC4S3rZBVGSNeO9cT3X2K5KyqyaseTpOlhiiOANwoY2rSOBLUYxe6tG4XPnbDIpwnuYBID+q8h4y98tAW49CwHPukK6Qif2j9BnDRen9QYsAWjzXh2Jwfpb4q2iXLoOKxn6aYJtVP+",
                        "serial": "565171481979511979490003186698225358774076924684",
                        "expires": "2020-04-29T13:28:03.576525Z"
                      },
                      "old": "a8d2e78680c81ab704686ec1dd17375601b238cdaee1c282e0e8308570a56c1c"
                    }
                  ],
                  "withdrawn": []
                }
              }
            }
          ]
        }
      }
    ]
  }
}