{
  "command": {
    "actor": "krill",
    "time": "2020-04-30T14:34:56.239809Z",
    "handle": "child",
    "version": 11,
    "sequence": 9,
    "details": {
      "update_rcvd_cert": [
        "0",
        {
          "asn": "",
          "v4": "10.0.0.0/24",
          "v6": ""
        }
      ]
    },
    "effect": {
      "events": [
        11,
        12
      ]
    }
  },
  "result": {
    "Events": [
      {
        "id": "child",
        "version": 11,
        "details": {
          "certificate_received": [
            "0",
            "C4CF00E42E046EBE5275589D3462F1B1F43FBA85",
            {
              "cert": "MIIHAzCCBeugAwIBAgIUWDYoCORcW2cRqSoLuCkt1hlQv6YwDQYJKoZIhvcNAQELBQAwggItMYICKTCCAiUGA1UEAxOCAhwzMDgyMDEwQTAyODIwMTAxMDBERjI0MzU0OTYyODI5MDRBMjg1ODNGRTg2NjQwMDY3RkEwREU0NDFDM0ZDRkE2RUI3OTFEQzVBQzlGRTlBOTBGMDFBNjMyRDE0OEMyMjJBMDBDQTJEN0MyRjU1Q0IyQjIxQjRERjdDQkU3RjA3MDU0QTk4OTZFRjdGNzE0QTcxRjZBNjc3ODY4QkUwNTRBQkUzNUY0Q0E1NTc1NTM3QzU4QzQ0MERDRDA5N0ZCODRGRTY3NEVDREE5RTYxMTkyOTkzQ0IwNTQ4OEI0RDY0MUMyMDFEQjM3RjFFQjE1QzIyMEMwQkRDRTZFQ0IyN0YzRUMyODRCMDIwOTEyRDM0MDVCNTRDMjYyNkE4NzVFOEZDRjk4ODNERTZCNzEyMTU1REE1NDY2RkQ1NTcyMzE3NkRBQzQwNDA4QTI2RTNFMjRBM0EwMDY1QThBMjk2MDg0MTgxMDlFRDMzMUI0QjM4NzJBMkZEOTI2MkRGODc2ODA1RTZGRjcwRTI4RkM1MDFGMjJENURENjgwOUQ4OTI5MjM0RTQzNkI4QUUxRjcwNTMwRTI3NjBGRjNCRkNBOTQ4RjNDRTlFNkJBN0ExRUJBQUFFNTI2M0Q0Q0U5QUExMDU5M0E0REUzN0RBQzE0ODdFRUU0NkE2Q0JCNkQ4NDAyRjhERTIxQUVCRjU1RjMxODkxNzAyMDMwMTAwMDEwHhcNMjAwNDMwMTQyOTU2WhcNMjEwNDMwMTQzNDU2WjAzMTEwLwYDVQQDEyhDNENGMDBFNDJFMDQ2RUJFNTI3NTU4OUQzNDYyRjFCMUY0M0ZCQTg1MIIBIjANBgkqhkiG9w0BAQEFAAOCAQ8AMIIBCgKCAQEA3L74WU+YUCEP5QwcGuHXEWbGCKafQ8bKsyHcoS57n1iGilV8J/D3iNQYDB0EY/AWT3rAr4hqpdBAj986o3r0wyfQunQPxqCkWpEs/Qxk5TXi90aWukCxgz5gT3mbclXmaAEuNiGceZrO92reaMNC7eXQ+s2hYHEnMlMmqVBKod9wB6FKwwloQbJHqgtYsKUlH2fjLoHWkJSxtOwZE6ILS43xkn7H/0srfh+1RQoJXX4UxwATZphQUjYYyUBtQf+Fc0UuE3kdAIxHw0qNDNsP3geIqh5lSW5jkplGTe08icw0PGmq5x0Amju8MQmW4VelP1JZT1WwhPh5oJh01leQWQIDAQABo4ICETCCAg0wDwYDVR0TAQH/BAUwAwEB/zAdBgNVHQ4EFgQUxM8A5C4Ebr5SdVidNGLxsfQ/uoUwHwYDVR0jBBgwFoAUPhNY2rYkJaxTFVTPQ6+EIJeblHYwDgYDVR0PAQH/BAQDAgEGMFkGA1UdHwRSMFAwTqBMoEqGSHJzeW5jOi8vbG9jYWxob3N0L3JlcG8vdGEvMC8zRTEzNThEQUI2MjQyNUFDNTMxNTU0Q0Y0M0FGODQyMDk3OUI5NDc2LmNybDA8BggrBgEFBQcBAQQwMC4wLAYIKwYBBQUHMAKGIHJzeW5jOi8vbG9jYWxob3N0L3JlcG8vdGEvdGEuY2VyMIHVBggrBgEFBQcBCwSByDCBxTArBggrBgEFBQcwBYYfcnN5bmM6Ly9sb2NhbGhvc3QvcmVwby9jaGlsZC8wLzBXBggrBgEFBQcwCoZLcnN5bmM6Ly9sb2NhbGhvc3QvcmVwby9jaGlsZC8wL0M0Q0YwMEU0MkUwNDZFQkU1Mjc1NTg5RDM0NjJGMUIxRjQzRkJBODUubWZ0MD0GCCsGAQUFBzANhjFodHRwczovL2xvY2FsaG9zdDozMDAwL3Rlc3QtcnJkcC9ub3RpZmljYXRpb24ueG1sMBgGA1UdIAEB/wQOMAwwCgYIKwYBBQUHDgIwHwYIKwYBBQUHAQcBAf8EEDAOMAwEAgABMAYDBAAKAAAwDQYJKoZIhvcNAQELBQADggEBAGDmnzP5S2dUV2D27BDk3kq5hKEp4AeM86+WUrvyaGPCkzYIKN0RiMXFnCNhC8C/hIR+5fM5NpkLFU8SmZHFuSMEcbWI++sAorjJBFeHjEs7I0I7fVIXEr4+tdlLFeFWU+MVMvBqk87D7q2NpOJTRPJoZdZ07YOSaiue+vb+LxIXTL7p5BRAExmUO8en9W0LSW5pS0cUS2YQhKevjGVQHkzuUo93n46S+nQ2/+jcJERCCrJ2akBtqvkySPLqyVBiMGNbcjEAqOG/GbXL79urUahvtbFmgRfZwtOXFge2t+DmyqFxJmWB7fy8lwOgjojV+VPFtkOHYTU1njqtWTqIsiA=",
              "uri": "rsync://localhost/repo/ta/0/C4CF00E42E046EBE5275589D3462F1B1F43FBA85.cer",
              "resources": {
                "asn": "",
                "v4": "10.0.0.0/24",
                "v6": ""
              }
            }
          ]
        }
      },
      {
        "id": "child",
        "version": 12,
        "details": {
          "object_set_updated": [
            "0",
            {
              "C4CF00E42E046EBE5275589D3462F1B1F43FBA85": {
                "number": 3,
                "revocations_delta": {
                  "added": [
                    {
                      "serial": "46277111715989824165134279159004028473641765508",
                      "expires": "2020-05-01T14:34:55.097736Z"
                    }
                  ],
                  "dropped": []
                },
                "manifest_info": {
                  "name": "C4CF00E42E046EBE5275589D3462F1B1F43FBA85.mft",
                  "current": {
                    "content": "MIIJRAYJKoZIhvcNAQcCoIIJNTCCCTECAQMxDzANBglghkgBZQMEAgEFADCBmwYLKoZIhvcNAQkQARqggYsEgYgwgYUCAQMYDzIwMjAwNDMwMTQyOTU2WhgPMjAyMDA1MDExNDM0NTZaBglghkgBZQMEAgEwUzBRFixDNENGMDBFNDJFMDQ2RUJFNTI3NTU4OUQzNDYyRjFCMUY0M0ZCQTg1LmNybAMhAHOIRJim7DoB/r7pgUCF9dDcCCzV6Z8p9fIUtKTY7wx6oIIGyzCCBscwggWvoAMCAQICFE1XbsmaB3dqhkW1c+7IA4qpbEzUMA0GCSqGSIb3DQEBCwUAMDMxMTAvBgNVBAMTKEM0Q0YwMEU0MkUwNDZFQkU1Mjc1NTg5RDM0NjJGMUIxRjQzRkJBODUwHhcNMjAwNDMwMTQyOTU2WhcNMjAwNTA3MTQzNDU2WjCCAi0xggIpMIICJQYDVQQDE4ICHDMwODIwMTBBMDI4MjAxMDEwMDlCQkEwNEQ2RDFGN0Y4MkZERjlGMzg4QjU3MDQxMEEwOEEwMzY4MDU5RDYzOEFEQkQ3MkZDNzZGOTlEREJDNTBGRDMwQjVBRTc3RkUzNjI1QkQxMUI3MDA1QkYxQjU2REIxQjVGNUY0NTFCN0ZBQ0JGMUJDM0U4MkM4MTBBMTM1MjI1QjI1NDlBMkMxQTNBQ0FCNzA4MkExQTk0MTNEN0ZCQTQ2NzFCMDdFRDhCRUY0ODc4NUFFNjk5MjdEOUM0QUJGN0M0QjA4NkZDNTBBRDgyMkQwOTYwQTFDOTk3N0NDMTM0RjU1NkI1Q0MzMzI0QjFBM0REQjQ5OUZDRUQwODZCQkU1MEQzM0QxMjY4RUI4QzMxNDlBQjA0QjcxRUExN0QzQUExNDc0MDYyQzE1MjI4OTcxMDIzNjQ0RDUzRkVERTdBODFEMEIyRTc0NjZCRDBFMjU3RDE3REYyQjRGMjhEN0QwOEFFMjhDREUyQjE5OTNBQTc1N0U0M0U0OUYxQjc5REI1OEI2M0Y4MjEzNzBCMEZDNkUzMjQ0QUY1MDA5OTg5RjZDOTEzNUVDQUU5QTE2REVBMjAyNTc3QzRBQkExNkYwNEI5QTFGRjlBQzE3MkFGM0UxRTdBODVDNUVBQTNFNDA0RTUzMzQyRUNBRDc2Q0NBOENBMjMzNjExNkZEMDIwMzAxMDAwMTCCASIwDQYJKoZIhvcNAQEBBQADggEPADCCAQoCggEBAJu6BNbR9/gv3584i1cEEKCKA2gFnWOK29cvx2+Z3bxQ/TC1rnf+NiW9EbcAW/G1bbG19fRRt/rL8bw+gsgQoTUiWyVJosGjrKtwgqGpQT1/ukZxsH7YvvSHha5pkn2cSr98SwhvxQrYItCWChyZd8wTT1VrXMMySxo920mfztCGu+UNM9EmjrjDFJqwS3HqF9OqFHQGLBUiiXECNkTVP+3nqB0LLnRmvQ4lfRffK08o19CK4ozeKxmTqnV+Q+SfG3nbWLY/ghNwsPxuMkSvUAmYn2yRNeyumhbeogJXfEq6FvBLmh/5rBcq8+HnqFxeqj5ATlM0LsrXbMqMojNhFv0CAwEAAaOCAdUwggHRMB0GA1UdDgQWBBT4UApDSIceOYg+dMFTf40NqydNpDAfBgNVHSMEGDAWgBTEzwDkLgRuvlJ1WJ00YvGx9D+6hTAOBgNVHQ8BAf8EBAMCB4AwXAYDVR0fBFUwUzBRoE+gTYZLcnN5bmM6Ly9sb2NhbGhvc3QvcmVwby9jaGlsZC8wL0M0Q0YwMEU0MkUwNDZFQkU1Mjc1NTg5RDM0NjJGMUIxRjQzRkJBODUuY3JsMGQGCCsGAQUFBwEBBFgwVjBUBggrBgEFBQcwAoZIcnN5bmM6Ly9sb2NhbGhvc3QvcmVwby90YS8wL0M0Q0YwMEU0MkUwNDZFQkU1Mjc1NTg5RDM0NjJGMUIxRjQzRkJBODUuY2VyMGcGCCsGAQUFBwELBFswWTBXBggrBgEFBQcwC4ZLcnN5bmM6Ly9sb2NhbGhvc3QvcmVwby9jaGlsZC8wL0M0Q0YwMEU0MkUwNDZFQkU1Mjc1NTg5RDM0NjJGMUIxRjQzRkJBODUubWZ0MBgGA1UdIAEB/wQOMAwwCgYIKwYBBQUHDgIwIQYIKwYBBQUHAQcBAf8EEjAQMAYEAgABBQAwBgQCAAIFADAVBggrBgEFBQcBCAEB/wQGMASgAgUAMA0GCSqGSIb3DQEBCwUAA4IBAQBPlv4Ama7PmaMbM/oKbfdWp+I2zJLY4P2jHZP7bH/NgDNEL7SYMO9W8/a7zJZu/GZQtctgf7oSf/X1UZ4kfHgEzmAqa02tkVHDEsgqeRkI+IvJvNHTrfjHEKw1BPK4LrRcgW9W28G/2pyNMuuc8eVwc3Dx3AbkAazN+lZn8pP11Z7BGK00unoh0fSvJNyG+glfBxB/0G3JceR6n4HDYtC8+AsonJEYfGHPbz7kJgqP7+jDv0YVg6XTo6PwlmMDk73yrOrdKl5ssYDi4FuqCbZKlTjYu4mk5YdbWj0az4MyuBrPGlJOGobZfPJtG2XdMMPYmCLL2CquV0BXnyuq2ab4MYIBrDCCAagCAQOAFPhQCkNIhx45iD50wVN/jQ2rJ02kMA0GCWCGSAFlAwQCAQUAoGswGgYJKoZIhvcNAQkDMQ0GCyqGSIb3DQEJEAEaMBwGCSqGSIb3DQEJBTEPFw0yMDA0MzAxNDM0NTZaMC8GCSqGSIb3DQEJBDEiBCBk/gjFThWDIdBnrUCkfc5uVYMLQaY8Dt2XJULIUYlfTDANBgkqhkiG9w0BAQEFAASCAQApUIrG/JYkY6HyBN7JUcplhhW5bBYi41/iIJp7m/Pk9WOc8g4vZf/kU5PzO+40JoykAAz0ntmCSCNk6waI4hAp7JgogjCU3cr7Pt3lWmAhjJZFtWxUzjEOssTSpNsElh/ECX67rTOrKdG3ri9Yg2UFYM7PydJimmqDSJ4V+FGNiDqa8sRw3BIe51JafKNmYyYBzT+f+6Mh1ElD7yF8R2cYnADxHZo4D17pU8YQMpuZ6fTJ6fUTH5jlKHCfv09aksw0NkOkSdi8i2iAoCFb03dknYBNGkSJUm3xUYpFZ2mcw6dJ/gg41yBvPi3/jjJytSYDlHkRFvaAOZQQ79/9J/5g",
                    "serial": "441542105138655931790398084213321140006200036564",
                    "expires": "2020-05-01T14:34:56.243630Z"
                  },
                  "next_update": "2020-05-01T14:34:56.243630Z",
                  "old": "a0441741d91335eeb21fe672856e83922bee3c4f074f72421c3e22313414ff94"
                },
                "crl_info": {
                  "name": "C4CF00E42E046EBE5275589D3462F1B1F43FBA85.crl",
                  "current": {
                    "content": "MIIB/TCB5gIBATANBgkqhkiG9w0BAQsFADAzMTEwLwYDVQQDEyhDNENGMDBFNDJFMDQ2RUJFNTI3NTU4OUQzNDYyRjFCMUY0M0ZCQTg1Fw0yMDA0MzAxNDI5NTZaFw0yMDA1MDExNDM0NTZaME4wJQIUIh9HCG7d/ue4UdQhBpcj9dKIsIwXDTIwMDUwMTE0MzQ1NFowJQIUCBsjMHx90Xq9mnDIRIrOjoHjioQXDTIwMDUwMTE0MzQ1NVqgLzAtMB8GA1UdIwQYMBaAFMTPAOQuBG6+UnVYnTRi8bH0P7qFMAoGA1UdFAQDAgEDMA0GCSqGSIb3DQEBCwUAA4IBAQAzerwuKupaGyLPhpXyyYaGFrtgCCWKx+Nv7/eutxMYKWkJLyz/29M5N4w5OO2xSmKkKkfmkxWj4A1vlmYTS+9OJPqV/wbHIrkX+EGLNJM7elZz7m9w9PnXCHzxnHV6qyif7AteOZjhr0I9Kw1JfIEOa/E7+OWWP76zkq/4mUmCx3kdC+zleMcSb7jhCHzr5xQYJkKA3DQwpiYngiSksPHJeUjFB6dRj0MPUpWL222UojXDfVg98RKR+f/rKkO8vp84ggEBEVBUEqf6C2UEfMIeO+tx7YNFh2J2BbAWs+uvij55M9rF/Zbbwlg+vS4aTFw/EzTqQWCzdcOgofonJP9n",
                    "serial": "3",
                    "expires": "2020-05-01T14:34:56.240305Z"
                  },
                  "old": "6b28ef156d1837b5ee2f3add7d5b8b4a964b90a51082dce40df4ae9861f6e2b4"
                },
                "objects_delta": {
                  "ca_repo": "rsync://localhost/repo/child/0",
                  "added": [],
                  "updated": [
                    {
                      "name": "C4CF00E42E046EBE5275589D3462F1B1F43FBA85.crl",
                      "object": {
                        "content": "MIIB/TCB5gIBATANBgkqhkiG9w0BAQsFADAzMTEwLwYDVQQDEyhDNENGMDBFNDJFMDQ2RUJFNTI3NTU4OUQzNDYyRjFCMUY0M0ZCQTg1Fw0yMDA0MzAxNDI5NTZaFw0yMDA1MDExNDM0NTZaME4wJQIUIh9HCG7d/ue4UdQhBpcj9dKIsIwXDTIwMDUwMTE0MzQ1NFowJQIUCBsjMHx90Xq9mnDIRIrOjoHjioQXDTIwMDUwMTE0MzQ1NVqgLzAtMB8GA1UdIwQYMBaAFMTPAOQuBG6+UnVYnTRi8bH0P7qFMAoGA1UdFAQDAgEDMA0GCSqGSIb3DQEBCwUAA4IBAQAzerwuKupaGyLPhpXyyYaGFrtgCCWKx+Nv7/eutxMYKWkJLyz/29M5N4w5OO2xSmKkKkfmkxWj4A1vlmYTS+9OJPqV/wbHIrkX+EGLNJM7elZz7m9w9PnXCHzxnHV6qyif7AteOZjhr0I9Kw1JfIEOa/E7+OWWP76zkq/4mUmCx3kdC+zleMcSb7jhCHzr5xQYJkKA3DQwpiYngiSksPHJeUjFB6dRj0MPUpWL222UojXDfVg98RKR+f/rKkO8vp84ggEBEVBUEqf6C2UEfMIeO+tx7YNFh2J2BbAWs+uvij55M9rF/Zbbwlg+vS4aTFw/EzTqQWCzdcOgofonJP9n",
                        "serial": "3",
                        "expires": "2020-05-01T14:34:56.240305Z"
                      },
                      "old": "6b28ef156d1837b5ee2f3add7d5b8b4a964b90a51082dce40df4ae9861f6e2b4"
                    },
                    {
                      "name": "C4CF00E42E046EBE5275589D3462F1B1F43FBA85.mft",
                      "object": {
                        "content": "MIIJRAYJKoZIhvcNAQcCoIIJNTCCCTECAQMxDzANBglghkgBZQMEAgEFADCBmwYLKoZIhvcNAQkQARqggYsEgYgwgYUCAQMYDzIwMjAwNDMwMTQyOTU2WhgPMjAyMDA1MDExNDM0NTZaBglghkgBZQMEAgEwUzBRFixDNENGMDBFNDJFMDQ2RUJFNTI3NTU4OUQzNDYyRjFCMUY0M0ZCQTg1LmNybAMhAHOIRJim7DoB/r7pgUCF9dDcCCzV6Z8p9fIUtKTY7wx6oIIGyzCCBscwggWvoAMCAQICFE1XbsmaB3dqhkW1c+7IA4qpbEzUMA0GCSqGSIb3DQEBCwUAMDMxMTAvBgNVBAMTKEM0Q0YwMEU0MkUwNDZFQkU1Mjc1NTg5RDM0NjJGMUIxRjQzRkJBODUwHhcNMjAwNDMwMTQyOTU2WhcNMjAwNTA3MTQzNDU2WjCCAi0xggIpMIICJQYDVQQDE4ICHDMwODIwMTBBMDI4MjAxMDEwMDlCQkEwNEQ2RDFGN0Y4MkZERjlGMzg4QjU3MDQxMEEwOEEwMzY4MDU5RDYzOEFEQkQ3MkZDNzZGOTlEREJDNTBGRDMwQjVBRTc3RkUzNjI1QkQxMUI3MDA1QkYxQjU2REIxQjVGNUY0NTFCN0ZBQ0JGMUJDM0U4MkM4MTBBMTM1MjI1QjI1NDlBMkMxQTNBQ0FCNzA4MkExQTk0MTNEN0ZCQTQ2NzFCMDdFRDhCRUY0ODc4NUFFNjk5MjdEOUM0QUJGN0M0QjA4NkZDNTBBRDgyMkQwOTYwQTFDOTk3N0NDMTM0RjU1NkI1Q0MzMzI0QjFBM0REQjQ5OUZDRUQwODZCQkU1MEQzM0QxMjY4RUI4QzMxNDlBQjA0QjcxRUExN0QzQUExNDc0MDYyQzE1MjI4OTcxMDIzNjQ0RDUzRkVERTdBODFEMEIyRTc0NjZCRDBFMjU3RDE3REYyQjRGMjhEN0QwOEFFMjhDREUyQjE5OTNBQTc1N0U0M0U0OUYxQjc5REI1OEI2M0Y4MjEzNzBCMEZDNkUzMjQ0QUY1MDA5OTg5RjZDOTEzNUVDQUU5QTE2REVBMjAyNTc3QzRBQkExNkYwNEI5QTFGRjlBQzE3MkFGM0UxRTdBODVDNUVBQTNFNDA0RTUzMzQyRUNBRDc2Q0NBOENBMjMzNjExNkZEMDIwMzAxMDAwMTCCASIwDQYJKoZIhvcNAQEBBQADggEPADCCAQoCggEBAJu6BNbR9/gv3584i1cEEKCKA2gFnWOK29cvx2+Z3bxQ/TC1rnf+NiW9EbcAW/G1bbG19fRRt/rL8bw+gsgQoTUiWyVJosGjrKtwgqGpQT1/ukZxsH7YvvSHha5pkn2cSr98SwhvxQrYItCWChyZd8wTT1VrXMMySxo920mfztCGu+UNM9EmjrjDFJqwS3HqF9OqFHQGLBUiiXECNkTVP+3nqB0LLnRmvQ4lfRffK08o19CK4ozeKxmTqnV+Q+SfG3nbWLY/ghNwsPxuMkSvUAmYn2yRNeyumhbeogJXfEq6FvBLmh/5rBcq8+HnqFxeqj5ATlM0LsrXbMqMojNhFv0CAwEAAaOCAdUwggHRMB0GA1UdDgQWBBT4UApDSIceOYg+dMFTf40NqydNpDAfBgNVHSMEGDAWgBTEzwDkLgRuvlJ1WJ00YvGx9D+6hTAOBgNVHQ8BAf8EBAMCB4AwXAYDVR0fBFUwUzBRoE+gTYZLcnN5bmM6Ly9sb2NhbGhvc3QvcmVwby9jaGlsZC8wL0M0Q0YwMEU0MkUwNDZFQkU1Mjc1NTg5RDM0NjJGMUIxRjQzRkJBODUuY3JsMGQGCCsGAQUFBwEBBFgwVjBUBggrBgEFBQcwAoZIcnN5bmM6Ly9sb2NhbGhvc3QvcmVwby90YS8wL0M0Q0YwMEU0MkUwNDZFQkU1Mjc1NTg5RDM0NjJGMUIxRjQzRkJBODUuY2VyMGcGCCsGAQUFBwELBFswWTBXBggrBgEFBQcwC4ZLcnN5bmM6Ly9sb2NhbGhvc3QvcmVwby9jaGlsZC8wL0M0Q0YwMEU0MkUwNDZFQkU1Mjc1NTg5RDM0NjJGMUIxRjQzRkJBODUubWZ0MBgGA1UdIAEB/wQOMAwwCgYIKwYBBQUHDgIwIQYIKwYBBQUHAQcBAf8EEjAQMAYEAgABBQAwBgQCAAIFADAVBggrBgEFBQcBCAEB/wQGMASgAgUAMA0GCSqGSIb3DQEBCwUAA4IBAQBPlv4Ama7PmaMbM/oKbfdWp+I2zJLY4P2jHZP7bH/NgDNEL7SYMO9W8/a7zJZu/GZQtctgf7oSf/X1UZ4kfHgEzmAqa02tkVHDEsgqeRkI+IvJvNHTrfjHEKw1BPK4LrRcgW9W28G/2pyNMuuc8eVwc3Dx3AbkAazN+lZn8pP11Z7BGK00unoh0fSvJNyG+glfBxB/0G3JceR6n4HDYtC8+AsonJEYfGHPbz7kJgqP7+jDv0YVg6XTo6PwlmMDk73yrOrdKl5ssYDi4FuqCbZKlTjYu4mk5YdbWj0az4MyuBrPGlJOGobZfPJtG2XdMMPYmCLL2CquV0BXnyuq2ab4MYIBrDCCAagCAQOAFPhQCkNIhx45iD50wVN/jQ2rJ02kMA0GCWCGSAFlAwQCAQUAoGswGgYJKoZIhvcNAQkDMQ0GCyqGSIb3DQEJEAEaMBwGCSqGSIb3DQEJBTEPFw0yMDA0MzAxNDM0NTZaMC8GCSqGSIb3DQEJBDEiBCBk/gjFThWDIdBnrUCkfc5uVYMLQaY8Dt2XJULIUYlfTDANBgkqhkiG9w0BAQEFAASCAQApUIrG/JYkY6HyBN7JUcplhhW5bBYi41/iIJp7m/Pk9WOc8g4vZf/kU5PzO+40JoykAAz0ntmCSCNk6waI4hAp7JgogjCU3cr7Pt3lWmAhjJZFtWxUzjEOssTSpNsElh/ECX67rTOrKdG3ri9Yg2UFYM7PydJimmqDSJ4V+FGNiDqa8sRw3BIe51JafKNmYyYBzT+f+6Mh1ElD7yF8R2cYnADxHZo4D17pU8YQMpuZ6fTJ6fUTH5jlKHCfv09aksw0NkOkSdi8i2iAoCFb03dknYBNGkSJUm3xUYpFZ2mcw6dJ/gg41yBvPi3/jjJytSYDlHkRFvaAOZQQ79/9J/5g",
                        "serial": "441542105138655931790398084213321140006200036564",
                        "expires": "2020-05-01T14:34:56.243630Z"
                      },
                      "old": "a0441741d91335eeb21fe672856e83922bee3c4f074f72421c3e22313414ff94"
                    }
                  ],
                  "withdrawn": []
                }
              }
            }
          ]
        }
      }
    ]
  }
}