{
  "command": {
    "actor": "krill",
    "time": "2020-04-30T14:14:19.103370Z",
    "handle": "ta",
    "version": 34,
    "sequence": 20,
    "details": {
      "child_certify": [
        "rfc6492",
        "0",
        {
          "asn": "none",
          "v4": "none",
          "v6": "none"
        },
        "43FB0F512A266C18A271E7B72FEA4E45C2A7CFFD"
      ]
    },
    "effect": {
      "events": [
        34,
        35,
        36
      ]
    }
  },
  "result": {
    "Events": [
      {
        "id": "ta",
        "version": 34,
        "details": {
          "child_certificate_issued": [
            "rfc6492",
            "0",
            "43FB0F512A266C18A271E7B72FEA4E45C2A7CFFD"
          ]
        }
      },
      {
        "id": "ta",
        "version": 35,
        "details": {
          "child_certificates_updated": [
            "0",
            {
              "issued": [
                {
                  "uri": "rsync://localhost/repo/ta/0/43FB0F512A266C18A271E7B72FEA4E45C2A7CFFD.cer",
                  "limit": {
                    "asn": "none",
                    "v4": "none",
                    "v6": "none"
                  },
                  "resource_set": {
                    "asn": "AS65000",
                    "v4": "10.0.0.0/16",
                    "v6": ""
                  },
                  "cert": "MIIHIjCCBgqgAwIBAgIUFbH4xqaQBtMTeKCsuOwwTguPs2gwDQYJKoZIhvcNAQELBQAwggItMYICKTCCAiUGA1UEAxOCAhwzMDgyMDEwQTAyODIwMTAxMDBEMTMyRjRBRDEwRjgzMkQ2MjE5QjFERDQyMzg4RTZGQTJGNTk3NDg1OEMwNjdCNDA4MTVBNEU4OEVGQTdCMzEzODE0OUM4RjU3MDgyNjlDREI2RjQ0MDNFRTlDMzY3QUUwQzg1MEE5MkE2RjVGMzY3QzZDMTEwMEQxOEQwQjM2M0QyMzc1RUI4NzU5NkVGMEE2ODA4RUQxOTRBODdCMEY1MDJCOUE5RDREQzczOUYwQzQyRkU0QTcxQzEzM0ZCNEI1NUFERUVGOTFBNjZDQ0I2QzVEMzNCRUVERjhEQzRBODcwRjJGQkY3RkREMEM5QTBFRDFDQkRGN0JGRkU2MTk4MEI4NDU5MkY2MTFENDQzNDUyN0UzMDMyMkYyODJFQzFEMDE1RUQyOTA4NjgyQzY0RTAyMTJCNDU1MzA4QkQ1MDcwMEI4MjMzMEIwRUI0MEI4OTUzMUFFQkFCMjJDMTQwNDdGQ0U2MjI0QTdGMDhBRjg3MUIzNEE5RjY2OTJFMjk0QTNCODBDMzcyQTdDOTNDQTRDQ0U4NTM1QTNGRTI5NzJFOEJDRUZCNTI3RTAwOEVGRjU4M0U2QjVFRUE1MkE2NDQxQkE1RDhGNkRGNEU1NzZGNEQ5MjQzNUUwOUNEMjQwRkY0NEZBMUVCN0U1RTI5QkJCRTdCOEJDMEQxRTgzMTAyMDMwMTAwMDEwHhcNMjAwNDMwMTQwOTE5WhcNMjEwNDMwMTQxNDE5WjAzMTEwLwYDVQQDEyg0M0ZCMEY1MTJBMjY2QzE4QTI3MUU3QjcyRkVBNEU0NUMyQTdDRkZEMIIBIjANBgkqhkiG9w0BAQEFAAOCAQ8AMIIBCgKCAQEA06mqaMHWSwlY+saEq/3D2JA2zHuRHT5QgYHXCUSYKRQtLeur2Wwci6QKw6Bbt7aXRynL6YbDHJYb85mCZH1q0Y9JImCBjqP+g7jSMoPFXJ3tmcSDGXJo9nQktRqlCQN52ZjIpzMRuDJJJAvJ118WCpYNUgzQq343/t+wMX+HWJJanPh2S1y4dPNtpge3uJkCYEeZcZMZ4WBqlgLhalaO6uxYttELWsq3z+Olzfd+MyhQ51ygBFatBhwwnyUqK4bORb9IkPIN3iO4OkMdQiN8brk7goVKCFhV4PLLKKtxw0Mvr+qGfwsuUbAMaqtHapcLumcwFx5plLSEYg8NUFzB6wIDAQABo4ICMDCCAiwwDwYDVR0TAQH/BAUwAwEB/zAdBgNVHQ4EFgQUQ/sPUSombBiicee3L+pORcKnz/0wHwYDVR0jBBgwFoAU6dha9MqhLL1xkGejm0QJo/9Ni7EwDgYDVR0PAQH/BAQDAgEGMFkGA1UdHwRSMFAwTqBMoEqGSHJzeW5jOi8vbG9jYWxob3N0L3JlcG8vdGEvMC9FOUQ4NUFGNENBQTEyQ0JENzE5MDY3QTM5QjQ0MDlBM0ZGNEQ4QkIxLmNybDA8BggrBgEFBQcBAQQwMC4wLAYIKwYBBQUHMAKGIHJzeW5jOi8vbG9jYWxob3N0L3JlcG8vdGEvdGEuY2VyMIHZBggrBgEFBQcBCwSBzDCByTAtBggrBgEFBQcwBYYhcnN5bmM6Ly9sb2NhbGhvc3QvcmVwby9yZmM2NDkyLzIvMFkGCCsGAQUFBzAKhk1yc3luYzovL2xvY2FsaG9zdC9yZXBvL3JmYzY0OTIvMi80M0ZCMEY1MTJBMjY2QzE4QTI3MUU3QjcyRkVBNEU0NUMyQTdDRkZELm1mdDA9BggrBgEFBQcwDYYxaHR0cHM6Ly9sb2NhbGhvc3Q6MzAwMC90ZXN0LXJyZHAvbm90aWZpY2F0aW9uLnhtbDAYBgNVHSABAf8EDjAMMAoGCCsGAQUFBw4CMB4GCCsGAQUFBwEHAQH/BA8wDTALBAIAATAFAwMACgAwGgYIKwYBBQUHAQgBAf8ECzAJoAcwBQIDAP3oMA0GCSqGSIb3DQEBCwUAA4IBAQBUx+MxXGu6HTEDSy7sRKEEbw2iGsr7xfIeMxmsIDZxPDvMcpxiGfY+Bkc8erAxO4tb3m+WRk9oHRrbXS0PPGR8qQS4OZC1m/2G6xcwPEMrUoZ6R1TydXIJD0EFX67ebptPU8TS+BHyVA6MGiucai4p5szuSrU3zoGwC/MbtIquYT8LbIcXHFenlI9B27tlmV7dNHfEJumqzQ8wY0oKW+WEIuJ/CRJBFr7x8HS/ednTUV03VPtWRY7y98gxZ+yOdz/jZzk2g2uBjW6gM97Fo//l+Z/VbLoPQJpRJ8TKFB7G14dtz+7f6ELQlj5uX62f9qAn+7R3dOMoJC48083QccoK",
                  "replaces": null
                }
              ],
              "removed": []
            }
          ]
        }
      },
      {
        "id": "ta",
        "version": 36,
        "details": {
          "object_set_updated": [
            "0",
            {
              "E9D85AF4CAA12CBD719067A39B4409A3FF4D8BB1": {
                "number": 9,
                "revocations_delta": {
                  "added": [
                    {
                      "serial": "627151516594324656022892645296504974614162591102",
                      "expires": "2020-05-01T14:14:17.929873Z"
                    }
                  ],
                  "dropped": []
                },
                "manifest_info": {
                  "name": "E9D85AF4CAA12CBD719067A39B4409A3FF4D8BB1.mft",
                  "current": {
                    "content": "MIILZgYJKoZIhvcNAQcCoIILVzCCC1MCAQMxDzANBglghkgBZQMEAgEFADCB7wYLKoZIhvcNAQkQARqggd8EgdwwgdkCAQkYDzIwMjAwNDMwMTQwOTE5WhgPMjAyMDA1MDExNDE0MTlaBglghkgBZQMEAgEwgaYwURYsRTlEODVBRjRDQUExMkNCRDcxOTA2N0EzOUI0NDA5QTNGRjREOEJCMS5jcmwDIQDoaDgMmBAwmCXy9JuhSVvt/jvLt+X6MxKuP7s4p746YzBRFiw0M0ZCMEY1MTJBMjY2QzE4QTI3MUU3QjcyRkVBNEU0NUMyQTdDRkZELmNlcgMhAPzXjqBWFLsccAkTZEpzRoePUquTHO2d3AjSfh11nQYaoIIImTCCCJUwggd9oAMCAQICFFelPDJPZ+wHLiiahD9SR0h5rXoJMA0GCSqGSIb3DQEBCwUAMIICLTGCAikwggIlBgNVBAMTggIcMzA4MjAxMEEwMjgyMDEwMTAwRDEzMkY0QUQxMEY4MzJENjIxOUIxREQ0MjM4OEU2RkEyRjU5NzQ4NThDMDY3QjQwODE1QTRFODhFRkE3QjMxMzgxNDlDOEY1NzA4MjY5Q0RCNkY0NDAzRUU5QzM2N0FFMEM4NTBBOTJBNkY1RjM2N0M2QzExMDBEMThEMEIzNjNEMjM3NUVCODc1OTZFRjBBNjgwOEVEMTk0QTg3QjBGNTAyQjlBOUQ0REM3MzlGMEM0MkZFNEE3MUMxMzNGQjRCNTVBREVFRjkxQTY2Q0NCNkM1RDMzQkVFREY4REM0QTg3MEYyRkJGN0ZERDBDOUEwRUQxQ0JERjdCRkZFNjE5ODBCODQ1OTJGNjExRDQ0MzQ1MjdFMzAzMjJGMjgyRUMxRDAxNUVEMjkwODY4MkM2NEUwMjEyQjQ1NTMwOEJENTA3MDBCODIzMzBCMEVCNDBCODk1MzFBRUJBQjIyQzE0MDQ3RkNFNjIyNEE3RjA4QUY4NzFCMzRBOUY2NjkyRTI5NEEzQjgwQzM3MkE3QzkzQ0E0Q0NFODUzNUEzRkUyOTcyRThCQ0VGQjUyN0UwMDhFRkY1ODNFNkI1RUVBNTJBNjQ0MUJBNUQ4RjZERjRFNTc2RjREOTI0MzVFMDlDRDI0MEZGNDRGQTFFQjdFNUUyOUJCQkU3QjhCQzBEMUU4MzEwMjAzMDEwMDAxMB4XDTIwMDQzMDE0MDkxOVoXDTIwMDUwNzE0MTQxOVowggItMYICKTCCAiUGA1UEAxOCAhwzMDgyMDEwQTAyODIwMTAxMDBCRUFBMzM2MzhCOTdGRjU2NUNDRkFFRDVFRDI4MzNCODMyNURCNjJCOUQ4N0NGODAzMTcwMTVGMjk4NkIxOEEyMTZBOEI0ODk0QjZBREYwMzNDM0VCRUY4MDU2NEQwRTEzNzU2OEZFQzM2N0NFNUM2Qjk4OTA4OEI3MjUxMEFDRUNBNzI1RkFENjNGRTU2MkMzMTI3NzcxM0RBRDZBMkM3QTk5MzI3NEE0OTk2ODZCNTQ0NjY3RDdDMEY3NjM5RDI4QzRFRkJGMkQ1MkNFMkJENEZFREE1RDkwM0E0NDhFOEMyQkIxRkIzNDlFNTJCMjNCNTg0MkMyMTg3QUY2QjcxMzM1MThBQkY3NzQ5N0M4RTNGRTdDQkU2OTQ2NjNGMzc3MzA3MEJBODUwNEJGNjcxNjcyRjEwNTU1NEM2Qzk0MTVGMjFFOTE0NUM1QzJDQjE1RTAzRDAwMUQzMzk2NTY3RUU4NDlGNjRGOERFM0RFMDZFMDFEMEE5RDc2MEZENjU2NTI1NjU1NDU1NDdGRTJEMTdERDVDNzc5NTdBMjgzM0ZFMzMwRjI3QjMyMjZBNzI1MjVFOUU4QTEyNkJDMEI0MEFEQTlGMDRFMDc5RTkxRTY2Nzk5MkVCQzBFQUFBMzU2REE5OUJDNDg0REU1QTI4NUExNDc1RDQ5NUZENkM5NTAyMDMwMTAwMDEwggEiMA0GCSqGSIb3DQEBAQUAA4IBDwAwggEKAoIBAQC+qjNji5f/VlzPrtXtKDO4Ml22K52Hz4AxcBXymGsYohaotIlLat8DPD6++AVk0OE3Vo/sNnzlxrmJCItyUQrOynJfrWP+ViwxJ3cT2taix6mTJ0pJloa1RGZ9fA92OdKMTvvy1SzivU/tpdkDpEjowrsfs0nlKyO1hCwhh69rcTNRir93SXyOP+fL5pRmPzdzBwuoUEv2cWcvEFVUxslBXyHpFFxcLLFeA9AB0zllZ+6En2T43j3gbgHQqddg/WVlJWVUVUf+LRfdXHeVeigz/jMPJ7MianJSXp6KEmvAtAranwTgeekeZnmS68DqqjVtqZvEhN5aKFoUddSV/WyVAgMBAAGjggGnMIIBozAdBgNVHQ4EFgQUZyCvohhigxmqJtbGgX2oaAbhZFswHwYDVR0jBBgwFoAU6dha9MqhLL1xkGejm0QJo/9Ni7EwDgYDVR0PAQH/BAQDAgeAMFkGA1UdHwRSMFAwTqBMoEqGSHJzeW5jOi8vbG9jYWxob3N0L3JlcG8vdGEvMC9FOUQ4NUFGNENBQTEyQ0JENzE5MDY3QTM5QjQ0MDlBM0ZGNEQ4QkIxLmNybDA8BggrBgEFBQcBAQQwMC4wLAYIKwYBBQUHMAKGIHJzeW5jOi8vbG9jYWxob3N0L3JlcG8vdGEvdGEuY2VyMGQGCCsGAQUFBwELBFgwVjBUBggrBgEFBQcwC4ZIcnN5bmM6Ly9sb2NhbGhvc3QvcmVwby90YS8wL0U5RDg1QUY0Q0FBMTJDQkQ3MTkwNjdBMzlCNDQwOUEzRkY0RDhCQjEubWZ0MBgGA1UdIAEB/wQOMAwwCgYIKwYBBQUHDgIwIQYIKwYBBQUHAQcBAf8EEjAQMAYEAgABBQAwBgQCAAIFADAVBggrBgEFBQcBCAEB/wQGMASgAgUAMA0GCSqGSIb3DQEBCwUAA4IBAQBXQoPQ1mL7lLgEbsK2pfR4gBAzzHVfb734LmV4P8Vae3+3b4h/OEem2pmCAGTXk3ABdUyK48nXqXgwd6yiHDr8Qomm5ftrQBexRpM498i3Z4ui9ZYXlndJmCvgIFH0gWcrrdmX4mhxK0rbiRhFTE908cuZLPrPla/+4U7yh+7p36gqNcFU7XKKf+mtigYYxOMovhCDxMlMkYBwtLngm0LZNCV4M091ZCQQM03/BZJf1bI5v+Hl/6Fm+QvQ9djHcjP5G5E18qF9xwm/HYcEjPFJ6WfK9xlyik1gqssj1cE+kfZr/4NU7sEjj4riHrpU1WeBdU3h6hnSbPjQwRzixr1fMYIBrDCCAagCAQOAFGcgr6IYYoMZqibWxoF9qGgG4WRbMA0GCWCGSAFlAwQCAQUAoGswGgYJKoZIhvcNAQkDMQ0GCyqGSIb3DQEJEAEaMBwGCSqGSIb3DQEJBTEPFw0yMDA0MzAxNDE0MTlaMC8GCSqGSIb3DQEJBDEiBCDx2A67sizEAD0rEr9Fz3tbIfxRqTB/7r0v89i8f6CMpzANBgkqhkiG9w0BAQEFAASCAQCaqG2n6sF3MfVl2oikqsKwUuAbK1vxqDXsc0qIjOB8tPbIyohZab2SJWfWEvJD7pg0HqbknpJQWwZLTk9ns56f/WxAGmbXap5FUU1u1mjnXDMVboLINK5moIIjKHCyBJOnNJoT4auWgeuqBVFrgi6Wvhsi4vD6yKNVoQ7vgiovK7uDV5apBHpLUkygi1tHSuaS35vERWQqj1n3NVYjMSbXoG5U9i+lCsznwKq1W6crS17qjTGHSslFLWrfUHPV8dHvlpq+uLNOxSSwoZnZIewG2iTbNNzODCD6atmkOfrfLUUOSEM01QTDTElH29aAaoJxC17cEzyIjMoidVOmM7RQ",
                    "serial": "500367063876254448549345319253859449980425435657",
                    "expires": "2020-05-01T14:14:19.111272Z"
                  },
                  "next_update": "2020-05-01T14:14:19.111272Z",
                  "old": "6db3fc1e4e8aa831a49c0bdb02ade7024ce9e07d4e9939f8cfba32883fcf399e"
                },
                "crl_info": {
                  "name": "E9D85AF4CAA12CBD719067A39B4409A3FF4D8BB1.crl",
                  "current": {
                    "content": "MIIFqTCCBJECAQEwDQYJKoZIhvcNAQELBQAwggItMYICKTCCAiUGA1UEAxOCAhwzMDgyMDEwQTAyODIwMTAxMDBEMTMyRjRBRDEwRjgzMkQ2MjE5QjFERDQyMzg4RTZGQTJGNTk3NDg1OEMwNjdCNDA4MTVBNEU4OEVGQTdCMzEzODE0OUM4RjU3MDgyNjlDREI2RjQ0MDNFRTlDMzY3QUUwQzg1MEE5MkE2RjVGMzY3QzZDMTEwMEQxOEQwQjM2M0QyMzc1RUI4NzU5NkVGMEE2ODA4RUQxOTRBODdCMEY1MDJCOUE5RDREQzczOUYwQzQyRkU0QTcxQzEzM0ZCNEI1NUFERUVGOTFBNjZDQ0I2QzVEMzNCRUVERjhEQzRBODcwRjJGQkY3RkREMEM5QTBFRDFDQkRGN0JGRkU2MTk4MEI4NDU5MkY2MTFENDQzNDUyN0UzMDMyMkYyODJFQzFEMDE1RUQyOTA4NjgyQzY0RTAyMTJCNDU1MzA4QkQ1MDcwMEI4MjMzMEIwRUI0MEI4OTUzMUFFQkFCMjJDMTQwNDdGQ0U2MjI0QTdGMDhBRjg3MUIzNEE5RjY2OTJFMjk0QTNCODBDMzcyQTdDOTNDQTRDQ0U4NTM1QTNGRTI5NzJFOEJDRUZCNTI3RTAwOEVGRjU4M0U2QjVFRUE1MkE2NDQxQkE1RDhGNkRGNEU1NzZGNEQ5MjQzNUUwOUNEMjQwRkY0NEZBMUVCN0U1RTI5QkJCRTdCOEJDMEQxRTgzMTAyMDMwMTAwMDEXDTIwMDQzMDE0MDkxOVoXDTIwMDUwMTE0MTQxOVowggH7MCUCFHLyDH8XgZkPdk1gkG8AAj0hs9WoFw0yMDA1MDExNDE0MDZaMCUCFH3cR0Uo3TAteQZvph9ZbZ8mZhJFFw0yMTA0MzAxNDE0MDhaMCUCFA5h0CnOoT4YtPgl37HSxVCWMH1BFw0yMDA1MDExNDE0MDhaMCUCFDrugvcySyzUhCVhCfB94vd4baHoFw0yMTA0MzAxNDE0MDlaMCUCFG2tA9WaVPGiBDtShzmdKxsBEB67Fw0yMDA1MDExNDE0MDlaMCUCFCbM0KevqXF9xvgrzQY1O1HBQgTMFw0yMTA0MzAxNDE0MTBaMCUCFG3CabKemKDSn3y+fQoy6VCi7/AxFw0yMDA1MDExNDE0MTBaMCUCFGAmSlgjLh7oX1sQEVWKMMaejL7BFw0yMDA1MDExNDE0MTJaMCUCFFqg2LRl+taFVMdGTKG0C19bL+3DFw0yMTA0MzAxNDE0MTRaMCUCFDGpRcUQGib86NloctqgGS7vyUv7Fw0yMDA1MDExNDE0MTRaMCUCFBVZpcduORpwgoZ0rboC53+WDB0RFw0yMTA0MzAxNDE0MTZaMCUCFCXkIv4GimJXqSFDzWxeFZahaSqPFw0yMDA1MDExNDE0MTZaMCUCFG3aclYqZ9SvaXbfjtHa1kTSgE1+Fw0yMDA1MDExNDE0MTdaoC8wLTAfBgNVHSMEGDAWgBTp2Fr0yqEsvXGQZ6ObRAmj/02LsTAKBgNVHRQEAwIBCTANBgkqhkiG9w0BAQsFAAOCAQEAn62vdsgekh797lPRMvA5HK00fUV/ksP0z/WcQ+3/qhH3Rxcrk/mMxn3fxQS0+cc90C+GPm0HmaSDeIphDDz/au8cMAA/OhYqJ6rUaf+68XpVBbJG+Fs+h3oa3NI/Wk5wiVtUP1krTnob2HqYse7BdbFVUGLayO/0DT5x7imHMoJHk4zXw1URZv2J4iFen3COCHAMTv4FJa0jtQzOWzeUYkm5ozqqq2cqNV9VvRp85OM6S4VYr1vlSNrl1zDfFZKOQnzKOs6fyxBoGG7sULSc5yzekL4Y+VHxj1pJ9qCOh0aUjnUYRz2fFL5ArTB7r7g+o6IpP8ogYng2GuWAopCMqw==",
                    "serial": "9",
                    "expires": "2020-05-01T14:14:19.107554Z"
                  },
                  "old": "3cbc694630256bffa01506f395a03c17d1f513c521d93a769161ae87b8971ad5"
                },
                "objects_delta": {
                  "ca_repo": "rsync://localhost/repo/ta/0",
                  "added": [
                    {
                      "name": "43FB0F512A266C18A271E7B72FEA4E45C2A7CFFD.cer",
                      "object": {
                        "content": "MIIHIjCCBgqgAwIBAgIUFbH4xqaQBtMTeKCsuOwwTguPs2gwDQYJKoZIhvcNAQELBQAwggItMYICKTCCAiUGA1UEAxOCAhwzMDgyMDEwQTAyODIwMTAxMDBEMTMyRjRBRDEwRjgzMkQ2MjE5QjFERDQyMzg4RTZGQTJGNTk3NDg1OEMwNjdCNDA4MTVBNEU4OEVGQTdCMzEzODE0OUM4RjU3MDgyNjlDREI2RjQ0MDNFRTlDMzY3QUUwQzg1MEE5MkE2RjVGMzY3QzZDMTEwMEQxOEQwQjM2M0QyMzc1RUI4NzU5NkVGMEE2ODA4RUQxOTRBODdCMEY1MDJCOUE5RDREQzczOUYwQzQyRkU0QTcxQzEzM0ZCNEI1NUFERUVGOTFBNjZDQ0I2QzVEMzNCRUVERjhEQzRBODcwRjJGQkY3RkREMEM5QTBFRDFDQkRGN0JGRkU2MTk4MEI4NDU5MkY2MTFENDQzNDUyN0UzMDMyMkYyODJFQzFEMDE1RUQyOTA4NjgyQzY0RTAyMTJCNDU1MzA4QkQ1MDcwMEI4MjMzMEIwRUI0MEI4OTUzMUFFQkFCMjJDMTQwNDdGQ0U2MjI0QTdGMDhBRjg3MUIzNEE5RjY2OTJFMjk0QTNCODBDMzcyQTdDOTNDQTRDQ0U4NTM1QTNGRTI5NzJFOEJDRUZCNTI3RTAwOEVGRjU4M0U2QjVFRUE1MkE2NDQxQkE1RDhGNkRGNEU1NzZGNEQ5MjQzNUUwOUNEMjQwRkY0NEZBMUVCN0U1RTI5QkJCRTdCOEJDMEQxRTgzMTAyMDMwMTAwMDEwHhcNMjAwNDMwMTQwOTE5WhcNMjEwNDMwMTQxNDE5WjAzMTEwLwYDVQQDEyg0M0ZCMEY1MTJBMjY2QzE4QTI3MUU3QjcyRkVBNEU0NUMyQTdDRkZEMIIBIjANBgkqhkiG9w0BAQEFAAOCAQ8AMIIBCgKCAQEA06mqaMHWSwlY+saEq/3D2JA2zHuRHT5QgYHXCUSYKRQtLeur2Wwci6QKw6Bbt7aXRynL6YbDHJYb85mCZH1q0Y9JImCBjqP+g7jSMoPFXJ3tmcSDGXJo9nQktRqlCQN52ZjIpzMRuDJJJAvJ118WCpYNUgzQq343/t+wMX+HWJJanPh2S1y4dPNtpge3uJkCYEeZcZMZ4WBqlgLhalaO6uxYttELWsq3z+Olzfd+MyhQ51ygBFatBhwwnyUqK4bORb9IkPIN3iO4OkMdQiN8brk7goVKCFhV4PLLKKtxw0Mvr+qGfwsuUbAMaqtHapcLumcwFx5plLSEYg8NUFzB6wIDAQABo4ICMDCCAiwwDwYDVR0TAQH/BAUwAwEB/zAdBgNVHQ4EFgQUQ/sPUSombBiicee3L+pORcKnz/0wHwYDVR0jBBgwFoAU6dha9MqhLL1xkGejm0QJo/9Ni7EwDgYDVR0PAQH/BAQDAgEGMFkGA1UdHwRSMFAwTqBMoEqGSHJzeW5jOi8vbG9jYWxob3N0L3JlcG8vdGEvMC9FOUQ4NUFGNENBQTEyQ0JENzE5MDY3QTM5QjQ0MDlBM0ZGNEQ4QkIxLmNybDA8BggrBgEFBQcBAQQwMC4wLAYIKwYBBQUHMAKGIHJzeW5jOi8vbG9jYWxob3N0L3JlcG8vdGEvdGEuY2VyMIHZBggrBgEFBQcBCwSBzDCByTAtBggrBgEFBQcwBYYhcnN5bmM6Ly9sb2NhbGhvc3QvcmVwby9yZmM2NDkyLzIvMFkGCCsGAQUFBzAKhk1yc3luYzovL2xvY2FsaG9zdC9yZXBvL3JmYzY0OTIvMi80M0ZCMEY1MTJBMjY2QzE4QTI3MUU3QjcyRkVBNEU0NUMyQTdDRkZELm1mdDA9BggrBgEFBQcwDYYxaHR0cHM6Ly9sb2NhbGhvc3Q6MzAwMC90ZXN0LXJyZHAvbm90aWZpY2F0aW9uLnhtbDAYBgNVHSABAf8EDjAMMAoGCCsGAQUFBw4CMB4GCCsGAQUFBwEHAQH/BA8wDTALBAIAATAFAwMACgAwGgYIKwYBBQUHAQgBAf8ECzAJoAcwBQIDAP3oMA0GCSqGSIb3DQEBCwUAA4IBAQBUx+MxXGu6HTEDSy7sRKEEbw2iGsr7xfIeMxmsIDZxPDvMcpxiGfY+Bkc8erAxO4tb3m+WRk9oHRrbXS0PPGR8qQS4OZC1m/2G6xcwPEMrUoZ6R1TydXIJD0EFX67ebptPU8TS+BHyVA6MGiucai4p5szuSrU3zoGwC/MbtIquYT8LbIcXHFenlI9B27tlmV7dNHfEJumqzQ8wY0oKW+WEIuJ/CRJBFr7x8HS/ednTUV03VPtWRY7y98gxZ+yOdz/jZzk2g2uBjW6gM97Fo//l+Z/VbLoPQJpRJ8TKFB7G14dtz+7f6ELQlj5uX62f9qAn+7R3dOMoJC48083QccoK",
                        "serial": "123857709531659953657482979593365020569504822120",
                        "expires": "2021-04-30T14:14:19Z"
                      }
                    }
                  ],
                  "updated": [
                    {
                      "name": "E9D85AF4CAA12CBD719067A39B4409A3FF4D8BB1.crl",
                      "object": {
                        "content": "MIIFqTCCBJECAQEwDQYJKoZIhvcNAQELBQAwggItMYICKTCCAiUGA1UEAxOCAhwzMDgyMDEwQTAyODIwMTAxMDBEMTMyRjRBRDEwRjgzMkQ2MjE5QjFERDQyMzg4RTZGQTJGNTk3NDg1OEMwNjdCNDA4MTVBNEU4OEVGQTdCMzEzODE0OUM4RjU3MDgyNjlDREI2RjQ0MDNFRTlDMzY3QUUwQzg1MEE5MkE2RjVGMzY3QzZDMTEwMEQxOEQwQjM2M0QyMzc1RUI4NzU5NkVGMEE2ODA4RUQxOTRBODdCMEY1MDJCOUE5RDREQzczOUYwQzQyRkU0QTcxQzEzM0ZCNEI1NUFERUVGOTFBNjZDQ0I2QzVEMzNCRUVERjhEQzRBODcwRjJGQkY3RkREMEM5QTBFRDFDQkRGN0JGRkU2MTk4MEI4NDU5MkY2MTFENDQzNDUyN0UzMDMyMkYyODJFQzFEMDE1RUQyOTA4NjgyQzY0RTAyMTJCNDU1MzA4QkQ1MDcwMEI4MjMzMEIwRUI0MEI4OTUzMUFFQkFCMjJDMTQwNDdGQ0U2MjI0QTdGMDhBRjg3MUIzNEE5RjY2OTJFMjk0QTNCODBDMzcyQTdDOTNDQTRDQ0U4NTM1QTNGRTI5NzJFOEJDRUZCNTI3RTAwOEVGRjU4M0U2QjVFRUE1MkE2NDQxQkE1RDhGNkRGNEU1NzZGNEQ5MjQzNUUwOUNEMjQwRkY0NEZBMUVCN0U1RTI5QkJCRTdCOEJDMEQxRTgzMTAyMDMwMTAwMDEXDTIwMDQzMDE0MDkxOVoXDTIwMDUwMTE0MTQxOVowggH7MCUCFHLyDH8XgZkPdk1gkG8AAj0hs9WoFw0yMDA1MDExNDE0MDZaMCUCFH3cR0Uo3TAteQZvph9ZbZ8mZhJFFw0yMTA0MzAxNDE0MDhaMCUCFA5h0CnOoT4YtPgl37HSxVCWMH1BFw0yMDA1MDExNDE0MDhaMCUCFDrugvcySyzUhCVhCfB94vd4baHoFw0yMTA0MzAxNDE0MDlaMCUCFG2tA9WaVPGiBDtShzmdKxsBEB67Fw0yMDA1MDExNDE0MDlaMCUCFCbM0KevqXF9xvgrzQY1O1HBQgTMFw0yMTA0MzAxNDE0MTBaMCUCFG3CabKemKDSn3y+fQoy6VCi7/AxFw0yMDA1MDExNDE0MTBaMCUCFGAmSlgjLh7oX1sQEVWKMMaejL7BFw0yMDA1MDExNDE0MTJaMCUCFFqg2LRl+taFVMdGTKG0C19bL+3DFw0yMTA0MzAxNDE0MTRaMCUCFDGpRcUQGib86NloctqgGS7vyUv7Fw0yMDA1MDExNDE0MTRaMCUCFBVZpcduORpwgoZ0rboC53+WDB0RFw0yMTA0MzAxNDE0MTZaMCUCFCXkIv4GimJXqSFDzWxeFZahaSqPFw0yMDA1MDExNDE0MTZaMCUCFG3aclYqZ9SvaXbfjtHa1kTSgE1+Fw0yMDA1MDExNDE0MTdaoC8wLTAfBgNVHSMEGDAWgBTp2Fr0yqEsvXGQZ6ObRAmj/02LsTAKBgNVHRQEAwIBCTANBgkqhkiG9w0BAQsFAAOCAQEAn62vdsgekh797lPRMvA5HK00fUV/ksP0z/WcQ+3/qhH3Rxcrk/mMxn3fxQS0+cc90C+GPm0HmaSDeIphDDz/au8cMAA/OhYqJ6rUaf+68XpVBbJG+Fs+h3oa3NI/Wk5wiVtUP1krTnob2HqYse7BdbFVUGLayO/0DT5x7imHMoJHk4zXw1URZv2J4iFen3COCHAMTv4FJa0jtQzOWzeUYkm5ozqqq2cqNV9VvRp85OM6S4VYr1vlSNrl1zDfFZKOQnzKOs6fyxBoGG7sULSc5yzekL4Y+VHxj1pJ9qCOh0aUjnUYRz2fFL5ArTB7r7g+o6IpP8ogYng2GuWAopCMqw==",
                        "serial": "9",
                        "expires": "2020-05-01T14:14:19.107554Z"
                      },
                      "old": "3cbc694630256bffa01506f395a03c17d1f513c521d93a769161ae87b8971ad5"
                    },
                    {
                      "name": "E9D85AF4CAA12CBD719067A39B4409A3FF4D8BB1.mft",
                      "object": {
                        "content": "MIILZgYJKoZIhvcNAQcCoIILVzCCC1MCAQMxDzANBglghkgBZQMEAgEFADCB7wYLKoZIhvcNAQkQARqggd8EgdwwgdkCAQkYDzIwMjAwNDMwMTQwOTE5WhgPMjAyMDA1MDExNDE0MTlaBglghkgBZQMEAgEwgaYwURYsRTlEODVBRjRDQUExMkNCRDcxOTA2N0EzOUI0NDA5QTNGRjREOEJCMS5jcmwDIQDoaDgMmBAwmCXy9JuhSVvt/jvLt+X6MxKuP7s4p746YzBRFiw0M0ZCMEY1MTJBMjY2QzE4QTI3MUU3QjcyRkVBNEU0NUMyQTdDRkZELmNlcgMhAPzXjqBWFLsccAkTZEpzRoePUquTHO2d3AjSfh11nQYaoIIImTCCCJUwggd9oAMCAQICFFelPDJPZ+wHLiiahD9SR0h5rXoJMA0GCSqGSIb3DQEBCwUAMIICLTGCAikwggIlBgNVBAMTggIcMzA4MjAxMEEwMjgyMDEwMTAwRDEzMkY0QUQxMEY4MzJENjIxOUIxREQ0MjM4OEU2RkEyRjU5NzQ4NThDMDY3QjQwODE1QTRFODhFRkE3QjMxMzgxNDlDOEY1NzA4MjY5Q0RCNkY0NDAzRUU5QzM2N0FFMEM4NTBBOTJBNkY1RjM2N0M2QzExMDBEMThEMEIzNjNEMjM3NUVCODc1OTZFRjBBNjgwOEVEMTk0QTg3QjBGNTAyQjlBOUQ0REM3MzlGMEM0MkZFNEE3MUMxMzNGQjRCNTVBREVFRjkxQTY2Q0NCNkM1RDMzQkVFREY4REM0QTg3MEYyRkJGN0ZERDBDOUEwRUQxQ0JERjdCRkZFNjE5ODBCODQ1OTJGNjExRDQ0MzQ1MjdFMzAzMjJGMjgyRUMxRDAxNUVEMjkwODY4MkM2NEUwMjEyQjQ1NTMwOEJENTA3MDBCODIzMzBCMEVCNDBCODk1MzFBRUJBQjIyQzE0MDQ3RkNFNjIyNEE3RjA4QUY4NzFCMzRBOUY2NjkyRTI5NEEzQjgwQzM3MkE3QzkzQ0E0Q0NFODUzNUEzRkUyOTcyRThCQ0VGQjUyN0UwMDhFRkY1ODNFNkI1RUVBNTJBNjQ0MUJBNUQ4RjZERjRFNTc2RjREOTI0MzVFMDlDRDI0MEZGNDRGQTFFQjdFNUUyOUJCQkU3QjhCQzBEMUU4MzEwMjAzMDEwMDAxMB4XDTIwMDQzMDE0MDkxOVoXDTIwMDUwNzE0MTQxOVowggItMYICKTCCAiUGA1UEAxOCAhwzMDgyMDEwQTAyODIwMTAxMDBCRUFBMzM2MzhCOTdGRjU2NUNDRkFFRDVFRDI4MzNCODMyNURCNjJCOUQ4N0NGODAzMTcwMTVGMjk4NkIxOEEyMTZBOEI0ODk0QjZBREYwMzNDM0VCRUY4MDU2NEQwRTEzNzU2OEZFQzM2N0NFNUM2Qjk4OTA4OEI3MjUxMEFDRUNBNzI1RkFENjNGRTU2MkMzMTI3NzcxM0RBRDZBMkM3QTk5MzI3NEE0OTk2ODZCNTQ0NjY3RDdDMEY3NjM5RDI4QzRFRkJGMkQ1MkNFMkJENEZFREE1RDkwM0E0NDhFOEMyQkIxRkIzNDlFNTJCMjNCNTg0MkMyMTg3QUY2QjcxMzM1MThBQkY3NzQ5N0M4RTNGRTdDQkU2OTQ2NjNGMzc3MzA3MEJBODUwNEJGNjcxNjcyRjEwNTU1NEM2Qzk0MTVGMjFFOTE0NUM1QzJDQjE1RTAzRDAwMUQzMzk2NTY3RUU4NDlGNjRGOERFM0RFMDZFMDFEMEE5RDc2MEZENjU2NTI1NjU1NDU1NDdGRTJEMTdERDVDNzc5NTdBMjgzM0ZFMzMwRjI3QjMyMjZBNzI1MjVFOUU4QTEyNkJDMEI0MEFEQTlGMDRFMDc5RTkxRTY2Nzk5MkVCQzBFQUFBMzU2REE5OUJDNDg0REU1QTI4NUExNDc1RDQ5NUZENkM5NTAyMDMwMTAwMDEwggEiMA0GCSqGSIb3DQEBAQUAA4IBDwAwggEKAoIBAQC+qjNji5f/VlzPrtXtKDO4Ml22K52Hz4AxcBXymGsYohaotIlLat8DPD6++AVk0OE3Vo/sNnzlxrmJCItyUQrOynJfrWP+ViwxJ3cT2taix6mTJ0pJloa1RGZ9fA92OdKMTvvy1SzivU/tpdkDpEjowrsfs0nlKyO1hCwhh69rcTNRir93SXyOP+fL5pRmPzdzBwuoUEv2cWcvEFVUxslBXyHpFFxcLLFeA9AB0zllZ+6En2T43j3gbgHQqddg/WVlJWVUVUf+LRfdXHeVeigz/jMPJ7MianJSXp6KEmvAtAranwTgeekeZnmS68DqqjVtqZvEhN5aKFoUddSV/WyVAgMBAAGjggGnMIIBozAdBgNVHQ4EFgQUZyCvohhigxmqJtbGgX2oaAbhZFswHwYDVR0jBBgwFoAU6dha9MqhLL1xkGejm0QJo/9Ni7EwDgYDVR0PAQH/BAQDAgeAMFkGA1UdHwRSMFAwTqBMoEqGSHJzeW5jOi8vbG9jYWxob3N0L3JlcG8vdGEvMC9FOUQ4NUFGNENBQTEyQ0JENzE5MDY3QTM5QjQ0MDlBM0ZGNEQ4QkIxLmNybDA8BggrBgEFBQcBAQQwMC4wLAYIKwYBBQUHMAKGIHJzeW5jOi8vbG9jYWxob3N0L3JlcG8vdGEvdGEuY2VyMGQGCCsGAQUFBwELBFgwVjBUBggrBgEFBQcwC4ZIcnN5bmM6Ly9sb2NhbGhvc3QvcmVwby90YS8wL0U5RDg1QUY0Q0FBMTJDQkQ3MTkwNjdBMzlCNDQwOUEzRkY0RDhCQjEubWZ0MBgGA1UdIAEB/wQOMAwwCgYIKwYBBQUHDgIwIQYIKwYBBQUHAQcBAf8EEjAQMAYEAgABBQAwBgQCAAIFADAVBggrBgEFBQcBCAEB/wQGMASgAgUAMA0GCSqGSIb3DQEBCwUAA4IBAQBXQoPQ1mL7lLgEbsK2pfR4gBAzzHVfb734LmV4P8Vae3+3b4h/OEem2pmCAGTXk3ABdUyK48nXqXgwd6yiHDr8Qomm5ftrQBexRpM498i3Z4ui9ZYXlndJmCvgIFH0gWcrrdmX4mhxK0rbiRhFTE908cuZLPrPla/+4U7yh+7p36gqNcFU7XKKf+mtigYYxOMovhCDxMlMkYBwtLngm0LZNCV4M091ZCQQM03/BZJf1bI5v+Hl/6Fm+QvQ9djHcjP5G5E18qF9xwm/HYcEjPFJ6WfK9xlyik1gqssj1cE+kfZr/4NU7sEjj4riHrpU1WeBdU3h6hnSbPjQwRzixr1fMYIBrDCCAagCAQOAFGcgr6IYYoMZqibWxoF9qGgG4WRbMA0GCWCGSAFlAwQCAQUAoGswGgYJKoZIhvcNAQkDMQ0GCyqGSIb3DQEJEAEaMBwGCSqGSIb3DQEJBTEPFw0yMDA0MzAxNDE0MTlaMC8GCSqGSIb3DQEJBDEiBCDx2A67sizEAD0rEr9Fz3tbIfxRqTB/7r0v89i8f6CMpzANBgkqhkiG9w0BAQEFAASCAQCaqG2n6sF3MfVl2oikqsKwUuAbK1vxqDXsc0qIjOB8tPbIyohZab2SJWfWEvJD7pg0HqbknpJQWwZLTk9ns56f/WxAGmbXap5FUU1u1mjnXDMVboLINK5moIIjKHCyBJOnNJoT4auWgeuqBVFrgi6Wvhsi4vD6yKNVoQ7vgiovK7uDV5apBHpLUkygi1tHSuaS35vERWQqj1n3NVYjMSbXoG5U9i+lCsznwKq1W6crS17qjTGHSslFLWrfUHPV8dHvlpq+uLNOxSSwoZnZIewG2iTbNNzODCD6atmkOfrfLUUOSEM01QTDTElH29aAaoJxC17cEzyIjMoidVOmM7RQ",
                        "serial": "500367063876254448549345319253859449980425435657",
                        "expires": "2020-05-01T14:14:19.111272Z"
                      },
                      "old": "6db3fc1e4e8aa831a49c0bdb02ade7024ce9e07d4e9939f8cfba32883fcf399e"
                    }
                  ],
                  "withdrawn": []
                }
              }
            }
          ]
        }
      }
    ]
  }
}