{
  "command": {
    "actor": "krill",
    "time": "2020-04-30T14:14:09.647826Z",
    "handle": "ta",
    "version": 9,
    "sequence": 7,
    "details": {
      "child_certify": [
        "rfc6492",
        "0",
        {
          "asn": "none",
          "v4": "none",
          "v6": "none"
        },
        "17143836B8F6D11DCB53CD49B5D40C61B8E9B813"
      ]
    },
    "effect": {
      "events": [
        9,
        10,
        11
      ]
    }
  },
  "result": {
    "Events": [
      {
        "id": "ta",
        "version": 9,
        "details": {
          "child_certificate_issued": [
            "rfc6492",
            "0",
            "17143836B8F6D11DCB53CD49B5D40C61B8E9B813"
          ]
        }
      },
      {
        "id": "ta",
        "version": 10,
        "details": {
          "child_certificates_updated": [
            "0",
            {
              "issued": [
                {
                  "uri": "rsync://localhost/repo/ta/0/17143836B8F6D11DCB53CD49B5D40C61B8E9B813.cer",
                  "limit": {
                    "asn": "none",
                    "v4": "none",
                    "v6": "none"
                  },
                  "resource_set": {
                    "asn": "AS65000",
                    "v4": "10.0.0.0/16",
                    "v6": ""
                  },
                  "cert": "MIIHIjCCBgqgAwIBAgIUOu6C9zJLLNSEJWEJ8H3i93htoegwDQYJKoZIhvcNAQELBQAwggItMYICKTCCAiUGA1UEAxOCAhwzMDgyMDEwQTAyODIwMTAxMDBEMTMyRjRBRDEwRjgzMkQ2MjE5QjFERDQyMzg4RTZGQTJGNTk3NDg1OEMwNjdCNDA4MTVBNEU4OEVGQTdCMzEzODE0OUM4RjU3MDgyNjlDREI2RjQ0MDNFRTlDMzY3QUUwQzg1MEE5MkE2RjVGMzY3QzZDMTEwMEQxOEQwQjM2M0QyMzc1RUI4NzU5NkVGMEE2ODA4RUQxOTRBODdCMEY1MDJCOUE5RDREQzczOUYwQzQyRkU0QTcxQzEzM0ZCNEI1NUFERUVGOTFBNjZDQ0I2QzVEMzNCRUVERjhEQzRBODcwRjJGQkY3RkREMEM5QTBFRDFDQkRGN0JGRkU2MTk4MEI4NDU5MkY2MTFENDQzNDUyN0UzMDMyMkYyODJFQzFEMDE1RUQyOTA4NjgyQzY0RTAyMTJCNDU1MzA4QkQ1MDcwMEI4MjMzMEIwRUI0MEI4OTUzMUFFQkFCMjJDMTQwNDdGQ0U2MjI0QTdGMDhBRjg3MUIzNEE5RjY2OTJFMjk0QTNCODBDMzcyQTdDOTNDQTRDQ0U4NTM1QTNGRTI5NzJFOEJDRUZCNTI3RTAwOEVGRjU4M0U2QjVFRUE1MkE2NDQxQkE1RDhGNkRGNEU1NzZGNEQ5MjQzNUUwOUNEMjQwRkY0NEZBMUVCN0U1RTI5QkJCRTdCOEJDMEQxRTgzMTAyMDMwMTAwMDEwHhcNMjAwNDMwMTQwOTA5WhcNMjEwNDMwMTQxNDA5WjAzMTEwLwYDVQQDEygxNzE0MzgzNkI4RjZEMTFEQ0I1M0NENDlCNUQ0MEM2MUI4RTlCODEzMIIBIjANBgkqhkiG9w0BAQEFAAOCAQ8AMIIBCgKCAQEA1uGsqPLgLLiNwNsc1h3EgTUeeAiWsyUmkUzEQgkBs3chLwDupIBaATsMomBRP0kfiZ+Zu+OPD1LW1BX60Ar/Fig6AOSZrAz9RHhDtENiWBvfa+VtE1PvZ4GeCNpL+8gkd53KiXE5HEcZu4+gC0CeDxYreXKM5DZV9lJvfF0acmBaM/FfVbYc/Pd6hpWE6fqCIIkUcoDb+5viZCn+oslMusc3RiWaw1hrLhRQkScPZrzZeEk7cHZSK0zPU8Hp0ah3Y+SwBaY4fvd926uJhzcxbJVuw1DWyQLLLHWSMCImHt8IhR4dG4YVls/f5vyG203vbDDBEverpAD5COJTvRmh8wIDAQABo4ICMDCCAiwwDwYDVR0TAQH/BAUwAwEB/zAdBgNVHQ4EFgQUFxQ4Nrj20R3LU81JtdQMYbjpuBMwHwYDVR0jBBgwFoAU6dha9MqhLL1xkGejm0QJo/9Ni7EwDgYDVR0PAQH/BAQDAgEGMFkGA1UdHwRSMFAwTqBMoEqGSHJzeW5jOi8vbG9jYWxob3N0L3JlcG8vdGEvMC9FOUQ4NUFGNENBQTEyQ0JENzE5MDY3QTM5QjQ0MDlBM0ZGNEQ4QkIxLmNybDA8BggrBgEFBQcBAQQwMC4wLAYIKwYBBQUHMAKGIHJzeW5jOi8vbG9jYWxob3N0L3JlcG8vdGEvdGEuY2VyMIHZBggrBgEFBQcBCwSBzDCByTAtBggrBgEFBQcwBYYhcnN5bmM6Ly9sb2NhbGhvc3QvcmVwby9yZmM2NDkyLzAvMFkGCCsGAQUFBzAKhk1yc3luYzovL2xvY2FsaG9zdC9yZXBvL3JmYzY0OTIvMC8xNzE0MzgzNkI4RjZEMTFEQ0I1M0NENDlCNUQ0MEM2MUI4RTlCODEzLm1mdDA9BggrBgEFBQcwDYYxaHR0cHM6Ly9sb2NhbGhvc3Q6MzAwMC90ZXN0LXJyZHAvbm90aWZpY2F0aW9uLnhtbDAYBgNVHSABAf8EDjAMMAoGCCsGAQUFBw4CMB4GCCsGAQUFBwEHAQH/BA8wDTALBAIAATAFAwMACgAwGgYIKwYBBQUHAQgBAf8ECzAJoAcwBQIDAP3oMA0GCSqGSIb3DQEBCwUAA4IBAQAtzi2pQ1Q2OAc/zhZaJ1KhsF/Ns3pT1JwwkwXVccNL+DTLmc6wNB7/3J29B6EdZ5B5HbHZJRHHuQefW7tFT0ena6Ns5M2GRBeHMGUR+ziB8qQl5bu+fBsn/jbaKLKLTqfeWRpSE5HWFfizSPTr4OXCW769eDpsN7SCzQwkE0RdvQt3aUIRnkH8FVPFCkOz+p6pROIalSAXVFtJwNVkDPNYVzYjoEDu9SlQFRfg12RzGdvC38I7JfZXxoGgbgdMbdHXHsdfX2HYnNHZDWYH1YNYTPcX2FrOKEiwMcIjULyFwGAZa+hmy3bhrBhRjMnspgim0CwkO9EMV37AGvXDxdUg",
                  "replaces": {
                    "revocation": {
                      "serial": "718536218802758744738063319248974376686783435333",
                      "expires": "2021-04-30T14:14:08Z"
                    },
                    "hash": "d14e6ed64ff2b1270a61202d2d2b015f7ea0bbebc32acaef63910912be38bef1"
                  }
                }
              ],
              "removed": []
            }
          ]
        }
      },
      {
        "id": "ta",
        "version": 11,
        "details": {
          "object_set_updated": [
            "0",
            {
              "E9D85AF4CAA12CBD719067A39B4409A3FF4D8BB1": {
                "number": 3,
                "revocations_delta": {
                  "added": [
                    {
                      "serial": "718536218802758744738063319248974376686783435333",
                      "expires": "2021-04-30T14:14:08Z"
                    },
                    {
                      "serial": "82107176657500260066567876768465957360745086273",
                      "expires": "2020-05-01T14:14:08.024505Z"
                    }
                  ],
                  "dropped": []
                },
                "manifest_info": {
                  "name": "E9D85AF4CAA12CBD719067A39B4409A3FF4D8BB1.mft",
                  "current": {
                    "content": "MIILZgYJKoZIhvcNAQcCoIILVzCCC1MCAQMxDzANBglghkgBZQMEAgEFADCB7wYLKoZIhvcNAQkQARqggd8EgdwwgdkCAQMYDzIwMjAwNDMwMTQwOTA5WhgPMjAyMDA1MDExNDE0MDlaBglghkgBZQMEAgEwgaYwURYsRTlEODVBRjRDQUExMkNCRDcxOTA2N0EzOUI0NDA5QTNGRjREOEJCMS5jcmwDIQDX+f2B6sd2iGQYyeUvhFXUoNntMNa30//ToHICfDptDTBRFiwxNzE0MzgzNkI4RjZEMTFEQ0I1M0NENDlCNUQ0MEM2MUI4RTlCODEzLmNlcgMhAHI753f3tLkVmi7KPF7/XylRo00Kb88/Rxj8a+g/jvyOoIIImTCCCJUwggd9oAMCAQICFG2tA9WaVPGiBDtShzmdKxsBEB67MA0GCSqGSIb3DQEBCwUAMIICLTGCAikwggIlBgNVBAMTggIcMzA4MjAxMEEwMjgyMDEwMTAwRDEzMkY0QUQxMEY4MzJENjIxOUIxREQ0MjM4OEU2RkEyRjU5NzQ4NThDMDY3QjQwODE1QTRFODhFRkE3QjMxMzgxNDlDOEY1NzA4MjY5Q0RCNkY0NDAzRUU5QzM2N0FFMEM4NTBBOTJBNkY1RjM2N0M2QzExMDBEMThEMEIzNjNEMjM3NUVCODc1OTZFRjBBNjgwOEVEMTk0QTg3QjBGNTAyQjlBOUQ0REM3MzlGMEM0MkZFNEE3MUMxMzNGQjRCNTVBREVFRjkxQTY2Q0NCNkM1RDMzQkVFREY4REM0QTg3MEYyRkJGN0ZERDBDOUEwRUQxQ0JERjdCRkZFNjE5ODBCODQ1OTJGNjExRDQ0MzQ1MjdFMzAzMjJGMjgyRUMxRDAxNUVEMjkwODY4MkM2NEUwMjEyQjQ1NTMwOEJENTA3MDBCODIzMzBCMEVCNDBCODk1MzFBRUJBQjIyQzE0MDQ3RkNFNjIyNEE3RjA4QUY4NzFCMzRBOUY2NjkyRTI5NEEzQjgwQzM3MkE3QzkzQ0E0Q0NFODUzNUEzRkUyOTcyRThCQ0VGQjUyN0UwMDhFRkY1ODNFNkI1RUVBNTJBNjQ0MUJBNUQ4RjZERjRFNTc2RjREOTI0MzVFMDlDRDI0MEZGNDRGQTFFQjdFNUUyOUJCQkU3QjhCQzBEMUU4MzEwMjAzMDEwMDAxMB4XDTIwMDQzMDE0MDkwOVoXDTIwMDUwNzE0MTQwOVowggItMYICKTCCAiUGA1UEAxOCAhwzMDgyMDEwQTAyODIwMTAxMDBCNzJBOEUzQzgxMzI2RENBMjJBQTM4NkVCQTMyREJBMjQzMzcwNzZBNDVFQ0VFNERDMEQ3REY2OUU5OEI3NTUyOTJDNDk5M0MzM0RGMjJCOUZDNjBDMDgzNTlGQzdFNDcxODU1Q0EzQzFCMzIzOUI0MDJCNjAxMzRBNEI0OTAzNzhBMjI2RTNEM0FDOUFENzQzQkJCMTUwMzg0ODQ4MEM1MkU5RkVCMjIzN0FGOEJCNENCNTFBQjdCNDhDNzFFMTdFNTA3Q0M2RjM3Q0FEMjc3MThEMTdEMEVDOTE1M0ZDQTRDRTU3OEIwNDY5QkM2OTY3RUVCOTVDMTM3NzRGNkMzMjFCMDdFRDg5NDY1NjlGRTNDQkExRUQyREY0QTE3QkJBMDJDOUZGODc5RkEwMTQ5MTlFRjc1NzYwRjExNDg0NzVCQUU0NDJDMDRDNEIzNUJENUE2RTE3ODNENDdENkZCOUVFMDk2RDU4MDRCQzIxOUJGMDY0RTUwRkMxRjJCNUY3NkYyRTU0ODg0Mzg2ODFBRUVEQzBGN0UxOEI5QTNGNDYyMjdDQTY4NUI0NkIzNTk4MUNERDNDOTFCQjNGM0IzNzg0OEJDQ0VFMTZDRTIyNzQzRUE4QkYzQjVGOTRDREQ2QURBQkEwQzk0ODFCOUY1QjI5Njc2NEVEQTFBRDgwOTAyMDMwMTAwMDEwggEiMA0GCSqGSIb3DQEBAQUAA4IBDwAwggEKAoIBAQC3Ko48gTJtyiKqOG66MtuiQzcHakXs7k3A199p6Yt1UpLEmTwz3yK5/GDAg1n8fkcYVco8GzI5tAK2ATSktJA3iiJuPTrJrXQ7uxUDhISAxS6f6yI3r4u0y1Gre0jHHhflB8xvN8rSdxjRfQ7JFT/KTOV4sEabxpZ+65XBN3T2wyGwftiUZWn+PLoe0t9KF7ugLJ/4efoBSRnvdXYPEUhHW65ELATEs1vVpuF4PUfW+57gltWAS8IZvwZOUPwfK1928uVIhDhoGu7cD34YuaP0YifKaFtGs1mBzdPJG7Pzs3hIvM7hbOInQ+qL87X5TN1q2roMlIG59bKWdk7aGtgJAgMBAAGjggGnMIIBozAdBgNVHQ4EFgQUxCHUMXBSOsGWLonY91kbeVo5Gr0wHwYDVR0jBBgwFoAU6dha9MqhLL1xkGejm0QJo/9Ni7EwDgYDVR0PAQH/BAQDAgeAMFkGA1UdHwRSMFAwTqBMoEqGSHJzeW5jOi8vbG9jYWxob3N0L3JlcG8vdGEvMC9FOUQ4NUFGNENBQTEyQ0JENzE5MDY3QTM5QjQ0MDlBM0ZGNEQ4QkIxLmNybDA8BggrBgEFBQcBAQQwMC4wLAYIKwYBBQUHMAKGIHJzeW5jOi8vbG9jYWxob3N0L3JlcG8vdGEvdGEuY2VyMGQGCCsGAQUFBwELBFgwVjBUBggrBgEFBQcwC4ZIcnN5bmM6Ly9sb2NhbGhvc3QvcmVwby90YS8wL0U5RDg1QUY0Q0FBMTJDQkQ3MTkwNjdBMzlCNDQwOUEzRkY0RDhCQjEubWZ0MBgGA1UdIAEB/wQOMAwwCgYIKwYBBQUHDgIwIQYIKwYBBQUHAQcBAf8EEjAQMAYEAgABBQAwBgQCAAIFADAVBggrBgEFBQcBCAEB/wQGMASgAgUAMA0GCSqGSIb3DQEBCwUAA4IBAQBgb4O/X+h2QdCI38K9CXnx/Qt3oRsc12ThmowXNSQ8YD49gWEnlnS8GJw9aUfoEYUX160RDYs+dLhLDWvxAQ5jBInwGAGivAq9TCnm4NJL7IUcTyvNZlQZAvAbDomu8T18FrGNWCVH0/mLUkAlJ+U03pffeqQVEMoeLw0HZsu+TmYGLwb9iGkkyrOdV+QXmY/E49KPoIciDIg1XE034QZ5M1UKtQJi4uFPByEwdGPY9AL/CTb8b1Q/qDhRLuehg5THzehAw/5mPmEdPRwCyheaRIO8MUASxCUqc5Fh81bMgIebulc1FwNKQGGNSU66YM2QXu2xleI82Pbb+hpvWsiFMYIBrDCCAagCAQOAFMQh1DFwUjrBli6J2PdZG3laORq9MA0GCWCGSAFlAwQCAQUAoGswGgYJKoZIhvcNAQkDMQ0GCyqGSIb3DQEJEAEaMBwGCSqGSIb3DQEJBTEPFw0yMDA0MzAxNDE0MDlaMC8GCSqGSIb3DQEJBDEiBCCfu/X9j2Yicbl0M+RTBkofu1PgKU85rsiz4vpqmRHYtTANBgkqhkiG9w0BAQEFAASCAQAgKWMmTmK8OiVQ+L4wIANFXXO5hP1t76RFUQ9PyuqzrvO1XUys3KaQfkxJeur1iKG3K9cplYzoBhj5bXY4cJOnYw/a8m7xmWqimd+vZt/dKXglLm7REq/Di3ZaX/YIyM6MosO8wNHPNMcwcLyFuXJDDs4qRd4mfK1UgeevywA7Z7kWFOa9g4Qmd7Yw1HQJAs+UO5xL9HdNXAP6JBMaMstT0XdNQ2UXWxT1Bw9TFvfDyObFY7i6UdbHgvJ655ppIvzUjqbmYEKgjQni6vWg9JrR9EyAS93gvpmV0gP0lZnKqqP48IRYZGCEXzo2YgEkk1VF6jOK5tlNsAA4uXiSboMw",
                    "serial": "626138356961288420569511453214171857468926205627",
                    "expires": "2020-05-01T14:14:09.655935Z"
                  },
                  "next_update": "2020-05-01T14:14:09.655935Z",
                  "old": "4d677facb1a7b22511582a27d05dd8ab2997d9455effbe6f2302edf7fe939f01"
                },
                "crl_info": {
                  "name": "E9D85AF4CAA12CBD719067A39B4409A3FF4D8BB1.crl",
                  "current": {
                    "content": "MIIEITCCAwkCAQEwDQYJKoZIhvcNAQELBQAwggItMYICKTCCAiUGA1UEAxOCAhwzMDgyMDEwQTAyODIwMTAxMDBEMTMyRjRBRDEwRjgzMkQ2MjE5QjFERDQyMzg4RTZGQTJGNTk3NDg1OEMwNjdCNDA4MTVBNEU4OEVGQTdCMzEzODE0OUM4RjU3MDgyNjlDREI2RjQ0MDNFRTlDMzY3QUUwQzg1MEE5MkE2RjVGMzY3QzZDMTEwMEQxOEQwQjM2M0QyMzc1RUI4NzU5NkVGMEE2ODA4RUQxOTRBODdCMEY1MDJCOUE5RDREQzczOUYwQzQyRkU0QTcxQzEzM0ZCNEI1NUFERUVGOTFBNjZDQ0I2QzVEMzNCRUVERjhEQzRBODcwRjJGQkY3RkREMEM5QTBFRDFDQkRGN0JGRkU2MTk4MEI4NDU5MkY2MTFENDQzNDUyN0UzMDMyMkYyODJFQzFEMDE1RUQyOTA4NjgyQzY0RTAyMTJCNDU1MzA4QkQ1MDcwMEI4MjMzMEIwRUI0MEI4OTUzMUFFQkFCMjJDMTQwNDdGQ0U2MjI0QTdGMDhBRjg3MUIzNEE5RjY2OTJFMjk0QTNCODBDMzcyQTdDOTNDQTRDQ0U4NTM1QTNGRTI5NzJFOEJDRUZCNTI3RTAwOEVGRjU4M0U2QjVFRUE1MkE2NDQxQkE1RDhGNkRGNEU1NzZGNEQ5MjQzNUUwOUNEMjQwRkY0NEZBMUVCN0U1RTI5QkJCRTdCOEJDMEQxRTgzMTAyMDMwMTAwMDEXDTIwMDQzMDE0MDkwOVoXDTIwMDUwMTE0MTQwOVowdTAlAhRy8gx/F4GZD3ZNYJBvAAI9IbPVqBcNMjAwNTAxMTQxNDA2WjAlAhR93EdFKN0wLXkGb6YfWW2fJmYSRRcNMjEwNDMwMTQxNDA4WjAlAhQOYdApzqE+GLT4Jd+x0sVQljB9QRcNMjAwNTAxMTQxNDA4WqAvMC0wHwYDVR0jBBgwFoAU6dha9MqhLL1xkGejm0QJo/9Ni7EwCgYDVR0UBAMCAQMwDQYJKoZIhvcNAQELBQADggEBAMbKmurFz+wXn28Gy/AV+Uu1msITrG2r9Oi5fI7FOxRhZPt0loPsHUDDTASORURjsjjmik2sk/CZZTHJhY4J3EjUMJV5X5AwAWM/hkWfObpkLguHRXBDNLgmiopIhoKEuufRN3cu3IqC3ghcBsdtkhns2rYRKabZrPjYBpQS2fvF+RJRAsGaotGhteIYLRtBfinmvPAhIjdOUPk6mhVSaG3zO3s3n3qSjVzUK60vxUmmdHwVLZe/bnunFL1BOpLvvUBqOA3h9lGL+5BLRHUv/K4pdQqq1sZL7zxsyfmK9wrbBDarJVQoyycJoppLRTilXN8goOJ0I+sxVd34ONTBXf4=",
                    "serial": "3",
                    "expires": "2020-05-01T14:14:09.652221Z"
                  },
                  "old": "7a2c102e875de5c7e87f397bbd097e327a8ea0ee45e714b1e9e335a22eb9cec0"
                },
                "objects_delta": {
                  "ca_repo": "rsync://localhost/repo/ta/0",
                  "added": [],
                  "updated": [
                    {
                      "name": "17143836B8F6D11DCB53CD49B5D40C61B8E9B813.cer",
                      "object": {
                        "content": "MIIHIjCCBgqgAwIBAgIUOu6C9zJLLNSEJWEJ8H3i93htoegwDQYJKoZIhvcNAQELBQAwggItMYICKTCCAiUGA1UEAxOCAhwzMDgyMDEwQTAyODIwMTAxMDBEMTMyRjRBRDEwRjgzMkQ2MjE5QjFERDQyMzg4RTZGQTJGNTk3NDg1OEMwNjdCNDA4MTVBNEU4OEVGQTdCMzEzODE0OUM4RjU3MDgyNjlDREI2RjQ0MDNFRTlDMzY3QUUwQzg1MEE5MkE2RjVGMzY3QzZDMTEwMEQxOEQwQjM2M0QyMzc1RUI4NzU5NkVGMEE2ODA4RUQxOTRBODdCMEY1MDJCOUE5RDREQzczOUYwQzQyRkU0QTcxQzEzM0ZCNEI1NUFERUVGOTFBNjZDQ0I2QzVEMzNCRUVERjhEQzRBODcwRjJGQkY3RkREMEM5QTBFRDFDQkRGN0JGRkU2MTk4MEI4NDU5MkY2MTFENDQzNDUyN0UzMDMyMkYyODJFQzFEMDE1RUQyOTA4NjgyQzY0RTAyMTJCNDU1MzA4QkQ1MDcwMEI4MjMzMEIwRUI0MEI4OTUzMUFFQkFCMjJDMTQwNDdGQ0U2MjI0QTdGMDhBRjg3MUIzNEE5RjY2OTJFMjk0QTNCODBDMzcyQTdDOTNDQTRDQ0U4NTM1QTNGRTI5NzJFOEJDRUZCNTI3RTAwOEVGRjU4M0U2QjVFRUE1MkE2NDQxQkE1RDhGNkRGNEU1NzZGNEQ5MjQzNUUwOUNEMjQwRkY0NEZBMUVCN0U1RTI5QkJCRTdCOEJDMEQxRTgzMTAyMDMwMTAwMDEwHhcNMjAwNDMwMTQwOTA5WhcNMjEwNDMwMTQxNDA5WjAzMTEwLwYDVQQDEygxNzE0MzgzNkI4RjZEMTFEQ0I1M0NENDlCNUQ0MEM2MUI4RTlCODEzMIIBIjANBgkqhkiG9w0BAQEFAAOCAQ8AMIIBCgKCAQEA1uGsqPLgLLiNwNsc1h3EgTUeeAiWsyUmkUzEQgkBs3chLwDupIBaATsMomBRP0kfiZ+Zu+OPD1LW1BX60Ar/Fig6AOSZrAz9RHhDtENiWBvfa+VtE1PvZ4GeCNpL+8gkd53KiXE5HEcZu4+gC0CeDxYreXKM5DZV9lJvfF0acmBaM/FfVbYc/Pd6hpWE6fqCIIkUcoDb+5viZCn+oslMusc3RiWaw1hrLhRQkScPZrzZeEk7cHZSK0zPU8Hp0ah3Y+SwBaY4fvd926uJhzcxbJVuw1DWyQLLLHWSMCImHt8IhR4dG4YVls/f5vyG203vbDDBEverpAD5COJTvRmh8wIDAQABo4ICMDCCAiwwDwYDVR0TAQH/BAUwAwEB/zAdBgNVHQ4EFgQUFxQ4Nrj20R3LU81JtdQMYbjpuBMwHwYDVR0jBBgwFoAU6dha9MqhLL1xkGejm0QJo/9Ni7EwDgYDVR0PAQH/BAQDAgEGMFkGA1UdHwRSMFAwTqBMoEqGSHJzeW5jOi8vbG9jYWxob3N0L3JlcG8vdGEvMC9FOUQ4NUFGNENBQTEyQ0JENzE5MDY3QTM5QjQ0MDlBM0ZGNEQ4QkIxLmNybDA8BggrBgEFBQcBAQQwMC4wLAYIKwYBBQUHMAKGIHJzeW5jOi8vbG9jYWxob3N0L3JlcG8vdGEvdGEuY2VyMIHZBggrBgEFBQcBCwSBzDCByTAtBggrBgEFBQcwBYYhcnN5bmM6Ly9sb2NhbGhvc3QvcmVwby9yZmM2NDkyLzAvMFkGCCsGAQUFBzAKhk1yc3luYzovL2xvY2FsaG9zdC9yZXBvL3JmYzY0OTIvMC8xNzE0MzgzNkI4RjZEMTFEQ0I1M0NENDlCNUQ0MEM2MUI4RTlCODEzLm1mdDA9BggrBgEFBQcwDYYxaHR0cHM6Ly9sb2NhbGhvc3Q6MzAwMC90ZXN0LXJyZHAvbm90aWZpY2F0aW9uLnhtbDAYBgNVHSABAf8EDjAMMAoGCCsGAQUFBw4CMB4GCCsGAQUFBwEHAQH/BA8wDTALBAIAATAFAwMACgAwGgYIKwYBBQUHAQgBAf8ECzAJoAcwBQIDAP3oMA0GCSqGSIb3DQEBCwUAA4IBAQAtzi2pQ1Q2OAc/zhZaJ1KhsF/Ns3pT1JwwkwXVccNL+DTLmc6wNB7/3J29B6EdZ5B5HbHZJRHHuQefW7tFT0ena6Ns5M2GRBeHMGUR+ziB8qQl5bu+fBsn/jbaKLKLTqfeWRpSE5HWFfizSPTr4OXCW769eDpsN7SCzQwkE0RdvQt3aUIRnkH8FVPFCkOz+p6pROIalSAXVFtJwNVkDPNYVzYjoEDu9SlQFRfg12RzGdvC38I7JfZXxoGgbgdMbdHXHsdfX2HYnNHZDWYH1YNYTPcX2FrOKEiwMcIjULyFwGAZa+hmy3bhrBhRjMnspgim0CwkO9EMV37AGvXDxdUg",
                        "serial": "336440450778800470333998511641146992184932540904",
                        "expires": "2021-04-30T14:14:09Z"
                      },
                      "old": "d14e6ed64ff2b1270a61202d2d2b015f7ea0bbebc32acaef63910912be38bef1"
                    },
                    {
                      "name": "E9D85AF4CAA12CBD719067A39B4409A3FF4D8BB1.crl",
                      "object": {
                        "content": "MIIEITCCAwkCAQEwDQYJKoZIhvcNAQELBQAwggItMYICKTCCAiUGA1UEAxOCAhwzMDgyMDEwQTAyODIwMTAxMDBEMTMyRjRBRDEwRjgzMkQ2MjE5QjFERDQyMzg4RTZGQTJGNTk3NDg1OEMwNjdCNDA4MTVBNEU4OEVGQTdCMzEzODE0OUM4RjU3MDgyNjlDREI2RjQ0MDNFRTlDMzY3QUUwQzg1MEE5MkE2RjVGMzY3QzZDMTEwMEQxOEQwQjM2M0QyMzc1RUI4NzU5NkVGMEE2ODA4RUQxOTRBODdCMEY1MDJCOUE5RDREQzczOUYwQzQyRkU0QTcxQzEzM0ZCNEI1NUFERUVGOTFBNjZDQ0I2QzVEMzNCRUVERjhEQzRBODcwRjJGQkY3RkREMEM5QTBFRDFDQkRGN0JGRkU2MTk4MEI4NDU5MkY2MTFENDQzNDUyN0UzMDMyMkYyODJFQzFEMDE1RUQyOTA4NjgyQzY0RTAyMTJCNDU1MzA4QkQ1MDcwMEI4MjMzMEIwRUI0MEI4OTUzMUFFQkFCMjJDMTQwNDdGQ0U2MjI0QTdGMDhBRjg3MUIzNEE5RjY2OTJFMjk0QTNCODBDMzcyQTdDOTNDQTRDQ0U4NTM1QTNGRTI5NzJFOEJDRUZCNTI3RTAwOEVGRjU4M0U2QjVFRUE1MkE2NDQxQkE1RDhGNkRGNEU1NzZGNEQ5MjQzNUUwOUNEMjQwRkY0NEZBMUVCN0U1RTI5QkJCRTdCOEJDMEQxRTgzMTAyMDMwMTAwMDEXDTIwMDQzMDE0MDkwOVoXDTIwMDUwMTE0MTQwOVowdTAlAhRy8gx/F4GZD3ZNYJBvAAI9IbPVqBcNMjAwNTAxMTQxNDA2WjAlAhR93EdFKN0wLXkGb6YfWW2fJmYSRRcNMjEwNDMwMTQxNDA4WjAlAhQOYdApzqE+GLT4Jd+x0sVQljB9QRcNMjAwNTAxMTQxNDA4WqAvMC0wHwYDVR0jBBgwFoAU6dha9MqhLL1xkGejm0QJo/9Ni7EwCgYDVR0UBAMCAQMwDQYJKoZIhvcNAQELBQADggEBAMbKmurFz+wXn28Gy/AV+Uu1msITrG2r9Oi5fI7FOxRhZPt0loPsHUDDTASORURjsjjmik2sk/CZZTHJhY4J3EjUMJV5X5AwAWM/hkWfObpkLguHRXBDNLgmiopIhoKEuufRN3cu3IqC3ghcBsdtkhns2rYRKabZrPjYBpQS2fvF+RJRAsGaotGhteIYLRtBfinmvPAhIjdOUPk6mhVSaG3zO3s3n3qSjVzUK60vxUmmdHwVLZe/bnunFL1BOpLvvUBqOA3h9lGL+5BLRHUv/K4pdQqq1sZL7zxsyfmK9wrbBDarJVQoyycJoppLRTilXN8goOJ0I+sxVd34ONTBXf4=",
                        "serial": "3",
                        "expires": "2020-05-01T14:14:09.652221Z"
                      },
                      "old": "7a2c102e875de5c7e87f397bbd097e327a8ea0ee45e714b1e9e335a22eb9cec0"
                    },
                    {
                      "name": "E9D85AF4CAA12CBD719067A39B4409A3FF4D8BB1.mft",
                      "object": {
                        "content": "MIILZgYJKoZIhvcNAQcCoIILVzCCC1MCAQMxDzANBglghkgBZQMEAgEFADCB7wYLKoZIhvcNAQkQARqggd8EgdwwgdkCAQMYDzIwMjAwNDMwMTQwOTA5WhgPMjAyMDA1MDExNDE0MDlaBglghkgBZQMEAgEwgaYwURYsRTlEODVBRjRDQUExMkNCRDcxOTA2N0EzOUI0NDA5QTNGRjREOEJCMS5jcmwDIQDX+f2B6sd2iGQYyeUvhFXUoNntMNa30//ToHICfDptDTBRFiwxNzE0MzgzNkI4RjZEMTFEQ0I1M0NENDlCNUQ0MEM2MUI4RTlCODEzLmNlcgMhAHI753f3tLkVmi7KPF7/XylRo00Kb88/Rxj8a+g/jvyOoIIImTCCCJUwggd9oAMCAQICFG2tA9WaVPGiBDtShzmdKxsBEB67MA0GCSqGSIb3DQEBCwUAMIICLTGCAikwggIlBgNVBAMTggIcMzA4MjAxMEEwMjgyMDEwMTAwRDEzMkY0QUQxMEY4MzJENjIxOUIxREQ0MjM4OEU2RkEyRjU5NzQ4NThDMDY3QjQwODE1QTRFODhFRkE3QjMxMzgxNDlDOEY1NzA4MjY5Q0RCNkY0NDAzRUU5QzM2N0FFMEM4NTBBOTJBNkY1RjM2N0M2QzExMDBEMThEMEIzNjNEMjM3NUVCODc1OTZFRjBBNjgwOEVEMTk0QTg3QjBGNTAyQjlBOUQ0REM3MzlGMEM0MkZFNEE3MUMxMzNGQjRCNTVBREVFRjkxQTY2Q0NCNkM1RDMzQkVFREY4REM0QTg3MEYyRkJGN0ZERDBDOUEwRUQxQ0JERjdCRkZFNjE5ODBCODQ1OTJGNjExRDQ0MzQ1MjdFMzAzMjJGMjgyRUMxRDAxNUVEMjkwODY4MkM2NEUwMjEyQjQ1NTMwOEJENTA3MDBCODIzMzBCMEVCNDBCODk1MzFBRUJBQjIyQzE0MDQ3RkNFNjIyNEE3RjA4QUY4NzFCMzRBOUY2NjkyRTI5NEEzQjgwQzM3MkE3QzkzQ0E0Q0NFODUzNUEzRkUyOTcyRThCQ0VGQjUyN0UwMDhFRkY1ODNFNkI1RUVBNTJBNjQ0MUJBNUQ4RjZERjRFNTc2RjREOTI0MzVFMDlDRDI0MEZGNDRGQTFFQjdFNUUyOUJCQkU3QjhCQzBEMUU4MzEwMjAzMDEwMDAxMB4XDTIwMDQzMDE0MDkwOVoXDTIwMDUwNzE0MTQwOVowggItMYICKTCCAiUGA1UEAxOCAhwzMDgyMDEwQTAyODIwMTAxMDBCNzJBOEUzQzgxMzI2RENBMjJBQTM4NkVCQTMyREJBMjQzMzcwNzZBNDVFQ0VFNERDMEQ3REY2OUU5OEI3NTUyOTJDNDk5M0MzM0RGMjJCOUZDNjBDMDgzNTlGQzdFNDcxODU1Q0EzQzFCMzIzOUI0MDJCNjAxMzRBNEI0OTAzNzhBMjI2RTNEM0FDOUFENzQzQkJCMTUwMzg0ODQ4MEM1MkU5RkVCMjIzN0FGOEJCNENCNTFBQjdCNDhDNzFFMTdFNTA3Q0M2RjM3Q0FEMjc3MThEMTdEMEVDOTE1M0ZDQTRDRTU3OEIwNDY5QkM2OTY3RUVCOTVDMTM3NzRGNkMzMjFCMDdFRDg5NDY1NjlGRTNDQkExRUQyREY0QTE3QkJBMDJDOUZGODc5RkEwMTQ5MTlFRjc1NzYwRjExNDg0NzVCQUU0NDJDMDRDNEIzNUJENUE2RTE3ODNENDdENkZCOUVFMDk2RDU4MDRCQzIxOUJGMDY0RTUwRkMxRjJCNUY3NkYyRTU0ODg0Mzg2ODFBRUVEQzBGN0UxOEI5QTNGNDYyMjdDQTY4NUI0NkIzNTk4MUNERDNDOTFCQjNGM0IzNzg0OEJDQ0VFMTZDRTIyNzQzRUE4QkYzQjVGOTRDREQ2QURBQkEwQzk0ODFCOUY1QjI5Njc2NEVEQTFBRDgwOTAyMDMwMTAwMDEwggEiMA0GCSqGSIb3DQEBAQUAA4IBDwAwggEKAoIBAQC3Ko48gTJtyiKqOG66MtuiQzcHakXs7k3A199p6Yt1UpLEmTwz3yK5/GDAg1n8fkcYVco8GzI5tAK2ATSktJA3iiJuPTrJrXQ7uxUDhISAxS6f6yI3r4u0y1Gre0jHHhflB8xvN8rSdxjRfQ7JFT/KTOV4sEabxpZ+65XBN3T2wyGwftiUZWn+PLoe0t9KF7ugLJ/4efoBSRnvdXYPEUhHW65ELATEs1vVpuF4PUfW+57gltWAS8IZvwZOUPwfK1928uVIhDhoGu7cD34YuaP0YifKaFtGs1mBzdPJG7Pzs3hIvM7hbOInQ+qL87X5TN1q2roMlIG59bKWdk7aGtgJAgMBAAGjggGnMIIBozAdBgNVHQ4EFgQUxCHUMXBSOsGWLonY91kbeVo5Gr0wHwYDVR0jBBgwFoAU6dha9MqhLL1xkGejm0QJo/9Ni7EwDgYDVR0PAQH/BAQDAgeAMFkGA1UdHwRSMFAwTqBMoEqGSHJzeW5jOi8vbG9jYWxob3N0L3JlcG8vdGEvMC9FOUQ4NUFGNENBQTEyQ0JENzE5MDY3QTM5QjQ0MDlBM0ZGNEQ4QkIxLmNybDA8BggrBgEFBQcBAQQwMC4wLAYIKwYBBQUHMAKGIHJzeW5jOi8vbG9jYWxob3N0L3JlcG8vdGEvdGEuY2VyMGQGCCsGAQUFBwELBFgwVjBUBggrBgEFBQcwC4ZIcnN5bmM6Ly9sb2NhbGhvc3QvcmVwby90YS8wL0U5RDg1QUY0Q0FBMTJDQkQ3MTkwNjdBMzlCNDQwOUEzRkY0RDhCQjEubWZ0MBgGA1UdIAEB/wQOMAwwCgYIKwYBBQUHDgIwIQYIKwYBBQUHAQcBAf8EEjAQMAYEAgABBQAwBgQCAAIFADAVBggrBgEFBQcBCAEB/wQGMASgAgUAMA0GCSqGSIb3DQEBCwUAA4IBAQBgb4O/X+h2QdCI38K9CXnx/Qt3oRsc12ThmowXNSQ8YD49gWEnlnS8GJw9aUfoEYUX160RDYs+dLhLDWvxAQ5jBInwGAGivAq9TCnm4NJL7IUcTyvNZlQZAvAbDomu8T18FrGNWCVH0/mLUkAlJ+U03pffeqQVEMoeLw0HZsu+TmYGLwb9iGkkyrOdV+QXmY/E49KPoIciDIg1XE034QZ5M1UKtQJi4uFPByEwdGPY9AL/CTb8b1Q/qDhRLuehg5THzehAw/5mPmEdPRwCyheaRIO8MUASxCUqc5Fh81bMgIebulc1FwNKQGGNSU66YM2QXu2xleI82Pbb+hpvWsiFMYIBrDCCAagCAQOAFMQh1DFwUjrBli6J2PdZG3laORq9MA0GCWCGSAFlAwQCAQUAoGswGgYJKoZIhvcNAQkDMQ0GCyqGSIb3DQEJEAEaMBwGCSqGSIb3DQEJBTEPFw0yMDA0MzAxNDE0MDlaMC8GCSqGSIb3DQEJBDEiBCCfu/X9j2Yicbl0M+RTBkofu1PgKU85rsiz4vpqmRHYtTANBgkqhkiG9w0BAQEFAASCAQAgKWMmTmK8OiVQ+L4wIANFXXO5hP1t76RFUQ9PyuqzrvO1XUys3KaQfkxJeur1iKG3K9cplYzoBhj5bXY4cJOnYw/a8m7xmWqimd+vZt/dKXglLm7REq/Di3ZaX/YIyM6MosO8wNHPNMcwcLyFuXJDDs4qRd4mfK1UgeevywA7Z7kWFOa9g4Qmd7Yw1HQJAs+UO5xL9HdNXAP6JBMaMstT0XdNQ2UXWxT1Bw9TFvfDyObFY7i6UdbHgvJ655ppIvzUjqbmYEKgjQni6vWg9JrR9EyAS93gvpmV0gP0lZnKqqP48IRYZGCEXzo2YgEkk1VF6jOK5tlNsAA4uXiSboMw",
                        "serial": "626138356961288420569511453214171857468926205627",
                        "expires": "2020-05-01T14:14:09.655935Z"
                      },
                      "old": "4d677facb1a7b22511582a27d05dd8ab2997d9455effbe6f2302edf7fe939f01"
                    }
                  ],
                  "withdrawn": []
                }
              }
            }
          ]
        }
      }
    ]
  }
}