{
  "command": {
    "actor": "krill",
    "time": "2020-04-30T14:14:10.661152Z",
    "handle": "ta",
    "version": 13,
    "sequence": 9,
    "details": {
      "child_certify": [
        "rfc6492",
        "0",
        {
          "asn": "none",
          "v4": "none",
          "v6": "none"
        },
        "17143836B8F6D11DCB53CD49B5D40C61B8E9B813"
      ]
    },
    "effect": {
      "events": [
        13,
        14,
        15
      ]
    }
  },
  "result": {
    "Events": [
      {
        "id": "ta",
        "version": 13,
        "details": {
          "child_certificate_issued": [
            "rfc6492",
            "0",
            "17143836B8F6D11DCB53CD49B5D40C61B8E9B813"
          ]
        }
      },
      {
        "id": "ta",
        "version": 14,
        "details": {
          "child_certificates_updated": [
            "0",
            {
              "issued": [
                {
                  "uri": "rsync://localhost/repo/ta/0/17143836B8F6D11DCB53CD49B5D40C61B8E9B813.cer",
                  "limit": {
                    "asn": "none",
                    "v4": "none",
                    "v6": "none"
                  },
                  "resource_set": {
                    "asn": "",
                    "v4": "10.0.0.0/24",
                    "v6": ""
                  },
                  "cert": "MIIHBzCCBe+gAwIBAgIUJszQp6+pcX3G+CvNBjU7UcFCBMwwDQYJKoZIhvcNAQELBQAwggItMYICKTCCAiUGA1UEAxOCAhwzMDgyMDEwQTAyODIwMTAxMDBEMTMyRjRBRDEwRjgzMkQ2MjE5QjFERDQyMzg4RTZGQTJGNTk3NDg1OEMwNjdCNDA4MTVBNEU4OEVGQTdCMzEzODE0OUM4RjU3MDgyNjlDREI2RjQ0MDNFRTlDMzY3QUUwQzg1MEE5MkE2RjVGMzY3QzZDMTEwMEQxOEQwQjM2M0QyMzc1RUI4NzU5NkVGMEE2ODA4RUQxOTRBODdCMEY1MDJCOUE5RDREQzczOUYwQzQyRkU0QTcxQzEzM0ZCNEI1NUFERUVGOTFBNjZDQ0I2QzVEMzNCRUVERjhEQzRBODcwRjJGQkY3RkREMEM5QTBFRDFDQkRGN0JGRkU2MTk4MEI4NDU5MkY2MTFENDQzNDUyN0UzMDMyMkYyODJFQzFEMDE1RUQyOTA4NjgyQzY0RTAyMTJCNDU1MzA4QkQ1MDcwMEI4MjMzMEIwRUI0MEI4OTUzMUFFQkFCMjJDMTQwNDdGQ0U2MjI0QTdGMDhBRjg3MUIzNEE5RjY2OTJFMjk0QTNCODBDMzcyQTdDOTNDQTRDQ0U4NTM1QTNGRTI5NzJFOEJDRUZCNTI3RTAwOEVGRjU4M0U2QjVFRUE1MkE2NDQxQkE1RDhGNkRGNEU1NzZGNEQ5MjQzNUUwOUNEMjQwRkY0NEZBMUVCN0U1RTI5QkJCRTdCOEJDMEQxRTgzMTAyMDMwMTAwMDEwHhcNMjAwNDMwMTQwOTEwWhcNMjEwNDMwMTQxNDEwWjAzMTEwLwYDVQQDEygxNzE0MzgzNkI4RjZEMTFEQ0I1M0NENDlCNUQ0MEM2MUI4RTlCODEzMIIBIjANBgkqhkiG9w0BAQEFAAOCAQ8AMIIBCgKCAQEA1uGsqPLgLLiNwNsc1h3EgTUeeAiWsyUmkUzEQgkBs3chLwDupIBaATsMomBRP0kfiZ+Zu+OPD1LW1BX60Ar/Fig6AOSZrAz9RHhDtENiWBvfa+VtE1PvZ4GeCNpL+8gkd53KiXE5HEcZu4+gC0CeDxYreXKM5DZV9lJvfF0acmBaM/FfVbYc/Pd6hpWE6fqCIIkUcoDb+5viZCn+oslMusc3RiWaw1hrLhRQkScPZrzZeEk7cHZSK0zPU8Hp0ah3Y+SwBaY4fvd926uJhzcxbJVuw1DWyQLLLHWSMCImHt8IhR4dG4YVls/f5vyG203vbDDBEverpAD5COJTvRmh8wIDAQABo4ICFTCCAhEwDwYDVR0TAQH/BAUwAwEB/zAdBgNVHQ4EFgQUFxQ4Nrj20R3LU81JtdQMYbjpuBMwHwYDVR0jBBgwFoAU6dha9MqhLL1xkGejm0QJo/9Ni7EwDgYDVR0PAQH/BAQDAgEGMFkGA1UdHwRSMFAwTqBMoEqGSHJzeW5jOi8vbG9jYWxob3N0L3JlcG8vdGEvMC9FOUQ4NUFGNENBQTEyQ0JENzE5MDY3QTM5QjQ0MDlBM0ZGNEQ4QkIxLmNybDA8BggrBgEFBQcBAQQwMC4wLAYIKwYBBQUHMAKGIHJzeW5jOi8vbG9jYWxob3N0L3JlcG8vdGEvdGEuY2VyMIHZBggrBgEFBQcBCwSBzDCByTAtBggrBgEFBQcwBYYhcnN5bmM6Ly9sb2NhbGhvc3QvcmVwby9yZmM2NDkyLzAvMFkGCCsGAQUFBzAKhk1yc3luYzovL2xvY2FsaG9zdC9yZXBvL3JmYzY0OTIvMC8xNzE0MzgzNkI4RjZEMTFEQ0I1M0NENDlCNUQ0MEM2MUI4RTlCODEzLm1mdDA9BggrBgEFBQcwDYYxaHR0cHM6Ly9sb2NhbGhvc3Q6MzAwMC90ZXN0LXJyZHAvbm90aWZpY2F0aW9uLnhtbDAYBgNVHSABAf8EDjAMMAoGCCsGAQUFBw4CMB8GCCsGAQUFBwEHAQH/BBAwDjAMBAIAATAGAwQACgAAMA0GCSqGSIb3DQEBCwUAA4IBAQBlHAdTI0STrl7W8KNrJjSWAWgmawaJ3O/iDNPi9FznUkwN2EIFVTO4C2qAuAEX/UZhsnlcHIZ2lvSJ8hdyv+g32IWwaTjmYz1YUafLPApRRTLqBeLURkANS8BKz9L81Izru/1i/c63tpVAKt7zpoGfugwQbQgVmHNfX8UhZ3g0h3uHjToLZp2ZpqFf8ucBhxGr0uUw8fzmxO+tPK4hWnYYH9aIhYPS209tgoFP4A9wh4La/B+h7wdYXt5y9oORXk1/6Fq4yh+pa/TrAfvp0Sj6qLN8omEx1XStZ+D8N8d80Tci8HBLuqsnzm4JoZQ4OZFJzvbIMfsS2c7q4eq3jmT3",
                  "replaces": {
                    "revocation": {
                      "serial": "336440450778800470333998511641146992184932540904",
                      "expires": "2021-04-30T14:14:09Z"
                    },
                    "hash": "723be777f7b4b9159a2eca3c5eff5f2951a34d0a6fcf3f4718fc6be83f8efc8e"
                  }
                }
              ],
              "removed": []
            }
          ]
        }
      },
      {
        "id": "ta",
        "version": 15,
        "details": {
          "object_set_updated": [
            "0",
            {
              "E9D85AF4CAA12CBD719067A39B4409A3FF4D8BB1": {
                "number": 4,
                "revocations_delta": {
                  "added": [
                    {
                      "serial": "336440450778800470333998511641146992184932540904",
                      "expires": "2021-04-30T14:14:09Z"
                    },
                    {
                      "serial": "626138356961288420569511453214171857468926205627",
                      "expires": "2020-05-01T14:14:09.655935Z"
                    }
                  ],
                  "dropped": []
                },
                "manifest_info": {
                  "name": "E9D85AF4CAA12CBD719067A39B4409A3FF4D8BB1.mft",
                  "current": {
                    "content": "MIILZgYJKoZIhvcNAQcCoIILVzCCC1MCAQMxDzANBglghkgBZQMEAgEFADCB7wYLKoZIhvcNAQkQARqggd8EgdwwgdkCAQQYDzIwMjAwNDMwMTQwOTEwWhgPMjAyMDA1MDExNDE0MTBaBglghkgBZQMEAgEwgaYwURYsRTlEODVBRjRDQUExMkNCRDcxOTA2N0EzOUI0NDA5QTNGRjREOEJCMS5jcmwDIQAltUdN/D+No4w7FEbrBnUJe1GqzgO/VVtb5F/MGc7I7zBRFiwxNzE0MzgzNkI4RjZEMTFEQ0I1M0NENDlCNUQ0MEM2MUI4RTlCODEzLmNlcgMhAHTiXOaXRscvu0Pu8EWqukYKhXxESfnsV/ghQciHgHt4oIIImTCCCJUwggd9oAMCAQICFG3CabKemKDSn3y+fQoy6VCi7/AxMA0GCSqGSIb3DQEBCwUAMIICLTGCAikwggIlBgNVBAMTggIcMzA4MjAxMEEwMjgyMDEwMTAwRDEzMkY0QUQxMEY4MzJENjIxOUIxREQ0MjM4OEU2RkEyRjU5NzQ4NThDMDY3QjQwODE1QTRFODhFRkE3QjMxMzgxNDlDOEY1NzA4MjY5Q0RCNkY0NDAzRUU5QzM2N0FFMEM4NTBBOTJBNkY1RjM2N0M2QzExMDBEMThEMEIzNjNEMjM3NUVCODc1OTZFRjBBNjgwOEVEMTk0QTg3QjBGNTAyQjlBOUQ0REM3MzlGMEM0MkZFNEE3MUMxMzNGQjRCNTVBREVFRjkxQTY2Q0NCNkM1RDMzQkVFREY4REM0QTg3MEYyRkJGN0ZERDBDOUEwRUQxQ0JERjdCRkZFNjE5ODBCODQ1OTJGNjExRDQ0MzQ1MjdFMzAzMjJGMjgyRUMxRDAxNUVEMjkwODY4MkM2NEUwMjEyQjQ1NTMwOEJENTA3MDBCODIzMzBCMEVCNDBCODk1MzFBRUJBQjIyQzE0MDQ3RkNFNjIyNEE3RjA4QUY4NzFCMzRBOUY2NjkyRTI5NEEzQjgwQzM3MkE3QzkzQ0E0Q0NFODUzNUEzRkUyOTcyRThCQ0VGQjUyN0UwMDhFRkY1ODNFNkI1RUVBNTJBNjQ0MUJBNUQ4RjZERjRFNTc2RjREOTI0MzVFMDlDRDI0MEZGNDRGQTFFQjdFNUUyOUJCQkU3QjhCQzBEMUU4MzEwMjAzMDEwMDAxMB4XDTIwMDQzMDE0MDkxMFoXDTIwMDUwNzE0MTQxMFowggItMYICKTCCAiUGA1UEAxOCAhwzMDgyMDEwQTAyODIwMTAxMDBDMTYzOTY2RUFGMTVGNDgwMUUzNDJERTFEQzI5ODJCOEVGODgxNzgzQkZEMTdDQUYzREM1NEM4REZEODg0RDkzNjg3QTI2Qjk2NENGOUQxQ0MxQjQ5RjlBMEE5MzRGRUJFQzA0MkNCQzVFQkVENTIzQThBQjFENDJERUFCNEY3OThCQzI5MTA0MzM2NDU0MUQwNDdCRDU0MDQzRkZCRjU3NEJCMTVBNzkwMEQ1QTNGMzcyOTI3QzlGNUZGNEZFRDZGQjk1MUVDQTdFQUUwMDcyQjlGM0I5QkUyM0JBQTY2RTFDNEQ0QjBEMEE2MjE0RTczNjdDQkEwQkIxN0NCMDc0MjAyMDJGMDQ1MkY2Q0M5QzkxRkQwNTgwQzExNTI5MUE1N0Y4MDFGMTQ5MjFGRDMzMDFENjU4RDkxNjY0OUYyRUI2QUM5RkY2NzM3ODBGRjE2NTVFMjQzMEQyRjFFNTFDRUM4QUVCQTUyOUI1NjRDMjE5QjQ1NjY4QkE0MkJBQzM4QjhGRTE4Q0RBMDExNjMxMTlBRjMzNkFERUI4OTdBNjg3NjM5OTIwOThBMUU5QkZGMTczOTgwOTg0RkNFOUIwNDZFRjNERkJDOTZCMzZGREU0QkU2QjA1MTA3RkVDQjE3RTA5MDJBRTRBMzJBQjE1QTdEMzlEMDk1NDgwRDQxQjAyMDMwMTAwMDEwggEiMA0GCSqGSIb3DQEBAQUAA4IBDwAwggEKAoIBAQDBY5ZurxX0gB40LeHcKYK474gXg7/RfK89xUyN/YhNk2h6Jrlkz50cwbSfmgqTT+vsBCy8Xr7VI6irHULeq095i8KRBDNkVB0Ee9VAQ/+/V0uxWnkA1aPzcpJ8n1/0/tb7lR7Kfq4Acrnzub4juqZuHE1LDQpiFOc2fLoLsXywdCAgLwRS9syckf0FgMEVKRpX+AHxSSH9MwHWWNkWZJ8utqyf9nN4D/FlXiQw0vHlHOyK66UptWTCGbRWaLpCusOLj+GM2gEWMRmvM2reuJemh2OZIJih6b/xc5gJhPzpsEbvPfvJazb95L5rBRB/7LF+CQKuSjKrFafTnQlUgNQbAgMBAAGjggGnMIIBozAdBgNVHQ4EFgQUcqtHknDHb8ZcwGbIP/g4D4GD6lUwHwYDVR0jBBgwFoAU6dha9MqhLL1xkGejm0QJo/9Ni7EwDgYDVR0PAQH/BAQDAgeAMFkGA1UdHwRSMFAwTqBMoEqGSHJzeW5jOi8vbG9jYWxob3N0L3JlcG8vdGEvMC9FOUQ4NUFGNENBQTEyQ0JENzE5MDY3QTM5QjQ0MDlBM0ZGNEQ4QkIxLmNybDA8BggrBgEFBQcBAQQwMC4wLAYIKwYBBQUHMAKGIHJzeW5jOi8vbG9jYWxob3N0L3JlcG8vdGEvdGEuY2VyMGQGCCsGAQUFBwELBFgwVjBUBggrBgEFBQcwC4ZIcnN5bmM6Ly9sb2NhbGhvc3QvcmVwby90YS8wL0U5RDg1QUY0Q0FBMTJDQkQ3MTkwNjdBMzlCNDQwOUEzRkY0RDhCQjEubWZ0MBgGA1UdIAEB/wQOMAwwCgYIKwYBBQUHDgIwIQYIKwYBBQUHAQcBAf8EEjAQMAYEAgABBQAwBgQCAAIFADAVBggrBgEFBQcBCAEB/wQGMASgAgUAMA0GCSqGSIb3DQEBCwUAA4IBAQAxQmOlj97rUkwtv3rUsOrXNeVjXD/V/Q7TyneekOoAxGQgy2iiz6kzd8MmPxnRQxFAQ9J0YLaYkCJQEH8b7Fk4pDHmhzfWfF8vOWXAkPyuzKF9o8wv0Mm8BLojCaruLAitMFNMSLm2fMo38rmrWXkWBA2O39abSlSRDJWbo0nfLGxb6+UKLOjdazDeFvaieFizTo5iVmu4z7aODGbnJRYlAss5O8rV+cDoCTy0F68yUWDBVRio84sVPeLZYO/zwKHGQvY2l3EakG0IXSFHPaLpUtp17WopuIOXxkezYMAxLlCat5eHhAb6APUBKPI5i7KnkV4SnXzD3ncm0hpymn9KMYIBrDCCAagCAQOAFHKrR5Jwx2/GXMBmyD/4OA+Bg+pVMA0GCWCGSAFlAwQCAQUAoGswGgYJKoZIhvcNAQkDMQ0GCyqGSIb3DQEJEAEaMBwGCSqGSIb3DQEJBTEPFw0yMDA0MzAxNDE0MTBaMC8GCSqGSIb3DQEJBDEiBCD9L6FzFXN3gXPxbva9DaXQubDmtcz689R6QVqH6c74qjANBgkqhkiG9w0BAQEFAASCAQAMNubLxWBroRPgeypgAaSxnlhkdjg3KTc6rtGwe6YxFCoKxTPlpTKT8X3gqdEIe/ixIgo9b3Q9uCltFamNXo2l8444pE/nCSKgXjkfB+lmUDc1NiJraRq8cyeFwvo8X11cesaeA4G+KU1yc9/ZUFGWw65YbTyqb35N1BQIcXlcAUtGB0Pvb7LLOIbtlhp4hrKVTpZdbOlbG0xnmOXEJs7fpRA9RueTTaTTIsAISma4YtG8Ttg4L70wn0NJQq4Pn/rSa6lJB2aEypARyOEeRXUdlhWvMaL4pdm9HoeQ4eEC2bCNwsav92Rpfs9mwy7J2UaSqkXuc59cGweEnnwC10sK",
                    "serial": "626615546159408110113138640915554168163017945137",
                    "expires": "2020-05-01T14:14:10.668787Z"
                  },
                  "next_update": "2020-05-01T14:14:10.668787Z",
                  "old": "2d76f272d6d97c7a749a7686733491de4e0899a5d55a8cd1b0ad20f76815d862"
                },
                "crl_info": {
                  "name": "E9D85AF4CAA12CBD719067A39B4409A3FF4D8BB1.crl",
                  "current": {
                    "content": "MIIEcDCCA1gCAQEwDQYJKoZIhvcNAQELBQAwggItMYICKTCCAiUGA1UEAxOCAhwzMDgyMDEwQTAyODIwMTAxMDBEMTMyRjRBRDEwRjgzMkQ2MjE5QjFERDQyMzg4RTZGQTJGNTk3NDg1OEMwNjdCNDA4MTVBNEU4OEVGQTdCMzEzODE0OUM4RjU3MDgyNjlDREI2RjQ0MDNFRTlDMzY3QUUwQzg1MEE5MkE2RjVGMzY3QzZDMTEwMEQxOEQwQjM2M0QyMzc1RUI4NzU5NkVGMEE2ODA4RUQxOTRBODdCMEY1MDJCOUE5RDREQzczOUYwQzQyRkU0QTcxQzEzM0ZCNEI1NUFERUVGOTFBNjZDQ0I2QzVEMzNCRUVERjhEQzRBODcwRjJGQkY3RkREMEM5QTBFRDFDQkRGN0JGRkU2MTk4MEI4NDU5MkY2MTFENDQzNDUyN0UzMDMyMkYyODJFQzFEMDE1RUQyOTA4NjgyQzY0RTAyMTJCNDU1MzA4QkQ1MDcwMEI4MjMzMEIwRUI0MEI4OTUzMUFFQkFCMjJDMTQwNDdGQ0U2MjI0QTdGMDhBRjg3MUIzNEE5RjY2OTJFMjk0QTNCODBDMzcyQTdDOTNDQTRDQ0U4NTM1QTNGRTI5NzJFOEJDRUZCNTI3RTAwOEVGRjU4M0U2QjVFRUE1MkE2NDQxQkE1RDhGNkRGNEU1NzZGNEQ5MjQzNUUwOUNEMjQwRkY0NEZBMUVCN0U1RTI5QkJCRTdCOEJDMEQxRTgzMTAyMDMwMTAwMDEXDTIwMDQzMDE0MDkxMFoXDTIwMDUwMTE0MTQxMFowgcMwJQIUcvIMfxeBmQ92TWCQbwACPSGz1agXDTIwMDUwMTE0MTQwNlowJQIUfdxHRSjdMC15Bm+mH1ltnyZmEkUXDTIxMDQzMDE0MTQwOFowJQIUDmHQKc6hPhi0+CXfsdLFUJYwfUEXDTIwMDUwMTE0MTQwOFowJQIUOu6C9zJLLNSEJWEJ8H3i93htoegXDTIxMDQzMDE0MTQwOVowJQIUba0D1ZpU8aIEO1KHOZ0rGwEQHrsXDTIwMDUwMTE0MTQwOVqgLzAtMB8GA1UdIwQYMBaAFOnYWvTKoSy9cZBno5tECaP/TYuxMAoGA1UdFAQDAgEEMA0GCSqGSIb3DQEBCwUAA4IBAQCN+/wJgSywK/ikH6YXSwEYvm/d4ShbXOtEtEzZmtz6OZjksH2aAOsMqiTdrKYoTemSpehkrOy5j6yeZ1karPeRG/nmfwXZgotbn+F3GUTowXmc05wrScbJs3VbZb3OdBKFn0puSerVVpYUxRpvp9Hybxmg8B8qIoTU1nSDVQr6hXo6bqOs8mnYGW5rNALCIKhuav2dUwWkAr3AngFh4a4cyWqJuNRsZlT0/Kic+esDcD+klnPIgxh1C+oC0Q1PPTrta/DgLaksU8sGpPh3W7bRXcTsLQLisjyMz7jcPd5RJV58mkLN6WXFqVa4uSXnfXt3WAcVVEgiuDk9q86EXMkF",
                    "serial": "4",
                    "expires": "2020-05-01T14:14:10.665294Z"
                  },
                  "old": "d7f9fd81eac776886418c9e52f8455d4a0d9ed30d6b7d3ffd3a072027c3a6d0d"
                },
                "objects_delta": {
                  "ca_repo": "rsync://localhost/repo/ta/0",
                  "added": [],
                  "updated": [
                    {
                      "name": "17143836B8F6D11DCB53CD49B5D40C61B8E9B813.cer",
                      "object": {
                        "content": "MIIHBzCCBe+gAwIBAgIUJszQp6+pcX3G+CvNBjU7UcFCBMwwDQYJKoZIhvcNAQELBQAwggItMYICKTCCAiUGA1UEAxOCAhwzMDgyMDEwQTAyODIwMTAxMDBEMTMyRjRBRDEwRjgzMkQ2MjE5QjFERDQyMzg4RTZGQTJGNTk3NDg1OEMwNjdCNDA4MTVBNEU4OEVGQTdCMzEzODE0OUM4RjU3MDgyNjlDREI2RjQ0MDNFRTlDMzY3QUUwQzg1MEE5MkE2RjVGMzY3QzZDMTEwMEQxOEQwQjM2M0QyMzc1RUI4NzU5NkVGMEE2ODA4RUQxOTRBODdCMEY1MDJCOUE5RDREQzczOUYwQzQyRkU0QTcxQzEzM0ZCNEI1NUFERUVGOTFBNjZDQ0I2QzVEMzNCRUVERjhEQzRBODcwRjJGQkY3RkREMEM5QTBFRDFDQkRGN0JGRkU2MTk4MEI4NDU5MkY2MTFENDQzNDUyN0UzMDMyMkYyODJFQzFEMDE1RUQyOTA4NjgyQzY0RTAyMTJCNDU1MzA4QkQ1MDcwMEI4MjMzMEIwRUI0MEI4OTUzMUFFQkFCMjJDMTQwNDdGQ0U2MjI0QTdGMDhBRjg3MUIzNEE5RjY2OTJFMjk0QTNCODBDMzcyQTdDOTNDQTRDQ0U4NTM1QTNGRTI5NzJFOEJDRUZCNTI3RTAwOEVGRjU4M0U2QjVFRUE1MkE2NDQxQkE1RDhGNkRGNEU1NzZGNEQ5MjQzNUUwOUNEMjQwRkY0NEZBMUVCN0U1RTI5QkJCRTdCOEJDMEQxRTgzMTAyMDMwMTAwMDEwHhcNMjAwNDMwMTQwOTEwWhcNMjEwNDMwMTQxNDEwWjAzMTEwLwYDVQQDEygxNzE0MzgzNkI4RjZEMTFEQ0I1M0NENDlCNUQ0MEM2MUI4RTlCODEzMIIBIjANBgkqhkiG9w0BAQEFAAOCAQ8AMIIBCgKCAQEA1uGsqPLgLLiNwNsc1h3EgTUeeAiWsyUmkUzEQgkBs3chLwDupIBaATsMomBRP0kfiZ+Zu+OPD1LW1BX60Ar/Fig6AOSZrAz9RHhDtENiWBvfa+VtE1PvZ4GeCNpL+8gkd53KiXE5HEcZu4+gC0CeDxYreXKM5DZV9lJvfF0acmBaM/FfVbYc/Pd6hpWE6fqCIIkUcoDb+5viZCn+oslMusc3RiWaw1hrLhRQkScPZrzZeEk7cHZSK0zPU8Hp0ah3Y+SwBaY4fvd926uJhzcxbJVuw1DWyQLLLHWSMCImHt8IhR4dG4YVls/f5vyG203vbDDBEverpAD5COJTvRmh8wIDAQABo4ICFTCCAhEwDwYDVR0TAQH/BAUwAwEB/zAdBgNVHQ4EFgQUFxQ4Nrj20R3LU81JtdQMYbjpuBMwHwYDVR0jBBgwFoAU6dha9MqhLL1xkGejm0QJo/9Ni7EwDgYDVR0PAQH/BAQDAgEGMFkGA1UdHwRSMFAwTqBMoEqGSHJzeW5jOi8vbG9jYWxob3N0L3JlcG8vdGEvMC9FOUQ4NUFGNENBQTEyQ0JENzE5MDY3QTM5QjQ0MDlBM0ZGNEQ4QkIxLmNybDA8BggrBgEFBQcBAQQwMC4wLAYIKwYBBQUHMAKGIHJzeW5jOi8vbG9jYWxob3N0L3JlcG8vdGEvdGEuY2VyMIHZBggrBgEFBQcBCwSBzDCByTAtBggrBgEFBQcwBYYhcnN5bmM6Ly9sb2NhbGhvc3QvcmVwby9yZmM2NDkyLzAvMFkGCCsGAQUFBzAKhk1yc3luYzovL2xvY2FsaG9zdC9yZXBvL3JmYzY0OTIvMC8xNzE0MzgzNkI4RjZEMTFEQ0I1M0NENDlCNUQ0MEM2MUI4RTlCODEzLm1mdDA9BggrBgEFBQcwDYYxaHR0cHM6Ly9sb2NhbGhvc3Q6MzAwMC90ZXN0LXJyZHAvbm90aWZpY2F0aW9uLnhtbDAYBgNVHSABAf8EDjAMMAoGCCsGAQUFBw4CMB8GCCsGAQUFBwEHAQH/BBAwDjAMBAIAATAGAwQACgAAMA0GCSqGSIb3DQEBCwUAA4IBAQBlHAdTI0STrl7W8KNrJjSWAWgmawaJ3O/iDNPi9FznUkwN2EIFVTO4C2qAuAEX/UZhsnlcHIZ2lvSJ8hdyv+g32IWwaTjmYz1YUafLPApRRTLqBeLURkANS8BKz9L81Izru/1i/c63tpVAKt7zpoGfugwQbQgVmHNfX8UhZ3g0h3uHjToLZp2ZpqFf8ucBhxGr0uUw8fzmxO+tPK4hWnYYH9aIhYPS209tgoFP4A9wh4La/B+h7wdYXt5y9oORXk1/6Fq4yh+pa/TrAfvp0Sj6qLN8omEx1XStZ+D8N8d80Tci8HBLuqsnzm4JoZQ4OZFJzvbIMfsS2c7q4eq3jmT3",
                        "serial": "221509177727929930278594892979466868145850025164",
                        "expires": "2021-04-30T14:14:10Z"
                      },
                      "old": "723be777f7b4b9159a2eca3c5eff5f2951a34d0a6fcf3f4718fc6be83f8efc8e"
                    },
                    {
                      "name": "E9D85AF4CAA12CBD719067A39B4409A3FF4D8BB1.crl",
                      "object": {
                        "content": "MIIEcDCCA1gCAQEwDQYJKoZIhvcNAQELBQAwggItMYICKTCCAiUGA1UEAxOCAhwzMDgyMDEwQTAyODIwMTAxMDBEMTMyRjRBRDEwRjgzMkQ2MjE5QjFERDQyMzg4RTZGQTJGNTk3NDg1OEMwNjdCNDA4MTVBNEU4OEVGQTdCMzEzODE0OUM4RjU3MDgyNjlDREI2RjQ0MDNFRTlDMzY3QUUwQzg1MEE5MkE2RjVGMzY3QzZDMTEwMEQxOEQwQjM2M0QyMzc1RUI4NzU5NkVGMEE2ODA4RUQxOTRBODdCMEY1MDJCOUE5RDREQzczOUYwQzQyRkU0QTcxQzEzM0ZCNEI1NUFERUVGOTFBNjZDQ0I2QzVEMzNCRUVERjhEQzRBODcwRjJGQkY3RkREMEM5QTBFRDFDQkRGN0JGRkU2MTk4MEI4NDU5MkY2MTFENDQzNDUyN0UzMDMyMkYyODJFQzFEMDE1RUQyOTA4NjgyQzY0RTAyMTJCNDU1MzA4QkQ1MDcwMEI4MjMzMEIwRUI0MEI4OTUzMUFFQkFCMjJDMTQwNDdGQ0U2MjI0QTdGMDhBRjg3MUIzNEE5RjY2OTJFMjk0QTNCODBDMzcyQTdDOTNDQTRDQ0U4NTM1QTNGRTI5NzJFOEJDRUZCNTI3RTAwOEVGRjU4M0U2QjVFRUE1MkE2NDQxQkE1RDhGNkRGNEU1NzZGNEQ5MjQzNUUwOUNEMjQwRkY0NEZBMUVCN0U1RTI5QkJCRTdCOEJDMEQxRTgzMTAyMDMwMTAwMDEXDTIwMDQzMDE0MDkxMFoXDTIwMDUwMTE0MTQxMFowgcMwJQIUcvIMfxeBmQ92TWCQbwACPSGz1agXDTIwMDUwMTE0MTQwNlowJQIUfdxHRSjdMC15Bm+mH1ltnyZmEkUXDTIxMDQzMDE0MTQwOFowJQIUDmHQKc6hPhi0+CXfsdLFUJYwfUEXDTIwMDUwMTE0MTQwOFowJQIUOu6C9zJLLNSEJWEJ8H3i93htoegXDTIxMDQzMDE0MTQwOVowJQIUba0D1ZpU8aIEO1KHOZ0rGwEQHrsXDTIwMDUwMTE0MTQwOVqgLzAtMB8GA1UdIwQYMBaAFOnYWvTKoSy9cZBno5tECaP/TYuxMAoGA1UdFAQDAgEEMA0GCSqGSIb3DQEBCwUAA4IBAQCN+/wJgSywK/ikH6YXSwEYvm/d4ShbXOtEtEzZmtz6OZjksH2aAOsMqiTdrKYoTemSpehkrOy5j6yeZ1karPeRG/nmfwXZgotbn+F3GUTowXmc05wrScbJs3VbZb3OdBKFn0puSerVVpYUxRpvp9Hybxmg8B8qIoTU1nSDVQr6hXo6bqOs8mnYGW5rNALCIKhuav2dUwWkAr3AngFh4a4cyWqJuNRsZlT0/Kic+esDcD+klnPIgxh1C+oC0Q1PPTrta/DgLaksU8sGpPh3W7bRXcTsLQLisjyMz7jcPd5RJV58mkLN6WXFqVa4uSXnfXt3WAcVVEgiuDk9q86EXMkF",
                        "serial": "4",
                        "expires": "2020-05-01T14:14:10.665294Z"
                      },
                      "old": "d7f9fd81eac776886418c9e52f8455d4a0d9ed30d6b7d3ffd3a072027c3a6d0d"
                    },
                    {
                      "name": "E9D85AF4CAA12CBD719067A39B4409A3FF4D8BB1.mft",
                      "object": {
                        "content": "MIILZgYJKoZIhvcNAQcCoIILVzCCC1MCAQMxDzANBglghkgBZQMEAgEFADCB7wYLKoZIhvcNAQkQARqggd8EgdwwgdkCAQQYDzIwMjAwNDMwMTQwOTEwWhgPMjAyMDA1MDExNDE0MTBaBglghkgBZQMEAgEwgaYwURYsRTlEODVBRjRDQUExMkNCRDcxOTA2N0EzOUI0NDA5QTNGRjREOEJCMS5jcmwDIQAltUdN/D+No4w7FEbrBnUJe1GqzgO/VVtb5F/MGc7I7zBRFiwxNzE0MzgzNkI4RjZEMTFEQ0I1M0NENDlCNUQ0MEM2MUI4RTlCODEzLmNlcgMhAHTiXOaXRscvu0Pu8EWqukYKhXxESfnsV/ghQciHgHt4oIIImTCCCJUwggd9oAMCAQICFG3CabKemKDSn3y+fQoy6VCi7/AxMA0GCSqGSIb3DQEBCwUAMIICLTGCAikwggIlBgNVBAMTggIcMzA4MjAxMEEwMjgyMDEwMTAwRDEzMkY0QUQxMEY4MzJENjIxOUIxREQ0MjM4OEU2RkEyRjU5NzQ4NThDMDY3QjQwODE1QTRFODhFRkE3QjMxMzgxNDlDOEY1NzA4MjY5Q0RCNkY0NDAzRUU5QzM2N0FFMEM4NTBBOTJBNkY1RjM2N0M2QzExMDBEMThEMEIzNjNEMjM3NUVCODc1OTZFRjBBNjgwOEVEMTk0QTg3QjBGNTAyQjlBOUQ0REM3MzlGMEM0MkZFNEE3MUMxMzNGQjRCNTVBREVFRjkxQTY2Q0NCNkM1RDMzQkVFREY4REM0QTg3MEYyRkJGN0ZERDBDOUEwRUQxQ0JERjdCRkZFNjE5ODBCODQ1OTJGNjExRDQ0MzQ1MjdFMzAzMjJGMjgyRUMxRDAxNUVEMjkwODY4MkM2NEUwMjEyQjQ1NTMwOEJENTA3MDBCODIzMzBCMEVCNDBCODk1MzFBRUJBQjIyQzE0MDQ3RkNFNjIyNEE3RjA4QUY4NzFCMzRBOUY2NjkyRTI5NEEzQjgwQzM3MkE3QzkzQ0E0Q0NFODUzNUEzRkUyOTcyRThCQ0VGQjUyN0UwMDhFRkY1ODNFNkI1RUVBNTJBNjQ0MUJBNUQ4RjZERjRFNTc2RjREOTI0MzVFMDlDRDI0MEZGNDRGQTFFQjdFNUUyOUJCQkU3QjhCQzBEMUU4MzEwMjAzMDEwMDAxMB4XDTIwMDQzMDE0MDkxMFoXDTIwMDUwNzE0MTQxMFowggItMYICKTCCAiUGA1UEAxOCAhwzMDgyMDEwQTAyODIwMTAxMDBDMTYzOTY2RUFGMTVGNDgwMUUzNDJERTFEQzI5ODJCOEVGODgxNzgzQkZEMTdDQUYzREM1NEM4REZEODg0RDkzNjg3QTI2Qjk2NENGOUQxQ0MxQjQ5RjlBMEE5MzRGRUJFQzA0MkNCQzVFQkVENTIzQThBQjFENDJERUFCNEY3OThCQzI5MTA0MzM2NDU0MUQwNDdCRDU0MDQzRkZCRjU3NEJCMTVBNzkwMEQ1QTNGMzcyOTI3QzlGNUZGNEZFRDZGQjk1MUVDQTdFQUUwMDcyQjlGM0I5QkUyM0JBQTY2RTFDNEQ0QjBEMEE2MjE0RTczNjdDQkEwQkIxN0NCMDc0MjAyMDJGMDQ1MkY2Q0M5QzkxRkQwNTgwQzExNTI5MUE1N0Y4MDFGMTQ5MjFGRDMzMDFENjU4RDkxNjY0OUYyRUI2QUM5RkY2NzM3ODBGRjE2NTVFMjQzMEQyRjFFNTFDRUM4QUVCQTUyOUI1NjRDMjE5QjQ1NjY4QkE0MkJBQzM4QjhGRTE4Q0RBMDExNjMxMTlBRjMzNkFERUI4OTdBNjg3NjM5OTIwOThBMUU5QkZGMTczOTgwOTg0RkNFOUIwNDZFRjNERkJDOTZCMzZGREU0QkU2QjA1MTA3RkVDQjE3RTA5MDJBRTRBMzJBQjE1QTdEMzlEMDk1NDgwRDQxQjAyMDMwMTAwMDEwggEiMA0GCSqGSIb3DQEBAQUAA4IBDwAwggEKAoIBAQDBY5ZurxX0gB40LeHcKYK474gXg7/RfK89xUyN/YhNk2h6Jrlkz50cwbSfmgqTT+vsBCy8Xr7VI6irHULeq095i8KRBDNkVB0Ee9VAQ/+/V0uxWnkA1aPzcpJ8n1/0/tb7lR7Kfq4Acrnzub4juqZuHE1LDQpiFOc2fLoLsXywdCAgLwRS9syckf0FgMEVKRpX+AHxSSH9MwHWWNkWZJ8utqyf9nN4D/FlXiQw0vHlHOyK66UptWTCGbRWaLpCusOLj+GM2gEWMRmvM2reuJemh2OZIJih6b/xc5gJhPzpsEbvPfvJazb95L5rBRB/7LF+CQKuSjKrFafTnQlUgNQbAgMBAAGjggGnMIIBozAdBgNVHQ4EFgQUcqtHknDHb8ZcwGbIP/g4D4GD6lUwHwYDVR0jBBgwFoAU6dha9MqhLL1xkGejm0QJo/9Ni7EwDgYDVR0PAQH/BAQDAgeAMFkGA1UdHwRSMFAwTqBMoEqGSHJzeW5jOi8vbG9jYWxob3N0L3JlcG8vdGEvMC9FOUQ4NUFGNENBQTEyQ0JENzE5MDY3QTM5QjQ0MDlBM0ZGNEQ4QkIxLmNybDA8BggrBgEFBQcBAQQwMC4wLAYIKwYBBQUHMAKGIHJzeW5jOi8vbG9jYWxob3N0L3JlcG8vdGEvdGEuY2VyMGQGCCsGAQUFBwELBFgwVjBUBggrBgEFBQcwC4ZIcnN5bmM6Ly9sb2NhbGhvc3QvcmVwby90YS8wL0U5RDg1QUY0Q0FBMTJDQkQ3MTkwNjdBMzlCNDQwOUEzRkY0RDhCQjEubWZ0MBgGA1UdIAEB/wQOMAwwCgYIKwYBBQUHDgIwIQYIKwYBBQUHAQcBAf8EEjAQMAYEAgABBQAwBgQCAAIFADAVBggrBgEFBQcBCAEB/wQGMASgAgUAMA0GCSqGSIb3DQEBCwUAA4IBAQAxQmOlj97rUkwtv3rUsOrXNeVjXD/V/Q7TyneekOoAxGQgy2iiz6kzd8MmPxnRQxFAQ9J0YLaYkCJQEH8b7Fk4pDHmhzfWfF8vOWXAkPyuzKF9o8wv0Mm8BLojCaruLAitMFNMSLm2fMo38rmrWXkWBA2O39abSlSRDJWbo0nfLGxb6+UKLOjdazDeFvaieFizTo5iVmu4z7aODGbnJRYlAss5O8rV+cDoCTy0F68yUWDBVRio84sVPeLZYO/zwKHGQvY2l3EakG0IXSFHPaLpUtp17WopuIOXxkezYMAxLlCat5eHhAb6APUBKPI5i7KnkV4SnXzD3ncm0hpymn9KMYIBrDCCAagCAQOAFHKrR5Jwx2/GXMBmyD/4OA+Bg+pVMA0GCWCGSAFlAwQCAQUAoGswGgYJKoZIhvcNAQkDMQ0GCyqGSIb3DQEJEAEaMBwGCSqGSIb3DQEJBTEPFw0yMDA0MzAxNDE0MTBaMC8GCSqGSIb3DQEJBDEiBCD9L6FzFXN3gXPxbva9DaXQubDmtcz689R6QVqH6c74qjANBgkqhkiG9w0BAQEFAASCAQAMNubLxWBroRPgeypgAaSxnlhkdjg3KTc6rtGwe6YxFCoKxTPlpTKT8X3gqdEIe/ixIgo9b3Q9uCltFamNXo2l8444pE/nCSKgXjkfB+lmUDc1NiJraRq8cyeFwvo8X11cesaeA4G+KU1yc9/ZUFGWw65YbTyqb35N1BQIcXlcAUtGB0Pvb7LLOIbtlhp4hrKVTpZdbOlbG0xnmOXEJs7fpRA9RueTTaTTIsAISma4YtG8Ttg4L70wn0NJQq4Pn/rSa6lJB2aEypARyOEeRXUdlhWvMaL4pdm9HoeQ4eEC2bCNwsav92Rpfs9mwy7J2UaSqkXuc59cGweEnnwC10sK",
                        "serial": "626615546159408110113138640915554168163017945137",
                        "expires": "2020-05-01T14:14:10.668787Z"
                      },
                      "old": "2d76f272d6d97c7a749a7686733491de4e0899a5d55a8cd1b0ad20f76815d862"
                    }
                  ],
                  "withdrawn": []
                }
              }
            }
          ]
        }
      }
    ]
  }
}