{
  "command": {
    "actor": "krill",
    "time": "2020-04-30T14:14:08.016478Z",
    "handle": "ta",
    "version": 5,
    "sequence": 5,
    "details": {
      "child_certify": [
        "rfc6492",
        "0",
        {
          "asn": "none",
          "v4": "none",
          "v6": "none"
        },
        "17143836B8F6D11DCB53CD49B5D40C61B8E9B813"
      ]
    },
    "effect": {
      "events": [
        5,
        6,
        7
      ]
    }
  },
  "result": {
    "Events": [
      {
        "id": "ta",
        "version": 5,
        "details": {
          "child_certificate_issued": [
            "rfc6492",
            "0",
            "17143836B8F6D11DCB53CD49B5D40C61B8E9B813"
          ]
        }
      },
      {
        "id": "ta",
        "version": 6,
        "details": {
          "child_certificates_updated": [
            "0",
            {
              "issued": [
                {
                  "uri": "rsync://localhost/repo/ta/0/17143836B8F6D11DCB53CD49B5D40C61B8E9B813.cer",
                  "limit": {
                    "asn": "none",
                    "v4": "none",
                    "v6": "none"
                  },
                  "resource_set": {
                    "asn": "",
                    "v4": "10.0.0.0/16",
                    "v6": ""
                  },
                  "cert": "MIIHBjCCBe6gAwIBAgIUfdxHRSjdMC15Bm+mH1ltnyZmEkUwDQYJKoZIhvcNAQELBQAwggItMYICKTCCAiUGA1UEAxOCAhwzMDgyMDEwQTAyODIwMTAxMDBEMTMyRjRBRDEwRjgzMkQ2MjE5QjFERDQyMzg4RTZGQTJGNTk3NDg1OEMwNjdCNDA4MTVBNEU4OEVGQTdCMzEzODE0OUM4RjU3MDgyNjlDREI2RjQ0MDNFRTlDMzY3QUUwQzg1MEE5MkE2RjVGMzY3QzZDMTEwMEQxOEQwQjM2M0QyMzc1RUI4NzU5NkVGMEE2ODA4RUQxOTRBODdCMEY1MDJCOUE5RDREQzczOUYwQzQyRkU0QTcxQzEzM0ZCNEI1NUFERUVGOTFBNjZDQ0I2QzVEMzNCRUVERjhEQzRBODcwRjJGQkY3RkREMEM5QTBFRDFDQkRGN0JGRkU2MTk4MEI4NDU5MkY2MTFENDQzNDUyN0UzMDMyMkYyODJFQzFEMDE1RUQyOTA4NjgyQzY0RTAyMTJCNDU1MzA4QkQ1MDcwMEI4MjMzMEIwRUI0MEI4OTUzMUFFQkFCMjJDMTQwNDdGQ0U2MjI0QTdGMDhBRjg3MUIzNEE5RjY2OTJFMjk0QTNCODBDMzcyQTdDOTNDQTRDQ0U4NTM1QTNGRTI5NzJFOEJDRUZCNTI3RTAwOEVGRjU4M0U2QjVFRUE1MkE2NDQxQkE1RDhGNkRGNEU1NzZGNEQ5MjQzNUUwOUNEMjQwRkY0NEZBMUVCN0U1RTI5QkJCRTdCOEJDMEQxRTgzMTAyMDMwMTAwMDEwHhcNMjAwNDMwMTQwOTA4WhcNMjEwNDMwMTQxNDA4WjAzMTEwLwYDVQQDEygxNzE0MzgzNkI4RjZEMTFEQ0I1M0NENDlCNUQ0MEM2MUI4RTlCODEzMIIBIjANBgkqhkiG9w0BAQEFAAOCAQ8AMIIBCgKCAQEA1uGsqPLgLLiNwNsc1h3EgTUeeAiWsyUmkUzEQgkBs3chLwDupIBaATsMomBRP0kfiZ+Zu+OPD1LW1BX60Ar/Fig6AOSZrAz9RHhDtENiWBvfa+VtE1PvZ4GeCNpL+8gkd53KiXE5HEcZu4+gC0CeDxYreXKM5DZV9lJvfF0acmBaM/FfVbYc/Pd6hpWE6fqCIIkUcoDb+5viZCn+oslMusc3RiWaw1hrLhRQkScPZrzZeEk7cHZSK0zPU8Hp0ah3Y+SwBaY4fvd926uJhzcxbJVuw1DWyQLLLHWSMCImHt8IhR4dG4YVls/f5vyG203vbDDBEverpAD5COJTvRmh8wIDAQABo4ICFDCCAhAwDwYDVR0TAQH/BAUwAwEB/zAdBgNVHQ4EFgQUFxQ4Nrj20R3LU81JtdQMYbjpuBMwHwYDVR0jBBgwFoAU6dha9MqhLL1xkGejm0QJo/9Ni7EwDgYDVR0PAQH/BAQDAgEGMFkGA1UdHwRSMFAwTqBMoEqGSHJzeW5jOi8vbG9jYWxob3N0L3JlcG8vdGEvMC9FOUQ4NUFGNENBQTEyQ0JENzE5MDY3QTM5QjQ0MDlBM0ZGNEQ4QkIxLmNybDA8BggrBgEFBQcBAQQwMC4wLAYIKwYBBQUHMAKGIHJzeW5jOi8vbG9jYWxob3N0L3JlcG8vdGEvdGEuY2VyMIHZBggrBgEFBQcBCwSBzDCByTAtBggrBgEFBQcwBYYhcnN5bmM6Ly9sb2NhbGhvc3QvcmVwby9yZmM2NDkyLzAvMFkGCCsGAQUFBzAKhk1yc3luYzovL2xvY2FsaG9zdC9yZXBvL3JmYzY0OTIvMC8xNzE0MzgzNkI4RjZEMTFEQ0I1M0NENDlCNUQ0MEM2MUI4RTlCODEzLm1mdDA9BggrBgEFBQcwDYYxaHR0cHM6Ly9sb2NhbGhvc3Q6MzAwMC90ZXN0LXJyZHAvbm90aWZpY2F0aW9uLnhtbDAYBgNVHSABAf8EDjAMMAoGCCsGAQUFBw4CMB4GCCsGAQUFBwEHAQH/BA8wDTALBAIAATAFAwMACgAwDQYJKoZIhvcNAQELBQADggEBAIKpeMGFL7J2apmgQpHOLaLJRhnZr/uWUGc4HWFn9l7gwLP5tkca+53CIT7+9efo2JuQm6HbnZISFvu5bm6MHWot1ussjnZwNLHG1pc9x4p+HhVLDfA6IrAQbeErhnGzcyJsKv63KqR0EMg3TR6AL5GESO+6A+27QASC+rsPbe9nqK2SqIe2cfurvFvCnwRhnHzpIre2gsxkNpRBq9h/287cfrGUj6kvWAQEDHcpTenhRQmbeqPIRrP2iujIN5rHSUaXKxZgZQTGyPDiyst4QH18+M361BuntHSEwSiQ+zS2a30lLKxvcW0Du41qb1PIUUwGxBS8Mdbv5lTgZxbKmiM=",
                  "replaces": null
                }
              ],
              "removed": []
            }
          ]
        }
      },
      {
        "id": "ta",
        "version": 7,
        "details": {
          "object_set_updated": [
            "0",
            {
              "E9D85AF4CAA12CBD719067A39B4409A3FF4D8BB1": {
                "number": 2,
                "revocations_delta": {
                  "added": [
                    {
                      "serial": "656222816806499051276483293945268726202895685032",
                      "expires": "2020-05-01T14:14:06.362308Z"
                    }
                  ],
                  "dropped": []
                },
                "manifest_info": {
                  "name": "E9D85AF4CAA12CBD719067A39B4409A3FF4D8BB1.mft",
                  "current": {
                    "content": "MIILZgYJKoZIhvcNAQcCoIILVzCCC1MCAQMxDzANBglghkgBZQMEAgEFADCB7wYLKoZIhvcNAQkQARqggd8EgdwwgdkCAQIYDzIwMjAwNDMwMTQwOTA4WhgPMjAyMDA1MDExNDE0MDhaBglghkgBZQMEAgEwgaYwURYsMTcxNDM4MzZCOEY2RDExRENCNTNDRDQ5QjVENDBDNjFCOEU5QjgxMy5jZXIDIQDRTm7WT/KxJwphIC0tKwFffqC768Mqyu9jkQkSvji+8TBRFixFOUQ4NUFGNENBQTEyQ0JENzE5MDY3QTM5QjQ0MDlBM0ZGNEQ4QkIxLmNybAMhAHosEC6HXeXH6H85e70JfjJ6jqDuRecUsenjNaIuuc7AoIIImTCCCJUwggd9oAMCAQICFA5h0CnOoT4YtPgl37HSxVCWMH1BMA0GCSqGSIb3DQEBCwUAMIICLTGCAikwggIlBgNVBAMTggIcMzA4MjAxMEEwMjgyMDEwMTAwRDEzMkY0QUQxMEY4MzJENjIxOUIxREQ0MjM4OEU2RkEyRjU5NzQ4NThDMDY3QjQwODE1QTRFODhFRkE3QjMxMzgxNDlDOEY1NzA4MjY5Q0RCNkY0NDAzRUU5QzM2N0FFMEM4NTBBOTJBNkY1RjM2N0M2QzExMDBEMThEMEIzNjNEMjM3NUVCODc1OTZFRjBBNjgwOEVEMTk0QTg3QjBGNTAyQjlBOUQ0REM3MzlGMEM0MkZFNEE3MUMxMzNGQjRCNTVBREVFRjkxQTY2Q0NCNkM1RDMzQkVFREY4REM0QTg3MEYyRkJGN0ZERDBDOUEwRUQxQ0JERjdCRkZFNjE5ODBCODQ1OTJGNjExRDQ0MzQ1MjdFMzAzMjJGMjgyRUMxRDAxNUVEMjkwODY4MkM2NEUwMjEyQjQ1NTMwOEJENTA3MDBCODIzMzBCMEVCNDBCODk1MzFBRUJBQjIyQzE0MDQ3RkNFNjIyNEE3RjA4QUY4NzFCMzRBOUY2NjkyRTI5NEEzQjgwQzM3MkE3QzkzQ0E0Q0NFODUzNUEzRkUyOTcyRThCQ0VGQjUyN0UwMDhFRkY1ODNFNkI1RUVBNTJBNjQ0MUJBNUQ4RjZERjRFNTc2RjREOTI0MzVFMDlDRDI0MEZGNDRGQTFFQjdFNUUyOUJCQkU3QjhCQzBEMUU4MzEwMjAzMDEwMDAxMB4XDTIwMDQzMDE0MDkwOFoXDTIwMDUwNzE0MTQwOFowggItMYICKTCCAiUGA1UEAxOCAhwzMDgyMDEwQTAyODIwMTAxMDBCMTQ1MTBGM0MyREY1RjUyOTNGNTQwRkVGRTkxNzJGOEJGRkNEMDY0MjhGMEVFQTA4RTNERjJCNTJEQjJGOEVDOTMzMjE4QzY4NTgzNUQwQ0I5RjVCRUIzMDg5NDdEM0ZCMzBDNjg4NDY3ODg5Nzc1NTUzNThDRDYzQUNFMjY1OTY5QUJDOEM1MkNDQzkyQjMxMjE1MjM1QjY0N0E3OEZBNDE3Q0U5NUUzNDVCMkQwMUI5Q0FDOUY3RUIzQzlEMUZGQzE3RjcwQzdDRjFENEU5QjM2MkNGMzc4NkFCRDMyQ0MwNTNDRUJFQTY3MzlERDg3REY1MzMxMkI2MjYxRkJEMEI2OEZEODYzREY4RUNFMDQwMUI1M0UwQTk0RkMzRDE5OTVGNjJBNzg5NkEzMjc3QjEyNkQ4RjMxMTQ3MTJCMDE2QzAwNUI1MkIwMDVDQkFGQUM2QzMxQkFDOUYzNzUxNDVEOTA1QTA3MzIxRTU2QUUwNTFGN0M2OEQzMUFEMTlERUEwREU3OTIxQjgyNzY5MTUyMkZFRTk1QzFCRTY4QTMxNjI0RjNBQkVEMTc0MkEzRUJFMkY5NzMyNkQzQUJGOEU5QjlFMjhDMEJCRTg1RDRGOEE5NUQ4NzE4MTMwNzJDNTUyMDUyNTZFMTRBNjNGNEQyRUY2NkZFOTY2RDE2NzAyMDMwMTAwMDEwggEiMA0GCSqGSIb3DQEBAQUAA4IBDwAwggEKAoIBAQCxRRDzwt9fUpP1QP7+kXL4v/zQZCjw7qCOPfK1LbL47JMyGMaFg10MufW+swiUfT+zDGiEZ4iXdVU1jNY6ziZZaavIxSzMkrMSFSNbZHp4+kF86V40Wy0BucrJ9+s8nR/8F/cMfPHU6bNizzeGq9MswFPOvqZzndh99TMStiYfvQto/YY9+OzgQBtT4KlPw9GZX2KniWoyd7Em2PMRRxKwFsAFtSsAXLr6xsMbrJ83UUXZBaBzIeVq4FH3xo0xrRneoN55IbgnaRUi/ulcG+aKMWJPOr7RdCo+vi+XMm06v46bnijAu+hdT4qV2HGBMHLFUgUlbhSmP00u9m/pZtFnAgMBAAGjggGnMIIBozAdBgNVHQ4EFgQUp5+CqmKV48pQGFcM1oUbxTJTYx4wHwYDVR0jBBgwFoAU6dha9MqhLL1xkGejm0QJo/9Ni7EwDgYDVR0PAQH/BAQDAgeAMFkGA1UdHwRSMFAwTqBMoEqGSHJzeW5jOi8vbG9jYWxob3N0L3JlcG8vdGEvMC9FOUQ4NUFGNENBQTEyQ0JENzE5MDY3QTM5QjQ0MDlBM0ZGNEQ4QkIxLmNybDA8BggrBgEFBQcBAQQwMC4wLAYIKwYBBQUHMAKGIHJzeW5jOi8vbG9jYWxob3N0L3JlcG8vdGEvdGEuY2VyMGQGCCsGAQUFBwELBFgwVjBUBggrBgEFBQcwC4ZIcnN5bmM6Ly9sb2NhbGhvc3QvcmVwby90YS8wL0U5RDg1QUY0Q0FBMTJDQkQ3MTkwNjdBMzlCNDQwOUEzRkY0RDhCQjEubWZ0MBgGA1UdIAEB/wQOMAwwCgYIKwYBBQUHDgIwIQYIKwYBBQUHAQcBAf8EEjAQMAYEAgABBQAwBgQCAAIFADAVBggrBgEFBQcBCAEB/wQGMASgAgUAMA0GCSqGSIb3DQEBCwUAA4IBAQBd0Z1uKrBnVqNxby/LF4XdyvxbkHte2CsUkOxgU73G1spAg2WJ50TbYQhnbOZrVuMJ81USfW7elYDw/7jjbARPZ5VHJTFjxUSJh7XFT9GEkwXZXSoKH+Xv7XDvqPdrsXiHCdJ9lQbEnwXP7BsxUhAlmtam6xRjoH8jNGZJUz3pE8wQTl9iKaKXmvRItv2cBJ3wkfFSOkekd7oU3myQTk+5khSQe7rWkrJEn6IzwehYsP898yRnyogYEmY91siQWf8jbyA/tap29ZvuiVKjFwYEWytW3SseFsKXjj1PucLIugd2C1FFEksals5Rit40bBrzavbtcPLHLBFvO+d5bgFkMYIBrDCCAagCAQOAFKefgqpilePKUBhXDNaFG8UyU2MeMA0GCWCGSAFlAwQCAQUAoGswGgYJKoZIhvcNAQkDMQ0GCyqGSIb3DQEJEAEaMBwGCSqGSIb3DQEJBTEPFw0yMDA0MzAxNDE0MDhaMC8GCSqGSIb3DQEJBDEiBCAf7e/CGjPuJKq5wLtuix5oVhXcepUwy/WqJHnVLl1flDANBgkqhkiG9w0BAQEFAASCAQAsKPiRfHi9036v5Yds3A8pISmX9WlGx5K6icQIftTYFyD9OVgMuYZfxkaH+zP7fYqrQmG/kOncm4Aqg8wKVRikqWw7B9O03uBjUY0rwpNTwwOc/cS+9At7UJrTKns0TOvtJi27uv71QfkN9aZ5RMz8rwLY0Tf5AMIQu6E3KjBHC1WT6Bub5yAVDgV1wteaEjzGv1iCfMGScFtATlY88bIZMotmaCSYvPGk/b0IK5uyVBUxny7lH9Tg/x/HzUThGDcYEr9hFIzUbXRA/1jJtRM3qhaaF7n2EUlgQA0MdXg9QB2uY3KZ7yFboTX/3FUCBk+EzHzSKpGI2DBKHpaKFoG3",
                    "serial": "82107176657500260066567876768465957360745086273",
                    "expires": "2020-05-01T14:14:08.024505Z"
                  },
                  "next_update": "2020-05-01T14:14:08.024505Z",
                  "old": "74877ccac0fa9781bf1aa046e8450a0c12adf465f050100e33a59317c05f68a7"
                },
                "crl_info": {
                  "name": "E9D85AF4CAA12CBD719067A39B4409A3FF4D8BB1.crl",
                  "current": {
                    "content": "MIID0zCCArsCAQEwDQYJKoZIhvcNAQELBQAwggItMYICKTCCAiUGA1UEAxOCAhwzMDgyMDEwQTAyODIwMTAxMDBEMTMyRjRBRDEwRjgzMkQ2MjE5QjFERDQyMzg4RTZGQTJGNTk3NDg1OEMwNjdCNDA4MTVBNEU4OEVGQTdCMzEzODE0OUM4RjU3MDgyNjlDREI2RjQ0MDNFRTlDMzY3QUUwQzg1MEE5MkE2RjVGMzY3QzZDMTEwMEQxOEQwQjM2M0QyMzc1RUI4NzU5NkVGMEE2ODA4RUQxOTRBODdCMEY1MDJCOUE5RDREQzczOUYwQzQyRkU0QTcxQzEzM0ZCNEI1NUFERUVGOTFBNjZDQ0I2QzVEMzNCRUVERjhEQzRBODcwRjJGQkY3RkREMEM5QTBFRDFDQkRGN0JGRkU2MTk4MEI4NDU5MkY2MTFENDQzNDUyN0UzMDMyMkYyODJFQzFEMDE1RUQyOTA4NjgyQzY0RTAyMTJCNDU1MzA4QkQ1MDcwMEI4MjMzMEIwRUI0MEI4OTUzMUFFQkFCMjJDMTQwNDdGQ0U2MjI0QTdGMDhBRjg3MUIzNEE5RjY2OTJFMjk0QTNCODBDMzcyQTdDOTNDQTRDQ0U4NTM1QTNGRTI5NzJFOEJDRUZCNTI3RTAwOEVGRjU4M0U2QjVFRUE1MkE2NDQxQkE1RDhGNkRGNEU1NzZGNEQ5MjQzNUUwOUNEMjQwRkY0NEZBMUVCN0U1RTI5QkJCRTdCOEJDMEQxRTgzMTAyMDMwMTAwMDEXDTIwMDQzMDE0MDkwOFoXDTIwMDUwMTE0MTQwOFowJzAlAhRy8gx/F4GZD3ZNYJBvAAI9IbPVqBcNMjAwNTAxMTQxNDA2WqAvMC0wHwYDVR0jBBgwFoAU6dha9MqhLL1xkGejm0QJo/9Ni7EwCgYDVR0UBAMCAQIwDQYJKoZIhvcNAQELBQADggEBAIKAiLA0igqiEQl98J6M+gmzPkFHd/Iovib43LNxLl/ebyTr0syYP2YrjJmiuO1VSHY8gltIFio/CEg1zUop0bqVN2Bl1xKerD2zV/yvKZcNFL59f0Bi0yJGRZZK9vPIcsWJePrvIjVGykCuhXiLW5kCA8D0WkKsjC4d0E0NSQUB+jPl7cd68YEW/Uoule8BZto1mnw4g5oeXDA5yBSxoL2Vp2LVHMV2rwURuetwVVIHBPzw2zgvspij1Tg2NqOoL16lqbXwzXnYaxOyVWE62iovpE66i72eo2BVYLbGJXqW65IAhkXNNzKEGRBoLaY0chyhntA4Md7olIHZ15Bf7mY=",
                    "serial": "2",
                    "expires": "2020-05-01T14:14:08.020626Z"
                  },
                  "old": "9fb5d29ea1fe3e96f47d5038f317952f2b4f988d875e69d6b808f45c53006dfb"
                },
                "objects_delta": {
                  "ca_repo": "rsync://localhost/repo/ta/0",
                  "added": [
                    {
                      "name": "17143836B8F6D11DCB53CD49B5D40C61B8E9B813.cer",
                      "object": {
                        "content": "MIIHBjCCBe6gAwIBAgIUfdxHRSjdMC15Bm+mH1ltnyZmEkUwDQYJKoZIhvcNAQELBQAwggItMYICKTCCAiUGA1UEAxOCAhwzMDgyMDEwQTAyODIwMTAxMDBEMTMyRjRBRDEwRjgzMkQ2MjE5QjFERDQyMzg4RTZGQTJGNTk3NDg1OEMwNjdCNDA4MTVBNEU4OEVGQTdCMzEzODE0OUM4RjU3MDgyNjlDREI2RjQ0MDNFRTlDMzY3QUUwQzg1MEE5MkE2RjVGMzY3QzZDMTEwMEQxOEQwQjM2M0QyMzc1RUI4NzU5NkVGMEE2ODA4RUQxOTRBODdCMEY1MDJCOUE5RDREQzczOUYwQzQyRkU0QTcxQzEzM0ZCNEI1NUFERUVGOTFBNjZDQ0I2QzVEMzNCRUVERjhEQzRBODcwRjJGQkY3RkREMEM5QTBFRDFDQkRGN0JGRkU2MTk4MEI4NDU5MkY2MTFENDQzNDUyN0UzMDMyMkYyODJFQzFEMDE1RUQyOTA4NjgyQzY0RTAyMTJCNDU1MzA4QkQ1MDcwMEI4MjMzMEIwRUI0MEI4OTUzMUFFQkFCMjJDMTQwNDdGQ0U2MjI0QTdGMDhBRjg3MUIzNEE5RjY2OTJFMjk0QTNCODBDMzcyQTdDOTNDQTRDQ0U4NTM1QTNGRTI5NzJFOEJDRUZCNTI3RTAwOEVGRjU4M0U2QjVFRUE1MkE2NDQxQkE1RDhGNkRGNEU1NzZGNEQ5MjQzNUUwOUNEMjQwRkY0NEZBMUVCN0U1RTI5QkJCRTdCOEJDMEQxRTgzMTAyMDMwMTAwMDEwHhcNMjAwNDMwMTQwOTA4WhcNMjEwNDMwMTQxNDA4WjAzMTEwLwYDVQQDEygxNzE0MzgzNkI4RjZEMTFEQ0I1M0NENDlCNUQ0MEM2MUI4RTlCODEzMIIBIjANBgkqhkiG9w0BAQEFAAOCAQ8AMIIBCgKCAQEA1uGsqPLgLLiNwNsc1h3EgTUeeAiWsyUmkUzEQgkBs3chLwDupIBaATsMomBRP0kfiZ+Zu+OPD1LW1BX60Ar/Fig6AOSZrAz9RHhDtENiWBvfa+VtE1PvZ4GeCNpL+8gkd53KiXE5HEcZu4+gC0CeDxYreXKM5DZV9lJvfF0acmBaM/FfVbYc/Pd6hpWE6fqCIIkUcoDb+5viZCn+oslMusc3RiWaw1hrLhRQkScPZrzZeEk7cHZSK0zPU8Hp0ah3Y+SwBaY4fvd926uJhzcxbJVuw1DWyQLLLHWSMCImHt8IhR4dG4YVls/f5vyG203vbDDBEverpAD5COJTvRmh8wIDAQABo4ICFDCCAhAwDwYDVR0TAQH/BAUwAwEB/zAdBgNVHQ4EFgQUFxQ4Nrj20R3LU81JtdQMYbjpuBMwHwYDVR0jBBgwFoAU6dha9MqhLL1xkGejm0QJo/9Ni7EwDgYDVR0PAQH/BAQDAgEGMFkGA1UdHwRSMFAwTqBMoEqGSHJzeW5jOi8vbG9jYWxob3N0L3JlcG8vdGEvMC9FOUQ4NUFGNENBQTEyQ0JENzE5MDY3QTM5QjQ0MDlBM0ZGNEQ4QkIxLmNybDA8BggrBgEFBQcBAQQwMC4wLAYIKwYBBQUHMAKGIHJzeW5jOi8vbG9jYWxob3N0L3JlcG8vdGEvdGEuY2VyMIHZBggrBgEFBQcBCwSBzDCByTAtBggrBgEFBQcwBYYhcnN5bmM6Ly9sb2NhbGhvc3QvcmVwby9yZmM2NDkyLzAvMFkGCCsGAQUFBzAKhk1yc3luYzovL2xvY2FsaG9zdC9yZXBvL3JmYzY0OTIvMC8xNzE0MzgzNkI4RjZEMTFEQ0I1M0NENDlCNUQ0MEM2MUI4RTlCODEzLm1mdDA9BggrBgEFBQcwDYYxaHR0cHM6Ly9sb2NhbGhvc3Q6MzAwMC90ZXN0LXJyZHAvbm90aWZpY2F0aW9uLnhtbDAYBgNVHSABAf8EDjAMMAoGCCsGAQUFBw4CMB4GCCsGAQUFBwEHAQH/BA8wDTALBAIAATAFAwMACgAwDQYJKoZIhvcNAQELBQADggEBAIKpeMGFL7J2apmgQpHOLaLJRhnZr/uWUGc4HWFn9l7gwLP5tkca+53CIT7+9efo2JuQm6HbnZISFvu5bm6MHWot1ussjnZwNLHG1pc9x4p+HhVLDfA6IrAQbeErhnGzcyJsKv63KqR0EMg3TR6AL5GESO+6A+27QASC+rsPbe9nqK2SqIe2cfurvFvCnwRhnHzpIre2gsxkNpRBq9h/287cfrGUj6kvWAQEDHcpTenhRQmbeqPIRrP2iujIN5rHSUaXKxZgZQTGyPDiyst4QH18+M361BuntHSEwSiQ+zS2a30lLKxvcW0Du41qb1PIUUwGxBS8Mdbv5lTgZxbKmiM=",
                        "serial": "718536218802758744738063319248974376686783435333",
                        "expires": "2021-04-30T14:14:08Z"
                      }
                    }
                  ],
                  "updated": [
                    {
                      "name": "E9D85AF4CAA12CBD719067A39B4409A3FF4D8BB1.crl",
                      "object": {
                        "content": "MIID0zCCArsCAQEwDQYJKoZIhvcNAQELBQAwggItMYICKTCCAiUGA1UEAxOCAhwzMDgyMDEwQTAyODIwMTAxMDBEMTMyRjRBRDEwRjgzMkQ2MjE5QjFERDQyMzg4RTZGQTJGNTk3NDg1OEMwNjdCNDA4MTVBNEU4OEVGQTdCMzEzODE0OUM4RjU3MDgyNjlDREI2RjQ0MDNFRTlDMzY3QUUwQzg1MEE5MkE2RjVGMzY3QzZDMTEwMEQxOEQwQjM2M0QyMzc1RUI4NzU5NkVGMEE2ODA4RUQxOTRBODdCMEY1MDJCOUE5RDREQzczOUYwQzQyRkU0QTcxQzEzM0ZCNEI1NUFERUVGOTFBNjZDQ0I2QzVEMzNCRUVERjhEQzRBODcwRjJGQkY3RkREMEM5QTBFRDFDQkRGN0JGRkU2MTk4MEI4NDU5MkY2MTFENDQzNDUyN0UzMDMyMkYyODJFQzFEMDE1RUQyOTA4NjgyQzY0RTAyMTJCNDU1MzA4QkQ1MDcwMEI4MjMzMEIwRUI0MEI4OTUzMUFFQkFCMjJDMTQwNDdGQ0U2MjI0QTdGMDhBRjg3MUIzNEE5RjY2OTJFMjk0QTNCODBDMzcyQTdDOTNDQTRDQ0U4NTM1QTNGRTI5NzJFOEJDRUZCNTI3RTAwOEVGRjU4M0U2QjVFRUE1MkE2NDQxQkE1RDhGNkRGNEU1NzZGNEQ5MjQzNUUwOUNEMjQwRkY0NEZBMUVCN0U1RTI5QkJCRTdCOEJDMEQxRTgzMTAyMDMwMTAwMDEXDTIwMDQzMDE0MDkwOFoXDTIwMDUwMTE0MTQwOFowJzAlAhRy8gx/F4GZD3ZNYJBvAAI9IbPVqBcNMjAwNTAxMTQxNDA2WqAvMC0wHwYDVR0jBBgwFoAU6dha9MqhLL1xkGejm0QJo/9Ni7EwCgYDVR0UBAMCAQIwDQYJKoZIhvcNAQELBQADggEBAIKAiLA0igqiEQl98J6M+gmzPkFHd/Iovib43LNxLl/ebyTr0syYP2YrjJmiuO1VSHY8gltIFio/CEg1zUop0bqVN2Bl1xKerD2zV/yvKZcNFL59f0Bi0yJGRZZK9vPIcsWJePrvIjVGykCuhXiLW5kCA8D0WkKsjC4d0E0NSQUB+jPl7cd68YEW/Uoule8BZto1mnw4g5oeXDA5yBSxoL2Vp2LVHMV2rwURuetwVVIHBPzw2zgvspij1Tg2NqOoL16lqbXwzXnYaxOyVWE62iovpE66i72eo2BVYLbGJXqW65IAhkXNNzKEGRBoLaY0chyhntA4Md7olIHZ15Bf7mY=",
                        "serial": "2",
                        "expires": "2020-05-01T14:14:08.020626Z"
                      },
                      "old": "9fb5d29ea1fe3e96f47d5038f317952f2b4f988d875e69d6b808f45c53006dfb"
                    },
                    {
                      "name": "E9D85AF4CAA12CBD719067A39B4409A3FF4D8BB1.mft",
                      "object": {
                        "content": "MIILZgYJKoZIhvcNAQcCoIILVzCCC1MCAQMxDzANBglghkgBZQMEAgEFADCB7wYLKoZIhvcNAQkQARqggd8EgdwwgdkCAQIYDzIwMjAwNDMwMTQwOTA4WhgPMjAyMDA1MDExNDE0MDhaBglghkgBZQMEAgEwgaYwURYsMTcxNDM4MzZCOEY2RDExRENCNTNDRDQ5QjVENDBDNjFCOEU5QjgxMy5jZXIDIQDRTm7WT/KxJwphIC0tKwFffqC768Mqyu9jkQkSvji+8TBRFixFOUQ4NUFGNENBQTEyQ0JENzE5MDY3QTM5QjQ0MDlBM0ZGNEQ4QkIxLmNybAMhAHosEC6HXeXH6H85e70JfjJ6jqDuRecUsenjNaIuuc7AoIIImTCCCJUwggd9oAMCAQICFA5h0CnOoT4YtPgl37HSxVCWMH1BMA0GCSqGSIb3DQEBCwUAMIICLTGCAikwggIlBgNVBAMTggIcMzA4MjAxMEEwMjgyMDEwMTAwRDEzMkY0QUQxMEY4MzJENjIxOUIxREQ0MjM4OEU2RkEyRjU5NzQ4NThDMDY3QjQwODE1QTRFODhFRkE3QjMxMzgxNDlDOEY1NzA4MjY5Q0RCNkY0NDAzRUU5QzM2N0FFMEM4NTBBOTJBNkY1RjM2N0M2QzExMDBEMThEMEIzNjNEMjM3NUVCODc1OTZFRjBBNjgwOEVEMTk0QTg3QjBGNTAyQjlBOUQ0REM3MzlGMEM0MkZFNEE3MUMxMzNGQjRCNTVBREVFRjkxQTY2Q0NCNkM1RDMzQkVFREY4REM0QTg3MEYyRkJGN0ZERDBDOUEwRUQxQ0JERjdCRkZFNjE5ODBCODQ1OTJGNjExRDQ0MzQ1MjdFMzAzMjJGMjgyRUMxRDAxNUVEMjkwODY4MkM2NEUwMjEyQjQ1NTMwOEJENTA3MDBCODIzMzBCMEVCNDBCODk1MzFBRUJBQjIyQzE0MDQ3RkNFNjIyNEE3RjA4QUY4NzFCMzRBOUY2NjkyRTI5NEEzQjgwQzM3MkE3QzkzQ0E0Q0NFODUzNUEzRkUyOTcyRThCQ0VGQjUyN0UwMDhFRkY1ODNFNkI1RUVBNTJBNjQ0MUJBNUQ4RjZERjRFNTc2RjREOTI0MzVFMDlDRDI0MEZGNDRGQTFFQjdFNUUyOUJCQkU3QjhCQzBEMUU4MzEwMjAzMDEwMDAxMB4XDTIwMDQzMDE0MDkwOFoXDTIwMDUwNzE0MTQwOFowggItMYICKTCCAiUGA1UEAxOCAhwzMDgyMDEwQTAyODIwMTAxMDBCMTQ1MTBGM0MyREY1RjUyOTNGNTQwRkVGRTkxNzJGOEJGRkNEMDY0MjhGMEVFQTA4RTNERjJCNTJEQjJGOEVDOTMzMjE4QzY4NTgzNUQwQ0I5RjVCRUIzMDg5NDdEM0ZCMzBDNjg4NDY3ODg5Nzc1NTUzNThDRDYzQUNFMjY1OTY5QUJDOEM1MkNDQzkyQjMxMjE1MjM1QjY0N0E3OEZBNDE3Q0U5NUUzNDVCMkQwMUI5Q0FDOUY3RUIzQzlEMUZGQzE3RjcwQzdDRjFENEU5QjM2MkNGMzc4NkFCRDMyQ0MwNTNDRUJFQTY3MzlERDg3REY1MzMxMkI2MjYxRkJEMEI2OEZEODYzREY4RUNFMDQwMUI1M0UwQTk0RkMzRDE5OTVGNjJBNzg5NkEzMjc3QjEyNkQ4RjMxMTQ3MTJCMDE2QzAwNUI1MkIwMDVDQkFGQUM2QzMxQkFDOUYzNzUxNDVEOTA1QTA3MzIxRTU2QUUwNTFGN0M2OEQzMUFEMTlERUEwREU3OTIxQjgyNzY5MTUyMkZFRTk1QzFCRTY4QTMxNjI0RjNBQkVEMTc0MkEzRUJFMkY5NzMyNkQzQUJGOEU5QjlFMjhDMEJCRTg1RDRGOEE5NUQ4NzE4MTMwNzJDNTUyMDUyNTZFMTRBNjNGNEQyRUY2NkZFOTY2RDE2NzAyMDMwMTAwMDEwggEiMA0GCSqGSIb3DQEBAQUAA4IBDwAwggEKAoIBAQCxRRDzwt9fUpP1QP7+kXL4v/zQZCjw7qCOPfK1LbL47JMyGMaFg10MufW+swiUfT+zDGiEZ4iXdVU1jNY6ziZZaavIxSzMkrMSFSNbZHp4+kF86V40Wy0BucrJ9+s8nR/8F/cMfPHU6bNizzeGq9MswFPOvqZzndh99TMStiYfvQto/YY9+OzgQBtT4KlPw9GZX2KniWoyd7Em2PMRRxKwFsAFtSsAXLr6xsMbrJ83UUXZBaBzIeVq4FH3xo0xrRneoN55IbgnaRUi/ulcG+aKMWJPOr7RdCo+vi+XMm06v46bnijAu+hdT4qV2HGBMHLFUgUlbhSmP00u9m/pZtFnAgMBAAGjggGnMIIBozAdBgNVHQ4EFgQUp5+CqmKV48pQGFcM1oUbxTJTYx4wHwYDVR0jBBgwFoAU6dha9MqhLL1xkGejm0QJo/9Ni7EwDgYDVR0PAQH/BAQDAgeAMFkGA1UdHwRSMFAwTqBMoEqGSHJzeW5jOi8vbG9jYWxob3N0L3JlcG8vdGEvMC9FOUQ4NUFGNENBQTEyQ0JENzE5MDY3QTM5QjQ0MDlBM0ZGNEQ4QkIxLmNybDA8BggrBgEFBQcBAQQwMC4wLAYIKwYBBQUHMAKGIHJzeW5jOi8vbG9jYWxob3N0L3JlcG8vdGEvdGEuY2VyMGQGCCsGAQUFBwELBFgwVjBUBggrBgEFBQcwC4ZIcnN5bmM6Ly9sb2NhbGhvc3QvcmVwby90YS8wL0U5RDg1QUY0Q0FBMTJDQkQ3MTkwNjdBMzlCNDQwOUEzRkY0RDhCQjEubWZ0MBgGA1UdIAEB/wQOMAwwCgYIKwYBBQUHDgIwIQYIKwYBBQUHAQcBAf8EEjAQMAYEAgABBQAwBgQCAAIFADAVBggrBgEFBQcBCAEB/wQGMASgAgUAMA0GCSqGSIb3DQEBCwUAA4IBAQBd0Z1uKrBnVqNxby/LF4XdyvxbkHte2CsUkOxgU73G1spAg2WJ50TbYQhnbOZrVuMJ81USfW7elYDw/7jjbARPZ5VHJTFjxUSJh7XFT9GEkwXZXSoKH+Xv7XDvqPdrsXiHCdJ9lQbEnwXP7BsxUhAlmtam6xRjoH8jNGZJUz3pE8wQTl9iKaKXmvRItv2cBJ3wkfFSOkekd7oU3myQTk+5khSQe7rWkrJEn6IzwehYsP898yRnyogYEmY91siQWf8jbyA/tap29ZvuiVKjFwYEWytW3SseFsKXjj1PucLIugd2C1FFEksals5Rit40bBrzavbtcPLHLBFvO+d5bgFkMYIBrDCCAagCAQOAFKefgqpilePKUBhXDNaFG8UyU2MeMA0GCWCGSAFlAwQCAQUAoGswGgYJKoZIhvcNAQkDMQ0GCyqGSIb3DQEJEAEaMBwGCSqGSIb3DQEJBTEPFw0yMDA0MzAxNDE0MDhaMC8GCSqGSIb3DQEJBDEiBCAf7e/CGjPuJKq5wLtuix5oVhXcepUwy/WqJHnVLl1flDANBgkqhkiG9w0BAQEFAASCAQAsKPiRfHi9036v5Yds3A8pISmX9WlGx5K6icQIftTYFyD9OVgMuYZfxkaH+zP7fYqrQmG/kOncm4Aqg8wKVRikqWw7B9O03uBjUY0rwpNTwwOc/cS+9At7UJrTKns0TOvtJi27uv71QfkN9aZ5RMz8rwLY0Tf5AMIQu6E3KjBHC1WT6Bub5yAVDgV1wteaEjzGv1iCfMGScFtATlY88bIZMotmaCSYvPGk/b0IK5uyVBUxny7lH9Tg/x/HzUThGDcYEr9hFIzUbXRA/1jJtRM3qhaaF7n2EUlgQA0MdXg9QB2uY3KZ7yFboTX/3FUCBk+EzHzSKpGI2DBKHpaKFoG3",
                        "serial": "82107176657500260066567876768465957360745086273",
                        "expires": "2020-05-01T14:14:08.024505Z"
                      },
                      "old": "74877ccac0fa9781bf1aa046e8450a0c12adf465f050100e33a59317c05f68a7"
                    }
                  ],
                  "withdrawn": []
                }
              }
            }
          ]
        }
      }
    ]
  }
}