{
  "command": {
    "actor": "krill",
    "time": "2020-04-30T14:14:06.358944Z",
    "handle": "ta",
    "version": 3,
    "sequence": 3,
    "details": {
      "update_rcvd_cert": [
        "0",
        {
          "asn": "AS0-AS4294967295",
          "v4": "0.0.0.0/0",
          "v6": "::/0"
        }
      ]
    },
    "effect": {
      "events": [
        3
      ]
    }
  },
  "result": {
    "Events": [
      {
        "id": "ta",
        "version": 3,
        "details": {
          "key_pending_to_active": [
            "0",
            {
              "key_id": "E9D85AF4CAA12CBD719067A39B4409A3FF4D8BB1",
              "incoming_cert": {
                "cert": "MIIIazCCB1OgAwIBAgIUCOpszDVviazGVKtiFhwb+TRaH2AwDQYJKoZIhvcNAQELBQAwggItMYICKTCCAiUGA1UEAxOCAhwzMDgyMDEwQTAyODIwMTAxMDBEMTMyRjRBRDEwRjgzMkQ2MjE5QjFERDQyMzg4RTZGQTJGNTk3NDg1OEMwNjdCNDA4MTVBNEU4OEVGQTdCMzEzODE0OUM4RjU3MDgyNjlDREI2RjQ0MDNFRTlDMzY3QUUwQzg1MEE5MkE2RjVGMzY3QzZDMTEwMEQxOEQwQjM2M0QyMzc1RUI4NzU5NkVGMEE2ODA4RUQxOTRBODdCMEY1MDJCOUE5RDREQzczOUYwQzQyRkU0QTcxQzEzM0ZCNEI1NUFERUVGOTFBNjZDQ0I2QzVEMzNCRUVERjhEQzRBODcwRjJGQkY3RkREMEM5QTBFRDFDQkRGN0JGRkU2MTk4MEI4NDU5MkY2MTFENDQzNDUyN0UzMDMyMkYyODJFQzFEMDE1RUQyOTA4NjgyQzY0RTAyMTJCNDU1MzA4QkQ1MDcwMEI4MjMzMEIwRUI0MEI4OTUzMUFFQkFCMjJDMTQwNDdGQ0U2MjI0QTdGMDhBRjg3MUIzNEE5RjY2OTJFMjk0QTNCODBDMzcyQTdDOTNDQTRDQ0U4NTM1QTNGRTI5NzJFOEJDRUZCNTI3RTAwOEVGRjU4M0U2QjVFRUE1MkE2NDQxQkE1RDhGNkRGNEU1NzZGNEQ5MjQzNUUwOUNEMjQwRkY0NEZBMUVCN0U1RTI5QkJCRTdCOEJDMEQxRTgzMTAyMDMwMTAwMDEwIBcNMjAwNDMwMTQwOTA2WhgPMjEyMDA0MzAxNDE0MDZaMIICLTGCAikwggIlBgNVBAMTggIcMzA4MjAxMEEwMjgyMDEwMTAwRDEzMkY0QUQxMEY4MzJENjIxOUIxREQ0MjM4OEU2RkEyRjU5NzQ4NThDMDY3QjQwODE1QTRFODhFRkE3QjMxMzgxNDlDOEY1NzA4MjY5Q0RCNkY0NDAzRUU5QzM2N0FFMEM4NTBBOTJBNkY1RjM2N0M2QzExMDBEMThEMEIzNjNEMjM3NUVCODc1OTZFRjBBNjgwOEVEMTk0QTg3QjBGNTAyQjlBOUQ0REM3MzlGMEM0MkZFNEE3MUMxMzNGQjRCNTVBREVFRjkxQTY2Q0NCNkM1RDMzQkVFREY4REM0QTg3MEYyRkJGN0ZERDBDOUEwRUQxQ0JERjdCRkZFNjE5ODBCODQ1OTJGNjExRDQ0MzQ1MjdFMzAzMjJGMjgyRUMxRDAxNUVEMjkwODY4MkM2NEUwMjEyQjQ1NTMwOEJENTA3MDBCODIzMzBCMEVCNDBCODk1MzFBRUJBQjIyQzE0MDQ3RkNFNjIyNEE3RjA4QUY4NzFCMzRBOUY2NjkyRTI5NEEzQjgwQzM3MkE3QzkzQ0E0Q0NFODUzNUEzRkUyOTcyRThCQ0VGQjUyN0UwMDhFRkY1ODNFNkI1RUVBNTJBNjQ0MUJBNUQ4RjZERjRFNTc2RjREOTI0MzVFMDlDRDI0MEZGNDRGQTFFQjdFNUUyOUJCQkU3QjhCQzBEMUU4MzEwMjAzMDEwMDAxMIIBIjANBgkqhkiG9w0BAQEFAAOCAQ8AMIIBCgKCAQEA0TL0rRD4MtYhmx3UI4jm+i9ZdIWMBntAgVpOiO+nsxOBScj1cIJpzbb0QD7pw2euDIUKkqb182fGwRANGNCzY9I3Xrh1lu8KaAjtGUqHsPUCuanU3HOfDEL+SnHBM/tLVa3u+RpmzLbF0zvu343EqHDy+/f90Mmg7Ry997/+YZgLhFkvYR1ENFJ+MDIvKC7B0BXtKQhoLGTgIStFUwi9UHALgjMLDrQLiVMa66siwUBH/OYiSn8Ir4cbNKn2aS4pSjuAw3KnyTykzOhTWj/ily6LzvtSfgCO/1g+a17qUqZEG6XY9t9OV29NkkNeCc0kD/RPoet+Xim7vnuLwNHoMQIDAQABo4IBezCCAXcwDwYDVR0TAQH/BAUwAwEB/zAdBgNVHQ4EFgQU6dha9MqhLL1xkGejm0QJo/9Ni7EwDgYDVR0PAQH/BAQDAgEGMIHOBggrBgEFBQcBCwSBwTCBvjAnBggrBgEFBQcwBYYbcnN5bmM6Ly9sb2NhbGhvc3QvcmVwby90YS8wMFQGCCsGAQUFBzAKhkhyc3luYzovL2xvY2FsaG9zdC9yZXBvL3RhLzAvRTlEODVBRjRDQUExMkNCRDcxOTA2N0EzOUI0NDA5QTNGRjREOEJCMS5tZnQwPQYIKwYBBQUHMA2GMWh0dHBzOi8vbG9jYWxob3N0OjMwMDAvdGVzdC1ycmRwL25vdGlmaWNhdGlvbi54bWwwGAYDVR0gAQH/BA4wDDAKBggrBgEFBQcOAjAnBggrBgEFBQcBBwEB/wQYMBYwCQQCAAEwAwMBADAJBAIAAjADAwEAMCEGCCsGAQUFBwEIAQH/BBIwEKAOMAwwCgIBAAIFAP////8wDQYJKoZIhvcNAQELBQADggEBABchYG1JIXfIGgFkgtj04cFNhcEMQgiIbTq1M5yrPf91smbmnGlGmyuAPTMJXjXh7XB2bCER+1n0zVrL2dw871p07N9VX8PtDiHlzb154koe8bioM3NN3HDv3j58GAOLMdoOL65+6tcFT+7Vgqeu6otPegs+m68+jf7BfeZU/IiSc1P/2MnbmRAj6yRZpsNlK123PuZ3E8RdRgPzOKqygkG6QLLjCzUZpp+LcZQrsSZkiIIzFPhyXvmz+UMm5Q3T9eWdkXy+ClBDzharOfTA1FKOhqOslqtPUqDkKvxqBN7WvjHYjI969hfeEXpzZ5zaZ3kNF8HNgar4fbVnUOigwc0=",
                "uri": "rsync://localhost/repo/ta/ta.cer",
                "resources": {
                  "asn": "AS0-AS4294967295",
                  "v4": "0.0.0.0/0",
                  "v6": "::/0"
                }
              },
              "current_set": {
                "number": 1,
                "revocations": [],
                "manifest_info": {
                  "name": "E9D85AF4CAA12CBD719067A39B4409A3FF4D8BB1.mft",
                  "current": {
                    "content": "MIILEgYJKoZIhvcNAQcCoIILAzCCCv8CAQMxDzANBglghkgBZQMEAgEFADCBmwYLKoZIhvcNAQkQARqggYsEgYgwgYUCAQEYDzIwMjAwNDMwMTQwOTA2WhgPMjAyMDA1MDExNDE0MDZaBglghkgBZQMEAgEwUzBRFixFOUQ4NUFGNENBQTEyQ0JENzE5MDY3QTM5QjQ0MDlBM0ZGNEQ4QkIxLmNybAMhAJ+10p6h/j6W9H1QOPMXlS8rT5iNh15p1rgI9FxTAG37oIIImTCCCJUwggd9oAMCAQICFHLyDH8XgZkPdk1gkG8AAj0hs9WoMA0GCSqGSIb3DQEBCwUAMIICLTGCAikwggIlBgNVBAMTggIcMzA4MjAxMEEwMjgyMDEwMTAwRDEzMkY0QUQxMEY4MzJENjIxOUIxREQ0MjM4OEU2RkEyRjU5NzQ4NThDMDY3QjQwODE1QTRFODhFRkE3QjMxMzgxNDlDOEY1NzA4MjY5Q0RCNkY0NDAzRUU5QzM2N0FFMEM4NTBBOTJBNkY1RjM2N0M2QzExMDBEMThEMEIzNjNEMjM3NUVCODc1OTZFRjBBNjgwOEVEMTk0QTg3QjBGNTAyQjlBOUQ0REM3MzlGMEM0MkZFNEE3MUMxMzNGQjRCNTVBREVFRjkxQTY2Q0NCNkM1RDMzQkVFREY4REM0QTg3MEYyRkJGN0ZERDBDOUEwRUQxQ0JERjdCRkZFNjE5ODBCODQ1OTJGNjExRDQ0MzQ1MjdFMzAzMjJGMjgyRUMxRDAxNUVEMjkwODY4MkM2NEUwMjEyQjQ1NTMwOEJENTA3MDBCODIzMzBCMEVCNDBCODk1MzFBRUJBQjIyQzE0MDQ3RkNFNjIyNEE3RjA4QUY4NzFCMzRBOUY2NjkyRTI5NEEzQjgwQzM3MkE3QzkzQ0E0Q0NFODUzNUEzRkUyOTcyRThCQ0VGQjUyN0UwMDhFRkY1ODNFNkI1RUVBNTJBNjQ0MUJBNUQ4RjZERjRFNTc2RjREOTI0MzVFMDlDRDI0MEZGNDRGQTFFQjdFNUUyOUJCQkU3QjhCQzBEMUU4MzEwMjAzMDEwMDAxMB4XDTIwMDQzMDE0MDkwNloXDTIwMDUwNzE0MTQwNlowggItMYICKTCCAiUGA1UEAxOCAhwzMDgyMDEwQTAyODIwMTAxMDBCOTAxRThEM0M5MUUwQTREQUVDMjQ3QjE1QjNEQjUwRDE1NEFCOEUxMjQxMDBCRjM5NzkwMUIyRUE5MDQwQkQ5NzUyNzg3QTNFMDM3MTVDRDEwNERFRDgwMzBEMDQ5NEQ3OTA4RTU2ODYyMUI5NkNFMDU4NERCNzg1RjVENEQxMDU1MzM5MTc5RjVEOTUwNEEyNUI0RjE5MUNCQUNFMDU5NDJEQkExQzBGMzFGNzBDQjRBNTA4NzZCMDREQzdFOEE5NjMwNTFBREU0MjQzODQyREMwQzA3QUM4MkExMjYxMThGQUU1Mzg4RTEzNTVFRDk5QjJEOEI5RjE5OTY0RDhBMzQwNTY4RENERkVEQTI4NThENUFDMEEwNzkwOEE4OTVCQ0Y0RUQyODk0MUY4NEU0OTNBMzkyNjQwNzA0NEU1RTc4QzE2RUQxNkI4N0U3OTQwNzY5MzZDNkFCN0Q5Njk4QzcxNUYzMzYyMkJDMjczQTlBOUJFMzQyRUM5OTc4MTQ3QkFDOEM0N0M4MkU3QjA3NDI0MzNCREJDMkFGOEYxRDI3QTAxMUYyOTc2ODVBRkY3QzZBNzRBNUE1NTY0QjVFN0E0NEZGOTZGRDFBNThCMDlEMTYzQjg3REY4NzIwRkVENTlFODc1QTE2RThBMkZENDhBNkI1OUMwODRCOTgwRjAyMDMwMTAwMDEwggEiMA0GCSqGSIb3DQEBAQUAA4IBDwAwggEKAoIBAQC5AejTyR4KTa7CR7FbPbUNFUq44SQQC/OXkBsuqQQL2XUnh6PgNxXNEE3tgDDQSU15COVoYhuWzgWE23hfXU0QVTORefXZUEoltPGRy6zgWULbocDzH3DLSlCHawTcfoqWMFGt5CQ4QtwMB6yCoSYRj65TiOE1XtmbLYufGZZNijQFaNzf7aKFjVrAoHkIqJW89O0olB+E5JOjkmQHBE5eeMFu0WuH55QHaTbGq32WmMcV8zYivCc6mpvjQuyZeBR7rIxHyC57B0JDO9vCr48dJ6AR8pdoWv98anSlpVZLXnpE/5b9GliwnRY7h9+HIP7VnodaFuii/UimtZwIS5gPAgMBAAGjggGnMIIBozAdBgNVHQ4EFgQU1CFMjcyS1A+xVdZI4Z8LhIiAlp8wHwYDVR0jBBgwFoAU6dha9MqhLL1xkGejm0QJo/9Ni7EwDgYDVR0PAQH/BAQDAgeAMFkGA1UdHwRSMFAwTqBMoEqGSHJzeW5jOi8vbG9jYWxob3N0L3JlcG8vdGEvMC9FOUQ4NUFGNENBQTEyQ0JENzE5MDY3QTM5QjQ0MDlBM0ZGNEQ4QkIxLmNybDA8BggrBgEFBQcBAQQwMC4wLAYIKwYBBQUHMAKGIHJzeW5jOi8vbG9jYWxob3N0L3JlcG8vdGEvdGEuY2VyMGQGCCsGAQUFBwELBFgwVjBUBggrBgEFBQcwC4ZIcnN5bmM6Ly9sb2NhbGhvc3QvcmVwby90YS8wL0U5RDg1QUY0Q0FBMTJDQkQ3MTkwNjdBMzlCNDQwOUEzRkY0RDhCQjEubWZ0MBgGA1UdIAEB/wQOMAwwCgYIKwYBBQUHDgIwIQYIKwYBBQUHAQcBAf8EEjAQMAYEAgABBQAwBgQCAAIFADAVBggrBgEFBQcBCAEB/wQGMASgAgUAMA0GCSqGSIb3DQEBCwUAA4IBAQBfzRdq8xip3bEU1jjf+UoszlKamoTsgDmb6+UCTYmf2ongn0MK8Ajw1FXy0crQ1PkvzXVoybqDTgxJL1vN4Lg1tBHQ/nbYj0dGWpu2E9++EqCI7t9g4v2hfNPeZN6k3ACceSKeldypR1I8y6cQwXM60XAh73c0A8lj+GShTYknvrhEpyKrNPc5kmclU67F3rPjpbWgFvfKOeTZBw1JdF/qwOKGB1TyAeFwokLL/O4fmeT4+U5PvJOohQpOPKXghOkSIvA1GzR7H+nhiVPb/PbWs7wCAW3z1HXODLinxQ1/rmo4aWsmA0p2W0UgzSu463JSypGpcD9VeZIQWG7MaowYMYIBrDCCAagCAQOAFNQhTI3MktQPsVXWSOGfC4SIgJafMA0GCWCGSAFlAwQCAQUAoGswGgYJKoZIhvcNAQkDMQ0GCyqGSIb3DQEJEAEaMBwGCSqGSIb3DQEJBTEPFw0yMDA0MzAxNDE0MDZaMC8GCSqGSIb3DQEJBDEiBCC8isYplyCnQNJ9KOw1UCxZf+XR2iy170vH5X62YatVNDANBgkqhkiG9w0BAQEFAASCAQBy+JffhqZ/9RKUgdRIVxQ/KWQLYYQHuizWOk+cjDOzhPZ9TyhawRCVWa1pJ8Akrxx43dfzhhQ+83ylFwi+tDsxonqws/ReRcqVoYxwvP0k8sN3ipE5m4Ika1j+GlaOoJP71dkOEP/GGfmviHYbJRgzf3XJJjZ7rjX84WaYMutpU5Sk4GEpZa9/X+FcOJxvbZzKzhrbRt0UatXaNxJ/kQaxwYT0Vq+LXUh4/6ky+Z8tdxJ74ahkv7AjP6MWMipbhfkik/JgbNNv5VcTv+wcDTD71rQ615Vl70QCrIQXSsvuEUV4n/BL24Iib6yTZRbyl5g7LfdUSGKwEHyUC0TWv6xQ",
                    "serial": "656222816806499051276483293945268726202895685032",
                    "expires": "2020-05-01T14:14:06.362308Z"
                  },
                  "next_update": "2020-05-01T14:14:06.362308Z",
                  "old": null
                },
                "crl_info": {
                  "name": "E9D85AF4CAA12CBD719067A39B4409A3FF4D8BB1.crl",
                  "current": {
                    "content": "MIIDrDCCApQCAQEwDQYJKoZIhvcNAQELBQAwggItMYICKTCCAiUGA1UEAxOCAhwzMDgyMDEwQTAyODIwMTAxMDBEMTMyRjRBRDEwRjgzMkQ2MjE5QjFERDQyMzg4RTZGQTJGNTk3NDg1OEMwNjdCNDA4MTVBNEU4OEVGQTdCMzEzODE0OUM4RjU3MDgyNjlDREI2RjQ0MDNFRTlDMzY3QUUwQzg1MEE5MkE2RjVGMzY3QzZDMTEwMEQxOEQwQjM2M0QyMzc1RUI4NzU5NkVGMEE2ODA4RUQxOTRBODdCMEY1MDJCOUE5RDREQzczOUYwQzQyRkU0QTcxQzEzM0ZCNEI1NUFERUVGOTFBNjZDQ0I2QzVEMzNCRUVERjhEQzRBODcwRjJGQkY3RkREMEM5QTBFRDFDQkRGN0JGRkU2MTk4MEI4NDU5MkY2MTFENDQzNDUyN0UzMDMyMkYyODJFQzFEMDE1RUQyOTA4NjgyQzY0RTAyMTJCNDU1MzA4QkQ1MDcwMEI4MjMzMEIwRUI0MEI4OTUzMUFFQkFCMjJDMTQwNDdGQ0U2MjI0QTdGMDhBRjg3MUIzNEE5RjY2OTJFMjk0QTNCODBDMzcyQTdDOTNDQTRDQ0U4NTM1QTNGRTI5NzJFOEJDRUZCNTI3RTAwOEVGRjU4M0U2QjVFRUE1MkE2NDQxQkE1RDhGNkRGNEU1NzZGNEQ5MjQzNUUwOUNEMjQwRkY0NEZBMUVCN0U1RTI5QkJCRTdCOEJDMEQxRTgzMTAyMDMwMTAwMDEXDTIwMDQzMDE0MDkwNloXDTIwMDUwMTE0MTQwNlowAKAvMC0wHwYDVR0jBBgwFoAU6dha9MqhLL1xkGejm0QJo/9Ni7EwCgYDVR0UBAMCAQEwDQYJKoZIhvcNAQELBQADggEBAKjuiEjTRbLP06KNWt8dwQn6HbTQB7AifIJlyMIWdz2yi0OV39rahM5q9dBJDDMU8Hbfaw29C08zIazA1zb3jIQYs6Q2N25zA2u2s1y2RfI4HjOavKVM0GzdK6OXf/5vCIBiFCKQc5tKr5oq+dnnMV5HeigEo3OM6TU2cqPDUER7Ioq0xAKYUp9OVfHG8AH58CWPca7prm/nt6VIPLFTK5bO45pdEb0ef6UTxh3vON83gEcDvz7gArqfXXwro4RzGCthG0+j4Xv8aVjMXgzuxhwaF9/3HRFuamEYdzbYUDfQBkmJd5PeyqOwRioGIN/F9BLGn/lw26qtukXCuJ8KQQI=",
                    "serial": "1",
                    "expires": "2020-05-01T14:14:06.359174Z"
                  },
                  "old": null
                }
              },
              "request": null
            },
            {
              "ca_repo": "rsync://localhost/repo/ta/0",
              "added": [
                {
                  "name": "E9D85AF4CAA12CBD719067A39B4409A3FF4D8BB1.mft",
                  "object": {
                    "content": "MIILEgYJKoZIhvcNAQcCoIILAzCCCv8CAQMxDzANBglghkgBZQMEAgEFADCBmwYLKoZIhvcNAQkQARqggYsEgYgwgYUCAQEYDzIwMjAwNDMwMTQwOTA2WhgPMjAyMDA1MDExNDE0MDZaBglghkgBZQMEAgEwUzBRFixFOUQ4NUFGNENBQTEyQ0JENzE5MDY3QTM5QjQ0MDlBM0ZGNEQ4QkIxLmNybAMhAJ+10p6h/j6W9H1QOPMXlS8rT5iNh15p1rgI9FxTAG37oIIImTCCCJUwggd9oAMCAQICFHLyDH8XgZkPdk1gkG8AAj0hs9WoMA0GCSqGSIb3DQEBCwUAMIICLTGCAikwggIlBgNVBAMTggIcMzA4MjAxMEEwMjgyMDEwMTAwRDEzMkY0QUQxMEY4MzJENjIxOUIxREQ0MjM4OEU2RkEyRjU5NzQ4NThDMDY3QjQwODE1QTRFODhFRkE3QjMxMzgxNDlDOEY1NzA4MjY5Q0RCNkY0NDAzRUU5QzM2N0FFMEM4NTBBOTJBNkY1RjM2N0M2QzExMDBEMThEMEIzNjNEMjM3NUVCODc1OTZFRjBBNjgwOEVEMTk0QTg3QjBGNTAyQjlBOUQ0REM3MzlGMEM0MkZFNEE3MUMxMzNGQjRCNTVBREVFRjkxQTY2Q0NCNkM1RDMzQkVFREY4REM0QTg3MEYyRkJGN0ZERDBDOUEwRUQxQ0JERjdCRkZFNjE5ODBCODQ1OTJGNjExRDQ0MzQ1MjdFMzAzMjJGMjgyRUMxRDAxNUVEMjkwODY4MkM2NEUwMjEyQjQ1NTMwOEJENTA3MDBCODIzMzBCMEVCNDBCODk1MzFBRUJBQjIyQzE0MDQ3RkNFNjIyNEE3RjA4QUY4NzFCMzRBOUY2NjkyRTI5NEEzQjgwQzM3MkE3QzkzQ0E0Q0NFODUzNUEzRkUyOTcyRThCQ0VGQjUyN0UwMDhFRkY1ODNFNkI1RUVBNTJBNjQ0MUJBNUQ4RjZERjRFNTc2RjREOTI0MzVFMDlDRDI0MEZGNDRGQTFFQjdFNUUyOUJCQkU3QjhCQzBEMUU4MzEwMjAzMDEwMDAxMB4XDTIwMDQzMDE0MDkwNloXDTIwMDUwNzE0MTQwNlowggItMYICKTCCAiUGA1UEAxOCAhwzMDgyMDEwQTAyODIwMTAxMDBCOTAxRThEM0M5MUUwQTREQUVDMjQ3QjE1QjNEQjUwRDE1NEFCOEUxMjQxMDBCRjM5NzkwMUIyRUE5MDQwQkQ5NzUyNzg3QTNFMDM3MTVDRDEwNERFRDgwMzBEMDQ5NEQ3OTA4RTU2ODYyMUI5NkNFMDU4NERCNzg1RjVENEQxMDU1MzM5MTc5RjVEOTUwNEEyNUI0RjE5MUNCQUNFMDU5NDJEQkExQzBGMzFGNzBDQjRBNTA4NzZCMDREQzdFOEE5NjMwNTFBREU0MjQzODQyREMwQzA3QUM4MkExMjYxMThGQUU1Mzg4RTEzNTVFRDk5QjJEOEI5RjE5OTY0RDhBMzQwNTY4RENERkVEQTI4NThENUFDMEEwNzkwOEE4OTVCQ0Y0RUQyODk0MUY4NEU0OTNBMzkyNjQwNzA0NEU1RTc4QzE2RUQxNkI4N0U3OTQwNzY5MzZDNkFCN0Q5Njk4QzcxNUYzMzYyMkJDMjczQTlBOUJFMzQyRUM5OTc4MTQ3QkFDOEM0N0M4MkU3QjA3NDI0MzNCREJDMkFGOEYxRDI3QTAxMUYyOTc2ODVBRkY3QzZBNzRBNUE1NTY0QjVFN0E0NEZGOTZGRDFBNThCMDlEMTYzQjg3REY4NzIwRkVENTlFODc1QTE2RThBMkZENDhBNkI1OUMwODRCOTgwRjAyMDMwMTAwMDEwggEiMA0GCSqGSIb3DQEBAQUAA4IBDwAwggEKAoIBAQC5AejTyR4KTa7CR7FbPbUNFUq44SQQC/OXkBsuqQQL2XUnh6PgNxXNEE3tgDDQSU15COVoYhuWzgWE23hfXU0QVTORefXZUEoltPGRy6zgWULbocDzH3DLSlCHawTcfoqWMFGt5CQ4QtwMB6yCoSYRj65TiOE1XtmbLYufGZZNijQFaNzf7aKFjVrAoHkIqJW89O0olB+E5JOjkmQHBE5eeMFu0WuH55QHaTbGq32WmMcV8zYivCc6mpvjQuyZeBR7rIxHyC57B0JDO9vCr48dJ6AR8pdoWv98anSlpVZLXnpE/5b9GliwnRY7h9+HIP7VnodaFuii/UimtZwIS5gPAgMBAAGjggGnMIIBozAdBgNVHQ4EFgQU1CFMjcyS1A+xVdZI4Z8LhIiAlp8wHwYDVR0jBBgwFoAU6dha9MqhLL1xkGejm0QJo/9Ni7EwDgYDVR0PAQH/BAQDAgeAMFkGA1UdHwRSMFAwTqBMoEqGSHJzeW5jOi8vbG9jYWxob3N0L3JlcG8vdGEvMC9FOUQ4NUFGNENBQTEyQ0JENzE5MDY3QTM5QjQ0MDlBM0ZGNEQ4QkIxLmNybDA8BggrBgEFBQcBAQQwMC4wLAYIKwYBBQUHMAKGIHJzeW5jOi8vbG9jYWxob3N0L3JlcG8vdGEvdGEuY2VyMGQGCCsGAQUFBwELBFgwVjBUBggrBgEFBQcwC4ZIcnN5bmM6Ly9sb2NhbGhvc3QvcmVwby90YS8wL0U5RDg1QUY0Q0FBMTJDQkQ3MTkwNjdBMzlCNDQwOUEzRkY0RDhCQjEubWZ0MBgGA1UdIAEB/wQOMAwwCgYIKwYBBQUHDgIwIQYIKwYBBQUHAQcBAf8EEjAQMAYEAgABBQAwBgQCAAIFADAVBggrBgEFBQcBCAEB/wQGMASgAgUAMA0GCSqGSIb3DQEBCwUAA4IBAQBfzRdq8xip3bEU1jjf+UoszlKamoTsgDmb6+UCTYmf2ongn0MK8Ajw1FXy0crQ1PkvzXVoybqDTgxJL1vN4Lg1tBHQ/nbYj0dGWpu2E9++EqCI7t9g4v2hfNPeZN6k3ACceSKeldypR1I8y6cQwXM60XAh73c0A8lj+GShTYknvrhEpyKrNPc5kmclU67F3rPjpbWgFvfKOeTZBw1JdF/qwOKGB1TyAeFwokLL/O4fmeT4+U5PvJOohQpOPKXghOkSIvA1GzR7H+nhiVPb/PbWs7wCAW3z1HXODLinxQ1/rmo4aWsmA0p2W0UgzSu463JSypGpcD9VeZIQWG7MaowYMYIBrDCCAagCAQOAFNQhTI3MktQPsVXWSOGfC4SIgJafMA0GCWCGSAFlAwQCAQUAoGswGgYJKoZIhvcNAQkDMQ0GCyqGSIb3DQEJEAEaMBwGCSqGSIb3DQEJBTEPFw0yMDA0MzAxNDE0MDZaMC8GCSqGSIb3DQEJBDEiBCC8isYplyCnQNJ9KOw1UCxZf+XR2iy170vH5X62YatVNDANBgkqhkiG9w0BAQEFAASCAQBy+JffhqZ/9RKUgdRIVxQ/KWQLYYQHuizWOk+cjDOzhPZ9TyhawRCVWa1pJ8Akrxx43dfzhhQ+83ylFwi+tDsxonqws/ReRcqVoYxwvP0k8sN3ipE5m4Ika1j+GlaOoJP71dkOEP/GGfmviHYbJRgzf3XJJjZ7rjX84WaYMutpU5Sk4GEpZa9/X+FcOJxvbZzKzhrbRt0UatXaNxJ/kQaxwYT0Vq+LXUh4/6ky+Z8tdxJ74ahkv7AjP6MWMipbhfkik/JgbNNv5VcTv+wcDTD71rQ615Vl70QCrIQXSsvuEUV4n/BL24Iib6yTZRbyl5g7LfdUSGKwEHyUC0TWv6xQ",
                    "serial": "656222816806499051276483293945268726202895685032",
                    "expires": "2020-05-01T14:14:06.362308Z"
                  }
                },
                {
                  "name": "E9D85AF4CAA12CBD719067A39B4409A3FF4D8BB1.crl",
                  "object": {
                    "content": "MIIDrDCCApQCAQEwDQYJKoZIhvcNAQELBQAwggItMYICKTCCAiUGA1UEAxOCAhwzMDgyMDEwQTAyODIwMTAxMDBEMTMyRjRBRDEwRjgzMkQ2MjE5QjFERDQyMzg4RTZGQTJGNTk3NDg1OEMwNjdCNDA4MTVBNEU4OEVGQTdCMzEzODE0OUM4RjU3MDgyNjlDREI2RjQ0MDNFRTlDMzY3QUUwQzg1MEE5MkE2RjVGMzY3QzZDMTEwMEQxOEQwQjM2M0QyMzc1RUI4NzU5NkVGMEE2ODA4RUQxOTRBODdCMEY1MDJCOUE5RDREQzczOUYwQzQyRkU0QTcxQzEzM0ZCNEI1NUFERUVGOTFBNjZDQ0I2QzVEMzNCRUVERjhEQzRBODcwRjJGQkY3RkREMEM5QTBFRDFDQkRGN0JGRkU2MTk4MEI4NDU5MkY2MTFENDQzNDUyN0UzMDMyMkYyODJFQzFEMDE1RUQyOTA4NjgyQzY0RTAyMTJCNDU1MzA4QkQ1MDcwMEI4MjMzMEIwRUI0MEI4OTUzMUFFQkFCMjJDMTQwNDdGQ0U2MjI0QTdGMDhBRjg3MUIzNEE5RjY2OTJFMjk0QTNCODBDMzcyQTdDOTNDQTRDQ0U4NTM1QTNGRTI5NzJFOEJDRUZCNTI3RTAwOEVGRjU4M0U2QjVFRUE1MkE2NDQxQkE1RDhGNkRGNEU1NzZGNEQ5MjQzNUUwOUNEMjQwRkY0NEZBMUVCN0U1RTI5QkJCRTdCOEJDMEQxRTgzMTAyMDMwMTAwMDEXDTIwMDQzMDE0MDkwNloXDTIwMDUwMTE0MTQwNlowAKAvMC0wHwYDVR0jBBgwFoAU6dha9MqhLL1xkGejm0QJo/9Ni7EwCgYDVR0UBAMCAQEwDQYJKoZIhvcNAQELBQADggEBAKjuiEjTRbLP06KNWt8dwQn6HbTQB7AifIJlyMIWdz2yi0OV39rahM5q9dBJDDMU8Hbfaw29C08zIazA1zb3jIQYs6Q2N25zA2u2s1y2RfI4HjOavKVM0GzdK6OXf/5vCIBiFCKQc5tKr5oq+dnnMV5HeigEo3OM6TU2cqPDUER7Ioq0xAKYUp9OVfHG8AH58CWPca7prm/nt6VIPLFTK5bO45pdEb0ef6UTxh3vON83gEcDvz7gArqfXXwro4RzGCthG0+j4Xv8aVjMXgzuxhwaF9/3HRFuamEYdzbYUDfQBkmJd5PeyqOwRioGIN/F9BLGn/lw26qtukXCuJ8KQQI=",
                    "serial": "1",
                    "expires": "2020-05-01T14:14:06.359174Z"
                  }
                }
              ],
              "updated": [],
              "withdrawn": []
            }
          ]
        }
      }
    ]
  }
}