{
  "command": {
    "actor": "krill",
    "time": "2020-04-30T14:22:25.806233Z",
    "handle": "CA1",
    "version": 8,
    "sequence": 7,
    "details": {
      "child_certify": [
        "CA3",
        "0",
        {
          "asn": "none",
          "v4": "none",
          "v6": "none"
        },
        "96BE452BC9A7092E4156D96DB8CFC7C89094FE5A"
      ]
    },
    "effect": {
      "events": [
        8,
        9,
        10
      ]
    }
  },
  "result": {
    "Events": [
      {
        "id": "CA1",
        "version": 8,
        "details": {
          "child_certificate_issued": [
            "CA3",
            "0",
            "96BE452BC9A7092E4156D96DB8CFC7C89094FE5A"
          ]
        }
      },
      {
        "id": "CA1",
        "version": 9,
        "details": {
          "child_certificates_updated": [
            "0",
            {
              "issued": [
                {
                  "uri": "rsync://localhost/repo/CA1/0/96BE452BC9A7092E4156D96DB8CFC7C89094FE5A.cer",
                  "limit": {
                    "asn": "none",
                    "v4": "none",
                    "v6": "none"
                  },
                  "resource_set": {
                    "asn": "",
                    "v4": "10.0.0.0/16",
                    "v6": ""
                  },
                  "cert": "MIIFKzCCBBOgAwIBAgIUe/UhF7yYwKWXOXNv9DEaOO4mAp8wDQYJKoZIhvcNAQELBQAwMzExMC8GA1UEAxMoNEQ1ODcxNTU1M0ZCNTg2NEM5MTcyQUVDOTczQjA0MkFDRUI0MTNCNTAeFw0yMDA0MzAxNDE3MjVaFw0yMTA0MzAxNDIyMjVaMDMxMTAvBgNVBAMTKDk2QkU0NTJCQzlBNzA5MkU0MTU2RDk2REI4Q0ZDN0M4OTA5NEZFNUEwggEiMA0GCSqGSIb3DQEBAQUAA4IBDwAwggEKAoIBAQDHvGpJsWjvbRStFYCTHVPPlMQCcnpLzgUvIsf+TeDIpx/40IbZQLhw0G05KJ1I3zdiBREWCOkXgZljBA1aEMvgvUDAjPQYCX334MEQAvge8DfqTxmpYJcTMaE2ERnC4KOi6upFBQwZS7p1DDh1l0EIJYRHujE+fe8YM7fDgRTdjYChgF8cFJ+tEVPbmeaMZvKp0mAf+AhuH6bPBDTj/vB55Npy9hiJFbYyFj6YWg3P1SysKCbYr5seJrWAgC1JL7fAF26wcOrx8gGlh9HpH2HlasV2fePtGWPOFQh+0fRIJgY7C0dlBO/N7UOeoY0iC7RAOD0v8lVzJNoE4uq5lCHHAgMBAAGjggI1MIICMTAPBgNVHRMBAf8EBTADAQH/MB0GA1UdDgQWBBSWvkUryacJLkFW2W24z8fIkJT+WjAfBgNVHSMEGDAWgBRNWHFVU/tYZMkXKuyXOwQqzrQTtTAOBgNVHQ8BAf8EBAMCAQYwWgYDVR0fBFMwUTBPoE2gS4ZJcnN5bmM6Ly9sb2NhbGhvc3QvcmVwby9DQTEvMC80RDU4NzE1NTUzRkI1ODY0QzkxNzJBRUM5NzNCMDQyQUNFQjQxM0I1LmNybDBkBggrBgEFBQcBAQRYMFYwVAYIKwYBBQUHMAKGSHJzeW5jOi8vbG9jYWxob3N0L3JlcG8vdGEvMC80RDU4NzE1NTUzRkI1ODY0QzkxNzJBRUM5NzNCMDQyQUNFQjQxM0I1LmNlcjCB0QYIKwYBBQUHAQsEgcQwgcEwKQYIKwYBBQUHMAWGHXJzeW5jOi8vbG9jYWxob3N0L3JlcG8vQ0EzLzAvMFUGCCsGAQUFBzAKhklyc3luYzovL2xvY2FsaG9zdC9yZXBvL0NBMy8wLzk2QkU0NTJCQzlBNzA5MkU0MTU2RDk2REI4Q0ZDN0M4OTA5NEZFNUEubWZ0MD0GCCsGAQUFBzANhjFodHRwczovL2xvY2FsaG9zdDozMDAwL3Rlc3QtcnJkcC9ub3RpZmljYXRpb24ueG1sMBgGA1UdIAEB/wQOMAwwCgYIKwYBBQUHDgIwHgYIKwYBBQUHAQcBAf8EDzANMAsEAgABMAUDAwAKADANBgkqhkiG9w0BAQsFAAOCAQEAitY6KrkOnaRRnFumkCAwwL372e1rVsqGxG/++hhGece2d9VRZoICW5M2ELRQTxuSyYsu5s0EnU0/CmPgaQBIAuGb1DZQI8wu8iIschlfK+mDPngvegT8LU4X6/kYgSTFXuvAH5X5bKqhYSDgObsxziB9IADiVHk5BsY3yTv6y9hNoRgtrg5nixk9lmkWp0HaK6gJs+8FaLn6RWzWC15AuRfAICN6Yo098EUbGZUW7pnO+xKlUbhrMMdo2Z7AsPZ1NB7ZPAHi/qNxIDxeM0jOJxP4Hpqj25DFjT8Yj+OIB3gkG4IqBPyM9GMhp/CJWBFtIRqZxeMt9pXNjHiaTceY0Q==",
                  "replaces": null
                }
              ],
              "removed": []
            }
          ]
        }
      },
      {
        "id": "CA1",
        "version": 10,
        "details": {
          "object_set_updated": [
            "0",
            {
              "4D58715553FB5864C9172AEC973B042ACEB413B5": {
                "number": 2,
                "revocations_delta": {
                  "added": [
                    {
                      "serial": "488982902731041200269466767275277360289005719817",
                      "expires": "2020-05-01T14:22:21.739290Z"
                    }
                  ],
                  "dropped": []
                },
                "manifest_info": {
                  "name": "4D58715553FB5864C9172AEC973B042ACEB413B5.mft",
                  "current": {
                    "content": "MIIJlAYJKoZIhvcNAQcCoIIJhTCCCYECAQMxDzANBglghkgBZQMEAgEFADCB7wYLKoZIhvcNAQkQARqggd8EgdwwgdkCAQIYDzIwMjAwNDMwMTQxNzI1WhgPMjAyMDA1MDExNDIyMjVaBglghkgBZQMEAgEwgaYwURYsOTZCRTQ1MkJDOUE3MDkyRTQxNTZEOTZEQjhDRkM3Qzg5MDk0RkU1QS5jZXIDIQB1cbuVgk5LB99uLRkyvwmZhn11U0VpvdIks/FoJ5Y9yDBRFiw0RDU4NzE1NTUzRkI1ODY0QzkxNzJBRUM5NzNCMDQyQUNFQjQxM0I1LmNybAMhAP98tXoePHy42Z8X2jQKYSRo5pGZqw94RcmnUksPUhWAoIIGxzCCBsMwggWroAMCAQICFAZOOxT+sPgdSpGBJsiPUQ9f9zy6MA0GCSqGSIb3DQEBCwUAMDMxMTAvBgNVBAMTKDRENTg3MTU1NTNGQjU4NjRDOTE3MkFFQzk3M0IwNDJBQ0VCNDEzQjUwHhcNMjAwNDMwMTQxNzI1WhcNMjAwNTA3MTQyMjI1WjCCAi0xggIpMIICJQYDVQQDE4ICHDMwODIwMTBBMDI4MjAxMDEwMEQyOUFBMTc4NjdCQzI2NURBMDUxM0EyQkVBQzE4MDk2QTRFMkE4MjMwMTc1REVGQjIzMDlCOTBGRjlDQkQ4QTIwM0I1MDYxMkJFRjM3ODRCQkE5OThENjFFNjYzQzQzRkE1MEU1MEQyMzMwOUQzQTc5OUMxMUZFNjJGRTdCODcyNThBNTY2OTdBQkJCNUY5RkExRTI5NDFFMUMxNEJDQzVGMURDOEMwODc3MUVDRUI2NDAwRTFEMDhDRDU2MDg4N0NBN0U3Q0RFN0RGNUVGMTc1NkY2NjM3RTdCRTUzRjcyMTZBQjkxMjkxRjY1Mzk1QzUwNEI4REU2NzhDQ0ZGRTUxQkIzNDkxNUU3MTg1QTE1RTlFRDhDQkQ0MUNBNkREODE3MjIzMjY5Nzk4NTM4NkM5OThFQjk0MTkzMURFOUE2NzdDOTFGNTVBNjJGNkYwRjlFMDQ2QURGOUJFQ0NBRUMyQzUzQjRDN0U1ODE3RTE2MTgwMTk0RkY5MkM1QTNFRTZENDEwRDFFQ0VERDQyMDE3MTJBQzUzMEQ3NzJCOEE1MENEMUI0RjVBMjI2QjJDRUMxRUU5RDQ2NDU3OEVEN0YyNTE0RDA3OENDOTZEMDMzQkQyRkVCMzkzOUM4QjU2RkNEODA3RkRDMjIyMTExQjI4MkFGNEYyNTZGMUE1NzAzMDIwMzAxMDAwMTCCASIwDQYJKoZIhvcNAQEBBQADggEPADCCAQoCggEBANKaoXhnvCZdoFE6K+rBgJak4qgjAXXe+yMJuQ/5y9iiA7UGEr7zeEu6mY1h5mPEP6UOUNIzCdOnmcEf5i/nuHJYpWaXq7tfn6HilB4cFLzF8dyMCHcezrZADh0IzVYIh8p+fN599e8XVvZjfnvlP3IWq5EpH2U5XFBLjeZ4zP/lG7NJFecYWhXp7Yy9Qcpt2BciMml5hThsmY65QZMd6aZ3yR9Vpi9vD54Eat+b7MrsLFO0x+WBfhYYAZT/ksWj7m1BDR7O3UIBcSrFMNdyuKUM0bT1oiayzsHunUZFeO1/JRTQeMyW0DO9L+s5Oci1b82Af9wiIRGygq9PJW8aVwMCAwEAAaOCAdEwggHNMB0GA1UdDgQWBBTrdMQsWoNvKOv+WlFu5tPxZUDrPjAfBgNVHSMEGDAWgBRNWHFVU/tYZMkXKuyXOwQqzrQTtTAOBgNVHQ8BAf8EBAMCB4AwWgYDVR0fBFMwUTBPoE2gS4ZJcnN5bmM6Ly9sb2NhbGhvc3QvcmVwby9DQTEvMC80RDU4NzE1NTUzRkI1ODY0QzkxNzJBRUM5NzNCMDQyQUNFQjQxM0I1LmNybDBkBggrBgEFBQcBAQRYMFYwVAYIKwYBBQUHMAKGSHJzeW5jOi8vbG9jYWxob3N0L3JlcG8vdGEvMC80RDU4NzE1NTUzRkI1ODY0QzkxNzJBRUM5NzNCMDQyQUNFQjQxM0I1LmNlcjBlBggrBgEFBQcBCwRZMFcwVQYIKwYBBQUHMAuGSXJzeW5jOi8vbG9jYWxob3N0L3JlcG8vQ0ExLzAvNEQ1ODcxNTU1M0ZCNTg2NEM5MTcyQUVDOTczQjA0MkFDRUI0MTNCNS5tZnQwGAYDVR0gAQH/BA4wDDAKBggrBgEFBQcOAjAhBggrBgEFBQcBBwEB/wQSMBAwBgQCAAEFADAGBAIAAgUAMBUGCCsGAQUFBwEIAQH/BAYwBKACBQAwDQYJKoZIhvcNAQELBQADggEBAKvFiwC6gKMA09r9DnOwaWMQwZfpyRGtcCt6Qu9Z9iuL7mwA4sYL6kkG43lxm4d9D3Bdh8vgRBqY27NJTn+0SOKBuJ+Ma27VYubXF4X3BGVjJrOtEA1dRuygU8Hdl3OMGGLGYRdtr7uiTL0T7Z3SliJA3kej0ercEjKjvxqGN7LXFpi5+uiVcqI7LvhEWrKcSUkPTwSymIjE8PvhIVo5+RvhPNvQdHn6/MlPWrOg0O4dX/S2kLdOVAkqbstABdW+jS38e+Wxeh3TxtJc1kV3CaP9tbQBhu/bgwR4D7jBm8tQS2hqjJCLSmWckRHHJXXQGA74oHjawWS1z07u22fhJcwxggGsMIIBqAIBA4AU63TELFqDbyjr/lpRbubT8WVA6z4wDQYJYIZIAWUDBAIBBQCgazAaBgkqhkiG9w0BCQMxDQYLKoZIhvcNAQkQARowHAYJKoZIhvcNAQkFMQ8XDTIwMDQzMDE0MjIyNVowLwYJKoZIhvcNAQkEMSIEIMQt8oFEShR7NC8VKOfUalelofqLchsCUsaNOJUWabREMA0GCSqGSIb3DQEBAQUABIIBACEJVsmDACFbFYYAnfrWUj9LfjaxMKOMQEw3CgShKg6cHo8Odn8O0/1YfZQpQPe7mHSe1vHPU7XLQdVSgcIKVAetVXFi41gPFgmRYZ0R6IRHy5YUTWB7lj8scdbnQxrohz2bzgR+0awAgE8F8t3ZVmEsOzBmcszQqGF+FwxH9FioGtGr/tu+L6SQCRJZ8L0+wg25EZ3ZCWPJBOfBA+UIlMmqcqVwEnw0Z55fP3XkZ2fs+7pvmMFNJvuYs4f8Hhv1q934ae5nPGuEj844mvKe8nL/VP8jBZarrV5EY3Z0PQsGcYVxkNccj11bH3cFzTJPHroEs72KtcLF5w6ZpIiDyP4=",
                    "serial": "35998549519488525558507044149064623486219533498",
                    "expires": "2020-05-01T14:22:25.813569Z"
                  },
                  "next_update": "2020-05-01T14:22:25.813569Z",
                  "old": "0f63251f37f2b7236e7cfe7bc2544a0c0eb171034da121f977ba3ba1b5f79afb"
                },
                "crl_info": {
                  "name": "4D58715553FB5864C9172AEC973B042ACEB413B5.crl",
                  "current": {
                    "content": "MIIB1jCBvwIBATANBgkqhkiG9w0BAQsFADAzMTEwLwYDVQQDEyg0RDU4NzE1NTUzRkI1ODY0QzkxNzJBRUM5NzNCMDQyQUNFQjQxM0I1Fw0yMDA0MzAxNDE3MjVaFw0yMDA1MDExNDIyMjVaMCcwJQIUVabAb4XGVW/CM//wmiYWZEjIUQkXDTIwMDUwMTE0MjIyMVqgLzAtMB8GA1UdIwQYMBaAFE1YcVVT+1hkyRcq7Jc7BCrOtBO1MAoGA1UdFAQDAgECMA0GCSqGSIb3DQEBCwUAA4IBAQAbOPmnHMIsn8u9DTavhV1MEDu2NlirpVotfjrxzggT7SOR9GC7xi2opG/xUGr3ll50DaL7stdszCnsvjVw1aa7y92NqKGnSbhw3kDLWw6iCKbOFBn4Nz8Srz3uGXRm+mULw+ixP4CqGG7eeJzpHhji6qNDPxfyfepvWxreIwr1lwtKdDSuNlSeQAaIAVmZOzhwnTqbIfpSDgmrISnMXnLxnsO4FZJy6WMbZ/bnwpVVJTGTb4gYJcGIB/UW+WhLdELHcjZWaDrZQYN9xbXjETL+Ok9U4RagBTWEvw8Nx6KmAG+m5Q4lJNZhFm28BwHuQ8Az9cqKd/dvdPbt6ZhzFymD",
                    "serial": "2",
                    "expires": "2020-05-01T14:22:25.810088Z"
                  },
                  "old": "bb76bb0d67fdaa9a86ee1d4580eb509c0df1c6db0787648d315351c8344c935b"
                },
                "objects_delta": {
                  "ca_repo": "rsync://localhost/repo/CA1/0",
                  "added": [
                    {
                      "name": "96BE452BC9A7092E4156D96DB8CFC7C89094FE5A.cer",
                      "object": {
                        "content": "MIIFKzCCBBOgAwIBAgIUe/UhF7yYwKWXOXNv9DEaOO4mAp8wDQYJKoZIhvcNAQELBQAwMzExMC8GA1UEAxMoNEQ1ODcxNTU1M0ZCNTg2NEM5MTcyQUVDOTczQjA0MkFDRUI0MTNCNTAeFw0yMDA0MzAxNDE3MjVaFw0yMTA0MzAxNDIyMjVaMDMxMTAvBgNVBAMTKDk2QkU0NTJCQzlBNzA5MkU0MTU2RDk2REI4Q0ZDN0M4OTA5NEZFNUEwggEiMA0GCSqGSIb3DQEBAQUAA4IBDwAwggEKAoIBAQDHvGpJsWjvbRStFYCTHVPPlMQCcnpLzgUvIsf+TeDIpx/40IbZQLhw0G05KJ1I3zdiBREWCOkXgZljBA1aEMvgvUDAjPQYCX334MEQAvge8DfqTxmpYJcTMaE2ERnC4KOi6upFBQwZS7p1DDh1l0EIJYRHujE+fe8YM7fDgRTdjYChgF8cFJ+tEVPbmeaMZvKp0mAf+AhuH6bPBDTj/vB55Npy9hiJFbYyFj6YWg3P1SysKCbYr5seJrWAgC1JL7fAF26wcOrx8gGlh9HpH2HlasV2fePtGWPOFQh+0fRIJgY7C0dlBO/N7UOeoY0iC7RAOD0v8lVzJNoE4uq5lCHHAgMBAAGjggI1MIICMTAPBgNVHRMBAf8EBTADAQH/MB0GA1UdDgQWBBSWvkUryacJLkFW2W24z8fIkJT+WjAfBgNVHSMEGDAWgBRNWHFVU/tYZMkXKuyXOwQqzrQTtTAOBgNVHQ8BAf8EBAMCAQYwWgYDVR0fBFMwUTBPoE2gS4ZJcnN5bmM6Ly9sb2NhbGhvc3QvcmVwby9DQTEvMC80RDU4NzE1NTUzRkI1ODY0QzkxNzJBRUM5NzNCMDQyQUNFQjQxM0I1LmNybDBkBggrBgEFBQcBAQRYMFYwVAYIKwYBBQUHMAKGSHJzeW5jOi8vbG9jYWxob3N0L3JlcG8vdGEvMC80RDU4NzE1NTUzRkI1ODY0QzkxNzJBRUM5NzNCMDQyQUNFQjQxM0I1LmNlcjCB0QYIKwYBBQUHAQsEgcQwgcEwKQYIKwYBBQUHMAWGHXJzeW5jOi8vbG9jYWxob3N0L3JlcG8vQ0EzLzAvMFUGCCsGAQUFBzAKhklyc3luYzovL2xvY2FsaG9zdC9yZXBvL0NBMy8wLzk2QkU0NTJCQzlBNzA5MkU0MTU2RDk2REI4Q0ZDN0M4OTA5NEZFNUEubWZ0MD0GCCsGAQUFBzANhjFodHRwczovL2xvY2FsaG9zdDozMDAwL3Rlc3QtcnJkcC9ub3RpZmljYXRpb24ueG1sMBgGA1UdIAEB/wQOMAwwCgYIKwYBBQUHDgIwHgYIKwYBBQUHAQcBAf8EDzANMAsEAgABMAUDAwAKADANBgkqhkiG9w0BAQsFAAOCAQEAitY6KrkOnaRRnFumkCAwwL372e1rVsqGxG/++hhGece2d9VRZoICW5M2ELRQTxuSyYsu5s0EnU0/CmPgaQBIAuGb1DZQI8wu8iIschlfK+mDPngvegT8LU4X6/kYgSTFXuvAH5X5bKqhYSDgObsxziB9IADiVHk5BsY3yTv6y9hNoRgtrg5nixk9lmkWp0HaK6gJs+8FaLn6RWzWC15AuRfAICN6Yo098EUbGZUW7pnO+xKlUbhrMMdo2Z7AsPZ1NB7ZPAHi/qNxIDxeM0jOJxP4Hpqj25DFjT8Yj+OIB3gkG4IqBPyM9GMhp/CJWBFtIRqZxeMt9pXNjHiaTceY0Q==",
                        "serial": "707672430167590451092230830464110609241829933727",
                        "expires": "2021-04-30T14:22:25Z"
                      }
                    }
                  ],
                  "updated": [
                    {
                      "name": "4D58715553FB5864C9172AEC973B042ACEB413B5.crl",
                      "object": {
                        "content": "MIIB1jCBvwIBATANBgkqhkiG9w0BAQsFADAzMTEwLwYDVQQDEyg0RDU4NzE1NTUzRkI1ODY0QzkxNzJBRUM5NzNCMDQyQUNFQjQxM0I1Fw0yMDA0MzAxNDE3MjVaFw0yMDA1MDExNDIyMjVaMCcwJQIUVabAb4XGVW/CM//wmiYWZEjIUQkXDTIwMDUwMTE0MjIyMVqgLzAtMB8GA1UdIwQYMBaAFE1YcVVT+1hkyRcq7Jc7BCrOtBO1MAoGA1UdFAQDAgECMA0GCSqGSIb3DQEBCwUAA4IBAQAbOPmnHMIsn8u9DTavhV1MEDu2NlirpVotfjrxzggT7SOR9GC7xi2opG/xUGr3ll50DaL7stdszCnsvjVw1aa7y92NqKGnSbhw3kDLWw6iCKbOFBn4Nz8Srz3uGXRm+mULw+ixP4CqGG7eeJzpHhji6qNDPxfyfepvWxreIwr1lwtKdDSuNlSeQAaIAVmZOzhwnTqbIfpSDgmrISnMXnLxnsO4FZJy6WMbZ/bnwpVVJTGTb4gYJcGIB/UW+WhLdELHcjZWaDrZQYN9xbXjETL+Ok9U4RagBTWEvw8Nx6KmAG+m5Q4lJNZhFm28BwHuQ8Az9cqKd/dvdPbt6ZhzFymD",
                        "serial": "2",
                        "expires": "2020-05-01T14:22:25.810088Z"
                      },
                      "old": "bb76bb0d67fdaa9a86ee1d4580eb509c0df1c6db0787648d315351c8344c935b"
                    },
                    {
                      "name": "4D58715553FB5864C9172AEC973B042ACEB413B5.mft",
                      "object": {
                        "content": "MIIJlAYJKoZIhvcNAQcCoIIJhTCCCYECAQMxDzANBglghkgBZQMEAgEFADCB7wYLKoZIhvcNAQkQARqggd8EgdwwgdkCAQIYDzIwMjAwNDMwMTQxNzI1WhgPMjAyMDA1MDExNDIyMjVaBglghkgBZQMEAgEwgaYwURYsOTZCRTQ1MkJDOUE3MDkyRTQxNTZEOTZEQjhDRkM3Qzg5MDk0RkU1QS5jZXIDIQB1cbuVgk5LB99uLRkyvwmZhn11U0VpvdIks/FoJ5Y9yDBRFiw0RDU4NzE1NTUzRkI1ODY0QzkxNzJBRUM5NzNCMDQyQUNFQjQxM0I1LmNybAMhAP98tXoePHy42Z8X2jQKYSRo5pGZqw94RcmnUksPUhWAoIIGxzCCBsMwggWroAMCAQICFAZOOxT+sPgdSpGBJsiPUQ9f9zy6MA0GCSqGSIb3DQEBCwUAMDMxMTAvBgNVBAMTKDRENTg3MTU1NTNGQjU4NjRDOTE3MkFFQzk3M0IwNDJBQ0VCNDEzQjUwHhcNMjAwNDMwMTQxNzI1WhcNMjAwNTA3MTQyMjI1WjCCAi0xggIpMIICJQYDVQQDE4ICHDMwODIwMTBBMDI4MjAxMDEwMEQyOUFBMTc4NjdCQzI2NURBMDUxM0EyQkVBQzE4MDk2QTRFMkE4MjMwMTc1REVGQjIzMDlCOTBGRjlDQkQ4QTIwM0I1MDYxMkJFRjM3ODRCQkE5OThENjFFNjYzQzQzRkE1MEU1MEQyMzMwOUQzQTc5OUMxMUZFNjJGRTdCODcyNThBNTY2OTdBQkJCNUY5RkExRTI5NDFFMUMxNEJDQzVGMURDOEMwODc3MUVDRUI2NDAwRTFEMDhDRDU2MDg4N0NBN0U3Q0RFN0RGNUVGMTc1NkY2NjM3RTdCRTUzRjcyMTZBQjkxMjkxRjY1Mzk1QzUwNEI4REU2NzhDQ0ZGRTUxQkIzNDkxNUU3MTg1QTE1RTlFRDhDQkQ0MUNBNkREODE3MjIzMjY5Nzk4NTM4NkM5OThFQjk0MTkzMURFOUE2NzdDOTFGNTVBNjJGNkYwRjlFMDQ2QURGOUJFQ0NBRUMyQzUzQjRDN0U1ODE3RTE2MTgwMTk0RkY5MkM1QTNFRTZENDEwRDFFQ0VERDQyMDE3MTJBQzUzMEQ3NzJCOEE1MENEMUI0RjVBMjI2QjJDRUMxRUU5RDQ2NDU3OEVEN0YyNTE0RDA3OENDOTZEMDMzQkQyRkVCMzkzOUM4QjU2RkNEODA3RkRDMjIyMTExQjI4MkFGNEYyNTZGMUE1NzAzMDIwMzAxMDAwMTCCASIwDQYJKoZIhvcNAQEBBQADggEPADCCAQoCggEBANKaoXhnvCZdoFE6K+rBgJak4qgjAXXe+yMJuQ/5y9iiA7UGEr7zeEu6mY1h5mPEP6UOUNIzCdOnmcEf5i/nuHJYpWaXq7tfn6HilB4cFLzF8dyMCHcezrZADh0IzVYIh8p+fN599e8XVvZjfnvlP3IWq5EpH2U5XFBLjeZ4zP/lG7NJFecYWhXp7Yy9Qcpt2BciMml5hThsmY65QZMd6aZ3yR9Vpi9vD54Eat+b7MrsLFO0x+WBfhYYAZT/ksWj7m1BDR7O3UIBcSrFMNdyuKUM0bT1oiayzsHunUZFeO1/JRTQeMyW0DO9L+s5Oci1b82Af9wiIRGygq9PJW8aVwMCAwEAAaOCAdEwggHNMB0GA1UdDgQWBBTrdMQsWoNvKOv+WlFu5tPxZUDrPjAfBgNVHSMEGDAWgBRNWHFVU/tYZMkXKuyXOwQqzrQTtTAOBgNVHQ8BAf8EBAMCB4AwWgYDVR0fBFMwUTBPoE2gS4ZJcnN5bmM6Ly9sb2NhbGhvc3QvcmVwby9DQTEvMC80RDU4NzE1NTUzRkI1ODY0QzkxNzJBRUM5NzNCMDQyQUNFQjQxM0I1LmNybDBkBggrBgEFBQcBAQRYMFYwVAYIKwYBBQUHMAKGSHJzeW5jOi8vbG9jYWxob3N0L3JlcG8vdGEvMC80RDU4NzE1NTUzRkI1ODY0QzkxNzJBRUM5NzNCMDQyQUNFQjQxM0I1LmNlcjBlBggrBgEFBQcBCwRZMFcwVQYIKwYBBQUHMAuGSXJzeW5jOi8vbG9jYWxob3N0L3JlcG8vQ0ExLzAvNEQ1ODcxNTU1M0ZCNTg2NEM5MTcyQUVDOTczQjA0MkFDRUI0MTNCNS5tZnQwGAYDVR0gAQH/BA4wDDAKBggrBgEFBQcOAjAhBggrBgEFBQcBBwEB/wQSMBAwBgQCAAEFADAGBAIAAgUAMBUGCCsGAQUFBwEIAQH/BAYwBKACBQAwDQYJKoZIhvcNAQELBQADggEBAKvFiwC6gKMA09r9DnOwaWMQwZfpyRGtcCt6Qu9Z9iuL7mwA4sYL6kkG43lxm4d9D3Bdh8vgRBqY27NJTn+0SOKBuJ+Ma27VYubXF4X3BGVjJrOtEA1dRuygU8Hdl3OMGGLGYRdtr7uiTL0T7Z3SliJA3kej0ercEjKjvxqGN7LXFpi5+uiVcqI7LvhEWrKcSUkPTwSymIjE8PvhIVo5+RvhPNvQdHn6/MlPWrOg0O4dX/S2kLdOVAkqbstABdW+jS38e+Wxeh3TxtJc1kV3CaP9tbQBhu/bgwR4D7jBm8tQS2hqjJCLSmWckRHHJXXQGA74oHjawWS1z07u22fhJcwxggGsMIIBqAIBA4AU63TELFqDbyjr/lpRbubT8WVA6z4wDQYJYIZIAWUDBAIBBQCgazAaBgkqhkiG9w0BCQMxDQYLKoZIhvcNAQkQARowHAYJKoZIhvcNAQkFMQ8XDTIwMDQzMDE0MjIyNVowLwYJKoZIhvcNAQkEMSIEIMQt8oFEShR7NC8VKOfUalelofqLchsCUsaNOJUWabREMA0GCSqGSIb3DQEBAQUABIIBACEJVsmDACFbFYYAnfrWUj9LfjaxMKOMQEw3CgShKg6cHo8Odn8O0/1YfZQpQPe7mHSe1vHPU7XLQdVSgcIKVAetVXFi41gPFgmRYZ0R6IRHy5YUTWB7lj8scdbnQxrohz2bzgR+0awAgE8F8t3ZVmEsOzBmcszQqGF+FwxH9FioGtGr/tu+L6SQCRJZ8L0+wg25EZ3ZCWPJBOfBA+UIlMmqcqVwEnw0Z55fP3XkZ2fs+7pvmMFNJvuYs4f8Hhv1q934ae5nPGuEj844mvKe8nL/VP8jBZarrV5EY3Z0PQsGcYVxkNccj11bH3cFzTJPHroEs72KtcLF5w6ZpIiDyP4=",
                        "serial": "35998549519488525558507044149064623486219533498",
                        "expires": "2020-05-01T14:22:25.813569Z"
                      },
                      "old": "0f63251f37f2b7236e7cfe7bc2544a0c0eb171034da121f977ba3ba1b5f79afb"
                    }
                  ],
                  "withdrawn": []
                }
              }
            }
          ]
        }
      }
    ]
  }
}