{
  "command": {
    "actor": "krill",
    "time": "2020-04-30T14:22:21.735171Z",
    "handle": "CA1",
    "version": 6,
    "sequence": 5,
    "details": {
      "update_rcvd_cert": [
        "0",
        {
          "asn": "",
          "v4": "10.0.0.0/16",
          "v6": ""
        }
      ]
    },
    "effect": {
      "events": [
        6
      ]
    }
  },
  "result": {
    "Events": [
      {
        "id": "CA1",
        "version": 6,
        "details": {
          "key_pending_to_active": [
            "0",
            {
              "key_id": "4D58715553FB5864C9172AEC973B042ACEB413B5",
              "incoming_cert": {
                "cert": "MIIG/jCCBeagAwIBAgIUI7Fl2oECN9ZVQ0sDUcUAWFlapukwDQYJKoZIhvcNAQELBQAwggItMYICKTCCAiUGA1UEAxOCAhwzMDgyMDEwQTAyODIwMTAxMDBEMjhFOUY0MENENTkzRkYyRTUyMDk4NjgyODBDRDg0MEIxQUI4QzgwM0Q0QTE4MTg4OERERUNEN0IzNjM5NUZGMTdEQTU5MEI5M0U2NDg0NzE1QzQ0NEY0QzU5NTJERDI3MTU1QzZCQkE4RkI0MUIxREZBOTlDNkFDMjIwNEYxQzk3Q0Y5NzkxNjVGNTQwMzc5RTJDNDQ3NEU4QkZCQTY4NzdBQkEzNTEzNEQ5QTE4N0M3OTY5NjNGQkEyNEI4N0VDMTQ3RTEwOTAxMUEwMkU2RDA2QkNGQTJCRTU3OUJGQkVGMTVBRDQyQzA4QzQ2MkNEQkJCNUM4NkVDRENFQUU4RkMzREFCNjQ5QjE1NTc3QTBENEJGRTIzRDU0MzgyRDFCMTk5M0U3QjA3Q0RCRDc2RTVDRThFQjMxQkJFM0ZGRjZEMDAzNzI0NDhEMEFGODI2RDQ3M0NEMjQ3RTUzRDA5MjJCQTY0NzdCRkI0REQzMzVDM0ZCNEY0M0M1N0YwOEMwMzg0MjE5NkVBNjI4MUM2QzlGMDI1NkRDM0Q2Njg0MjI1MkQ5ODQ2OUVGOEUyQzM5RDA5MzBFMjdDNjUwQjc1MTdGOTQ2NEUxRDQ5M0YxOTAyMjMzMzU4RjM2MDhGRjdCM0E4NUQ3NDMyNTNBMzQzNjAwMDc1OEQzOEEwODc4MTAyMDMwMTAwMDEwHhcNMjAwNDMwMTQxNzIxWhcNMjEwNDMwMTQyMjIxWjAzMTEwLwYDVQQDEyg0RDU4NzE1NTUzRkI1ODY0QzkxNzJBRUM5NzNCMDQyQUNFQjQxM0I1MIIBIjANBgkqhkiG9w0BAQEFAAOCAQ8AMIIBCgKCAQEA2zwdoLZHrxecTMPiB0S19NLfBTWQrJehWE9ISXa/Kg886wPQpYh9UXvZ1kT9tlS6lfQGyw/sm6ULndmdBtBfkqJHhPsCmZWNLQa+9Hn+MTUDh/KafZRTjaFwlIiIKqkpPiPa8RoBOfG1q2KbnpW14rU+06eg/nAPzQDmC9oflmdEg0vXa8HlXiHUBlLzOsEmjBuNItA+x45WvLEcMe5bdMt0Lys4TWUGgpHZpE7M91PgA4iXxPpoG2PltHACrAxE7hgQAMpYqYxuBQKR6bSY9Qcpjcye3VQ0Kmyzd+7aHcEq/gWatw95YLSIrI2oMuo0AUdDgcVoM4+/sPAccTHhDQIDAQABo4ICDDCCAggwDwYDVR0TAQH/BAUwAwEB/zAdBgNVHQ4EFgQUTVhxVVP7WGTJFyrslzsEKs60E7UwHwYDVR0jBBgwFoAUvuBADR671pU0To2x+oD0mfjHtCkwDgYDVR0PAQH/BAQDAgEGMFkGA1UdHwRSMFAwTqBMoEqGSHJzeW5jOi8vbG9jYWxob3N0L3JlcG8vdGEvMC9CRUUwNDAwRDFFQkJENjk1MzQ0RThEQjFGQTgwRjQ5OUY4QzdCNDI5LmNybDA8BggrBgEFBQcBAQQwMC4wLAYIKwYBBQUHMAKGIHJzeW5jOi8vbG9jYWxob3N0L3JlcG8vdGEvdGEuY2VyMIHRBggrBgEFBQcBCwSBxDCBwTApBggrBgEFBQcwBYYdcnN5bmM6Ly9sb2NhbGhvc3QvcmVwby9DQTEvMC8wVQYIKwYBBQUHMAqGSXJzeW5jOi8vbG9jYWxob3N0L3JlcG8vQ0ExLzAvNEQ1ODcxNTU1M0ZCNTg2NEM5MTcyQUVDOTczQjA0MkFDRUI0MTNCNS5tZnQwPQYIKwYBBQUHMA2GMWh0dHBzOi8vbG9jYWxob3N0OjMwMDAvdGVzdC1ycmRwL25vdGlmaWNhdGlvbi54bWwwGAYDVR0gAQH/BA4wDDAKBggrBgEFBQcOAjAeBggrBgEFBQcBBwEB/wQPMA0wCwQCAAEwBQMDAAoAMA0GCSqGSIb3DQEBCwUAA4IBAQAJ42OBmZ9aav1lF3CGSI5716b3huwsK66cTVHisWVVhGnmvWMC4eC5QyurdyCh5k1wn06cxwfZikytxWc52/58H/vVvLWyNmRIE/QZxV8M5xoASQj8w1bIhn4114zv7RtyNUj8jgBUwqAu/l/LGnUl6zqrrjxMw4N9CDHyCfiyUnyWOMTqw9B3bG8vhmztvqyo5B+Gqo/D6YayqDgn07RztU8/E7cbRE/wJhwrM7UcPKfMwxCNPo6G0BF4TMKtMgr0bDtu/6TDe4oY54ByErjI3XcLUjeJmlhNVF/+7pjYTkPdztNwdi7XOPAimTYGgYjRPqEllurb704XqE35VrjA",
                "uri": "rsync://localhost/repo/ta/0/4D58715553FB5864C9172AEC973B042ACEB413B5.cer",
                "resources": {
                  "asn": "",
                  "v4": "10.0.0.0/16",
                  "v6": ""
                }
              },
              "current_set": {
                "number": 1,
                "revocations": [],
                "manifest_info": {
                  "name": "4D58715553FB5864C9172AEC973B042ACEB413B5.mft",
                  "current": {
                    "content": "MIIJQAYJKoZIhvcNAQcCoIIJMTCCCS0CAQMxDzANBglghkgBZQMEAgEFADCBmwYLKoZIhvcNAQkQARqggYsEgYgwgYUCAQEYDzIwMjAwNDMwMTQxNzIxWhgPMjAyMDA1MDExNDIyMjFaBglghkgBZQMEAgEwUzBRFiw0RDU4NzE1NTUzRkI1ODY0QzkxNzJBRUM5NzNCMDQyQUNFQjQxM0I1LmNybAMhALt2uw1n/aqahu4dRYDrUJwN8cbbB4dkjTFTUcg0TJNboIIGxzCCBsMwggWroAMCAQICFFWmwG+FxlVvwjP/8JomFmRIyFEJMA0GCSqGSIb3DQEBCwUAMDMxMTAvBgNVBAMTKDRENTg3MTU1NTNGQjU4NjRDOTE3MkFFQzk3M0IwNDJBQ0VCNDEzQjUwHhcNMjAwNDMwMTQxNzIxWhcNMjAwNTA3MTQyMjIxWjCCAi0xggIpMIICJQYDVQQDE4ICHDMwODIwMTBBMDI4MjAxMDEwMEExOTk5M0JFQzZCMTYyMzg0NTU2RTVEQzI3QkUxQzAxMkVDQkE3MzIzQ0U4MDVEQkI3M0UyNTI2MUY3RUJCRkM4MDQ0OTgwQzM2QjJGNjE5OTFBRUNGNjMyODUyRkU1RjFGNDEzM0M4NkVEQzQ1OEUzM0I4N0FGOUJDRDg5REMzMDVCQ0ZFRDJDMUVBRDg4NTFBNzg5Q0U2MzNFMUFDNDU3Qjc4RjlFQUY2NjQ3NzZGRkIxN0ZEQzkzQzQ3QjAzOEMwMzgxMUMwMUQzNzI2RENDRkE0NUU2QUVBMjFCOUYzRDRDOEVFRDA3NjlCODdENDQ5MjNGMDc5MDRBQkEyNzFDMTFBQzQzN0MwNjczMTMwNzQ0MDZENEU5NTBFMUU5NkJBOTlDOTU5MkQ1RjExREVFNEI2QzgxNkVDMjBCNUNEODlCM0NCQTNCNUE2MTRDRjhBMUUzNTgxMzcyRjUyMTM2MDIxMzVCRDIwNTAyMTNDOTgyN0IwMzMzQTM2NTg2MzgxOTc0QjQ2MjRGQzQzMkZBMDc5NTkxNEEzNjBFMTUwRkE5QTM1NzZEMDkyNENGMzlEMzI1MDAxRDY2NTgwRUZFMTkxNTkyOTcyM0NGNUE0QkU2MkY3QTZFNDcxNEREN0RBNTAwNjQ2RDNEOTA0QzY3RTZFRDhERjk2QTEzRTYxMDIwMzAxMDAwMTCCASIwDQYJKoZIhvcNAQEBBQADggEPADCCAQoCggEBAKGZk77GsWI4RVbl3Ce+HAEuy6cyPOgF27c+JSYffrv8gESYDDay9hmRrs9jKFL+Xx9BM8hu3EWOM7h6+bzYncMFvP7SwerYhRp4nOYz4axFe3j56vZkd2/7F/3JPEewOMA4EcAdNybcz6ReauohufPUyO7QdpuH1Ekj8HkEq6JxwRrEN8BnMTB0QG1OlQ4elrqZyVktXxHe5LbIFuwgtc2Js8ujtaYUz4oeNYE3L1ITYCE1vSBQITyYJ7AzOjZYY4GXS0Yk/EMvoHlZFKNg4VD6mjV20JJM850yUAHWZYDv4ZFZKXI89aS+Yvem5HFN19pQBkbT2QTGfm7Y35ahPmECAwEAAaOCAdEwggHNMB0GA1UdDgQWBBQ2OQhlFZqS0TleyTwXPg+EQ4otUDAfBgNVHSMEGDAWgBRNWHFVU/tYZMkXKuyXOwQqzrQTtTAOBgNVHQ8BAf8EBAMCB4AwWgYDVR0fBFMwUTBPoE2gS4ZJcnN5bmM6Ly9sb2NhbGhvc3QvcmVwby9DQTEvMC80RDU4NzE1NTUzRkI1ODY0QzkxNzJBRUM5NzNCMDQyQUNFQjQxM0I1LmNybDBkBggrBgEFBQcBAQRYMFYwVAYIKwYBBQUHMAKGSHJzeW5jOi8vbG9jYWxob3N0L3JlcG8vdGEvMC80RDU4NzE1NTUzRkI1ODY0QzkxNzJBRUM5NzNCMDQyQUNFQjQxM0I1LmNlcjBlBggrBgEFBQcBCwRZMFcwVQYIKwYBBQUHMAuGSXJzeW5jOi8vbG9jYWxob3N0L3JlcG8vQ0ExLzAvNEQ1ODcxNTU1M0ZCNTg2NEM5MTcyQUVDOTczQjA0MkFDRUI0MTNCNS5tZnQwGAYDVR0gAQH/BA4wDDAKBggrBgEFBQcOAjAhBggrBgEFBQcBBwEB/wQSMBAwBgQCAAEFADAGBAIAAgUAMBUGCCsGAQUFBwEIAQH/BAYwBKACBQAwDQYJKoZIhvcNAQELBQADggEBAKYo45mlQIWxcAvmYp5wd6UwNtMqzLQPBe2/9/IAOQ95r7a4uM3s18n97F+4uMCaVzS4jUqDfYT08ncRwz7xficvW655N6vp2HX3Kctqb9nzuuLLnktdD1X+PacatyACMQxqdhZZjVYeRvgcRWdZAcvOSbnnKWTAOp2e8cCgNoBLPQ5lIHwUZddB1Q255kb1NXNPqdQPer+z4vOg/FPox4CB9E6C8yrRXwTyxlbqYKBC3onsd8oU98JyBsjBCnkKOoqcSQ0BNb83H2Pwd7ihyrp0JIoojWsHzSLBdoYZsLqAAokYH4tTvmlSvdGFSbf0rRXifLLTtrvCo4patwmkjCQxggGsMIIBqAIBA4AUNjkIZRWaktE5Xsk8Fz4PhEOKLVAwDQYJYIZIAWUDBAIBBQCgazAaBgkqhkiG9w0BCQMxDQYLKoZIhvcNAQkQARowHAYJKoZIhvcNAQkFMQ8XDTIwMDQzMDE0MjIyMVowLwYJKoZIhvcNAQkEMSIEIN5k5zGXrs99r8uMwF9wvL5XT0H41eTUFkoTa1JCprPiMA0GCSqGSIb3DQEBAQUABIIBAG1FwwnD96LeTHgzUmEpPWg4dXB4C7UC1meUnEAXwD1oQwHF9PemuaJDNIBx0gOB33OjkkcMbbfTpivwYXVQbI8p8XYQQlAeuw/tYa8wN2TCgXcF8RETb5f80S1c7IueYTIFiQG3RpIa5Pxm7QNQvYT8z9WnDCNoaaLMdlcCXQtEmVGz04wh7zvHo257IJTyhWTEvvxmnQ1V1sLW9YzDohYKBe4k0Ng+dsrDWGM68jz2b8gso8Q8Xflu1MICBA5Ukzql8rUPvSaNTI9F4jfTfjMTBmtE3ukj2css0haSxxi+iZygofib+WdY4t5GgN86S8uGfT1Vzk4D1sOMHO8PB+I=",
                    "serial": "488982902731041200269466767275277360289005719817",
                    "expires": "2020-05-01T14:22:21.739290Z"
                  },
                  "next_update": "2020-05-01T14:22:21.739290Z",
                  "old": null
                },
                "crl_info": {
                  "name": "4D58715553FB5864C9172AEC973B042ACEB413B5.crl",
                  "current": {
                    "content": "MIIBrzCBmAIBATANBgkqhkiG9w0BAQsFADAzMTEwLwYDVQQDEyg0RDU4NzE1NTUzRkI1ODY0QzkxNzJBRUM5NzNCMDQyQUNFQjQxM0I1Fw0yMDA0MzAxNDE3MjFaFw0yMDA1MDExNDIyMjFaMACgLzAtMB8GA1UdIwQYMBaAFE1YcVVT+1hkyRcq7Jc7BCrOtBO1MAoGA1UdFAQDAgEBMA0GCSqGSIb3DQEBCwUAA4IBAQBetho3clZEOPww4ogaXPCW5SHMX68y25eKvN9TQ6p6b1t03jo46oxHC8Jgf2pbwQ5IUUpk8tC/MLA6eYcBB/mDe/IHOBxvPj6B0hHYk8YTzu9vSfpBGwW9DEN/HapR+BLqntTkLKCylF9H3+A3YK9mXLBOTb46cY95e3ySBdkW7BrGX9oirVE5wdIfRBT3QaZyMvzGpyzVeavPo1fBaGxTVFRx5UZZaadzDoqBN+7j51rFxuq1ZEJAEgD06fjFEl6yea2qFSnP5JJeeLVeIRD+4beU8tc1+0Lktj6HHAAfRBpIJH4puRLGV9Jx55hHOQgzXKS06SWILQaKsHo373t+",
                    "serial": "1",
                    "expires": "2020-05-01T14:22:21.735400Z"
                  },
                  "old": null
                }
              },
              "request": null
            },
            {
              "ca_repo": "rsync://localhost/repo/CA1/0/",
              "added": [
                {
                  "name": "4D58715553FB5864C9172AEC973B042ACEB413B5.mft",
                  "object": {
                    "content": "MIIJQAYJKoZIhvcNAQcCoIIJMTCCCS0CAQMxDzANBglghkgBZQMEAgEFADCBmwYLKoZIhvcNAQkQARqggYsEgYgwgYUCAQEYDzIwMjAwNDMwMTQxNzIxWhgPMjAyMDA1MDExNDIyMjFaBglghkgBZQMEAgEwUzBRFiw0RDU4NzE1NTUzRkI1ODY0QzkxNzJBRUM5NzNCMDQyQUNFQjQxM0I1LmNybAMhALt2uw1n/aqahu4dRYDrUJwN8cbbB4dkjTFTUcg0TJNboIIGxzCCBsMwggWroAMCAQICFFWmwG+FxlVvwjP/8JomFmRIyFEJMA0GCSqGSIb3DQEBCwUAMDMxMTAvBgNVBAMTKDRENTg3MTU1NTNGQjU4NjRDOTE3MkFFQzk3M0IwNDJBQ0VCNDEzQjUwHhcNMjAwNDMwMTQxNzIxWhcNMjAwNTA3MTQyMjIxWjCCAi0xggIpMIICJQYDVQQDE4ICHDMwODIwMTBBMDI4MjAxMDEwMEExOTk5M0JFQzZCMTYyMzg0NTU2RTVEQzI3QkUxQzAxMkVDQkE3MzIzQ0U4MDVEQkI3M0UyNTI2MUY3RUJCRkM4MDQ0OTgwQzM2QjJGNjE5OTFBRUNGNjMyODUyRkU1RjFGNDEzM0M4NkVEQzQ1OEUzM0I4N0FGOUJDRDg5REMzMDVCQ0ZFRDJDMUVBRDg4NTFBNzg5Q0U2MzNFMUFDNDU3Qjc4RjlFQUY2NjQ3NzZGRkIxN0ZEQzkzQzQ3QjAzOEMwMzgxMUMwMUQzNzI2RENDRkE0NUU2QUVBMjFCOUYzRDRDOEVFRDA3NjlCODdENDQ5MjNGMDc5MDRBQkEyNzFDMTFBQzQzN0MwNjczMTMwNzQ0MDZENEU5NTBFMUU5NkJBOTlDOTU5MkQ1RjExREVFNEI2QzgxNkVDMjBCNUNEODlCM0NCQTNCNUE2MTRDRjhBMUUzNTgxMzcyRjUyMTM2MDIxMzVCRDIwNTAyMTNDOTgyN0IwMzMzQTM2NTg2MzgxOTc0QjQ2MjRGQzQzMkZBMDc5NTkxNEEzNjBFMTUwRkE5QTM1NzZEMDkyNENGMzlEMzI1MDAxRDY2NTgwRUZFMTkxNTkyOTcyM0NGNUE0QkU2MkY3QTZFNDcxNEREN0RBNTAwNjQ2RDNEOTA0QzY3RTZFRDhERjk2QTEzRTYxMDIwMzAxMDAwMTCCASIwDQYJKoZIhvcNAQEBBQADggEPADCCAQoCggEBAKGZk77GsWI4RVbl3Ce+HAEuy6cyPOgF27c+JSYffrv8gESYDDay9hmRrs9jKFL+Xx9BM8hu3EWOM7h6+bzYncMFvP7SwerYhRp4nOYz4axFe3j56vZkd2/7F/3JPEewOMA4EcAdNybcz6ReauohufPUyO7QdpuH1Ekj8HkEq6JxwRrEN8BnMTB0QG1OlQ4elrqZyVktXxHe5LbIFuwgtc2Js8ujtaYUz4oeNYE3L1ITYCE1vSBQITyYJ7AzOjZYY4GXS0Yk/EMvoHlZFKNg4VD6mjV20JJM850yUAHWZYDv4ZFZKXI89aS+Yvem5HFN19pQBkbT2QTGfm7Y35ahPmECAwEAAaOCAdEwggHNMB0GA1UdDgQWBBQ2OQhlFZqS0TleyTwXPg+EQ4otUDAfBgNVHSMEGDAWgBRNWHFVU/tYZMkXKuyXOwQqzrQTtTAOBgNVHQ8BAf8EBAMCB4AwWgYDVR0fBFMwUTBPoE2gS4ZJcnN5bmM6Ly9sb2NhbGhvc3QvcmVwby9DQTEvMC80RDU4NzE1NTUzRkI1ODY0QzkxNzJBRUM5NzNCMDQyQUNFQjQxM0I1LmNybDBkBggrBgEFBQcBAQRYMFYwVAYIKwYBBQUHMAKGSHJzeW5jOi8vbG9jYWxob3N0L3JlcG8vdGEvMC80RDU4NzE1NTUzRkI1ODY0QzkxNzJBRUM5NzNCMDQyQUNFQjQxM0I1LmNlcjBlBggrBgEFBQcBCwRZMFcwVQYIKwYBBQUHMAuGSXJzeW5jOi8vbG9jYWxob3N0L3JlcG8vQ0ExLzAvNEQ1ODcxNTU1M0ZCNTg2NEM5MTcyQUVDOTczQjA0MkFDRUI0MTNCNS5tZnQwGAYDVR0gAQH/BA4wDDAKBggrBgEFBQcOAjAhBggrBgEFBQcBBwEB/wQSMBAwBgQCAAEFADAGBAIAAgUAMBUGCCsGAQUFBwEIAQH/BAYwBKACBQAwDQYJKoZIhvcNAQELBQADggEBAKYo45mlQIWxcAvmYp5wd6UwNtMqzLQPBe2/9/IAOQ95r7a4uM3s18n97F+4uMCaVzS4jUqDfYT08ncRwz7xficvW655N6vp2HX3Kctqb9nzuuLLnktdD1X+PacatyACMQxqdhZZjVYeRvgcRWdZAcvOSbnnKWTAOp2e8cCgNoBLPQ5lIHwUZddB1Q255kb1NXNPqdQPer+z4vOg/FPox4CB9E6C8yrRXwTyxlbqYKBC3onsd8oU98JyBsjBCnkKOoqcSQ0BNb83H2Pwd7ihyrp0JIoojWsHzSLBdoYZsLqAAokYH4tTvmlSvdGFSbf0rRXifLLTtrvCo4patwmkjCQxggGsMIIBqAIBA4AUNjkIZRWaktE5Xsk8Fz4PhEOKLVAwDQYJYIZIAWUDBAIBBQCgazAaBgkqhkiG9w0BCQMxDQYLKoZIhvcNAQkQARowHAYJKoZIhvcNAQkFMQ8XDTIwMDQzMDE0MjIyMVowLwYJKoZIhvcNAQkEMSIEIN5k5zGXrs99r8uMwF9wvL5XT0H41eTUFkoTa1JCprPiMA0GCSqGSIb3DQEBAQUABIIBAG1FwwnD96LeTHgzUmEpPWg4dXB4C7UC1meUnEAXwD1oQwHF9PemuaJDNIBx0gOB33OjkkcMbbfTpivwYXVQbI8p8XYQQlAeuw/tYa8wN2TCgXcF8RETb5f80S1c7IueYTIFiQG3RpIa5Pxm7QNQvYT8z9WnDCNoaaLMdlcCXQtEmVGz04wh7zvHo257IJTyhWTEvvxmnQ1V1sLW9YzDohYKBe4k0Ng+dsrDWGM68jz2b8gso8Q8Xflu1MICBA5Ukzql8rUPvSaNTI9F4jfTfjMTBmtE3ukj2css0haSxxi+iZygofib+WdY4t5GgN86S8uGfT1Vzk4D1sOMHO8PB+I=",
                    "serial": "488982902731041200269466767275277360289005719817",
                    "expires": "2020-05-01T14:22:21.739290Z"
                  }
                },
                {
                  "name": "4D58715553FB5864C9172AEC973B042ACEB413B5.crl",
                  "object": {
                    "content": "MIIBrzCBmAIBATANBgkqhkiG9w0BAQsFADAzMTEwLwYDVQQDEyg0RDU4NzE1NTUzRkI1ODY0QzkxNzJBRUM5NzNCMDQyQUNFQjQxM0I1Fw0yMDA0MzAxNDE3MjFaFw0yMDA1MDExNDIyMjFaMACgLzAtMB8GA1UdIwQYMBaAFE1YcVVT+1hkyRcq7Jc7BCrOtBO1MAoGA1UdFAQDAgEBMA0GCSqGSIb3DQEBCwUAA4IBAQBetho3clZEOPww4ogaXPCW5SHMX68y25eKvN9TQ6p6b1t03jo46oxHC8Jgf2pbwQ5IUUpk8tC/MLA6eYcBB/mDe/IHOBxvPj6B0hHYk8YTzu9vSfpBGwW9DEN/HapR+BLqntTkLKCylF9H3+A3YK9mXLBOTb46cY95e3ySBdkW7BrGX9oirVE5wdIfRBT3QaZyMvzGpyzVeavPo1fBaGxTVFRx5UZZaadzDoqBN+7j51rFxuq1ZEJAEgD06fjFEl6yea2qFSnP5JJeeLVeIRD+4beU8tc1+0Lktj6HHAAfRBpIJH4puRLGV9Jx55hHOQgzXKS06SWILQaKsHo373t+",
                    "serial": "1",
                    "expires": "2020-05-01T14:22:21.735400Z"
                  }
                }
              ],
              "updated": [],
              "withdrawn": []
            }
          ]
        }
      }
    ]
  }
}