{
  "command": {
    "actor": "krill",
    "time": "2020-04-30T14:18:48.610657Z",
    "handle": "rfc6492",
    "version": 10,
    "sequence": 8,
    "details": {
      "key_roll_activate": 0
    },
    "effect": {
      "events": [
        10,
        11
      ]
    }
  },
  "result": {
    "Events": [
      {
        "id": "rfc6492",
        "version": 10,
        "details": {
          "key_roll_activated": [
            "0",
            {
              "class_name": "0",
              "key": "5D3CDDC79F0F00FD59E1312472F996057878CF76"
            }
          ]
        }
      },
      {
        "id": "rfc6492",
        "version": 11,
        "details": {
          "object_set_updated": [
            "0",
            {
              "708ED06424A43B08DF47839D995474F864321970": {
                "number": 2,
                "revocations_delta": {
                  "added": [
                    {
                      "serial": "503665696817288342238417614133166142117085657169",
                      "expires": "2020-05-01T14:18:47.498885Z"
                    }
                  ],
                  "dropped": []
                },
                "manifest_info": {
                  "name": "708ED06424A43B08DF47839D995474F864321970.mft",
                  "current": {
                    "content": "MIIJSAYJKoZIhvcNAQcCoIIJOTCCCTUCAQMxDzANBglghkgBZQMEAgEFADCBmwYLKoZIhvcNAQkQARqggYsEgYgwgYUCAQIYDzIwMjAwNDMwMTQxMzQ4WhgPMjAyMDA1MDExNDE4NDhaBglghkgBZQMEAgEwUzBRFiw3MDhFRDA2NDI0QTQzQjA4REY0NzgzOUQ5OTU0NzRGODY0MzIxOTcwLmNybAMhAFlQt1ruVTQzQ46lA8aczdZ6BCycgalVRs8E02nGUnSroIIGzzCCBsswggWzoAMCAQICFF5uapHojjcZfdhhu1gig+lJocUCMA0GCSqGSIb3DQEBCwUAMDMxMTAvBgNVBAMTKDcwOEVEMDY0MjRBNDNCMDhERjQ3ODM5RDk5NTQ3NEY4NjQzMjE5NzAwHhcNMjAwNDMwMTQxMzQ4WhcNMjAwNTA3MTQxODQ4WjCCAi0xggIpMIICJQYDVQQDE4ICHDMwODIwMTBBMDI4MjAxMDEwMEIxQkU1MDA0M0NEM0ZGNTY3NjQ1NjU4NzFCQjhCOTY2QjI1NTk3NzhGRUYwNjYyQkNCNUMzNUZEMzEyNUE5NDRDOEM4RkQ0QzY1NDVBRDVCRERENjg3NjdBOThEOEZDNjFGOUZCMUJBODY3NkJFQTY1MzAzMUExOUVEMTVCNTM0QzkyMjQxN0VCODI4MDlDODYxQkJBNzFGN0NGOUQ5QUI2MThFQjE5RjhGQTdBNTMxMDFEMERDODMxRTUzNjM5ODlDMjVEODE2REE4RENERjYxQjRBRjQ3MDE3Nzk5QUZGMTA5Rjk4RkNGNDhGMDBGRUMyMTAwNzM5RTk4QzkyMkVGQzc3N0MxRERBNzZFNDQxNUFFQjAzRjVDQThGN0UxMzkzOTU0NUY4NjdDRjM1MTQ2MjlBRTExNTM5RkUwQkVCRUMwNTBFQ0I5QUQwNzE2OEM5OTdDNzhEQThCNkE1OUM2NzcwMkZCRUE0NTBBNzM5QTIxQzJCMTQyOEQ2Njk3QjgxMDAzNEY3NkI1RjdEMDU3RDkzQkM2RDA4QzEyQjFGODFFRDlDRkRDREJDRUFBQTk2MEI5OTIwRENDMUUzRjkwMTFBOTI2NzY1Njg1MzlFMTc1RDIzODZFNkQyRURBODhEMDk4NEE2Njc4MkM2OEJBNjhDMzU0QkJCMEE1NzM1MDIwMzAxMDAwMTCCASIwDQYJKoZIhvcNAQEBBQADggEPADCCAQoCggEBALG+UAQ80/9WdkVlhxu4uWayVZd4/vBmK8tcNf0xJalEyMj9TGVFrVvd1odnqY2Pxh+fsbqGdr6mUwMaGe0VtTTJIkF+uCgJyGG7px98+dmrYY6xn4+npTEB0NyDHlNjmJwl2Bbajc32G0r0cBd5mv8Qn5j89I8A/sIQBznpjJIu/Hd8Hdp25EFa6wP1yo9+E5OVRfhnzzUUYprhFTn+C+vsBQ7LmtBxaMmXx42otqWcZ3AvvqRQpzmiHCsUKNZpe4EANPdrX30FfZO8bQjBKx+B7Zz9zbzqqpYLmSDcweP5ARqSZ2VoU54XXSOG5tLtqI0JhKZngsaLpow1S7sKVzUCAwEAAaOCAdkwggHVMB0GA1UdDgQWBBTM1BczMes3LNWq+CrZAFbkXdSC+jAfBgNVHSMEGDAWgBRwjtBkJKQ7CN9Hg52ZVHT4ZDIZcDAOBgNVHQ8BAf8EBAMCB4AwXgYDVR0fBFcwVTBToFGgT4ZNcnN5bmM6Ly9sb2NhbGhvc3QvcmVwby9yZmM2NDkyLzAvNzA4RUQwNjQyNEE0M0IwOERGNDc4MzlEOTk1NDc0Rjg2NDMyMTk3MC5jcmwwZAYIKwYBBQUHAQEEWDBWMFQGCCsGAQUFBzAChkhyc3luYzovL2xvY2FsaG9zdC9yZXBvL3RhLzAvNzA4RUQwNjQyNEE0M0IwOERGNDc4MzlEOTk1NDc0Rjg2NDMyMTk3MC5jZXIwaQYIKwYBBQUHAQsEXTBbMFkGCCsGAQUFBzALhk1yc3luYzovL2xvY2FsaG9zdC9yZXBvL3JmYzY0OTIvMC83MDhFRDA2NDI0QTQzQjA4REY0NzgzOUQ5OTU0NzRGODY0MzIxOTcwLm1mdDAYBgNVHSABAf8EDjAMMAoGCCsGAQUFBw4CMCEGCCsGAQUFBwEHAQH/BBIwEDAGBAIAAQUAMAYEAgACBQAwFQYIKwYBBQUHAQgBAf8EBjAEoAIFADANBgkqhkiG9w0BAQsFAAOCAQEAwuieJhb0aqH0lVrc0fjfNxenpvwni2bKajwa9kHhpzmGfO74ebCqpvgO2Wk/02P1oyKrqXDZca0Ti79RI3wQguEi6k68breWMAtaYIpWEAFtydoRUSo+vYsGpy1LUL8/1wxp/ob7ExLjLhs0b4sVMLWWI7ZBaaAXaqTZR2PeUTH1g5Ds9Bm78XYFCt2HqgzVSYL/boetScQS5qrnx4Shw+mpJSMsV9VxeqXYrsoP3/NbLSCETWB+yCxpIFLT5VO2IcfALr5+1G1PtBOOKNBFdfLhurxxpYdFv7Uvqtv+qbt3GKK0vaOK3YgqDJUNDHFTZ2lN1UyYcAwYL3uZdiwvxzGCAawwggGoAgEDgBTM1BczMes3LNWq+CrZAFbkXdSC+jANBglghkgBZQMEAgEFAKBrMBoGCSqGSIb3DQEJAzENBgsqhkiG9w0BCRABGjAcBgkqhkiG9w0BCQUxDxcNMjAwNDMwMTQxODQ4WjAvBgkqhkiG9w0BCQQxIgQgMMpY5X0OWgEkPqBusErtunPEAkGFCbv20WEV8f/7+zkwDQYJKoZIhvcNAQEBBQAEggEAXIVtc7mWu0BrdASoYDiXKQRtdyK0OQPjfFlmXRee2Gtt9gsdCGSfGp5jPHdLYKWEh4EaDuD6bF0itQgRai+zEC4or9Gc+2q60ICAm5HgSwevCcb7+zJJVYn31/tsMI01aGp9IuiBdLZf+GVTo6lvbxf+SIfsfknU73ETuMMhEA+uEAZTkETGLQ9E7T8P0+/CfXMulNks3/qu9tfT3yl74sDDLKW0u59jMc1SuVbHD1bmUGOkHVlEkbC1kZYzp9W+59J4cGz3OjpVyzpsP0EHwJHJadYtG1JQnJJoAdF0x3GN/aGiUlUBkcoErsT0KA/SVXWMSVmFmYGYwz3dJLAhpg==",
                    "serial": "539107497981650572673898105311228819609493816578",
                    "expires": "2020-05-01T14:18:48.620273Z"
                  },
                  "next_update": "2020-05-01T14:18:48.620273Z",
                  "old": "885a57d9413e4bc4cb7e6d95ebf4672007d4be7f3a2d70d3cf93d22d1bad0e7c"
                },
                "crl_info": {
                  "name": "708ED06424A43B08DF47839D995474F864321970.crl",
                  "current": {
                    "content": "MIIB1jCBvwIBATANBgkqhkiG9w0BAQsFADAzMTEwLwYDVQQDEyg3MDhFRDA2NDI0QTQzQjA4REY0NzgzOUQ5OTU0NzRGODY0MzIxOTcwFw0yMDA0MzAxNDEzNDhaFw0yMDA1MDExNDE4NDhaMCcwJQIUWDkmpUd72mSB0JKuJRaxPmrTOFEXDTIwMDUwMTE0MTg0N1qgLzAtMB8GA1UdIwQYMBaAFHCO0GQkpDsI30eDnZlUdPhkMhlwMAoGA1UdFAQDAgECMA0GCSqGSIb3DQEBCwUAA4IBAQAxc+mQw7ZnzRrOLyjy7l+wYY1m6VDNS9GOoJ6HfLeHECLJSr9rZ9KtnqTf+nF2Tmggred9Ckxk7gJ4WF5MM8yd4FAPLXMnC9hcmRK/kiqGeWykp4Tw00kp4J+PnAtGob93OJc5jxQPHB7Ulyj6PkJdbkz7cpoZPhHSQbPSBRB4mzx8HpGyB3NEgntcp87p3v9hY59UjrPIL3X+CSMHCVRTpXLQokYK4WsEE1oKC2wDGyG3VUk/dZaDY71O5+2QXzkv1bTawPWExssiqIDAXwhkMiuTYUF2Rf5Dk915yOxcsE9+itnysao3GG1bsq2ZxLQ28KkC5K5LfcdY2/Rk6Slr",
                    "serial": "2",
                    "expires": "2020-05-01T14:18:48.614054Z"
                  },
                  "old": "aa95fc8e9ccc13caa83bd6c0744a85ab13eac918ca4610876a8adb514db0dc36"
                },
                "objects_delta": {
                  "ca_repo": "rsync://localhost/repo/rfc6492/0",
                  "added": [],
                  "updated": [
                    {
                      "name": "708ED06424A43B08DF47839D995474F864321970.crl",
                      "object": {
                        "content": "MIIB1jCBvwIBATANBgkqhkiG9w0BAQsFADAzMTEwLwYDVQQDEyg3MDhFRDA2NDI0QTQzQjA4REY0NzgzOUQ5OTU0NzRGODY0MzIxOTcwFw0yMDA0MzAxNDEzNDhaFw0yMDA1MDExNDE4NDhaMCcwJQIUWDkmpUd72mSB0JKuJRaxPmrTOFEXDTIwMDUwMTE0MTg0N1qgLzAtMB8GA1UdIwQYMBaAFHCO0GQkpDsI30eDnZlUdPhkMhlwMAoGA1UdFAQDAgECMA0GCSqGSIb3DQEBCwUAA4IBAQAxc+mQw7ZnzRrOLyjy7l+wYY1m6VDNS9GOoJ6HfLeHECLJSr9rZ9KtnqTf+nF2Tmggred9Ckxk7gJ4WF5MM8yd4FAPLXMnC9hcmRK/kiqGeWykp4Tw00kp4J+PnAtGob93OJc5jxQPHB7Ulyj6PkJdbkz7cpoZPhHSQbPSBRB4mzx8HpGyB3NEgntcp87p3v9hY59UjrPIL3X+CSMHCVRTpXLQokYK4WsEE1oKC2wDGyG3VUk/dZaDY71O5+2QXzkv1bTawPWExssiqIDAXwhkMiuTYUF2Rf5Dk915yOxcsE9+itnysao3GG1bsq2ZxLQ28KkC5K5LfcdY2/Rk6Slr",
                        "serial": "2",
                        "expires": "2020-05-01T14:18:48.614054Z"
                      },
                      "old": "aa95fc8e9ccc13caa83bd6c0744a85ab13eac918ca4610876a8adb514db0dc36"
                    },
                    {
                      "name": "708ED06424A43B08DF47839D995474F864321970.mft",
                      "object": {
                        "content": "MIIJSAYJKoZIhvcNAQcCoIIJOTCCCTUCAQMxDzANBglghkgBZQMEAgEFADCBmwYLKoZIhvcNAQkQARqggYsEgYgwgYUCAQIYDzIwMjAwNDMwMTQxMzQ4WhgPMjAyMDA1MDExNDE4NDhaBglghkgBZQMEAgEwUzBRFiw3MDhFRDA2NDI0QTQzQjA4REY0NzgzOUQ5OTU0NzRGODY0MzIxOTcwLmNybAMhAFlQt1ruVTQzQ46lA8aczdZ6BCycgalVRs8E02nGUnSroIIGzzCCBsswggWzoAMCAQICFF5uapHojjcZfdhhu1gig+lJocUCMA0GCSqGSIb3DQEBCwUAMDMxMTAvBgNVBAMTKDcwOEVEMDY0MjRBNDNCMDhERjQ3ODM5RDk5NTQ3NEY4NjQzMjE5NzAwHhcNMjAwNDMwMTQxMzQ4WhcNMjAwNTA3MTQxODQ4WjCCAi0xggIpMIICJQYDVQQDE4ICHDMwODIwMTBBMDI4MjAxMDEwMEIxQkU1MDA0M0NEM0ZGNTY3NjQ1NjU4NzFCQjhCOTY2QjI1NTk3NzhGRUYwNjYyQkNCNUMzNUZEMzEyNUE5NDRDOEM4RkQ0QzY1NDVBRDVCRERENjg3NjdBOThEOEZDNjFGOUZCMUJBODY3NkJFQTY1MzAzMUExOUVEMTVCNTM0QzkyMjQxN0VCODI4MDlDODYxQkJBNzFGN0NGOUQ5QUI2MThFQjE5RjhGQTdBNTMxMDFEMERDODMxRTUzNjM5ODlDMjVEODE2REE4RENERjYxQjRBRjQ3MDE3Nzk5QUZGMTA5Rjk4RkNGNDhGMDBGRUMyMTAwNzM5RTk4QzkyMkVGQzc3N0MxRERBNzZFNDQxNUFFQjAzRjVDQThGN0UxMzkzOTU0NUY4NjdDRjM1MTQ2MjlBRTExNTM5RkUwQkVCRUMwNTBFQ0I5QUQwNzE2OEM5OTdDNzhEQThCNkE1OUM2NzcwMkZCRUE0NTBBNzM5QTIxQzJCMTQyOEQ2Njk3QjgxMDAzNEY3NkI1RjdEMDU3RDkzQkM2RDA4QzEyQjFGODFFRDlDRkRDREJDRUFBQTk2MEI5OTIwRENDMUUzRjkwMTFBOTI2NzY1Njg1MzlFMTc1RDIzODZFNkQyRURBODhEMDk4NEE2Njc4MkM2OEJBNjhDMzU0QkJCMEE1NzM1MDIwMzAxMDAwMTCCASIwDQYJKoZIhvcNAQEBBQADggEPADCCAQoCggEBALG+UAQ80/9WdkVlhxu4uWayVZd4/vBmK8tcNf0xJalEyMj9TGVFrVvd1odnqY2Pxh+fsbqGdr6mUwMaGe0VtTTJIkF+uCgJyGG7px98+dmrYY6xn4+npTEB0NyDHlNjmJwl2Bbajc32G0r0cBd5mv8Qn5j89I8A/sIQBznpjJIu/Hd8Hdp25EFa6wP1yo9+E5OVRfhnzzUUYprhFTn+C+vsBQ7LmtBxaMmXx42otqWcZ3AvvqRQpzmiHCsUKNZpe4EANPdrX30FfZO8bQjBKx+B7Zz9zbzqqpYLmSDcweP5ARqSZ2VoU54XXSOG5tLtqI0JhKZngsaLpow1S7sKVzUCAwEAAaOCAdkwggHVMB0GA1UdDgQWBBTM1BczMes3LNWq+CrZAFbkXdSC+jAfBgNVHSMEGDAWgBRwjtBkJKQ7CN9Hg52ZVHT4ZDIZcDAOBgNVHQ8BAf8EBAMCB4AwXgYDVR0fBFcwVTBToFGgT4ZNcnN5bmM6Ly9sb2NhbGhvc3QvcmVwby9yZmM2NDkyLzAvNzA4RUQwNjQyNEE0M0IwOERGNDc4MzlEOTk1NDc0Rjg2NDMyMTk3MC5jcmwwZAYIKwYBBQUHAQEEWDBWMFQGCCsGAQUFBzAChkhyc3luYzovL2xvY2FsaG9zdC9yZXBvL3RhLzAvNzA4RUQwNjQyNEE0M0IwOERGNDc4MzlEOTk1NDc0Rjg2NDMyMTk3MC5jZXIwaQYIKwYBBQUHAQsEXTBbMFkGCCsGAQUFBzALhk1yc3luYzovL2xvY2FsaG9zdC9yZXBvL3JmYzY0OTIvMC83MDhFRDA2NDI0QTQzQjA4REY0NzgzOUQ5OTU0NzRGODY0MzIxOTcwLm1mdDAYBgNVHSABAf8EDjAMMAoGCCsGAQUFBw4CMCEGCCsGAQUFBwEHAQH/BBIwEDAGBAIAAQUAMAYEAgACBQAwFQYIKwYBBQUHAQgBAf8EBjAEoAIFADANBgkqhkiG9w0BAQsFAAOCAQEAwuieJhb0aqH0lVrc0fjfNxenpvwni2bKajwa9kHhpzmGfO74ebCqpvgO2Wk/02P1oyKrqXDZca0Ti79RI3wQguEi6k68breWMAtaYIpWEAFtydoRUSo+vYsGpy1LUL8/1wxp/ob7ExLjLhs0b4sVMLWWI7ZBaaAXaqTZR2PeUTH1g5Ds9Bm78XYFCt2HqgzVSYL/boetScQS5qrnx4Shw+mpJSMsV9VxeqXYrsoP3/NbLSCETWB+yCxpIFLT5VO2IcfALr5+1G1PtBOOKNBFdfLhurxxpYdFv7Uvqtv+qbt3GKK0vaOK3YgqDJUNDHFTZ2lN1UyYcAwYL3uZdiwvxzGCAawwggGoAgEDgBTM1BczMes3LNWq+CrZAFbkXdSC+jANBglghkgBZQMEAgEFAKBrMBoGCSqGSIb3DQEJAzENBgsqhkiG9w0BCRABGjAcBgkqhkiG9w0BCQUxDxcNMjAwNDMwMTQxODQ4WjAvBgkqhkiG9w0BCQQxIgQgMMpY5X0OWgEkPqBusErtunPEAkGFCbv20WEV8f/7+zkwDQYJKoZIhvcNAQEBBQAEggEAXIVtc7mWu0BrdASoYDiXKQRtdyK0OQPjfFlmXRee2Gtt9gsdCGSfGp5jPHdLYKWEh4EaDuD6bF0itQgRai+zEC4or9Gc+2q60ICAm5HgSwevCcb7+zJJVYn31/tsMI01aGp9IuiBdLZf+GVTo6lvbxf+SIfsfknU73ETuMMhEA+uEAZTkETGLQ9E7T8P0+/CfXMulNks3/qu9tfT3yl74sDDLKW0u59jMc1SuVbHD1bmUGOkHVlEkbC1kZYzp9W+59J4cGz3OjpVyzpsP0EHwJHJadYtG1JQnJJoAdF0x3GN/aGiUlUBkcoErsT0KA/SVXWMSVmFmYGYwz3dJLAhpg==",
                        "serial": "539107497981650572673898105311228819609493816578",
                        "expires": "2020-05-01T14:18:48.620273Z"
                      },
                      "old": "885a57d9413e4bc4cb7e6d95ebf4672007d4be7f3a2d70d3cf93d22d1bad0e7c"
                    }
                  ],
                  "withdrawn": []
                }
              },
              "5D3CDDC79F0F00FD59E1312472F996057878CF76": {
                "number": 2,
                "revocations_delta": {
                  "added": [
                    {
                      "serial": "88597414701920991901583141937147644444032392217",
                      "expires": "2020-05-01T14:18:45.242895Z"
                    }
                  ],
                  "dropped": []
                },
                "manifest_info": {
                  "name": "5D3CDDC79F0F00FD59E1312472F996057878CF76.mft",
                  "current": {
                    "content": "MIIJSAYJKoZIhvcNAQcCoIIJOTCCCTUCAQMxDzANBglghkgBZQMEAgEFADCBmwYLKoZIhvcNAQkQARqggYsEgYgwgYUCAQIYDzIwMjAwNDMwMTQxMzQ5WhgPMjAyMDA1MDExNDE4NDlaBglghkgBZQMEAgEwUzBRFiw1RDNDRERDNzlGMEYwMEZENTlFMTMxMjQ3MkY5OTYwNTc4NzhDRjc2LmNybAMhAEF/zkAO8D5BDyaPluEdcf6lE6SJ9fKCq/xnJpUVyS3HoIIGzzCCBsswggWzoAMCAQICFCmvYIsIRbYlW8xRaEdVun68npZ3MA0GCSqGSIb3DQEBCwUAMDMxMTAvBgNVBAMTKDVEM0NEREM3OUYwRjAwRkQ1OUUxMzEyNDcyRjk5NjA1Nzg3OENGNzYwHhcNMjAwNDMwMTQxMzQ5WhcNMjAwNTA3MTQxODQ5WjCCAi0xggIpMIICJQYDVQQDE4ICHDMwODIwMTBBMDI4MjAxMDEwMENDNjg2MzRBMDBEOUZGNzYwRDNBNDFCQjExN0YyQUQxMTBDMzZGOUM0NzQ1NzQwMEZBRTQ4RTZDNTFBMDNGMUM3OUIyRkQ1NEVCMEJBQkY2NkYwRjczNDU2MTE2RTI2OEMzNkJGQjA5NUY1OTQ5OEU4NURCNEY3QzU5NjYwOTFDRTc3NUNDNDc0N0E3NkQ0RUI3RjE4ODM4ODk4MDg1Njc4RjkwN0NDQTVFNTlCMjExRUQ1ODFBQUMwRTQ4RDU0Mzk5MkZFMTAxNEJCOEQ0M0FCM0FERjBCOEFCOTQ2QzFDQ0RBMUUwNzI4NDYwQzlGNTlFQTVCQUM2M0E2RjI3MDc5QTUyOTBGODk2RUE1QzIwMDdGMjY0MUQ0Nzk2QzM0OTM5N0I0QjFDMDBBMzJGQTkzRkI3N0U4MjVCMTQzQ0Q0RjEyMkI3ODlBNTkzRTQ3NDBDNEFEODdGMThGNTcyQkE5Mjc1QUQ2NTE0RUNFNUQ2OTQ1OUQyRjlCQUMwOUFCOEYyMzIzNDg2MkQwM0RFNTdFQTc5RDMwNEM3NUUwNTc0OEQzQUQ2NDY1MTVFNDU5MDEwRDI4OTBEMjM2QzMxNzFCREIwMERGRUM2M0U5RkQ5MDY0QzZCRjA1OTdBNjJFNEQ5NzkxMDA5NDBGNjYxQUQxOENGRTZFNzE0OURGQUZCMDIwMzAxMDAwMTCCASIwDQYJKoZIhvcNAQEBBQADggEPADCCAQoCggEBAMxoY0oA2f92DTpBuxF/KtEQw2+cR0V0APrkjmxRoD8cebL9VOsLq/ZvD3NFYRbiaMNr+wlfWUmOhdtPfFlmCRzndcxHR6dtTrfxiDiJgIVnj5B8yl5ZshHtWBqsDkjVQ5kv4QFLuNQ6s63wuKuUbBzNoeByhGDJ9Z6lusY6bycHmlKQ+JbqXCAH8mQdR5bDSTl7SxwAoy+pP7d+glsUPNTxIreJpZPkdAxK2H8Y9XK6knWtZRTs5daUWdL5usCauPIyNIYtA95X6nnTBMdeBXSNOtZGUV5FkBDSiQ0jbDFxvbAN/sY+n9kGTGvwWXpi5Nl5EAlA9mGtGM/m5xSd+vsCAwEAAaOCAdkwggHVMB0GA1UdDgQWBBQJ7k9TlvZr4qHyugfVYebZI+yX0DAfBgNVHSMEGDAWgBRdPN3Hnw8A/VnhMSRy+ZYFeHjPdjAOBgNVHQ8BAf8EBAMCB4AwXgYDVR0fBFcwVTBToFGgT4ZNcnN5bmM6Ly9sb2NhbGhvc3QvcmVwby9yZmM2NDkyLzAvNUQzQ0REQzc5RjBGMDBGRDU5RTEzMTI0NzJGOTk2MDU3ODc4Q0Y3Ni5jcmwwZAYIKwYBBQUHAQEEWDBWMFQGCCsGAQUFBzAChkhyc3luYzovL2xvY2FsaG9zdC9yZXBvL3RhLzAvNUQzQ0REQzc5RjBGMDBGRDU5RTEzMTI0NzJGOTk2MDU3ODc4Q0Y3Ni5jZXIwaQYIKwYBBQUHAQsEXTBbMFkGCCsGAQUFBzALhk1yc3luYzovL2xvY2FsaG9zdC9yZXBvL3JmYzY0OTIvMC81RDNDRERDNzlGMEYwMEZENTlFMTMxMjQ3MkY5OTYwNTc4NzhDRjc2Lm1mdDAYBgNVHSABAf8EDjAMMAoGCCsGAQUFBw4CMCEGCCsGAQUFBwEHAQH/BBIwEDAGBAIAAQUAMAYEAgACBQAwFQYIKwYBBQUHAQgBAf8EBjAEoAIFADANBgkqhkiG9w0BAQsFAAOCAQEAQDsIQDrzggfVdAh1L0G1ELZqqRjIEyGRQPZxb+HdxnCl0vO7sXFAF88OlXQQ7ilMybEgxP03LGSZp+2CYfb7bV3kMLPFo4e54xjN6ERJ7XG666zJ5g+JsGFCWjx52Xz/FwYmVo7fvqH5GOW4s44gSLlfKRoNLa92zIX3ZKKFn86PFCzbmtPLiFNnd+8emVt/c8+Ih9FNYyUVxKnH9h7DD9bB3FAg6v4fG+eQsqUNwA3ErRWnig+y3W49TwzmJfBvFsxQZOuZ9YT42wh7UBKL3U4pEFJlJISLTx64R7ayl0HjmbWr/tSJg87nGzjYPhB3mH594lsbgSjlObjgjXHD3jGCAawwggGoAgEDgBQJ7k9TlvZr4qHyugfVYebZI+yX0DANBglghkgBZQMEAgEFAKBrMBoGCSqGSIb3DQEJAzENBgsqhkiG9w0BCRABGjAcBgkqhkiG9w0BCQUxDxcNMjAwNDMwMTQxODQ5WjAvBgkqhkiG9w0BCQQxIgQgw61zUCkyzR+tZzZjY6SwuiqFVGYw/Glwn1SLklCqTAQwDQYJKoZIhvcNAQEBBQAEggEAIf0CxJwQLDgiUjRfk7hFHiBD0UMJbWi/I9szw50mhecTg3QCo1LQsAjWE0TSS6N5bA7vZNY4vbOSn50VNoXyLY9wHYuuT8rAeHOCi8qnYolXDTo6U4Pecl8Qkai8YObfm/0vVRSOspTEYZAfnMitpgSSslelc384xgL9S2IuQs+Lw35lRcA+J7DEpjHfjkEYYV1SUKjDAy+s5lHrZN+fLG3wtlaaRVVTixTWzZ+s5WDalRJmCRgRop4tJYJd/ZaKuOS3El0QTMmlD9JvNyEc2dTH709qNr4JgabF0DyqhRYp/SoVBLJlDR6BD2VvQ/6NhKB4AgWX9Ow3OB4TwpBRkA==",
                    "serial": "237979662103214517345370395908480553187339572855",
                    "expires": "2020-05-01T14:18:49.156909Z"
                  },
                  "next_update": "2020-05-01T14:18:49.156909Z",
                  "old": "c9db5555fde33552d79ded6e672d16f1440bc46647c96917571ac83d9e9bebac"
                },
                "crl_info": {
                  "name": "5D3CDDC79F0F00FD59E1312472F996057878CF76.crl",
                  "current": {
                    "content": "MIIB1jCBvwIBATANBgkqhkiG9w0BAQsFADAzMTEwLwYDVQQDEyg1RDNDRERDNzlGMEYwMEZENTlFMTMxMjQ3MkY5OTYwNTc4NzhDRjc2Fw0yMDA0MzAxNDEzNDlaFw0yMDA1MDExNDE4NDlaMCcwJQIUD4TYcTLsW1fPG+nzGuZOdinAXBkXDTIwMDUwMTE0MTg0NVqgLzAtMB8GA1UdIwQYMBaAFF083cefDwD9WeExJHL5lgV4eM92MAoGA1UdFAQDAgECMA0GCSqGSIb3DQEBCwUAA4IBAQAu2ZiX+6cibAYttilMddkUpvCQT/TOaFNAWytIMLvzbX20kCpGtdCoiRJN5vjY7wQaBIP+sG+4sTxptM6bm4CPRpeaDhGDkzMh1oIEBhxhEb+JxK2sRCJCr+7WZRSzZ9e3t/fldd+eHX2nFqkxax6MTgkEofppXH8d6Ny2HSYbVHdliJ6PrYXXp7yRZtneLEHcw+6Ea3gl2ZRxo67UZZ6/bZVhDTAi1GGNNoTHXhvIAStFLIkrNkb0/a0gIXapmvh+Rc2zuxf1km+l3IZHxH+nRatNbd61aHiO2q965FlpOYpAkAwQG0uNj8BzjemXKuyUcJsdQERsf5osd4RQVeUk",
                    "serial": "2",
                    "expires": "2020-05-01T14:18:49.150042Z"
                  },
                  "old": "5df52a9350b6e4f35bf04a771600d6e979b79c420b89076155709fc0de544a03"
                },
                "objects_delta": {
                  "ca_repo": "rsync://localhost/repo/rfc6492/0",
                  "added": [],
                  "updated": [
                    {
                      "name": "5D3CDDC79F0F00FD59E1312472F996057878CF76.crl",
                      "object": {
                        "content": "MIIB1jCBvwIBATANBgkqhkiG9w0BAQsFADAzMTEwLwYDVQQDEyg1RDNDRERDNzlGMEYwMEZENTlFMTMxMjQ3MkY5OTYwNTc4NzhDRjc2Fw0yMDA0MzAxNDEzNDlaFw0yMDA1MDExNDE4NDlaMCcwJQIUD4TYcTLsW1fPG+nzGuZOdinAXBkXDTIwMDUwMTE0MTg0NVqgLzAtMB8GA1UdIwQYMBaAFF083cefDwD9WeExJHL5lgV4eM92MAoGA1UdFAQDAgECMA0GCSqGSIb3DQEBCwUAA4IBAQAu2ZiX+6cibAYttilMddkUpvCQT/TOaFNAWytIMLvzbX20kCpGtdCoiRJN5vjY7wQaBIP+sG+4sTxptM6bm4CPRpeaDhGDkzMh1oIEBhxhEb+JxK2sRCJCr+7WZRSzZ9e3t/fldd+eHX2nFqkxax6MTgkEofppXH8d6Ny2HSYbVHdliJ6PrYXXp7yRZtneLEHcw+6Ea3gl2ZRxo67UZZ6/bZVhDTAi1GGNNoTHXhvIAStFLIkrNkb0/a0gIXapmvh+Rc2zuxf1km+l3IZHxH+nRatNbd61aHiO2q965FlpOYpAkAwQG0uNj8BzjemXKuyUcJsdQERsf5osd4RQVeUk",
                        "serial": "2",
                        "expires": "2020-05-01T14:18:49.150042Z"
                      },
                      "old": "5df52a9350b6e4f35bf04a771600d6e979b79c420b89076155709fc0de544a03"
                    },
                    {
                      "name": "5D3CDDC79F0F00FD59E1312472F996057878CF76.mft",
                      "object": {
                        "content": "MIIJSAYJKoZIhvcNAQcCoIIJOTCCCTUCAQMxDzANBglghkgBZQMEAgEFADCBmwYLKoZIhvcNAQkQARqggYsEgYgwgYUCAQIYDzIwMjAwNDMwMTQxMzQ5WhgPMjAyMDA1MDExNDE4NDlaBglghkgBZQMEAgEwUzBRFiw1RDNDRERDNzlGMEYwMEZENTlFMTMxMjQ3MkY5OTYwNTc4NzhDRjc2LmNybAMhAEF/zkAO8D5BDyaPluEdcf6lE6SJ9fKCq/xnJpUVyS3HoIIGzzCCBsswggWzoAMCAQICFCmvYIsIRbYlW8xRaEdVun68npZ3MA0GCSqGSIb3DQEBCwUAMDMxMTAvBgNVBAMTKDVEM0NEREM3OUYwRjAwRkQ1OUUxMzEyNDcyRjk5NjA1Nzg3OENGNzYwHhcNMjAwNDMwMTQxMzQ5WhcNMjAwNTA3MTQxODQ5WjCCAi0xggIpMIICJQYDVQQDE4ICHDMwODIwMTBBMDI4MjAxMDEwMENDNjg2MzRBMDBEOUZGNzYwRDNBNDFCQjExN0YyQUQxMTBDMzZGOUM0NzQ1NzQwMEZBRTQ4RTZDNTFBMDNGMUM3OUIyRkQ1NEVCMEJBQkY2NkYwRjczNDU2MTE2RTI2OEMzNkJGQjA5NUY1OTQ5OEU4NURCNEY3QzU5NjYwOTFDRTc3NUNDNDc0N0E3NkQ0RUI3RjE4ODM4ODk4MDg1Njc4RjkwN0NDQTVFNTlCMjExRUQ1ODFBQUMwRTQ4RDU0Mzk5MkZFMTAxNEJCOEQ0M0FCM0FERjBCOEFCOTQ2QzFDQ0RBMUUwNzI4NDYwQzlGNTlFQTVCQUM2M0E2RjI3MDc5QTUyOTBGODk2RUE1QzIwMDdGMjY0MUQ0Nzk2QzM0OTM5N0I0QjFDMDBBMzJGQTkzRkI3N0U4MjVCMTQzQ0Q0RjEyMkI3ODlBNTkzRTQ3NDBDNEFEODdGMThGNTcyQkE5Mjc1QUQ2NTE0RUNFNUQ2OTQ1OUQyRjlCQUMwOUFCOEYyMzIzNDg2MkQwM0RFNTdFQTc5RDMwNEM3NUUwNTc0OEQzQUQ2NDY1MTVFNDU5MDEwRDI4OTBEMjM2QzMxNzFCREIwMERGRUM2M0U5RkQ5MDY0QzZCRjA1OTdBNjJFNEQ5NzkxMDA5NDBGNjYxQUQxOENGRTZFNzE0OURGQUZCMDIwMzAxMDAwMTCCASIwDQYJKoZIhvcNAQEBBQADggEPADCCAQoCggEBAMxoY0oA2f92DTpBuxF/KtEQw2+cR0V0APrkjmxRoD8cebL9VOsLq/ZvD3NFYRbiaMNr+wlfWUmOhdtPfFlmCRzndcxHR6dtTrfxiDiJgIVnj5B8yl5ZshHtWBqsDkjVQ5kv4QFLuNQ6s63wuKuUbBzNoeByhGDJ9Z6lusY6bycHmlKQ+JbqXCAH8mQdR5bDSTl7SxwAoy+pP7d+glsUPNTxIreJpZPkdAxK2H8Y9XK6knWtZRTs5daUWdL5usCauPIyNIYtA95X6nnTBMdeBXSNOtZGUV5FkBDSiQ0jbDFxvbAN/sY+n9kGTGvwWXpi5Nl5EAlA9mGtGM/m5xSd+vsCAwEAAaOCAdkwggHVMB0GA1UdDgQWBBQJ7k9TlvZr4qHyugfVYebZI+yX0DAfBgNVHSMEGDAWgBRdPN3Hnw8A/VnhMSRy+ZYFeHjPdjAOBgNVHQ8BAf8EBAMCB4AwXgYDVR0fBFcwVTBToFGgT4ZNcnN5bmM6Ly9sb2NhbGhvc3QvcmVwby9yZmM2NDkyLzAvNUQzQ0REQzc5RjBGMDBGRDU5RTEzMTI0NzJGOTk2MDU3ODc4Q0Y3Ni5jcmwwZAYIKwYBBQUHAQEEWDBWMFQGCCsGAQUFBzAChkhyc3luYzovL2xvY2FsaG9zdC9yZXBvL3RhLzAvNUQzQ0REQzc5RjBGMDBGRDU5RTEzMTI0NzJGOTk2MDU3ODc4Q0Y3Ni5jZXIwaQYIKwYBBQUHAQsEXTBbMFkGCCsGAQUFBzALhk1yc3luYzovL2xvY2FsaG9zdC9yZXBvL3JmYzY0OTIvMC81RDNDRERDNzlGMEYwMEZENTlFMTMxMjQ3MkY5OTYwNTc4NzhDRjc2Lm1mdDAYBgNVHSABAf8EDjAMMAoGCCsGAQUFBw4CMCEGCCsGAQUFBwEHAQH/BBIwEDAGBAIAAQUAMAYEAgACBQAwFQYIKwYBBQUHAQgBAf8EBjAEoAIFADANBgkqhkiG9w0BAQsFAAOCAQEAQDsIQDrzggfVdAh1L0G1ELZqqRjIEyGRQPZxb+HdxnCl0vO7sXFAF88OlXQQ7ilMybEgxP03LGSZp+2CYfb7bV3kMLPFo4e54xjN6ERJ7XG666zJ5g+JsGFCWjx52Xz/FwYmVo7fvqH5GOW4s44gSLlfKRoNLa92zIX3ZKKFn86PFCzbmtPLiFNnd+8emVt/c8+Ih9FNYyUVxKnH9h7DD9bB3FAg6v4fG+eQsqUNwA3ErRWnig+y3W49TwzmJfBvFsxQZOuZ9YT42wh7UBKL3U4pEFJlJISLTx64R7ayl0HjmbWr/tSJg87nGzjYPhB3mH594lsbgSjlObjgjXHD3jGCAawwggGoAgEDgBQJ7k9TlvZr4qHyugfVYebZI+yX0DANBglghkgBZQMEAgEFAKBrMBoGCSqGSIb3DQEJAzENBgsqhkiG9w0BCRABGjAcBgkqhkiG9w0BCQUxDxcNMjAwNDMwMTQxODQ5WjAvBgkqhkiG9w0BCQQxIgQgw61zUCkyzR+tZzZjY6SwuiqFVGYw/Glwn1SLklCqTAQwDQYJKoZIhvcNAQEBBQAEggEAIf0CxJwQLDgiUjRfk7hFHiBD0UMJbWi/I9szw50mhecTg3QCo1LQsAjWE0TSS6N5bA7vZNY4vbOSn50VNoXyLY9wHYuuT8rAeHOCi8qnYolXDTo6U4Pecl8Qkai8YObfm/0vVRSOspTEYZAfnMitpgSSslelc384xgL9S2IuQs+Lw35lRcA+J7DEpjHfjkEYYV1SUKjDAy+s5lHrZN+fLG3wtlaaRVVTixTWzZ+s5WDalRJmCRgRop4tJYJd/ZaKuOS3El0QTMmlD9JvNyEc2dTH709qNr4JgabF0DyqhRYp/SoVBLJlDR6BD2VvQ/6NhKB4AgWX9Ow3OB4TwpBRkA==",
                        "serial": "237979662103214517345370395908480553187339572855",
                        "expires": "2020-05-01T14:18:49.156909Z"
                      },
                      "old": "c9db5555fde33552d79ded6e672d16f1440bc46647c96917571ac83d9e9bebac"
                    }
                  ],
                  "withdrawn": []
                }
              }
            }
          ]
        }
      }
    ]
  }
}