{
  "command": {
    "actor": "krill",
    "time": "2020-04-30T14:37:22.337220Z",
    "handle": "child",
    "version": 7,
    "sequence": 6,
    "details": {
      "roa_definition_updates": {
        "added": [
          {
            "asn": 64496,
            "prefix": "10.0.0.0/24"
          },
          {
            "asn": 64496,
            "prefix": "10.0.2.0/23"
          }
        ],
        "removed": []
      }
    },
    "effect": {
      "events": [
        7,
        8,
        9,
        10
      ]
    }
  },
  "result": {
    "Events": [
      {
        "id": "child",
        "version": 7,
        "details": {
          "route_authorization_added": "10.0.2.0/23 => 64496"
        }
      },
      {
        "id": "child",
        "version": 8,
        "details": {
          "route_authorization_added": "10.0.0.0/24 => 64496"
        }
      },
      {
        "id": "child",
        "version": 9,
        "details": {
          "roas_updated": [
            "0",
            {
              "updated": {
                "10.0.2.0/23 => 64496": {
                  "object": {
                    "content": "MIIIuQYJKoZIhvcNAQcCoIIIqjCCCKYCAQMxDzANBglghkgBZQMEAgEFADAqBgsqhkiG9w0BCRABGKAbBBkwFwIDAPvwMBAwDgQCAAEwCDAGAwQBCgACoIIGsjCCBq4wggWWoAMCAQICFBtt92CscGYRhNHoR8up88xcSLNpMA0GCSqGSIb3DQEBCwUAMDMxMTAvBgNVBAMTKEEyQzM5N0I3N0VDMUZBQkFGNjEyRTJEQjU3OTBFMTdCQTFEOEU3RjAwHhcNMjAwNDMwMTQzMjIyWhcNMjEwNDMwMTQzNzIyWjCCAi0xggIpMIICJQYDVQQDE4ICHDMwODIwMTBBMDI4MjAxMDEwMEJCMDJEMDU3N0JBNzUxREFGQTY5REQ2QTBDRTI3QTI2MjVDQjFCNkU0MzlBM0MyRUVCNUM1NDQ3RTMyRDZFQUNFNERBQzZBQkY1RTZCMzQ0NzFBQjQ1MTFFNkJFQjBGNUFDMkNCQjQxNkUxMzc1MkEyMkFCRTJGNTI3REM0MDdBMDhGQ0JCQzE1NDlFQzAzOTg1REVDRTRDOTFGNjcyRkYxRjY0RUI4OTJCNDE5QUFFRDFDREZGNkNFMDM5QzJGREJDREI5OEU3OTg3ODI4NjRFMEFDMTRDMURDMTAyNDlGRDJFQzEyQzdFRjE3MkJEMUUwMjBGNDYwNzU0MEM5MkNDODAzNEFBMjg0NzQ4RjZDQjI3MjQyMjM5Q0FFRERBNjk5MzA0MjgzRjg2RTg3QTU3MjQ0NzY1MjA2QzlFM0FGQTk5RDFFNUU4Q0RFQzVEQTkyQkU1NTBEM0Y4MkU1NEQ4QjhEOTQ3ODhBMTRGRThFMkQ0RjVGNEIxNEYyNTJFRERBNEUxM0M4RkYyNDJENDFFRkQwOEUwQjg3QjQxOUEyNTk2NTFFQzZBNEM5RjVFRTg4MDIyMTlEOTRDQTBGM0IzNkQ4MDE1M0IxNjQ5ODhBMzYyMkI5QUM1M0I1OUIwQ0M4OUVCNUJGNUIxQTM0ODZCNkNCNDJDRTRBNjZFODJGMDIwMzAxMDAwMTCCASIwDQYJKoZIhvcNAQEBBQADggEPADCCAQoCggEBALsC0Fd7p1Ha+mndagzieiYlyxtuQ5o8LutcVEfjLW6s5NrGq/Xms0Rxq0UR5r6w9awsu0FuE3UqIqvi9SfcQHoI/LvBVJ7AOYXezkyR9nL/H2TriStBmq7Rzf9s4DnC/bzbmOeYeChk4KwUwdwQJJ/S7BLH7xcr0eAg9GB1QMksyANKooR0j2yyckIjnK7dppkwQoP4boelckR2UgbJ46+pnR5ejN7F2pK+VQ0/guVNi42UeIoU/o4tT19LFPJS7dpOE8j/JC1B79COC4e0GaJZZR7GpMn17ogCIZ2Uyg87NtgBU7FkmIo2IrmsU7WbDMietb9bGjSGtstCzkpm6C8CAwEAAaOCAbwwggG4MB0GA1UdDgQWBBQlTy/LTu6nnC4uE0jz/gpXpuFO3DAfBgNVHSMEGDAWgBSiw5e3fsH6uvYS4ttXkOF7odjn8DAOBgNVHQ8BAf8EBAMCB4AwXAYDVR0fBFUwUzBRoE+gTYZLcnN5bmM6Ly9sb2NhbGhvc3QvcmVwby9jaGlsZC8wL0EyQzM5N0I3N0VDMUZBQkFGNjEyRTJEQjU3OTBFMTdCQTFEOEU3RjAuY3JsMGQGCCsGAQUFBwEBBFgwVjBUBggrBgEFBQcwAoZIcnN5bmM6Ly9sb2NhbGhvc3QvcmVwby90YS8wL0EyQzM5N0I3N0VDMUZBQkFGNjEyRTJEQjU3OTBFMTdCQTFEOEU3RjAuY2VyMGcGCCsGAQUFBwELBFswWTBXBggrBgEFBQcwC4ZLcnN5bmM6Ly9sb2NhbGhvc3QvcmVwby9jaGlsZC8wLzMxMzAyZTMwMmUzMjJlMzAyZjMyMzMyMDNkM2UyMDM2MzQzNDM5MzYucm9hMBgGA1UdIAEB/wQOMAwwCgYIKwYBBQUHDgIwHwYIKwYBBQUHAQcBAf8EEDAOMAwEAgABMAYDBAEKAAIwDQYJKoZIhvcNAQELBQADggEBAJKvvT58bCb9aOJfNWuigxIo1bWCHU8iGX0j5Ge/Pje50yXwYY4RRzws94pMKSa7QaRn+N09r4cLx4/Rocvhcf+fHaR8Da85Wacwg+DrU/+cLQSQzsikd/p1TUuj6+j22t4ghS+h2/BqnumTUyGtGwWI1ZAW4Yx5mjF2nVxHbq6ssXNzeTFBV6TjHRNCtmzaZYCc4NC0yirQpeZ74lYxB5oRwB50lb/oKvgGpkCvqS5ZT0cdnRcm2dBoFHDjZG0wXJgbqd0HppD8CP9a0Q2ccW/tq4Ayv3adDMrTUzjzT9MScwnrKrwLGHqsxALjYTwtwRJbVxF7aouzgYTK01D1QOwxggGsMIIBqAIBA4AUJU8vy07up5wuLhNI8/4KV6bhTtwwDQYJYIZIAWUDBAIBBQCgazAaBgkqhkiG9w0BCQMxDQYLKoZIhvcNAQkQARgwHAYJKoZIhvcNAQkFMQ8XDTIwMDQzMDE0MzcyMlowLwYJKoZIhvcNAQkEMSIEILjLIFqvyPqPhxmZesDrquwn2NBR0Ot25hqeS/JpfLNxMA0GCSqGSIb3DQEBAQUABIIBAFuPZdB09EjQ9vq35olWTAjvuBdQPIe6l10ACzWaZc4dRznkSKwFZ9xS0c8pf56oLam7C0BZX4AOPUthck9BLRVmBz4SGimWodYSCkFaVcsFUmaDq5E2AOo+pPi7nsUGru9JIHqaje4Bg/Na0Jf1/QnVG176OvW1hJGQrzW9toYX1VynN+mbmVYPJSA/BYuNf5j6mCD8udMp9Ezsk3Lc0hpGZ6G2MmIZYaKEJlxoqyTtX3/OKuPsh81ybJPS/yX0SLVPIC8a44mbs/WzZe2HJiw8tGaKmZjzp7MgdItxqr/J9KsgNp7F6VmiX/D4GBXCBWjglqXgzLEmiclsdPQ30lc=",
                    "serial": "156595081669826696984662036332266187297816884073",
                    "expires": "2021-04-30T14:37:22Z"
                  },
                  "name": "31302e302e322e302f3233203d3e203634343936.roa",
                  "since": "2020-04-30T14:37:22.439928Z",
                  "replaces": null
                },
                "10.0.0.0/24 => 64496": {
                  "object": {
                    "content": "MIIIuQYJKoZIhvcNAQcCoIIIqjCCCKYCAQMxDzANBglghkgBZQMEAgEFADAqBgsqhkiG9w0BCRABGKAbBBkwFwIDAPvwMBAwDgQCAAEwCDAGAwQACgAAoIIGsjCCBq4wggWWoAMCAQICFEND6zD6VyyEmYwgMOASgzQPauhMMA0GCSqGSIb3DQEBCwUAMDMxMTAvBgNVBAMTKEEyQzM5N0I3N0VDMUZBQkFGNjEyRTJEQjU3OTBFMTdCQTFEOEU3RjAwHhcNMjAwNDMwMTQzMjIyWhcNMjEwNDMwMTQzNzIyWjCCAi0xggIpMIICJQYDVQQDE4ICHDMwODIwMTBBMDI4MjAxMDEwMEUyNEU3QUZEMzgzREI0OThFN0Y5NjM4Q0ExM0ZFNUUyMTZGQTlGOUFGMTQxMzNCQjM3MkYwNzhEMkYxMkMzMjQ3NERGMTk1NUU3MTRFRDkyMTVGRDI4NDY5REYxRDBGQjQxRjNERTZEQjZFODU5ODY3QzkzRjM0MThCQzRCQTM3RDAxNzg5RDVCRDZBQzM1NDAwMkVEOEY5NTVFOTNGNTQyREU1ODhBMTRBMDk5QkVFQjhFNUY0QzdDM0M3MkZCMzIwNDE3Qjc0RTYxOTNBQzE4MkJDNjZBRUEzOTJCMjA3OUY1REMxNDgwMUQ4MTdCM0FEMzhCMURFOTNGODQ0Mjc0N0RFQzUzODVBRDNCODhGMjE1QTU1Qzc1NjRFMDUzNTRDMDAzQTlEMzIxQzdBRDYwQjBFRDQ5Qzc0NERFNDhEQTg5NkFFODg0QUNFQjBDRjlBRUFDRTA1RjcyOTVGNUE2RTdFNkNEQUM1QzI5QjBGQTY2MDNEMDhCMEFCOTAxNDRFQkNBOEYzNDQ2QTQ0QUY3QjY5RDFDMzBDQTY0ODY2Q0ZDRkYzMTg1REVCNzdFRTY3NTZDNUUyMzM5ODY1NkJENTVCMTk3NDg5RkQ3QTc2ODREMUFCQ0ZGOTQ5NEI0NjYyRTdFRTQ3QjgyMUZFQTE1NzgxM0FEMThGMkE0RUYzMDIwMzAxMDAwMTCCASIwDQYJKoZIhvcNAQEBBQADggEPADCCAQoCggEBAOJOev04PbSY5/ljjKE/5eIW+p+a8UEzuzcvB40vEsMkdN8ZVecU7ZIV/ShGnfHQ+0Hz3m226FmGfJPzQYvEujfQF4nVvWrDVAAu2PlV6T9ULeWIoUoJm+645fTHw8cvsyBBe3TmGTrBgrxmrqOSsgefXcFIAdgXs604sd6T+EQnR97FOFrTuI8hWlXHVk4FNUwAOp0yHHrWCw7UnHRN5I2olq6ISs6wz5rqzgX3KV9abn5s2sXCmw+mYD0IsKuQFE68qPNEakSve2nRwwymSGbPz/MYXet37mdWxeIzmGVr1VsZdIn9enaE0avP+UlLRmLn7ke4If6hV4E60Y8qTvMCAwEAAaOCAbwwggG4MB0GA1UdDgQWBBQVQTYbgRnVyE+wIHle33C6LmJZnTAfBgNVHSMEGDAWgBSiw5e3fsH6uvYS4ttXkOF7odjn8DAOBgNVHQ8BAf8EBAMCB4AwXAYDVR0fBFUwUzBRoE+gTYZLcnN5bmM6Ly9sb2NhbGhvc3QvcmVwby9jaGlsZC8wL0EyQzM5N0I3N0VDMUZBQkFGNjEyRTJEQjU3OTBFMTdCQTFEOEU3RjAuY3JsMGQGCCsGAQUFBwEBBFgwVjBUBggrBgEFBQcwAoZIcnN5bmM6Ly9sb2NhbGhvc3QvcmVwby90YS8wL0EyQzM5N0I3N0VDMUZBQkFGNjEyRTJEQjU3OTBFMTdCQTFEOEU3RjAuY2VyMGcGCCsGAQUFBwELBFswWTBXBggrBgEFBQcwC4ZLcnN5bmM6Ly9sb2NhbGhvc3QvcmVwby9jaGlsZC8wLzMxMzAyZTMwMmUzMDJlMzAyZjMyMzQyMDNkM2UyMDM2MzQzNDM5MzYucm9hMBgGA1UdIAEB/wQOMAwwCgYIKwYBBQUHDgIwHwYIKwYBBQUHAQcBAf8EEDAOMAwEAgABMAYDBAAKAAAwDQYJKoZIhvcNAQELBQADggEBADkWyYwshUEOKFM3d/HoHN9Y+G5xru70XeAO6tpWSoG1v6mvn4wEqpZuTTH6ULTXNu3E3wn5ryiJkxt0Rx77ed1w2kfBv4kai63UTt0mRV9k/4Wkr9AA15fjkGESPpI96r05Ro77+S0KtZq30RnpHyD1oOfOoEnlS7ZLPAxW6s74B5IdEEXPHRDS17Vx/+XMZq25cr2iJJSpu4alV1NWBTd2ey0xlezMJkHOattkuGhPUKbyDs15b16x++WqVODVXIfmQ65f51loeEeKbToH1lyIBClaCFehKMjG+eQ3BCRE8wLE0MFHfpVyVfoVjCfGDKBc02f3FmppAE6TAvwxAnwxggGsMIIBqAIBA4AUFUE2G4EZ1chPsCB5Xt9wui5iWZ0wDQYJYIZIAWUDBAIBBQCgazAaBgkqhkiG9w0BCQMxDQYLKoZIhvcNAQkQARgwHAYJKoZIhvcNAQkFMQ8XDTIwMDQzMDE0MzcyMlowLwYJKoZIhvcNAQkEMSIEIKFVbofJLIyE4ZYcsQg1Gh7uNQ1yPZrtQiJxPncX6rwMMA0GCSqGSIb3DQEBAQUABIIBAGkioixKam7mb1bs6StdwMKVY+cl+w+qsAw4O/6gijR5i5fdtcm3Cthm0e3pSbBIYWkYuC80LHX7x4mwInjoDaE7XbA5TqDNeKNqgbP2l9k90K1NA4aaNOeECG4dOvgbDevYBPiEVv8IXMzb7Pop0EwxoKZZan1DXAdjL6rylyzEckzXgdWDWIYMJzFjYPTEYvm1TaPUCnKyP91IKpx+Hb8Kx6seer2U6j7OSieHtR1nfEHt/Pg/JJKbDAWW99pOA13sb8PrN5/cmi6KqjfzVgYbkURIpErg1wDoV/TbF/m+SweAZe3HoG6maPWI9eqSRldVRovr6FLQGB3oHILZeR4=",
                    "serial": "384017019627006007441693854715850645789290981452",
                    "expires": "2021-04-30T14:37:22Z"
                  },
                  "name": "31302e302e302e302f3234203d3e203634343936.roa",
                  "since": "2020-04-30T14:37:22.390749Z",
                  "replaces": null
                }
              },
              "removed": {}
            }
          ]
        }
      },
      {
        "id": "child",
        "version": 10,
        "details": {
          "object_set_updated": [
            "0",
            {
              "A2C397B77EC1FABAF612E2DB5790E17BA1D8E7F0": {
                "number": 2,
                "revocations_delta": {
                  "added": [
                    {
                      "serial": "124851648945370605463841660772191850647331582174",
                      "expires": "2020-05-01T14:37:22.110171Z"
                    }
                  ],
                  "dropped": []
                },
                "manifest_info": {
                  "name": "A2C397B77EC1FABAF612E2DB5790E17BA1D8E7F0.mft",
                  "current": {
                    "content": "MIIJ7wYJKoZIhvcNAQcCoIIJ4DCCCdwCAQMxDzANBglghkgBZQMEAgEFADCCAUUGCyqGSIb3DQEJEAEaoIIBNASCATAwggEsAgECGA8yMDIwMDQzMDE0MzIyMloYDzIwMjAwNTAxMTQzNzIyWgYJYIZIAWUDBAIBMIH5MFEWLEEyQzM5N0I3N0VDMUZBQkFGNjEyRTJEQjU3OTBFMTdCQTFEOEU3RjAuY3JsAyEAYfmTzpVoYsbIycdnls+nfmA3P93SEKJU22qCgRq+LVUwURYsMzEzMDJlMzAyZTMwMmUzMDJmMzIzNDIwM2QzZTIwMzYzNDM0MzkzNi5yb2EDIQAKp0RL1yDSbPdt5OpzJCf2/MDOc/3WPbSrXOmyKYaIAjBRFiwzMTMwMmUzMDJlMzIyZTMwMmYzMjMzMjAzZDNlMjAzNjM0MzQzOTM2LnJvYQMhAELKd6G5vpoZpmh9NwuwpR/71DCBpvvUaYx3iQHvqX+ZoIIGyzCCBscwggWvoAMCAQICFEE6WTDr95ZA4CGXOpTRJcMPfNLXMA0GCSqGSIb3DQEBCwUAMDMxMTAvBgNVBAMTKEEyQzM5N0I3N0VDMUZBQkFGNjEyRTJEQjU3OTBFMTdCQTFEOEU3RjAwHhcNMjAwNDMwMTQzMjIyWhcNMjAwNTA3MTQzNzIyWjCCAi0xggIpMIICJQYDVQQDE4ICHDMwODIwMTBBMDI4MjAxMDEwMEJCNzJDNjk3OTYyQTFCODU3Q0IzMEJCMEI4OEE4QzhDRDRFQTRBQTcyOEFGMDdFRDFFQjIwMzQ5Nzc5Qjk3NDQ1ODc0MkM1Q0ZDNjlGNEM2OEMwMUREMTcxNDBBRTk1MDlFOUEzRUNGNTk2NzFEQ0M1RjVFNTdDN0IxRjJGODczOUY4NzNFOTUxNTdEOTJGODEwMTk3NTBFOTlEMDMzRjkyRDIyNjkxQjQ0OUQ3ODM5QTlDMjRBQjQ4ODFBQUNFQkU2Q0I5OTg3QjA5NDEyNzE3ODNEQTQ2NEM2QTQxQ0I2MjVBOUNDNUQ0QUE4MzVERDY2RDA4OTUyRDQyNkUxRTQ2NUE4NTBCOEI2MEVFQzJGRUFCNUM5NzA2NkY4Qzk4QTZCQThCQTMxQzZGQkUzNTI5RTg5MUQwOUQ4Nzc2REU3RjlEQkVDNDI2M0VENjk5NTdFQkRFOUVFQzMwQ0IzNEZBMTE3RDc5MkJDMUE5NDFEQTM1ODZFOEM2QTUwMTcyMjc2QzRFRkM5NTU2NDIzRDBCQjRBMTBCQjEyRUFERkU2NjJGNTBGNDI0MkVERUY0MUJDQTBGODNBNjBGRTU3QzY3MzBBQjMzOTQzRjA4MDkwNTY5NjdBMDcyNzQ0NzU2M0ExOTNFODk1OTA4MkY3MTVFNzBFN0JBQURFQjg0MkMxMDIwMzAxMDAwMTCCASIwDQYJKoZIhvcNAQEBBQADggEPADCCAQoCggEBALtyxpeWKhuFfLMLsLiKjIzU6kqnKK8H7R6yA0l3m5dEWHQsXPxp9MaMAd0XFArpUJ6aPs9ZZx3MX15Xx7Hy+HOfhz6VFX2S+BAZdQ6Z0DP5LSJpG0SdeDmpwkq0iBqs6+bLmYewlBJxeD2kZMakHLYlqcxdSqg13WbQiVLUJuHkZahQuLYO7C/qtclwZvjJimuoujHG++NSnokdCdh3bef52+xCY+1plX696e7DDLNPoRfXkrwalB2jWG6MalAXInbE78lVZCPQu0oQuxLq3+Zi9Q9CQu3vQbyg+Dpg/lfGcwqzOUPwgJBWlnoHJ0R1Y6GT6JWQgvcV5w57qt64QsECAwEAAaOCAdUwggHRMB0GA1UdDgQWBBRFNEkEdqHlVrTFGyY/Y3odfMoWAzAfBgNVHSMEGDAWgBSiw5e3fsH6uvYS4ttXkOF7odjn8DAOBgNVHQ8BAf8EBAMCB4AwXAYDVR0fBFUwUzBRoE+gTYZLcnN5bmM6Ly9sb2NhbGhvc3QvcmVwby9jaGlsZC8wL0EyQzM5N0I3N0VDMUZBQkFGNjEyRTJEQjU3OTBFMTdCQTFEOEU3RjAuY3JsMGQGCCsGAQUFBwEBBFgwVjBUBggrBgEFBQcwAoZIcnN5bmM6Ly9sb2NhbGhvc3QvcmVwby90YS8wL0EyQzM5N0I3N0VDMUZBQkFGNjEyRTJEQjU3OTBFMTdCQTFEOEU3RjAuY2VyMGcGCCsGAQUFBwELBFswWTBXBggrBgEFBQcwC4ZLcnN5bmM6Ly9sb2NhbGhvc3QvcmVwby9jaGlsZC8wL0EyQzM5N0I3N0VDMUZBQkFGNjEyRTJEQjU3OTBFMTdCQTFEOEU3RjAubWZ0MBgGA1UdIAEB/wQOMAwwCgYIKwYBBQUHDgIwIQYIKwYBBQUHAQcBAf8EEjAQMAYEAgABBQAwBgQCAAIFADAVBggrBgEFBQcBCAEB/wQGMASgAgUAMA0GCSqGSIb3DQEBCwUAA4IBAQCtOCxQxIAq6Tn/qfRGItpjZa5uA1ajIr6sy+WUG6GPloVV33qMwUwV4OLhLX2l7jbFNnxjsm/3mpO6nxYwnFSjuG2X/jD57uh3HFRfeuFBSoQL1lrdowNs5OnbPewpmQtTTxj9zngP4PuYU/mvrk4SDOMFP5IZQQKACzmt0OhUME4zpIQi2muDkzYZWtR8DOC5O0kElR/qK7hS+kk0p4+3T0nG09a4km8nezuoWNyHViBPXp0nhHxcZG5icCMWyAjMP3RqmRvmdSkE100/T3eunpb7TxbXTTJ+U/CaX4VQ7XBPARp60Yb6+xSLsFGNa3i1jkPBvXGh060nhf4fRmWJMYIBrDCCAagCAQOAFEU0SQR2oeVWtMUbJj9jeh18yhYDMA0GCWCGSAFlAwQCAQUAoGswGgYJKoZIhvcNAQkDMQ0GCyqGSIb3DQEJEAEaMBwGCSqGSIb3DQEJBTEPFw0yMDA0MzAxNDM3MjJaMC8GCSqGSIb3DQEJBDEiBCDmtN/EFE2r/3ufBgjp3xmEbpqeHQKEUspqXzYrO1wkoDANBgkqhkiG9w0BAQEFAASCAQAAgHDOW673CVcth+ikRuEAtPEpu8u0MUWag+ahye+14T60y6B2hOFSxldkha+ygor7B08wah5x59LeuhpYkQ4JzrAeJ1dWfXLCmj2Nmuuc0Iwbc/GUMOsIGW+TAMkcGZ8gwF6K8R9h+kMXEqpNPdV0LP0q6nc+3LrLEvlPHKWur19puK0l4Nb9fn9NVXoFJkznVYcAjcnAA1yAgbcYviRVuxedorU8A5jbCAN9nvrsK7dhlhXSaZXHBEd9GO4sJ3cvXAcqAsklaClP3GofZKXUdICWP8gWnQVvWPYvISmKGNNTDBstCFp0HDrI1lw9CEnQJ3J7Xe6ok+JZ2CwyRLcp",
                    "serial": "372385612965720007919282751615844153848521085655",
                    "expires": "2020-05-01T14:37:22.443808Z"
                  },
                  "next_update": "2020-05-01T14:37:22.443808Z",
                  "old": "2c0e5c7a73d27c25384cd8a794e428e37ab221e45d6dfd6a58cdea949e6b6248"
                },
                "crl_info": {
                  "name": "A2C397B77EC1FABAF612E2DB5790E17BA1D8E7F0.crl",
                  "current": {
                    "content": "MIIB1jCBvwIBATANBgkqhkiG9w0BAQsFADAzMTEwLwYDVQQDEyhBMkMzOTdCNzdFQzFGQUJBRjYxMkUyREI1NzkwRTE3QkExRDhFN0YwFw0yMDA0MzAxNDMyMjJaFw0yMDA1MDExNDM3MjJaMCcwJQIUFd6KpBC5OvuojsKL20cW9zMwsN4XDTIwMDUwMTE0MzcyMlqgLzAtMB8GA1UdIwQYMBaAFKLDl7d+wfq69hLi21eQ4Xuh2OfwMAoGA1UdFAQDAgECMA0GCSqGSIb3DQEBCwUAA4IBAQBDzbphmvkKKpv7BM4/X7iPBs02Bd3GoCElw7c3YX28B2davGzteVdS8gy2rkBDfoSgeBSRMLL7A2vwi9x7/Po5J2HFdrSR2twz/Uv2lnsaiLyQQStCW25s/+FrWLBcVyIa5UVVH0WkeSy05gluAH0Fry97BTZzaz/WNpTqcQtdeR3MII1bL4LbWVpXmvPMDVwq6x1FVBPMAGx2FuXDx153CWmv3OzG3wDTYPAZO8pUALpN3pQPyM7AnMLPy4l1Egk4heYQfWAGF9RLsaBZRQ/DKjcPqQN1cnvW6z9h27aEMDI0prIiBdsVMsxCOboVfIdSJTQTzi0CYTNyfEcu2kUw",
                    "serial": "2",
                    "expires": "2020-05-01T14:37:22.440333Z"
                  },
                  "old": "cdf5b57793f6900833ed59f59255bbd9171304aef861773697b86faa73c6d994"
                },
                "objects_delta": {
                  "ca_repo": "rsync://localhost/repo/child/0",
                  "added": [
                    {
                      "name": "31302e302e322e302f3233203d3e203634343936.roa",
                      "object": {
                        "content": "MIIIuQYJKoZIhvcNAQcCoIIIqjCCCKYCAQMxDzANBglghkgBZQMEAgEFADAqBgsqhkiG9w0BCRABGKAbBBkwFwIDAPvwMBAwDgQCAAEwCDAGAwQBCgACoIIGsjCCBq4wggWWoAMCAQICFBtt92CscGYRhNHoR8up88xcSLNpMA0GCSqGSIb3DQEBCwUAMDMxMTAvBgNVBAMTKEEyQzM5N0I3N0VDMUZBQkFGNjEyRTJEQjU3OTBFMTdCQTFEOEU3RjAwHhcNMjAwNDMwMTQzMjIyWhcNMjEwNDMwMTQzNzIyWjCCAi0xggIpMIICJQYDVQQDE4ICHDMwODIwMTBBMDI4MjAxMDEwMEJCMDJEMDU3N0JBNzUxREFGQTY5REQ2QTBDRTI3QTI2MjVDQjFCNkU0MzlBM0MyRUVCNUM1NDQ3RTMyRDZFQUNFNERBQzZBQkY1RTZCMzQ0NzFBQjQ1MTFFNkJFQjBGNUFDMkNCQjQxNkUxMzc1MkEyMkFCRTJGNTI3REM0MDdBMDhGQ0JCQzE1NDlFQzAzOTg1REVDRTRDOTFGNjcyRkYxRjY0RUI4OTJCNDE5QUFFRDFDREZGNkNFMDM5QzJGREJDREI5OEU3OTg3ODI4NjRFMEFDMTRDMURDMTAyNDlGRDJFQzEyQzdFRjE3MkJEMUUwMjBGNDYwNzU0MEM5MkNDODAzNEFBMjg0NzQ4RjZDQjI3MjQyMjM5Q0FFRERBNjk5MzA0MjgzRjg2RTg3QTU3MjQ0NzY1MjA2QzlFM0FGQTk5RDFFNUU4Q0RFQzVEQTkyQkU1NTBEM0Y4MkU1NEQ4QjhEOTQ3ODhBMTRGRThFMkQ0RjVGNEIxNEYyNTJFRERBNEUxM0M4RkYyNDJENDFFRkQwOEUwQjg3QjQxOUEyNTk2NTFFQzZBNEM5RjVFRTg4MDIyMTlEOTRDQTBGM0IzNkQ4MDE1M0IxNjQ5ODhBMzYyMkI5QUM1M0I1OUIwQ0M4OUVCNUJGNUIxQTM0ODZCNkNCNDJDRTRBNjZFODJGMDIwMzAxMDAwMTCCASIwDQYJKoZIhvcNAQEBBQADggEPADCCAQoCggEBALsC0Fd7p1Ha+mndagzieiYlyxtuQ5o8LutcVEfjLW6s5NrGq/Xms0Rxq0UR5r6w9awsu0FuE3UqIqvi9SfcQHoI/LvBVJ7AOYXezkyR9nL/H2TriStBmq7Rzf9s4DnC/bzbmOeYeChk4KwUwdwQJJ/S7BLH7xcr0eAg9GB1QMksyANKooR0j2yyckIjnK7dppkwQoP4boelckR2UgbJ46+pnR5ejN7F2pK+VQ0/guVNi42UeIoU/o4tT19LFPJS7dpOE8j/JC1B79COC4e0GaJZZR7GpMn17ogCIZ2Uyg87NtgBU7FkmIo2IrmsU7WbDMietb9bGjSGtstCzkpm6C8CAwEAAaOCAbwwggG4MB0GA1UdDgQWBBQlTy/LTu6nnC4uE0jz/gpXpuFO3DAfBgNVHSMEGDAWgBSiw5e3fsH6uvYS4ttXkOF7odjn8DAOBgNVHQ8BAf8EBAMCB4AwXAYDVR0fBFUwUzBRoE+gTYZLcnN5bmM6Ly9sb2NhbGhvc3QvcmVwby9jaGlsZC8wL0EyQzM5N0I3N0VDMUZBQkFGNjEyRTJEQjU3OTBFMTdCQTFEOEU3RjAuY3JsMGQGCCsGAQUFBwEBBFgwVjBUBggrBgEFBQcwAoZIcnN5bmM6Ly9sb2NhbGhvc3QvcmVwby90YS8wL0EyQzM5N0I3N0VDMUZBQkFGNjEyRTJEQjU3OTBFMTdCQTFEOEU3RjAuY2VyMGcGCCsGAQUFBwELBFswWTBXBggrBgEFBQcwC4ZLcnN5bmM6Ly9sb2NhbGhvc3QvcmVwby9jaGlsZC8wLzMxMzAyZTMwMmUzMjJlMzAyZjMyMzMyMDNkM2UyMDM2MzQzNDM5MzYucm9hMBgGA1UdIAEB/wQOMAwwCgYIKwYBBQUHDgIwHwYIKwYBBQUHAQcBAf8EEDAOMAwEAgABMAYDBAEKAAIwDQYJKoZIhvcNAQELBQADggEBAJKvvT58bCb9aOJfNWuigxIo1bWCHU8iGX0j5Ge/Pje50yXwYY4RRzws94pMKSa7QaRn+N09r4cLx4/Rocvhcf+fHaR8Da85Wacwg+DrU/+cLQSQzsikd/p1TUuj6+j22t4ghS+h2/BqnumTUyGtGwWI1ZAW4Yx5mjF2nVxHbq6ssXNzeTFBV6TjHRNCtmzaZYCc4NC0yirQpeZ74lYxB5oRwB50lb/oKvgGpkCvqS5ZT0cdnRcm2dBoFHDjZG0wXJgbqd0HppD8CP9a0Q2ccW/tq4Ayv3adDMrTUzjzT9MScwnrKrwLGHqsxALjYTwtwRJbVxF7aouzgYTK01D1QOwxggGsMIIBqAIBA4AUJU8vy07up5wuLhNI8/4KV6bhTtwwDQYJYIZIAWUDBAIBBQCgazAaBgkqhkiG9w0BCQMxDQYLKoZIhvcNAQkQARgwHAYJKoZIhvcNAQkFMQ8XDTIwMDQzMDE0MzcyMlowLwYJKoZIhvcNAQkEMSIEILjLIFqvyPqPhxmZesDrquwn2NBR0Ot25hqeS/JpfLNxMA0GCSqGSIb3DQEBAQUABIIBAFuPZdB09EjQ9vq35olWTAjvuBdQPIe6l10ACzWaZc4dRznkSKwFZ9xS0c8pf56oLam7C0BZX4AOPUthck9BLRVmBz4SGimWodYSCkFaVcsFUmaDq5E2AOo+pPi7nsUGru9JIHqaje4Bg/Na0Jf1/QnVG176OvW1hJGQrzW9toYX1VynN+mbmVYPJSA/BYuNf5j6mCD8udMp9Ezsk3Lc0hpGZ6G2MmIZYaKEJlxoqyTtX3/OKuPsh81ybJPS/yX0SLVPIC8a44mbs/WzZe2HJiw8tGaKmZjzp7MgdItxqr/J9KsgNp7F6VmiX/D4GBXCBWjglqXgzLEmiclsdPQ30lc=",
                        "serial": "156595081669826696984662036332266187297816884073",
                        "expires": "2021-04-30T14:37:22Z"
                      }
                    },
                    {
                      "name": "31302e302e302e302f3234203d3e203634343936.roa",
                      "object": {
                        "content": "MIIIuQYJKoZIhvcNAQcCoIIIqjCCCKYCAQMxDzANBglghkgBZQMEAgEFADAqBgsqhkiG9w0BCRABGKAbBBkwFwIDAPvwMBAwDgQCAAEwCDAGAwQACgAAoIIGsjCCBq4wggWWoAMCAQICFEND6zD6VyyEmYwgMOASgzQPauhMMA0GCSqGSIb3DQEBCwUAMDMxMTAvBgNVBAMTKEEyQzM5N0I3N0VDMUZBQkFGNjEyRTJEQjU3OTBFMTdCQTFEOEU3RjAwHhcNMjAwNDMwMTQzMjIyWhcNMjEwNDMwMTQzNzIyWjCCAi0xggIpMIICJQYDVQQDE4ICHDMwODIwMTBBMDI4MjAxMDEwMEUyNEU3QUZEMzgzREI0OThFN0Y5NjM4Q0ExM0ZFNUUyMTZGQTlGOUFGMTQxMzNCQjM3MkYwNzhEMkYxMkMzMjQ3NERGMTk1NUU3MTRFRDkyMTVGRDI4NDY5REYxRDBGQjQxRjNERTZEQjZFODU5ODY3QzkzRjM0MThCQzRCQTM3RDAxNzg5RDVCRDZBQzM1NDAwMkVEOEY5NTVFOTNGNTQyREU1ODhBMTRBMDk5QkVFQjhFNUY0QzdDM0M3MkZCMzIwNDE3Qjc0RTYxOTNBQzE4MkJDNjZBRUEzOTJCMjA3OUY1REMxNDgwMUQ4MTdCM0FEMzhCMURFOTNGODQ0Mjc0N0RFQzUzODVBRDNCODhGMjE1QTU1Qzc1NjRFMDUzNTRDMDAzQTlEMzIxQzdBRDYwQjBFRDQ5Qzc0NERFNDhEQTg5NkFFODg0QUNFQjBDRjlBRUFDRTA1RjcyOTVGNUE2RTdFNkNEQUM1QzI5QjBGQTY2MDNEMDhCMEFCOTAxNDRFQkNBOEYzNDQ2QTQ0QUY3QjY5RDFDMzBDQTY0ODY2Q0ZDRkYzMTg1REVCNzdFRTY3NTZDNUUyMzM5ODY1NkJENTVCMTk3NDg5RkQ3QTc2ODREMUFCQ0ZGOTQ5NEI0NjYyRTdFRTQ3QjgyMUZFQTE1NzgxM0FEMThGMkE0RUYzMDIwMzAxMDAwMTCCASIwDQYJKoZIhvcNAQEBBQADggEPADCCAQoCggEBAOJOev04PbSY5/ljjKE/5eIW+p+a8UEzuzcvB40vEsMkdN8ZVecU7ZIV/ShGnfHQ+0Hz3m226FmGfJPzQYvEujfQF4nVvWrDVAAu2PlV6T9ULeWIoUoJm+645fTHw8cvsyBBe3TmGTrBgrxmrqOSsgefXcFIAdgXs604sd6T+EQnR97FOFrTuI8hWlXHVk4FNUwAOp0yHHrWCw7UnHRN5I2olq6ISs6wz5rqzgX3KV9abn5s2sXCmw+mYD0IsKuQFE68qPNEakSve2nRwwymSGbPz/MYXet37mdWxeIzmGVr1VsZdIn9enaE0avP+UlLRmLn7ke4If6hV4E60Y8qTvMCAwEAAaOCAbwwggG4MB0GA1UdDgQWBBQVQTYbgRnVyE+wIHle33C6LmJZnTAfBgNVHSMEGDAWgBSiw5e3fsH6uvYS4ttXkOF7odjn8DAOBgNVHQ8BAf8EBAMCB4AwXAYDVR0fBFUwUzBRoE+gTYZLcnN5bmM6Ly9sb2NhbGhvc3QvcmVwby9jaGlsZC8wL0EyQzM5N0I3N0VDMUZBQkFGNjEyRTJEQjU3OTBFMTdCQTFEOEU3RjAuY3JsMGQGCCsGAQUFBwEBBFgwVjBUBggrBgEFBQcwAoZIcnN5bmM6Ly9sb2NhbGhvc3QvcmVwby90YS8wL0EyQzM5N0I3N0VDMUZBQkFGNjEyRTJEQjU3OTBFMTdCQTFEOEU3RjAuY2VyMGcGCCsGAQUFBwELBFswWTBXBggrBgEFBQcwC4ZLcnN5bmM6Ly9sb2NhbGhvc3QvcmVwby9jaGlsZC8wLzMxMzAyZTMwMmUzMDJlMzAyZjMyMzQyMDNkM2UyMDM2MzQzNDM5MzYucm9hMBgGA1UdIAEB/wQOMAwwCgYIKwYBBQUHDgIwHwYIKwYBBQUHAQcBAf8EEDAOMAwEAgABMAYDBAAKAAAwDQYJKoZIhvcNAQELBQADggEBADkWyYwshUEOKFM3d/HoHN9Y+G5xru70XeAO6tpWSoG1v6mvn4wEqpZuTTH6ULTXNu3E3wn5ryiJkxt0Rx77ed1w2kfBv4kai63UTt0mRV9k/4Wkr9AA15fjkGESPpI96r05Ro77+S0KtZq30RnpHyD1oOfOoEnlS7ZLPAxW6s74B5IdEEXPHRDS17Vx/+XMZq25cr2iJJSpu4alV1NWBTd2ey0xlezMJkHOattkuGhPUKbyDs15b16x++WqVODVXIfmQ65f51loeEeKbToH1lyIBClaCFehKMjG+eQ3BCRE8wLE0MFHfpVyVfoVjCfGDKBc02f3FmppAE6TAvwxAnwxggGsMIIBqAIBA4AUFUE2G4EZ1chPsCB5Xt9wui5iWZ0wDQYJYIZIAWUDBAIBBQCgazAaBgkqhkiG9w0BCQMxDQYLKoZIhvcNAQkQARgwHAYJKoZIhvcNAQkFMQ8XDTIwMDQzMDE0MzcyMlowLwYJKoZIhvcNAQkEMSIEIKFVbofJLIyE4ZYcsQg1Gh7uNQ1yPZrtQiJxPncX6rwMMA0GCSqGSIb3DQEBAQUABIIBAGkioixKam7mb1bs6StdwMKVY+cl+w+qsAw4O/6gijR5i5fdtcm3Cthm0e3pSbBIYWkYuC80LHX7x4mwInjoDaE7XbA5TqDNeKNqgbP2l9k90K1NA4aaNOeECG4dOvgbDevYBPiEVv8IXMzb7Pop0EwxoKZZan1DXAdjL6rylyzEckzXgdWDWIYMJzFjYPTEYvm1TaPUCnKyP91IKpx+Hb8Kx6seer2U6j7OSieHtR1nfEHt/Pg/JJKbDAWW99pOA13sb8PrN5/cmi6KqjfzVgYbkURIpErg1wDoV/TbF/m+SweAZe3HoG6maPWI9eqSRldVRovr6FLQGB3oHILZeR4=",
                        "serial": "384017019627006007441693854715850645789290981452",
                        "expires": "2021-04-30T14:37:22Z"
                      }
                    }
                  ],
                  "updated": [
                    {
                      "name": "A2C397B77EC1FABAF612E2DB5790E17BA1D8E7F0.crl",
                      "object": {
                        "content": "MIIB1jCBvwIBATANBgkqhkiG9w0BAQsFADAzMTEwLwYDVQQDEyhBMkMzOTdCNzdFQzFGQUJBRjYxMkUyREI1NzkwRTE3QkExRDhFN0YwFw0yMDA0MzAxNDMyMjJaFw0yMDA1MDExNDM3MjJaMCcwJQIUFd6KpBC5OvuojsKL20cW9zMwsN4XDTIwMDUwMTE0MzcyMlqgLzAtMB8GA1UdIwQYMBaAFKLDl7d+wfq69hLi21eQ4Xuh2OfwMAoGA1UdFAQDAgECMA0GCSqGSIb3DQEBCwUAA4IBAQBDzbphmvkKKpv7BM4/X7iPBs02Bd3GoCElw7c3YX28B2davGzteVdS8gy2rkBDfoSgeBSRMLL7A2vwi9x7/Po5J2HFdrSR2twz/Uv2lnsaiLyQQStCW25s/+FrWLBcVyIa5UVVH0WkeSy05gluAH0Fry97BTZzaz/WNpTqcQtdeR3MII1bL4LbWVpXmvPMDVwq6x1FVBPMAGx2FuXDx153CWmv3OzG3wDTYPAZO8pUALpN3pQPyM7AnMLPy4l1Egk4heYQfWAGF9RLsaBZRQ/DKjcPqQN1cnvW6z9h27aEMDI0prIiBdsVMsxCOboVfIdSJTQTzi0CYTNyfEcu2kUw",
                        "serial": "2",
                        "expires": "2020-05-01T14:37:22.440333Z"
                      },
                      "old": "cdf5b57793f6900833ed59f59255bbd9171304aef861773697b86faa73c6d994"
                    },
                    {
                      "name": "A2C397B77EC1FABAF612E2DB5790E17BA1D8E7F0.mft",
                      "object": {
                        "content": "MIIJ7wYJKoZIhvcNAQcCoIIJ4DCCCdwCAQMxDzANBglghkgBZQMEAgEFADCCAUUGCyqGSIb3DQEJEAEaoIIBNASCATAwggEsAgECGA8yMDIwMDQzMDE0MzIyMloYDzIwMjAwNTAxMTQzNzIyWgYJYIZIAWUDBAIBMIH5MFEWLEEyQzM5N0I3N0VDMUZBQkFGNjEyRTJEQjU3OTBFMTdCQTFEOEU3RjAuY3JsAyEAYfmTzpVoYsbIycdnls+nfmA3P93SEKJU22qCgRq+LVUwURYsMzEzMDJlMzAyZTMwMmUzMDJmMzIzNDIwM2QzZTIwMzYzNDM0MzkzNi5yb2EDIQAKp0RL1yDSbPdt5OpzJCf2/MDOc/3WPbSrXOmyKYaIAjBRFiwzMTMwMmUzMDJlMzIyZTMwMmYzMjMzMjAzZDNlMjAzNjM0MzQzOTM2LnJvYQMhAELKd6G5vpoZpmh9NwuwpR/71DCBpvvUaYx3iQHvqX+ZoIIGyzCCBscwggWvoAMCAQICFEE6WTDr95ZA4CGXOpTRJcMPfNLXMA0GCSqGSIb3DQEBCwUAMDMxMTAvBgNVBAMTKEEyQzM5N0I3N0VDMUZBQkFGNjEyRTJEQjU3OTBFMTdCQTFEOEU3RjAwHhcNMjAwNDMwMTQzMjIyWhcNMjAwNTA3MTQzNzIyWjCCAi0xggIpMIICJQYDVQQDE4ICHDMwODIwMTBBMDI4MjAxMDEwMEJCNzJDNjk3OTYyQTFCODU3Q0IzMEJCMEI4OEE4QzhDRDRFQTRBQTcyOEFGMDdFRDFFQjIwMzQ5Nzc5Qjk3NDQ1ODc0MkM1Q0ZDNjlGNEM2OEMwMUREMTcxNDBBRTk1MDlFOUEzRUNGNTk2NzFEQ0M1RjVFNTdDN0IxRjJGODczOUY4NzNFOTUxNTdEOTJGODEwMTk3NTBFOTlEMDMzRjkyRDIyNjkxQjQ0OUQ3ODM5QTlDMjRBQjQ4ODFBQUNFQkU2Q0I5OTg3QjA5NDEyNzE3ODNEQTQ2NEM2QTQxQ0I2MjVBOUNDNUQ0QUE4MzVERDY2RDA4OTUyRDQyNkUxRTQ2NUE4NTBCOEI2MEVFQzJGRUFCNUM5NzA2NkY4Qzk4QTZCQThCQTMxQzZGQkUzNTI5RTg5MUQwOUQ4Nzc2REU3RjlEQkVDNDI2M0VENjk5NTdFQkRFOUVFQzMwQ0IzNEZBMTE3RDc5MkJDMUE5NDFEQTM1ODZFOEM2QTUwMTcyMjc2QzRFRkM5NTU2NDIzRDBCQjRBMTBCQjEyRUFERkU2NjJGNTBGNDI0MkVERUY0MUJDQTBGODNBNjBGRTU3QzY3MzBBQjMzOTQzRjA4MDkwNTY5NjdBMDcyNzQ0NzU2M0ExOTNFODk1OTA4MkY3MTVFNzBFN0JBQURFQjg0MkMxMDIwMzAxMDAwMTCCASIwDQYJKoZIhvcNAQEBBQADggEPADCCAQoCggEBALtyxpeWKhuFfLMLsLiKjIzU6kqnKK8H7R6yA0l3m5dEWHQsXPxp9MaMAd0XFArpUJ6aPs9ZZx3MX15Xx7Hy+HOfhz6VFX2S+BAZdQ6Z0DP5LSJpG0SdeDmpwkq0iBqs6+bLmYewlBJxeD2kZMakHLYlqcxdSqg13WbQiVLUJuHkZahQuLYO7C/qtclwZvjJimuoujHG++NSnokdCdh3bef52+xCY+1plX696e7DDLNPoRfXkrwalB2jWG6MalAXInbE78lVZCPQu0oQuxLq3+Zi9Q9CQu3vQbyg+Dpg/lfGcwqzOUPwgJBWlnoHJ0R1Y6GT6JWQgvcV5w57qt64QsECAwEAAaOCAdUwggHRMB0GA1UdDgQWBBRFNEkEdqHlVrTFGyY/Y3odfMoWAzAfBgNVHSMEGDAWgBSiw5e3fsH6uvYS4ttXkOF7odjn8DAOBgNVHQ8BAf8EBAMCB4AwXAYDVR0fBFUwUzBRoE+gTYZLcnN5bmM6Ly9sb2NhbGhvc3QvcmVwby9jaGlsZC8wL0EyQzM5N0I3N0VDMUZBQkFGNjEyRTJEQjU3OTBFMTdCQTFEOEU3RjAuY3JsMGQGCCsGAQUFBwEBBFgwVjBUBggrBgEFBQcwAoZIcnN5bmM6Ly9sb2NhbGhvc3QvcmVwby90YS8wL0EyQzM5N0I3N0VDMUZBQkFGNjEyRTJEQjU3OTBFMTdCQTFEOEU3RjAuY2VyMGcGCCsGAQUFBwELBFswWTBXBggrBgEFBQcwC4ZLcnN5bmM6Ly9sb2NhbGhvc3QvcmVwby9jaGlsZC8wL0EyQzM5N0I3N0VDMUZBQkFGNjEyRTJEQjU3OTBFMTdCQTFEOEU3RjAubWZ0MBgGA1UdIAEB/wQOMAwwCgYIKwYBBQUHDgIwIQYIKwYBBQUHAQcBAf8EEjAQMAYEAgABBQAwBgQCAAIFADAVBggrBgEFBQcBCAEB/wQGMASgAgUAMA0GCSqGSIb3DQEBCwUAA4IBAQCtOCxQxIAq6Tn/qfRGItpjZa5uA1ajIr6sy+WUG6GPloVV33qMwUwV4OLhLX2l7jbFNnxjsm/3mpO6nxYwnFSjuG2X/jD57uh3HFRfeuFBSoQL1lrdowNs5OnbPewpmQtTTxj9zngP4PuYU/mvrk4SDOMFP5IZQQKACzmt0OhUME4zpIQi2muDkzYZWtR8DOC5O0kElR/qK7hS+kk0p4+3T0nG09a4km8nezuoWNyHViBPXp0nhHxcZG5icCMWyAjMP3RqmRvmdSkE100/T3eunpb7TxbXTTJ+U/CaX4VQ7XBPARp60Yb6+xSLsFGNa3i1jkPBvXGh060nhf4fRmWJMYIBrDCCAagCAQOAFEU0SQR2oeVWtMUbJj9jeh18yhYDMA0GCWCGSAFlAwQCAQUAoGswGgYJKoZIhvcNAQkDMQ0GCyqGSIb3DQEJEAEaMBwGCSqGSIb3DQEJBTEPFw0yMDA0MzAxNDM3MjJaMC8GCSqGSIb3DQEJBDEiBCDmtN/EFE2r/3ufBgjp3xmEbpqeHQKEUspqXzYrO1wkoDANBgkqhkiG9w0BAQEFAASCAQAAgHDOW673CVcth+ikRuEAtPEpu8u0MUWag+ahye+14T60y6B2hOFSxldkha+ygor7B08wah5x59LeuhpYkQ4JzrAeJ1dWfXLCmj2Nmuuc0Iwbc/GUMOsIGW+TAMkcGZ8gwF6K8R9h+kMXEqpNPdV0LP0q6nc+3LrLEvlPHKWur19puK0l4Nb9fn9NVXoFJkznVYcAjcnAA1yAgbcYviRVuxedorU8A5jbCAN9nvrsK7dhlhXSaZXHBEd9GO4sJ3cvXAcqAsklaClP3GofZKXUdICWP8gWnQVvWPYvISmKGNNTDBstCFp0HDrI1lw9CEnQJ3J7Xe6ok+JZ2CwyRLcp",
                        "serial": "372385612965720007919282751615844153848521085655",
                        "expires": "2020-05-01T14:37:22.443808Z"
                      },
                      "old": "2c0e5c7a73d27c25384cd8a794e428e37ab221e45d6dfd6a58cdea949e6b6248"
                    }
                  ],
                  "withdrawn": []
                }
              }
            }
          ]
        }
      }
    ]
  }
}