{
  "command": {
    "actor": "krill",
    "time": "2020-04-30T14:18:47.032469Z",
    "handle": "ta",
    "version": 8,
    "sequence": 6,
    "details": {
      "child_certify": [
        "rfc6492",
        "0",
        {
          "asn": "none",
          "v4": "none",
          "v6": "none"
        },
        "708ED06424A43B08DF47839D995474F864321970"
      ]
    },
    "effect": {
      "events": [
        8,
        9,
        10
      ]
    }
  },
  "result": {
    "Events": [
      {
        "id": "ta",
        "version": 8,
        "details": {
          "child_certificate_issued": [
            "rfc6492",
            "0",
            "708ED06424A43B08DF47839D995474F864321970"
          ]
        }
      },
      {
        "id": "ta",
        "version": 9,
        "details": {
          "child_certificates_updated": [
            "0",
            {
              "issued": [
                {
                  "uri": "rsync://localhost/repo/ta/0/708ED06424A43B08DF47839D995474F864321970.cer",
                  "limit": {
                    "asn": "none",
                    "v4": "none",
                    "v6": "none"
                  },
                  "resource_set": {
                    "asn": "",
                    "v4": "10.0.0.0/16",
                    "v6": ""
                  },
                  "cert": "MIIHBjCCBe6gAwIBAgIUKHS41heqfkxABBAoeoXpVUpdO1YwDQYJKoZIhvcNAQELBQAwggItMYICKTCCAiUGA1UEAxOCAhwzMDgyMDEwQTAyODIwMTAxMDBDRTczOTUxNDkzQTdENjBEMUY0MEYxRTdDOTFFQ0I2MTdFQTAzMDA4RThCMDRDOUVFQjBBMjAzNEExQjc4MjY3Njk5REEwRjY4ODUwQUE1MjM1NTRCOUZENkIyODI0RTA1MEU0MEQ0M0NGRDEyNTQwMzAzOEUyNzhDNTYwNjZGN0ZFN0YyOUVCNjEwMDNCNTZGRjQxNTg1NEZCQkM0NDYzQkQ4QjcwQzk3RkEzMkJFMjNCN0I3RjkyRTZBRDkwMTNFMUI5RkY0NjRBOTIzM0JFN0NFQjU1ODQ4QTAyOUYyODVFOEE4MTFCNEI5QUJEMzcxNjc0NjhCQUVENDQwNDA4QjVFN0MyOUJDNThEMUZGMUIzNUI4Mjc2MjUzQUJCRTI2RDFBOUYwMzY5NUYxNDNBMDk4NUY3NEM2REM1QTI3MzE4ODhDNDZFNDJDMTZBNTdBQTc0Mzg2NjQ4N0U1QkJDMEZBNEI0MzNFNTg3Q0EzRkEzQzIxMDQ0RUUyRjRGNDlBNTgwQ0ZFRDg3OEFFQzYxQzIyODQ5ODFEQUVGOTIzRTU5QjM0REY5QjdDQjFBMjQwMEI3Q0M0NEVCNTIyRDgxRUVFNzY0REY5QTA4MjdCREUyMDkwREEyNkFFQjYzN0M1QzdDOTE5QTdCNURBMEI1M0M4NTgxOUZBM0EwNTJERjAyMDMwMTAwMDEwHhcNMjAwNDMwMTQxMzQ3WhcNMjEwNDMwMTQxODQ3WjAzMTEwLwYDVQQDEyg3MDhFRDA2NDI0QTQzQjA4REY0NzgzOUQ5OTU0NzRGODY0MzIxOTcwMIIBIjANBgkqhkiG9w0BAQEFAAOCAQ8AMIIBCgKCAQEA2350d72AyVb2to8xKy/MQNa6J8pBllrGgtq2GJKHzA2wg86RI9DFYX6eZ4CpguADzEzphGHuotIgFI8pD2ajFp+fzlmDXzfmpaxNUwy9HsSwfGw1KmmMNSmbIqobME7tWIxWKWwftsuHDdLGn/+uW+NFmb2UvCBS7gVlsRXDrdvtFQ99LADnm8wzzqGDcfaWKIs6LivN7QmOzoAygIhUj+RQ3ZVZ8OKg5xLT98dgAOQr9aJVUzrKYQz+RVtrP2uTGNF4guQwRrbn8n9O3oHbxMcr6sSSGnzJ5U4sKj8RAVdPzDeakW4aLkhPZ2WmlwYhRKbzWUMckJQpHZq3wgeYowIDAQABo4ICFDCCAhAwDwYDVR0TAQH/BAUwAwEB/zAdBgNVHQ4EFgQUcI7QZCSkOwjfR4OdmVR0+GQyGXAwHwYDVR0jBBgwFoAUoWXbzHxLPTh8KcIFFL5jRueGWGowDgYDVR0PAQH/BAQDAgEGMFkGA1UdHwRSMFAwTqBMoEqGSHJzeW5jOi8vbG9jYWxob3N0L3JlcG8vdGEvMC9BMTY1REJDQzdDNEIzRDM4N0MyOUMyMDUxNEJFNjM0NkU3ODY1ODZBLmNybDA8BggrBgEFBQcBAQQwMC4wLAYIKwYBBQUHMAKGIHJzeW5jOi8vbG9jYWxob3N0L3JlcG8vdGEvdGEuY2VyMIHZBggrBgEFBQcBCwSBzDCByTAtBggrBgEFBQcwBYYhcnN5bmM6Ly9sb2NhbGhvc3QvcmVwby9yZmM2NDkyLzAvMFkGCCsGAQUFBzAKhk1yc3luYzovL2xvY2FsaG9zdC9yZXBvL3JmYzY0OTIvMC83MDhFRDA2NDI0QTQzQjA4REY0NzgzOUQ5OTU0NzRGODY0MzIxOTcwLm1mdDA9BggrBgEFBQcwDYYxaHR0cHM6Ly9sb2NhbGhvc3Q6MzAwMC90ZXN0LXJyZHAvbm90aWZpY2F0aW9uLnhtbDAYBgNVHSABAf8EDjAMMAoGCCsGAQUFBw4CMB4GCCsGAQUFBwEHAQH/BA8wDTALBAIAATAFAwMACgAwDQYJKoZIhvcNAQELBQADggEBAFqFh7fABfZu1T/39IQ6BoQtRCESI0bQx6lVggRbs0jJTMGj+AfXwy00KVj1aJEthei0eqbLtpsT08fWfS2fNXskQNBetQ2nWhTV9+iuyX9+FO8Ebj+vCb0iXxA6vLzd6q6mskuY2LlXr2u8qX2c/xiGk7Kz/norxjr5k9LPDz6hQK9zDMW80BgB9d/DXQ8nyDXu245fgg7JYq62yDMWy8I8wWolvRXiQfA73e7UOZIR97hqF+G7FVM9GjtDgYMAe3rC5vvj/FZLh4fT0SeOphSmQkK51dK5jVlIOP00QaEBT7F1/5XmbpKpZCss+9vYVj7Yvau1U7Bpj8iVjxJOG0E=",
                  "replaces": null
                }
              ],
              "removed": []
            }
          ]
        }
      },
      {
        "id": "ta",
        "version": 10,
        "details": {
          "object_set_updated": [
            "0",
            {
              "A165DBCC7C4B3D387C29C20514BE6346E786586A": {
                "number": 3,
                "revocations_delta": {
                  "added": [
                    {
                      "serial": "483540495209281578246313510788185093983640541497",
                      "expires": "2020-05-01T14:18:44.988116Z"
                    }
                  ],
                  "dropped": []
                },
                "manifest_info": {
                  "name": "A165DBCC7C4B3D387C29C20514BE6346E786586A.mft",
                  "current": {
                    "content": "MIILvQYJKoZIhvcNAQcCoIILrjCCC6oCAQMxDzANBglghkgBZQMEAgEFADCCAUUGCyqGSIb3DQEJEAEaoIIBNASCATAwggEsAgEDGA8yMDIwMDQzMDE0MTM0N1oYDzIwMjAwNTAxMTQxODQ3WgYJYIZIAWUDBAIBMIH5MFEWLDVEM0NEREM3OUYwRjAwRkQ1OUUxMzEyNDcyRjk5NjA1Nzg3OENGNzYuY2VyAyEAJzdjM/z94rbKeS5gZMU5U2uqsjpZTmDpdjEc7r4HbEMwURYsNzA4RUQwNjQyNEE0M0IwOERGNDc4MzlEOTk1NDc0Rjg2NDMyMTk3MC5jZXIDIQCnTo+M2oiaHSeTYXvprsoc8hsdITzQ48YfLV+2omEhYDBRFixBMTY1REJDQzdDNEIzRDM4N0MyOUMyMDUxNEJFNjM0NkU3ODY1ODZBLmNybAMhAIeesDB6eu+4tmdJNdNGdKx18QMPW0+RywkxytrsgiFyoIIImTCCCJUwggd9oAMCAQICFHJd/3pQqDSFHYKr1UPPzGU9Bos0MA0GCSqGSIb3DQEBCwUAMIICLTGCAikwggIlBgNVBAMTggIcMzA4MjAxMEEwMjgyMDEwMTAwQ0U3Mzk1MTQ5M0E3RDYwRDFGNDBGMUU3QzkxRUNCNjE3RUEwMzAwOEU4QjA0QzlFRUIwQTIwMzRBMUI3ODI2NzY5OURBMEY2ODg1MEFBNTIzNTU0QjlGRDZCMjgyNEUwNTBFNDBENDNDRkQxMjU0MDMwMzhFMjc4QzU2MDY2RjdGRTdGMjlFQjYxMDAzQjU2RkY0MTU4NTRGQkJDNDQ2M0JEOEI3MEM5N0ZBMzJCRTIzQjdCN0Y5MkU2QUQ5MDEzRTFCOUZGNDY0QTkyMzNCRTdDRUI1NTg0OEEwMjlGMjg1RThBODExQjRCOUFCRDM3MTY3NDY4QkFFRDQ0MDQwOEI1RTdDMjlCQzU4RDFGRjFCMzVCODI3NjI1M0FCQkUyNkQxQTlGMDM2OTVGMTQzQTA5ODVGNzRDNkRDNUEyNzMxODg4QzQ2RTQyQzE2QTU3QUE3NDM4NjY0ODdFNUJCQzBGQTRCNDMzRTU4N0NBM0ZBM0MyMTA0NEVFMkY0RjQ5QTU4MENGRUQ4NzhBRUM2MUMyMjg0OTgxREFFRjkyM0U1OUIzNERGOUI3Q0IxQTI0MDBCN0NDNDRFQjUyMkQ4MUVFRTc2NERGOUEwODI3QkRFMjA5MERBMjZBRUI2MzdDNUM3QzkxOUE3QjVEQTBCNTNDODU4MTlGQTNBMDUyREYwMjAzMDEwMDAxMB4XDTIwMDQzMDE0MTM0N1oXDTIwMDUwNzE0MTg0N1owggItMYICKTCCAiUGA1UEAxOCAhwzMDgyMDEwQTAyODIwMTAxMDBEMTgyRjMyRDg1N0JEQkU1NjA3RTg5QUI4RTNGNTQ4RkQzMDRCM0QyM0MzNTE4Mjg3NzBGOTgyRjhBNTU3RTc3NzFBNUNFMzFFNzM5RDUyMUZCMzk0NzY5MTU4NUJCOUNFNzU2RTIxNjdENEIzNDYwQUEyRTY0NkY5MURDOTQ2NEM2MEZEMTI0MjBFOURERDhGMjJFOTZDMUYxNkJCRjMyOTFFRTE2QjU5OTQ5RTNFQzIzNzhGNzY1ODAzNDFGRjk1MUYyQkUzRUY5NjMxQzdBREY0MDkyRERBQzQ5MzcxODcxQjkxOUUwMjQwMUEyOEVFNjMyQ0U2NDdDQjg1QUMzQTkxODQ5MzlGNjI2NjNCMzUzOUY4RDIyQzFEMEVFOTczMjgyOTlFQUM5Njg0RUEyMkQ3QjJGM0ExMTc3QUI1MTgzOTc0QTZEOTk4QjhERDI5NDgwQkU5NTc2RkU1QzNCQkE2MDM5RDUzQjJFNkZBMEZDRTRFNzM2NkM5MUZCRUIwOTcyN0YwODk4N0Q1MzFGQjNERTYyNzVFNTkyODI2Rjk0MUVGRjExMTg2NTNERkZEMTNDRTExODJBNkNCMDFDMTRBNEU5QzI3QUE1MkNFMzcwOTk5REY2QTgxRDhDRUFGQjUzMDk0QjE4MTM3QTEwMkUzQTI2QjQ3QURDRUJBNzAyMDMwMTAwMDEwggEiMA0GCSqGSIb3DQEBAQUAA4IBDwAwggEKAoIBAQDRgvMthXvb5WB+iauOP1SP0wSz0jw1GCh3D5gvilV+d3GlzjHnOdUh+zlHaRWFu5znVuIWfUs0YKouZG+R3JRkxg/RJCDp3djyLpbB8Wu/MpHuFrWZSePsI3j3ZYA0H/lR8r4++WMcet9Akt2sSTcYcbkZ4CQBoo7mMs5kfLhaw6kYSTn2JmOzU5+NIsHQ7pcygpnqyWhOoi17LzoRd6tRg5dKbZmLjdKUgL6Vdv5cO7pgOdU7Lm+g/OTnNmyR++sJcn8ImH1TH7PeYnXlkoJvlB7/ERhlPf/RPOEYKmywHBSk6cJ6pSzjcJmd9qgdjOr7UwlLGBN6EC46JrR63OunAgMBAAGjggGnMIIBozAdBgNVHQ4EFgQU38bTvYL3aBdzs7AfRRFiApUCv2YwHwYDVR0jBBgwFoAUoWXbzHxLPTh8KcIFFL5jRueGWGowDgYDVR0PAQH/BAQDAgeAMFkGA1UdHwRSMFAwTqBMoEqGSHJzeW5jOi8vbG9jYWxob3N0L3JlcG8vdGEvMC9BMTY1REJDQzdDNEIzRDM4N0MyOUMyMDUxNEJFNjM0NkU3ODY1ODZBLmNybDA8BggrBgEFBQcBAQQwMC4wLAYIKwYBBQUHMAKGIHJzeW5jOi8vbG9jYWxob3N0L3JlcG8vdGEvdGEuY2VyMGQGCCsGAQUFBwELBFgwVjBUBggrBgEFBQcwC4ZIcnN5bmM6Ly9sb2NhbGhvc3QvcmVwby90YS8wL0ExNjVEQkNDN0M0QjNEMzg3QzI5QzIwNTE0QkU2MzQ2RTc4NjU4NkEubWZ0MBgGA1UdIAEB/wQOMAwwCgYIKwYBBQUHDgIwIQYIKwYBBQUHAQcBAf8EEjAQMAYEAgABBQAwBgQCAAIFADAVBggrBgEFBQcBCAEB/wQGMASgAgUAMA0GCSqGSIb3DQEBCwUAA4IBAQBxt7ZNcth3+4hfiXnHk/E3LDl1BvY9cqoxj+7YXsFK5gvbbloMzZIAGamEsE3pUf7h0Ae7+IGJ2eEcQ6/hQwyIGsrCyxZNAPRxwuheQYDyB4o1whM1hthNDNE/Fdn3FFHyiDotByIr96JnaqPovos8mgNEh/4vWHqwQi0K+hbQkDYkmwGMIPpJl1d4zpsG5tqPlfhuKRUUESgas++TJBPBeszfNLs/AAp1DJ2b/4W/G6+P/PWuazUD6ImyGUwlp8Gv1ReaGni/lxv3Cul5zzIsMt41lGjqFEvEM71MNboMio15OLCh9+pN+VHXT65EG5UyFxTTider5/AW0FQ5rFUCMYIBrDCCAagCAQOAFN/G072C92gXc7OwH0URYgKVAr9mMA0GCWCGSAFlAwQCAQUAoGswGgYJKoZIhvcNAQkDMQ0GCyqGSIb3DQEJEAEaMBwGCSqGSIb3DQEJBTEPFw0yMDA0MzAxNDE4NDdaMC8GCSqGSIb3DQEJBDEiBCB7U/gEKH1Q4lXehCCatC8Uix8AI7tz7aario+UvaxMBTANBgkqhkiG9w0BAQEFAASCAQBbXZvimMsN2e3YyNhStN1xQhrDVSG45RmhYByglCtxfSK6Dy+MXDbzFU170Ehx7qUggoaH/50Gq9pcTevUml+Xu/fm7EEF21kY8wGK4JBrOyzohY8NmGzQ2krIWpFCl1Pjz1R/vtbk/3kFRDhA51jI0X4cnHtVy51OC+UODMmw9dhgRmB0GxG2fAPu4hLjIrllZYGTLi35PYRgJGmM4aZ26BtLv/ylrdRpZzimoBmbEOdqCtu5MV1LchUQMnPOV9IDjTt/w0OVxKgVfVksjz/m8zCKK9cyfICpDrIustPPYPLWfKMT6Q15U38FoQtuDX03TcffJldTjNf1Zxq2tLew",
                    "serial": "652921172431954027698933817752398281770407463732",
                    "expires": "2020-05-01T14:18:47.046053Z"
                  },
                  "next_update": "2020-05-01T14:18:47.046053Z",
                  "old": "4b02de9584027599fa29900082238a75adfa95a7618daf0b8c3a58e12c9f6c68"
                },
                "crl_info": {
                  "name": "A165DBCC7C4B3D387C29C20514BE6346E786586A.crl",
                  "current": {
                    "content": "MIID+jCCAuICAQEwDQYJKoZIhvcNAQELBQAwggItMYICKTCCAiUGA1UEAxOCAhwzMDgyMDEwQTAyODIwMTAxMDBDRTczOTUxNDkzQTdENjBEMUY0MEYxRTdDOTFFQ0I2MTdFQTAzMDA4RThCMDRDOUVFQjBBMjAzNEExQjc4MjY3Njk5REEwRjY4ODUwQUE1MjM1NTRCOUZENkIyODI0RTA1MEU0MEQ0M0NGRDEyNTQwMzAzOEUyNzhDNTYwNjZGN0ZFN0YyOUVCNjEwMDNCNTZGRjQxNTg1NEZCQkM0NDYzQkQ4QjcwQzk3RkEzMkJFMjNCN0I3RjkyRTZBRDkwMTNFMUI5RkY0NjRBOTIzM0JFN0NFQjU1ODQ4QTAyOUYyODVFOEE4MTFCNEI5QUJEMzcxNjc0NjhCQUVENDQwNDA4QjVFN0MyOUJDNThEMUZGMUIzNUI4Mjc2MjUzQUJCRTI2RDFBOUYwMzY5NUYxNDNBMDk4NUY3NEM2REM1QTI3MzE4ODhDNDZFNDJDMTZBNTdBQTc0Mzg2NjQ4N0U1QkJDMEZBNEI0MzNFNTg3Q0EzRkEzQzIxMDQ0RUUyRjRGNDlBNTgwQ0ZFRDg3OEFFQzYxQzIyODQ5ODFEQUVGOTIzRTU5QjM0REY5QjdDQjFBMjQwMEI3Q0M0NEVCNTIyRDgxRUVFNzY0REY5QTA4MjdCREUyMDkwREEyNkFFQjYzN0M1QzdDOTE5QTdCNURBMEI1M0M4NTgxOUZBM0EwNTJERjAyMDMwMTAwMDEXDTIwMDQzMDE0MTM0N1oXDTIwMDUwMTE0MTg0N1owTjAlAhQP2m7vVxNd+xsyeA2BENd5IPLWahcNMjAwNTAxMTQxODQzWjAlAhRUsrSpR+LQwNFOBYJMHfavZITZORcNMjAwNTAxMTQxODQ0WqAvMC0wHwYDVR0jBBgwFoAUoWXbzHxLPTh8KcIFFL5jRueGWGowCgYDVR0UBAMCAQMwDQYJKoZIhvcNAQELBQADggEBAD41IbnmQU0zCgCdJ5fYfZxHYOobN9DrV8N+fhHAP/L8jwJRoAsrAa7VZJsmGLxmbCTUej2kJ8MAOJL94a6MV8OcLCbWb2NsMLnvYsBtRNIPhzB5pGWWTFL5OacxIEafkO5mAoD0BFzAIdSrWLV3mDIrK/mwgCB3kDxEyK95gP7JVAVVXnrmZBw6msOQX1Z4j8Mjpb5YgSo1JgGHXny692rUgeYNCTItm5aeC8YFRbn2cpdKE0UxuHh2FurzXq5fLIeCtbfunEIyrZQhPXcXZKZiDo2MLpAeFvcuGp+qimKio6EyLn3k5MPryMf7e/npwJIrKVktzb4744JWLSNnAm0=",
                    "serial": "3",
                    "expires": "2020-05-01T14:18:47.040038Z"
                  },
                  "old": "422b628b85132a11c6e8e4961aca01428d4a3a0b383a8a5b9b6dc703dfc46daa"
                },
                "objects_delta": {
                  "ca_repo": "rsync://localhost/repo/ta/0",
                  "added": [
                    {
                      "name": "708ED06424A43B08DF47839D995474F864321970.cer",
                      "object": {
                        "content": "MIIHBjCCBe6gAwIBAgIUKHS41heqfkxABBAoeoXpVUpdO1YwDQYJKoZIhvcNAQELBQAwggItMYICKTCCAiUGA1UEAxOCAhwzMDgyMDEwQTAyODIwMTAxMDBDRTczOTUxNDkzQTdENjBEMUY0MEYxRTdDOTFFQ0I2MTdFQTAzMDA4RThCMDRDOUVFQjBBMjAzNEExQjc4MjY3Njk5REEwRjY4ODUwQUE1MjM1NTRCOUZENkIyODI0RTA1MEU0MEQ0M0NGRDEyNTQwMzAzOEUyNzhDNTYwNjZGN0ZFN0YyOUVCNjEwMDNCNTZGRjQxNTg1NEZCQkM0NDYzQkQ4QjcwQzk3RkEzMkJFMjNCN0I3RjkyRTZBRDkwMTNFMUI5RkY0NjRBOTIzM0JFN0NFQjU1ODQ4QTAyOUYyODVFOEE4MTFCNEI5QUJEMzcxNjc0NjhCQUVENDQwNDA4QjVFN0MyOUJDNThEMUZGMUIzNUI4Mjc2MjUzQUJCRTI2RDFBOUYwMzY5NUYxNDNBMDk4NUY3NEM2REM1QTI3MzE4ODhDNDZFNDJDMTZBNTdBQTc0Mzg2NjQ4N0U1QkJDMEZBNEI0MzNFNTg3Q0EzRkEzQzIxMDQ0RUUyRjRGNDlBNTgwQ0ZFRDg3OEFFQzYxQzIyODQ5ODFEQUVGOTIzRTU5QjM0REY5QjdDQjFBMjQwMEI3Q0M0NEVCNTIyRDgxRUVFNzY0REY5QTA4MjdCREUyMDkwREEyNkFFQjYzN0M1QzdDOTE5QTdCNURBMEI1M0M4NTgxOUZBM0EwNTJERjAyMDMwMTAwMDEwHhcNMjAwNDMwMTQxMzQ3WhcNMjEwNDMwMTQxODQ3WjAzMTEwLwYDVQQDEyg3MDhFRDA2NDI0QTQzQjA4REY0NzgzOUQ5OTU0NzRGODY0MzIxOTcwMIIBIjANBgkqhkiG9w0BAQEFAAOCAQ8AMIIBCgKCAQEA2350d72AyVb2to8xKy/MQNa6J8pBllrGgtq2GJKHzA2wg86RI9DFYX6eZ4CpguADzEzphGHuotIgFI8pD2ajFp+fzlmDXzfmpaxNUwy9HsSwfGw1KmmMNSmbIqobME7tWIxWKWwftsuHDdLGn/+uW+NFmb2UvCBS7gVlsRXDrdvtFQ99LADnm8wzzqGDcfaWKIs6LivN7QmOzoAygIhUj+RQ3ZVZ8OKg5xLT98dgAOQr9aJVUzrKYQz+RVtrP2uTGNF4guQwRrbn8n9O3oHbxMcr6sSSGnzJ5U4sKj8RAVdPzDeakW4aLkhPZ2WmlwYhRKbzWUMckJQpHZq3wgeYowIDAQABo4ICFDCCAhAwDwYDVR0TAQH/BAUwAwEB/zAdBgNVHQ4EFgQUcI7QZCSkOwjfR4OdmVR0+GQyGXAwHwYDVR0jBBgwFoAUoWXbzHxLPTh8KcIFFL5jRueGWGowDgYDVR0PAQH/BAQDAgEGMFkGA1UdHwRSMFAwTqBMoEqGSHJzeW5jOi8vbG9jYWxob3N0L3JlcG8vdGEvMC9BMTY1REJDQzdDNEIzRDM4N0MyOUMyMDUxNEJFNjM0NkU3ODY1ODZBLmNybDA8BggrBgEFBQcBAQQwMC4wLAYIKwYBBQUHMAKGIHJzeW5jOi8vbG9jYWxob3N0L3JlcG8vdGEvdGEuY2VyMIHZBggrBgEFBQcBCwSBzDCByTAtBggrBgEFBQcwBYYhcnN5bmM6Ly9sb2NhbGhvc3QvcmVwby9yZmM2NDkyLzAvMFkGCCsGAQUFBzAKhk1yc3luYzovL2xvY2FsaG9zdC9yZXBvL3JmYzY0OTIvMC83MDhFRDA2NDI0QTQzQjA4REY0NzgzOUQ5OTU0NzRGODY0MzIxOTcwLm1mdDA9BggrBgEFBQcwDYYxaHR0cHM6Ly9sb2NhbGhvc3Q6MzAwMC90ZXN0LXJyZHAvbm90aWZpY2F0aW9uLnhtbDAYBgNVHSABAf8EDjAMMAoGCCsGAQUFBw4CMB4GCCsGAQUFBwEHAQH/BA8wDTALBAIAATAFAwMACgAwDQYJKoZIhvcNAQELBQADggEBAFqFh7fABfZu1T/39IQ6BoQtRCESI0bQx6lVggRbs0jJTMGj+AfXwy00KVj1aJEthei0eqbLtpsT08fWfS2fNXskQNBetQ2nWhTV9+iuyX9+FO8Ebj+vCb0iXxA6vLzd6q6mskuY2LlXr2u8qX2c/xiGk7Kz/norxjr5k9LPDz6hQK9zDMW80BgB9d/DXQ8nyDXu245fgg7JYq62yDMWy8I8wWolvRXiQfA73e7UOZIR97hqF+G7FVM9GjtDgYMAe3rC5vvj/FZLh4fT0SeOphSmQkK51dK5jVlIOP00QaEBT7F1/5XmbpKpZCss+9vYVj7Yvau1U7Bpj8iVjxJOG0E=",
                        "serial": "230962618788478594213724407995828460364429605718",
                        "expires": "2021-04-30T14:18:47Z"
                      }
                    }
                  ],
                  "updated": [
                    {
                      "name": "A165DBCC7C4B3D387C29C20514BE6346E786586A.crl",
                      "object": {
                        "content": "MIID+jCCAuICAQEwDQYJKoZIhvcNAQELBQAwggItMYICKTCCAiUGA1UEAxOCAhwzMDgyMDEwQTAyODIwMTAxMDBDRTczOTUxNDkzQTdENjBEMUY0MEYxRTdDOTFFQ0I2MTdFQTAzMDA4RThCMDRDOUVFQjBBMjAzNEExQjc4MjY3Njk5REEwRjY4ODUwQUE1MjM1NTRCOUZENkIyODI0RTA1MEU0MEQ0M0NGRDEyNTQwMzAzOEUyNzhDNTYwNjZGN0ZFN0YyOUVCNjEwMDNCNTZGRjQxNTg1NEZCQkM0NDYzQkQ4QjcwQzk3RkEzMkJFMjNCN0I3RjkyRTZBRDkwMTNFMUI5RkY0NjRBOTIzM0JFN0NFQjU1ODQ4QTAyOUYyODVFOEE4MTFCNEI5QUJEMzcxNjc0NjhCQUVENDQwNDA4QjVFN0MyOUJDNThEMUZGMUIzNUI4Mjc2MjUzQUJCRTI2RDFBOUYwMzY5NUYxNDNBMDk4NUY3NEM2REM1QTI3MzE4ODhDNDZFNDJDMTZBNTdBQTc0Mzg2NjQ4N0U1QkJDMEZBNEI0MzNFNTg3Q0EzRkEzQzIxMDQ0RUUyRjRGNDlBNTgwQ0ZFRDg3OEFFQzYxQzIyODQ5ODFEQUVGOTIzRTU5QjM0REY5QjdDQjFBMjQwMEI3Q0M0NEVCNTIyRDgxRUVFNzY0REY5QTA4MjdCREUyMDkwREEyNkFFQjYzN0M1QzdDOTE5QTdCNURBMEI1M0M4NTgxOUZBM0EwNTJERjAyMDMwMTAwMDEXDTIwMDQzMDE0MTM0N1oXDTIwMDUwMTE0MTg0N1owTjAlAhQP2m7vVxNd+xsyeA2BENd5IPLWahcNMjAwNTAxMTQxODQzWjAlAhRUsrSpR+LQwNFOBYJMHfavZITZORcNMjAwNTAxMTQxODQ0WqAvMC0wHwYDVR0jBBgwFoAUoWXbzHxLPTh8KcIFFL5jRueGWGowCgYDVR0UBAMCAQMwDQYJKoZIhvcNAQELBQADggEBAD41IbnmQU0zCgCdJ5fYfZxHYOobN9DrV8N+fhHAP/L8jwJRoAsrAa7VZJsmGLxmbCTUej2kJ8MAOJL94a6MV8OcLCbWb2NsMLnvYsBtRNIPhzB5pGWWTFL5OacxIEafkO5mAoD0BFzAIdSrWLV3mDIrK/mwgCB3kDxEyK95gP7JVAVVXnrmZBw6msOQX1Z4j8Mjpb5YgSo1JgGHXny692rUgeYNCTItm5aeC8YFRbn2cpdKE0UxuHh2FurzXq5fLIeCtbfunEIyrZQhPXcXZKZiDo2MLpAeFvcuGp+qimKio6EyLn3k5MPryMf7e/npwJIrKVktzb4744JWLSNnAm0=",
                        "serial": "3",
                        "expires": "2020-05-01T14:18:47.040038Z"
                      },
                      "old": "422b628b85132a11c6e8e4961aca01428d4a3a0b383a8a5b9b6dc703dfc46daa"
                    },
                    {
                      "name": "A165DBCC7C4B3D387C29C20514BE6346E786586A.mft",
                      "object": {
                        "content": "MIILvQYJKoZIhvcNAQcCoIILrjCCC6oCAQMxDzANBglghkgBZQMEAgEFADCCAUUGCyqGSIb3DQEJEAEaoIIBNASCATAwggEsAgEDGA8yMDIwMDQzMDE0MTM0N1oYDzIwMjAwNTAxMTQxODQ3WgYJYIZIAWUDBAIBMIH5MFEWLDVEM0NEREM3OUYwRjAwRkQ1OUUxMzEyNDcyRjk5NjA1Nzg3OENGNzYuY2VyAyEAJzdjM/z94rbKeS5gZMU5U2uqsjpZTmDpdjEc7r4HbEMwURYsNzA4RUQwNjQyNEE0M0IwOERGNDc4MzlEOTk1NDc0Rjg2NDMyMTk3MC5jZXIDIQCnTo+M2oiaHSeTYXvprsoc8hsdITzQ48YfLV+2omEhYDBRFixBMTY1REJDQzdDNEIzRDM4N0MyOUMyMDUxNEJFNjM0NkU3ODY1ODZBLmNybAMhAIeesDB6eu+4tmdJNdNGdKx18QMPW0+RywkxytrsgiFyoIIImTCCCJUwggd9oAMCAQICFHJd/3pQqDSFHYKr1UPPzGU9Bos0MA0GCSqGSIb3DQEBCwUAMIICLTGCAikwggIlBgNVBAMTggIcMzA4MjAxMEEwMjgyMDEwMTAwQ0U3Mzk1MTQ5M0E3RDYwRDFGNDBGMUU3QzkxRUNCNjE3RUEwMzAwOEU4QjA0QzlFRUIwQTIwMzRBMUI3ODI2NzY5OURBMEY2ODg1MEFBNTIzNTU0QjlGRDZCMjgyNEUwNTBFNDBENDNDRkQxMjU0MDMwMzhFMjc4QzU2MDY2RjdGRTdGMjlFQjYxMDAzQjU2RkY0MTU4NTRGQkJDNDQ2M0JEOEI3MEM5N0ZBMzJCRTIzQjdCN0Y5MkU2QUQ5MDEzRTFCOUZGNDY0QTkyMzNCRTdDRUI1NTg0OEEwMjlGMjg1RThBODExQjRCOUFCRDM3MTY3NDY4QkFFRDQ0MDQwOEI1RTdDMjlCQzU4RDFGRjFCMzVCODI3NjI1M0FCQkUyNkQxQTlGMDM2OTVGMTQzQTA5ODVGNzRDNkRDNUEyNzMxODg4QzQ2RTQyQzE2QTU3QUE3NDM4NjY0ODdFNUJCQzBGQTRCNDMzRTU4N0NBM0ZBM0MyMTA0NEVFMkY0RjQ5QTU4MENGRUQ4NzhBRUM2MUMyMjg0OTgxREFFRjkyM0U1OUIzNERGOUI3Q0IxQTI0MDBCN0NDNDRFQjUyMkQ4MUVFRTc2NERGOUEwODI3QkRFMjA5MERBMjZBRUI2MzdDNUM3QzkxOUE3QjVEQTBCNTNDODU4MTlGQTNBMDUyREYwMjAzMDEwMDAxMB4XDTIwMDQzMDE0MTM0N1oXDTIwMDUwNzE0MTg0N1owggItMYICKTCCAiUGA1UEAxOCAhwzMDgyMDEwQTAyODIwMTAxMDBEMTgyRjMyRDg1N0JEQkU1NjA3RTg5QUI4RTNGNTQ4RkQzMDRCM0QyM0MzNTE4Mjg3NzBGOTgyRjhBNTU3RTc3NzFBNUNFMzFFNzM5RDUyMUZCMzk0NzY5MTU4NUJCOUNFNzU2RTIxNjdENEIzNDYwQUEyRTY0NkY5MURDOTQ2NEM2MEZEMTI0MjBFOURERDhGMjJFOTZDMUYxNkJCRjMyOTFFRTE2QjU5OTQ5RTNFQzIzNzhGNzY1ODAzNDFGRjk1MUYyQkUzRUY5NjMxQzdBREY0MDkyRERBQzQ5MzcxODcxQjkxOUUwMjQwMUEyOEVFNjMyQ0U2NDdDQjg1QUMzQTkxODQ5MzlGNjI2NjNCMzUzOUY4RDIyQzFEMEVFOTczMjgyOTlFQUM5Njg0RUEyMkQ3QjJGM0ExMTc3QUI1MTgzOTc0QTZEOTk4QjhERDI5NDgwQkU5NTc2RkU1QzNCQkE2MDM5RDUzQjJFNkZBMEZDRTRFNzM2NkM5MUZCRUIwOTcyN0YwODk4N0Q1MzFGQjNERTYyNzVFNTkyODI2Rjk0MUVGRjExMTg2NTNERkZEMTNDRTExODJBNkNCMDFDMTRBNEU5QzI3QUE1MkNFMzcwOTk5REY2QTgxRDhDRUFGQjUzMDk0QjE4MTM3QTEwMkUzQTI2QjQ3QURDRUJBNzAyMDMwMTAwMDEwggEiMA0GCSqGSIb3DQEBAQUAA4IBDwAwggEKAoIBAQDRgvMthXvb5WB+iauOP1SP0wSz0jw1GCh3D5gvilV+d3GlzjHnOdUh+zlHaRWFu5znVuIWfUs0YKouZG+R3JRkxg/RJCDp3djyLpbB8Wu/MpHuFrWZSePsI3j3ZYA0H/lR8r4++WMcet9Akt2sSTcYcbkZ4CQBoo7mMs5kfLhaw6kYSTn2JmOzU5+NIsHQ7pcygpnqyWhOoi17LzoRd6tRg5dKbZmLjdKUgL6Vdv5cO7pgOdU7Lm+g/OTnNmyR++sJcn8ImH1TH7PeYnXlkoJvlB7/ERhlPf/RPOEYKmywHBSk6cJ6pSzjcJmd9qgdjOr7UwlLGBN6EC46JrR63OunAgMBAAGjggGnMIIBozAdBgNVHQ4EFgQU38bTvYL3aBdzs7AfRRFiApUCv2YwHwYDVR0jBBgwFoAUoWXbzHxLPTh8KcIFFL5jRueGWGowDgYDVR0PAQH/BAQDAgeAMFkGA1UdHwRSMFAwTqBMoEqGSHJzeW5jOi8vbG9jYWxob3N0L3JlcG8vdGEvMC9BMTY1REJDQzdDNEIzRDM4N0MyOUMyMDUxNEJFNjM0NkU3ODY1ODZBLmNybDA8BggrBgEFBQcBAQQwMC4wLAYIKwYBBQUHMAKGIHJzeW5jOi8vbG9jYWxob3N0L3JlcG8vdGEvdGEuY2VyMGQGCCsGAQUFBwELBFgwVjBUBggrBgEFBQcwC4ZIcnN5bmM6Ly9sb2NhbGhvc3QvcmVwby90YS8wL0ExNjVEQkNDN0M0QjNEMzg3QzI5QzIwNTE0QkU2MzQ2RTc4NjU4NkEubWZ0MBgGA1UdIAEB/wQOMAwwCgYIKwYBBQUHDgIwIQYIKwYBBQUHAQcBAf8EEjAQMAYEAgABBQAwBgQCAAIFADAVBggrBgEFBQcBCAEB/wQGMASgAgUAMA0GCSqGSIb3DQEBCwUAA4IBAQBxt7ZNcth3+4hfiXnHk/E3LDl1BvY9cqoxj+7YXsFK5gvbbloMzZIAGamEsE3pUf7h0Ae7+IGJ2eEcQ6/hQwyIGsrCyxZNAPRxwuheQYDyB4o1whM1hthNDNE/Fdn3FFHyiDotByIr96JnaqPovos8mgNEh/4vWHqwQi0K+hbQkDYkmwGMIPpJl1d4zpsG5tqPlfhuKRUUESgas++TJBPBeszfNLs/AAp1DJ2b/4W/G6+P/PWuazUD6ImyGUwlp8Gv1ReaGni/lxv3Cul5zzIsMt41lGjqFEvEM71MNboMio15OLCh9+pN+VHXT65EG5UyFxTTider5/AW0FQ5rFUCMYIBrDCCAagCAQOAFN/G072C92gXc7OwH0URYgKVAr9mMA0GCWCGSAFlAwQCAQUAoGswGgYJKoZIhvcNAQkDMQ0GCyqGSIb3DQEJEAEaMBwGCSqGSIb3DQEJBTEPFw0yMDA0MzAxNDE4NDdaMC8GCSqGSIb3DQEJBDEiBCB7U/gEKH1Q4lXehCCatC8Uix8AI7tz7aario+UvaxMBTANBgkqhkiG9w0BAQEFAASCAQBbXZvimMsN2e3YyNhStN1xQhrDVSG45RmhYByglCtxfSK6Dy+MXDbzFU170Ehx7qUggoaH/50Gq9pcTevUml+Xu/fm7EEF21kY8wGK4JBrOyzohY8NmGzQ2krIWpFCl1Pjz1R/vtbk/3kFRDhA51jI0X4cnHtVy51OC+UODMmw9dhgRmB0GxG2fAPu4hLjIrllZYGTLi35PYRgJGmM4aZ26BtLv/ylrdRpZzimoBmbEOdqCtu5MV1LchUQMnPOV9IDjTt/w0OVxKgVfVksjz/m8zCKK9cyfICpDrIustPPYPLWfKMT6Q15U38FoQtuDX03TcffJldTjNf1Zxq2tLew",
                        "serial": "652921172431954027698933817752398281770407463732",
                        "expires": "2020-05-01T14:18:47.046053Z"
                      },
                      "old": "4b02de9584027599fa29900082238a75adfa95a7618daf0b8c3a58e12c9f6c68"
                    }
                  ],
                  "withdrawn": []
                }
              }
            }
          ]
        }
      }
    ]
  }
}