{
  "command": {
    "actor": "krill",
    "time": "2020-04-28T13:28:05.403387Z",
    "handle": "ta",
    "version": 12,
    "sequence": 8,
    "details": {
      "child_certify": [
        "child",
        "0",
        {
          "asn": "none",
          "v4": "none",
          "v6": "none"
        },
        "4591FF2F94D01E45DA3A20F62579431DEED5B038"
      ]
    },
    "effect": {
      "events": [
        12,
        13,
        14
      ]
    }
  },
  "result": {
    "Events": [
      {
        "id": "ta",
        "version": 12,
        "details": {
          "child_certificate_issued": [
            "child",
            "0",
            "4591FF2F94D01E45DA3A20F62579431DEED5B038"
          ]
        }
      },
      {
        "id": "ta",
        "version": 13,
        "details": {
          "child_certificates_updated": [
            "0",
            {
              "issued": [
                {
                  "uri": "rsync://localhost/repo/ta/0/4591FF2F94D01E45DA3A20F62579431DEED5B038.cer",
                  "limit": {
                    "asn": "none",
                    "v4": "none",
                    "v6": "none"
                  },
                  "resource_set": {
                    "asn": "",
                    "v4": "192.168.0.0/16",
                    "v6": ""
                  },
                  "cert": "MIIHAjCCBeqgAwIBAgIUaNvK5O1K6CJhYG5WkA+vXpsWG2gwDQYJKoZIhvcNAQELBQAwggItMYICKTCCAiUGA1UEAxOCAhwzMDgyMDEwQTAyODIwMTAxMDBENTcwNTJGM0Y3RTI5OTFFNDIyMUQ1NzREMDg5NDc2QjUyMjQxOTJDRjY3N0M5MzkyMjEzMTRFNUU3QTdBNDhBNDFDRkY4QkFBNUU1ODRGMTlEMEU4MkVDRkQ5RDI5Qjg5MTk3MEZCQzRBNTNDREY4NkY2NjVBQURCODM0RDNCQTVCMzU3RTc4RTc3RUQzNTA3QkJFNUY5NUYxNUQ5NzZBNDcwRjdGNzI1NjBEM0EyNTBFM0YwRTU3QzQ5RkMzNEE4MjI2OUREQjYxNDE0NUM5MjBGNEFCRTI2MjM3RTMzMDYyNDYxMTNGNDBFNDc2NTc2QTQ3QzcxNDYxOUU3RUM2ODQzQkM3NkY3RUVBOThGNjY4MzJFQUYwQzE4ODgwREQ1NzQ5RUFFMTMzRTlENzFDNjYxRUM0QkEyNUNCMTk2MDY1Q0IwNDlFRTMyQzFFMjhEOUIwNDE3OEQwMkUzNUFGNTQ0NEQ4RjVDRDU0QzUyMjNENURENjg4MDk3ODFDMDE2NERDMjYzMkRENjc5ODYxNUE2QTFFNEUyRjZFMjI1MDM1M0ExMjMyNzI2Q0FFQzE3MTgzODEyN0U1REM1OEI0NUMyOUI3MUM1MEYxMDU1MjE2NTBFNTkzMjIwQTU2QTkwQjczNEJDODA4MjVDOURDRjIzQUVFNUUxNzcxRDJFOTAyMDMwMTAwMDEwHhcNMjAwNDI4MTMyMzA1WhcNMjEwNDI4MTMyODA1WjAzMTEwLwYDVQQDEyg0NTkxRkYyRjk0RDAxRTQ1REEzQTIwRjYyNTc5NDMxREVFRDVCMDM4MIIBIjANBgkqhkiG9w0BAQEFAAOCAQ8AMIIBCgKCAQEA2YDWzWED3wzOX5+YLIWrsc2l4H1aany1anbGI0f7a0NDk602S3UhANYvRKSyJDV4xpPkkezLbbhPkhJUib82gArN3UKcuiGjmntxSh3+LOn/B2F5dadYPhtosfstiXCW/gyolAeupx2wlLt+Yc4bqVjJLeDdoIhArbVw91O2asPr+bOo/9vBWrtNfj8tu7nZ9oNyvTw1catP1uigxZsuWv+EcIh8TrBJ0ZaZbtDxjBUe3rgjYB1C2TNBDhoX2M9ZuO8kPhGWjSHOs1tF+rrsLGoVsVXAY/PNJUrNiAQyAfR54Wo6lea9JTb9A8791dcZHedUMq5S+9eCvx0bHJApZwIDAQABo4ICEDCCAgwwDwYDVR0TAQH/BAUwAwEB/zAdBgNVHQ4EFgQURZH/L5TQHkXaOiD2JXlDHe7VsDgwHwYDVR0jBBgwFoAUbKywsyXpTjVWMCm+YXmGJbjPRHswDgYDVR0PAQH/BAQDAgEGMFkGA1UdHwRSMFAwTqBMoEqGSHJzeW5jOi8vbG9jYWxob3N0L3JlcG8vdGEvMC82Q0FDQjBCMzI1RTk0RTM1NTYzMDI5QkU2MTc5ODYyNUI4Q0Y0NDdCLmNybDA8BggrBgEFBQcBAQQwMC4wLAYIKwYBBQUHMAKGIHJzeW5jOi8vbG9jYWxob3N0L3JlcG8vdGEvdGEuY2VyMIHVBggrBgEFBQcBCwSByDCBxTArBggrBgEFBQcwBYYfcnN5bmM6Ly9sb2NhbGhvc3QvcmVwby9jaGlsZC8wLzBXBggrBgEFBQcwCoZLcnN5bmM6Ly9sb2NhbGhvc3QvcmVwby9jaGlsZC8wLzQ1OTFGRjJGOTREMDFFNDVEQTNBMjBGNjI1Nzk0MzFERUVENUIwMzgubWZ0MD0GCCsGAQUFBzANhjFodHRwczovL2xvY2FsaG9zdDozMDAwL3Rlc3QtcnJkcC9ub3RpZmljYXRpb24ueG1sMBgGA1UdIAEB/wQOMAwwCgYIKwYBBQUHDgIwHgYIKwYBBQUHAQcBAf8EDzANMAsEAgABMAUDAwDAqDANBgkqhkiG9w0BAQsFAAOCAQEAhE3Z8oiwbG5EdawNyIq0qMAqmWlzqWkin6KBlwXxI2Fz8Z179YYWFf3t/9+I34P1qCZQiUpePQ9Rt2IyWkwHO+hBiIbYLTDSwMwUkeL0NBGv3VRTInARXQwVZfOz+ei2IPbublEGUOYaF9/JV9/+KDBCLbyKHU08MhzTBQxQcGL/BgDtENmqpypJ6C/gl030iQlZbD4du/7dxpP1wE9eIn//AbKJpxHxcg/pF00Gp1vI0afZvInL8apy9hip0morHOCogmUNGlVUWofXM8lfakgIMSDlkkz+qqLIX9E/dyqr9IWpiVs5OaBeJtv9opGN216Qk/QMTQZEskmPvkSqnQ==",
                  "replaces": null
                }
              ],
              "removed": []
            }
          ]
        }
      },
      {
        "id": "ta",
        "version": 14,
        "details": {
          "object_set_updated": [
            "0",
            {
              "6CACB0B325E94E35563029BE61798625B8CF447B": {
                "number": 4,
                "revocations_delta": {
                  "added": [
                    {
                      "serial": "399975446463921715074212928104399972599005084762",
                      "expires": "2020-04-29T13:28:03.289655Z"
                    }
                  ],
                  "dropped": []
                },
                "manifest_info": {
                  "name": "6CACB0B325E94E35563029BE61798625B8CF447B.mft",
                  "current": {
                    "content": "MIILvQYJKoZIhvcNAQcCoIILrjCCC6oCAQMxDzANBglghkgBZQMEAgEFADCCAUUGCyqGSIb3DQEJEAEaoIIBNASCATAwggEsAgEEGA8yMDIwMDQyODEzMjMwNVoYDzIwMjAwNDI5MTMyODA1WgYJYIZIAWUDBAIBMIH5MFEWLDZDQUNCMEIzMjVFOTRFMzU1NjMwMjlCRTYxNzk4NjI1QjhDRjQ0N0IuY3JsAyEAWm/Gc6O5bsw60/aLdHpu0K1RhWoHHv0X7NbHdKrwqVcwURYsNzdBQTY5RTk1NzFEMUREMDkyRjczMzFDRjcxNTdEMDdCNUU4OTk3Qi5jZXIDIQCkQWqyp4SqIIo/MDdZDuPcATgIbzhN2Z9Isc6e2YkQvTBRFiw0NTkxRkYyRjk0RDAxRTQ1REEzQTIwRjYyNTc5NDMxREVFRDVCMDM4LmNlcgMhAExprSBCUo1UQh+xP6C4HeMVnNOIcDxV3NK/xMk8qgdxoIIImTCCCJUwggd9oAMCAQICFG5DVDion9vgC+DReRyGRHOiDzJhMA0GCSqGSIb3DQEBCwUAMIICLTGCAikwggIlBgNVBAMTggIcMzA4MjAxMEEwMjgyMDEwMTAwRDU3MDUyRjNGN0UyOTkxRTQyMjFENTc0RDA4OTQ3NkI1MjI0MTkyQ0Y2NzdDOTM5MjIxMzE0RTVFN0E3QTQ4QTQxQ0ZGOEJBQTVFNTg0RjE5RDBFODJFQ0ZEOUQyOUI4OTE5NzBGQkM0QTUzQ0RGODZGNjY1QUFEQjgzNEQzQkE1QjM1N0U3OEU3N0VEMzUwN0JCRTVGOTVGMTVEOTc2QTQ3MEY3RjcyNTYwRDNBMjUwRTNGMEU1N0M0OUZDMzRBODIyNjlEREI2MTQxNDVDOTIwRjRBQkUyNjIzN0UzMzA2MjQ2MTEzRjQwRTQ3NjU3NkE0N0M3MTQ2MTlFN0VDNjg0M0JDNzZGN0VFQTk4RjY2ODMyRUFGMEMxODg4MERENTc0OUVBRTEzM0U5RDcxQzY2MUVDNEJBMjVDQjE5NjA2NUNCMDQ5RUUzMkMxRTI4RDlCMDQxNzhEMDJFMzVBRjU0NDREOEY1Q0Q1NEM1MjIzRDVERDY4ODA5NzgxQzAxNjREQzI2MzJERDY3OTg2MTVBNkExRTRFMkY2RTIyNTAzNTNBMTIzMjcyNkNBRUMxNzE4MzgxMjdFNURDNThCNDVDMjlCNzFDNTBGMTA1NTIxNjUwRTU5MzIyMEE1NkE5MEI3MzRCQzgwODI1QzlEQ0YyM0FFRTVFMTc3MUQyRTkwMjAzMDEwMDAxMB4XDTIwMDQyODEzMjMwNVoXDTIwMDUwNTEzMjgwNVowggItMYICKTCCAiUGA1UEAxOCAhwzMDgyMDEwQTAyODIwMTAxMDBEQkE0QUYyMjM2QTA2QzFDQ0FCRTdGNDJGRjEwMDg0NUFCQjgzQTg0OUIzRERBMDQ1NkMwQ0QyQ0RENkQ1NTcwQ0RFNzJCNUQ5Nzc2NkVGRENGMzdFQzRDNTk5Qzk0MkE4Mzk3MjI4QUFEMEU0OEFFQjNDNjFGQUNCQ0QxRUUxNzA5MUEwMjJDMEM5RDczRTgwMEYzNDI0NzgzRTUwRkRFQzI0OUUxNDEwMjlFREUyNTI2NTZDNTcyQzA2Rjc2NjU3REYyNEY3MTNBNTk0RUE0QTA3MURCOTI4MjJDOEU2RDkzMjhCNTA4OTEwRDQ5NUQ2QjA0NTIxNDMyRkZGNjVBNDg0QjQzNTMwMkJENjhBQTgyNTlFQTBDNkY0M0RCMTg1QzY4NkZFQkU4NTIwNTFEMzA0QjNGNjhFQTZEOUE2ODc2Q0NBNEFFQTU2NEQ1MTMzOTc5OTY0OEQ2NTM1OTFDMUQzMTNEQjA5QjI5Q0UxREI3Q0QyODJFQjFCREQ3RDNGRTRCRDlEMjI3NEYxM0JEREMwMUE1NzdCNEE1NDQ0ODg3MTY0MjFBRDNGMjVDNDE5MDUyNUJDMkI1QkNDMEZGMTYyMTc3NkUxMTY4QkRCODI3NDZBNjgzOTREODU4NzQyRjk0MjlGQzNDRjg5RDVGRjk3MDFGRjE5QjBCNkIxNzAyMDMwMTAwMDEwggEiMA0GCSqGSIb3DQEBAQUAA4IBDwAwggEKAoIBAQDbpK8iNqBsHMq+f0L/EAhFq7g6hJs92gRWwM0s3W1VcM3nK12Xdm79zzfsTFmclCqDlyKKrQ5IrrPGH6y80e4XCRoCLAydc+gA80JHg+UP3sJJ4UECnt4lJlbFcsBvdmV98k9xOllOpKBx25KCLI5tkyi1CJENSV1rBFIUMv/2WkhLQ1MCvWiqglnqDG9D2xhcaG/r6FIFHTBLP2jqbZpodsykrqVk1RM5eZZI1lNZHB0xPbCbKc4dt80oLrG919P+S9nSJ08TvdwBpXe0pURIhxZCGtPyXEGQUlvCtbzA/xYhd24RaL24J0amg5TYWHQvlCn8PPidX/lwH/GbC2sXAgMBAAGjggGnMIIBozAdBgNVHQ4EFgQUEnNgUA/Ccmcz18Y8Ta9bo+IGiBIwHwYDVR0jBBgwFoAUbKywsyXpTjVWMCm+YXmGJbjPRHswDgYDVR0PAQH/BAQDAgeAMFkGA1UdHwRSMFAwTqBMoEqGSHJzeW5jOi8vbG9jYWxob3N0L3JlcG8vdGEvMC82Q0FDQjBCMzI1RTk0RTM1NTYzMDI5QkU2MTc5ODYyNUI4Q0Y0NDdCLmNybDA8BggrBgEFBQcBAQQwMC4wLAYIKwYBBQUHMAKGIHJzeW5jOi8vbG9jYWxob3N0L3JlcG8vdGEvdGEuY2VyMGQGCCsGAQUFBwELBFgwVjBUBggrBgEFBQcwC4ZIcnN5bmM6Ly9sb2NhbGhvc3QvcmVwby90YS8wLzZDQUNCMEIzMjVFOTRFMzU1NjMwMjlCRTYxNzk4NjI1QjhDRjQ0N0IubWZ0MBgGA1UdIAEB/wQOMAwwCgYIKwYBBQUHDgIwIQYIKwYBBQUHAQcBAf8EEjAQMAYEAgABBQAwBgQCAAIFADAVBggrBgEFBQcBCAEB/wQGMASgAgUAMA0GCSqGSIb3DQEBCwUAA4IBAQAxqXvc1uSu8sXiRDMjOeJRom/GhVhClLVx/9YO2ir9yEd7i10IZ26IQqm3GKFGQYgS/60rGjmolsPZyHhiYSN05A0Egj1D8rVkeEm/BQRx0OaydIbRYDEM6+uxClRW/BgLAbe5GubwYQMXk51WDwBKtmOVCnuERnuxsht7DI7l0k/cXW94HKym9NF4ZIVLStMMP/9+Euvm1IDlL6t5xTeYczwebiz5NVehhz8OSuDJWt//QMZBcrBQ/w8kxgct+aOttDrxB8qTgKBodLrBEQgz7dtNXMgijMJ4D8xaBO76HKs0Exxc1Oh6KZwCfMyrGwO/NpuPduaExJIVOf/oTFxaMYIBrDCCAagCAQOAFBJzYFAPwnJnM9fGPE2vW6PiBogSMA0GCWCGSAFlAwQCAQUAoGswGgYJKoZIhvcNAQkDMQ0GCyqGSIb3DQEJEAEaMBwGCSqGSIb3DQEJBTEPFw0yMDA0MjgxMzI4MDVaMC8GCSqGSIb3DQEJBDEiBCA5Gx+nnlhfF6Ze7RTFB5OgnAEl+sLN7/693DmsQ3k0VzANBgkqhkiG9w0BAQEFAASCAQC8gIqOIF7kGsVFjPoXhuCbHWz/IweVFCsqaTMeEg48505CeQ6fQBmDNhOM+Jt/10OQeXYgUHHNBEAmPHf8ny8aTJUWaUaRy8kJDXETPgulbt3jybqrqTQHNZLzrfuSNAbpqRrbUuZkodH9/4W7vK5Dq+6sK7XUV9Lkf2jBpEAz1r0lBtVeOIbeuv3979AcK0YiAi6Vn1QOJ5Sf65EsKUCS5rPSQ8rZ5Va0oMrBoPflgqPHYSIT9iQ4E80wi5vtYAYxs0KdiwLkgltR+BRDjbunjdzW/jUK6wyeUXF3sqq91iKzZVdB3ZkkSdTtBhLiO2sTgA3XvAxi9ReF7aOTCK3b",
                    "serial": "629490471430895052940261620890726760506452816481",
                    "expires": "2020-04-29T13:28:05.413331Z"
                  },
                  "next_update": "2020-04-29T13:28:05.413331Z",
                  "old": "8e3b6ce059248879c80dc50cb5395dbe09c28111a65832e0efc0145e840484ab"
                },
                "crl_info": {
                  "name": "6CACB0B325E94E35563029BE61798625B8CF447B.crl",
                  "current": {
                    "content": "MIIESTCCAzECAQEwDQYJKoZIhvcNAQELBQAwggItMYICKTCCAiUGA1UEAxOCAhwzMDgyMDEwQTAyODIwMTAxMDBENTcwNTJGM0Y3RTI5OTFFNDIyMUQ1NzREMDg5NDc2QjUyMjQxOTJDRjY3N0M5MzkyMjEzMTRFNUU3QTdBNDhBNDFDRkY4QkFBNUU1ODRGMTlEMEU4MkVDRkQ5RDI5Qjg5MTk3MEZCQzRBNTNDREY4NkY2NjVBQURCODM0RDNCQTVCMzU3RTc4RTc3RUQzNTA3QkJFNUY5NUYxNUQ5NzZBNDcwRjdGNzI1NjBEM0EyNTBFM0YwRTU3QzQ5RkMzNEE4MjI2OUREQjYxNDE0NUM5MjBGNEFCRTI2MjM3RTMzMDYyNDYxMTNGNDBFNDc2NTc2QTQ3QzcxNDYxOUU3RUM2ODQzQkM3NkY3RUVBOThGNjY4MzJFQUYwQzE4ODgwREQ1NzQ5RUFFMTMzRTlENzFDNjYxRUM0QkEyNUNCMTk2MDY1Q0IwNDlFRTMyQzFFMjhEOUIwNDE3OEQwMkUzNUFGNTQ0NEQ4RjVDRDU0QzUyMjNENURENjg4MDk3ODFDMDE2NERDMjYzMkRENjc5ODYxNUE2QTFFNEUyRjZFMjI1MDM1M0ExMjMyNzI2Q0FFQzE3MTgzODEyN0U1REM1OEI0NUMyOUI3MUM1MEYxMDU1MjE2NTBFNTkzMjIwQTU2QTkwQjczNEJDODA4MjVDOURDRjIzQUVFNUUxNzcxRDJFOTAyMDMwMTAwMDEXDTIwMDQyODEzMjMwNVoXDTIwMDQyOTEzMjgwNVowgZwwJQIURYwM2i5jDUEOwKeWQo0BqngLfQYXDTIwMDQyOTEzMjc1OFowJQIULHbyCriLFMUL3f7w/VSvoDONTdcXDTIxMDQyODEzMjgwMFowJQIUUzcY1sgr3hRGxFBW9hdVXOrUPCkXDTIwMDQyOTEzMjgwMFowJQIURg+E8ncEDti8NU6Us80Kx9Q2fFoXDTIwMDQyOTEzMjgwM1qgLzAtMB8GA1UdIwQYMBaAFGyssLMl6U41VjApvmF5hiW4z0R7MAoGA1UdFAQDAgEEMA0GCSqGSIb3DQEBCwUAA4IBAQDBLZjlOmkQ7OlxrQhLSkFxqq33OgQ7dr5xbHlqphvZQ1eydQZOYaBEfX6ho3beTgOtnmZimsY5tYX4VGknuyLH/EoIiOh1mgUG0siiu1CkvVNgY2U9Tc4wBnnUlgII7rsm90BKQpgiF17DnQaSY36sQa6uMs+Rkw36ZlT5ic1tY7qqXRy/pnviHhi9AoStHQ1cHyQOUEYgYeyCrjjQD2B/KVz9SLuQhiXj8o7NNG1zLT+Gq//McjqedMtkl9D9M3Ff0wkggtpVp8Bt0BuUHnlqeCmFtH6OPbAz50ipTX8rG+Evnczr9dmA+TYrNjazssLSyT4ID7rCTJLRj7Qw8RoG",
                    "serial": "4",
                    "expires": "2020-04-29T13:28:05.409Z"
                  },
                  "old": "8b10abefb476cc89ac019ac26d4e280e2c8eab57ad31aa890ef17e0aff12e501"
                },
                "objects_delta": {
                  "ca_repo": "rsync://localhost/repo/ta/0",
                  "added": [
                    {
                      "name": "4591FF2F94D01E45DA3A20F62579431DEED5B038.cer",
                      "object": {
                        "content": "MIIHAjCCBeqgAwIBAgIUaNvK5O1K6CJhYG5WkA+vXpsWG2gwDQYJKoZIhvcNAQELBQAwggItMYICKTCCAiUGA1UEAxOCAhwzMDgyMDEwQTAyODIwMTAxMDBENTcwNTJGM0Y3RTI5OTFFNDIyMUQ1NzREMDg5NDc2QjUyMjQxOTJDRjY3N0M5MzkyMjEzMTRFNUU3QTdBNDhBNDFDRkY4QkFBNUU1ODRGMTlEMEU4MkVDRkQ5RDI5Qjg5MTk3MEZCQzRBNTNDREY4NkY2NjVBQURCODM0RDNCQTVCMzU3RTc4RTc3RUQzNTA3QkJFNUY5NUYxNUQ5NzZBNDcwRjdGNzI1NjBEM0EyNTBFM0YwRTU3QzQ5RkMzNEE4MjI2OUREQjYxNDE0NUM5MjBGNEFCRTI2MjM3RTMzMDYyNDYxMTNGNDBFNDc2NTc2QTQ3QzcxNDYxOUU3RUM2ODQzQkM3NkY3RUVBOThGNjY4MzJFQUYwQzE4ODgwREQ1NzQ5RUFFMTMzRTlENzFDNjYxRUM0QkEyNUNCMTk2MDY1Q0IwNDlFRTMyQzFFMjhEOUIwNDE3OEQwMkUzNUFGNTQ0NEQ4RjVDRDU0QzUyMjNENURENjg4MDk3ODFDMDE2NERDMjYzMkRENjc5ODYxNUE2QTFFNEUyRjZFMjI1MDM1M0ExMjMyNzI2Q0FFQzE3MTgzODEyN0U1REM1OEI0NUMyOUI3MUM1MEYxMDU1MjE2NTBFNTkzMjIwQTU2QTkwQjczNEJDODA4MjVDOURDRjIzQUVFNUUxNzcxRDJFOTAyMDMwMTAwMDEwHhcNMjAwNDI4MTMyMzA1WhcNMjEwNDI4MTMyODA1WjAzMTEwLwYDVQQDEyg0NTkxRkYyRjk0RDAxRTQ1REEzQTIwRjYyNTc5NDMxREVFRDVCMDM4MIIBIjANBgkqhkiG9w0BAQEFAAOCAQ8AMIIBCgKCAQEA2YDWzWED3wzOX5+YLIWrsc2l4H1aany1anbGI0f7a0NDk602S3UhANYvRKSyJDV4xpPkkezLbbhPkhJUib82gArN3UKcuiGjmntxSh3+LOn/B2F5dadYPhtosfstiXCW/gyolAeupx2wlLt+Yc4bqVjJLeDdoIhArbVw91O2asPr+bOo/9vBWrtNfj8tu7nZ9oNyvTw1catP1uigxZsuWv+EcIh8TrBJ0ZaZbtDxjBUe3rgjYB1C2TNBDhoX2M9ZuO8kPhGWjSHOs1tF+rrsLGoVsVXAY/PNJUrNiAQyAfR54Wo6lea9JTb9A8791dcZHedUMq5S+9eCvx0bHJApZwIDAQABo4ICEDCCAgwwDwYDVR0TAQH/BAUwAwEB/zAdBgNVHQ4EFgQURZH/L5TQHkXaOiD2JXlDHe7VsDgwHwYDVR0jBBgwFoAUbKywsyXpTjVWMCm+YXmGJbjPRHswDgYDVR0PAQH/BAQDAgEGMFkGA1UdHwRSMFAwTqBMoEqGSHJzeW5jOi8vbG9jYWxob3N0L3JlcG8vdGEvMC82Q0FDQjBCMzI1RTk0RTM1NTYzMDI5QkU2MTc5ODYyNUI4Q0Y0NDdCLmNybDA8BggrBgEFBQcBAQQwMC4wLAYIKwYBBQUHMAKGIHJzeW5jOi8vbG9jYWxob3N0L3JlcG8vdGEvdGEuY2VyMIHVBggrBgEFBQcBCwSByDCBxTArBggrBgEFBQcwBYYfcnN5bmM6Ly9sb2NhbGhvc3QvcmVwby9jaGlsZC8wLzBXBggrBgEFBQcwCoZLcnN5bmM6Ly9sb2NhbGhvc3QvcmVwby9jaGlsZC8wLzQ1OTFGRjJGOTREMDFFNDVEQTNBMjBGNjI1Nzk0MzFERUVENUIwMzgubWZ0MD0GCCsGAQUFBzANhjFodHRwczovL2xvY2FsaG9zdDozMDAwL3Rlc3QtcnJkcC9ub3RpZmljYXRpb24ueG1sMBgGA1UdIAEB/wQOMAwwCgYIKwYBBQUHDgIwHgYIKwYBBQUHAQcBAf8EDzANMAsEAgABMAUDAwDAqDANBgkqhkiG9w0BAQsFAAOCAQEAhE3Z8oiwbG5EdawNyIq0qMAqmWlzqWkin6KBlwXxI2Fz8Z179YYWFf3t/9+I34P1qCZQiUpePQ9Rt2IyWkwHO+hBiIbYLTDSwMwUkeL0NBGv3VRTInARXQwVZfOz+ei2IPbublEGUOYaF9/JV9/+KDBCLbyKHU08MhzTBQxQcGL/BgDtENmqpypJ6C/gl030iQlZbD4du/7dxpP1wE9eIn//AbKJpxHxcg/pF00Gp1vI0afZvInL8apy9hip0morHOCogmUNGlVUWofXM8lfakgIMSDlkkz+qqLIX9E/dyqr9IWpiVs5OaBeJtv9opGN216Qk/QMTQZEskmPvkSqnQ==",
                        "serial": "598636577945711363743514408953516628457578437480",
                        "expires": "2021-04-28T13:28:05Z"
                      }
                    }
                  ],
                  "updated": [
                    {
                      "name": "6CACB0B325E94E35563029BE61798625B8CF447B.crl",
                      "object": {
                        "content": "MIIESTCCAzECAQEwDQYJKoZIhvcNAQELBQAwggItMYICKTCCAiUGA1UEAxOCAhwzMDgyMDEwQTAyODIwMTAxMDBENTcwNTJGM0Y3RTI5OTFFNDIyMUQ1NzREMDg5NDc2QjUyMjQxOTJDRjY3N0M5MzkyMjEzMTRFNUU3QTdBNDhBNDFDRkY4QkFBNUU1ODRGMTlEMEU4MkVDRkQ5RDI5Qjg5MTk3MEZCQzRBNTNDREY4NkY2NjVBQURCODM0RDNCQTVCMzU3RTc4RTc3RUQzNTA3QkJFNUY5NUYxNUQ5NzZBNDcwRjdGNzI1NjBEM0EyNTBFM0YwRTU3QzQ5RkMzNEE4MjI2OUREQjYxNDE0NUM5MjBGNEFCRTI2MjM3RTMzMDYyNDYxMTNGNDBFNDc2NTc2QTQ3QzcxNDYxOUU3RUM2ODQzQkM3NkY3RUVBOThGNjY4MzJFQUYwQzE4ODgwREQ1NzQ5RUFFMTMzRTlENzFDNjYxRUM0QkEyNUNCMTk2MDY1Q0IwNDlFRTMyQzFFMjhEOUIwNDE3OEQwMkUzNUFGNTQ0NEQ4RjVDRDU0QzUyMjNENURENjg4MDk3ODFDMDE2NERDMjYzMkRENjc5ODYxNUE2QTFFNEUyRjZFMjI1MDM1M0ExMjMyNzI2Q0FFQzE3MTgzODEyN0U1REM1OEI0NUMyOUI3MUM1MEYxMDU1MjE2NTBFNTkzMjIwQTU2QTkwQjczNEJDODA4MjVDOURDRjIzQUVFNUUxNzcxRDJFOTAyMDMwMTAwMDEXDTIwMDQyODEzMjMwNVoXDTIwMDQyOTEzMjgwNVowgZwwJQIURYwM2i5jDUEOwKeWQo0BqngLfQYXDTIwMDQyOTEzMjc1OFowJQIULHbyCriLFMUL3f7w/VSvoDONTdcXDTIxMDQyODEzMjgwMFowJQIUUzcY1sgr3hRGxFBW9hdVXOrUPCkXDTIwMDQyOTEzMjgwMFowJQIURg+E8ncEDti8NU6Us80Kx9Q2fFoXDTIwMDQyOTEzMjgwM1qgLzAtMB8GA1UdIwQYMBaAFGyssLMl6U41VjApvmF5hiW4z0R7MAoGA1UdFAQDAgEEMA0GCSqGSIb3DQEBCwUAA4IBAQDBLZjlOmkQ7OlxrQhLSkFxqq33OgQ7dr5xbHlqphvZQ1eydQZOYaBEfX6ho3beTgOtnmZimsY5tYX4VGknuyLH/EoIiOh1mgUG0siiu1CkvVNgY2U9Tc4wBnnUlgII7rsm90BKQpgiF17DnQaSY36sQa6uMs+Rkw36ZlT5ic1tY7qqXRy/pnviHhi9AoStHQ1cHyQOUEYgYeyCrjjQD2B/KVz9SLuQhiXj8o7NNG1zLT+Gq//McjqedMtkl9D9M3Ff0wkggtpVp8Bt0BuUHnlqeCmFtH6OPbAz50ipTX8rG+Evnczr9dmA+TYrNjazssLSyT4ID7rCTJLRj7Qw8RoG",
                        "serial": "4",
                        "expires": "2020-04-29T13:28:05.409Z"
                      },
                      "old": "8b10abefb476cc89ac019ac26d4e280e2c8eab57ad31aa890ef17e0aff12e501"
                    },
                    {
                      "name": "6CACB0B325E94E35563029BE61798625B8CF447B.mft",
                      "object": {
                        "content": "MIILvQYJKoZIhvcNAQcCoIILrjCCC6oCAQMxDzANBglghkgBZQMEAgEFADCCAUUGCyqGSIb3DQEJEAEaoIIBNASCATAwggEsAgEEGA8yMDIwMDQyODEzMjMwNVoYDzIwMjAwNDI5MTMyODA1WgYJYIZIAWUDBAIBMIH5MFEWLDZDQUNCMEIzMjVFOTRFMzU1NjMwMjlCRTYxNzk4NjI1QjhDRjQ0N0IuY3JsAyEAWm/Gc6O5bsw60/aLdHpu0K1RhWoHHv0X7NbHdKrwqVcwURYsNzdBQTY5RTk1NzFEMUREMDkyRjczMzFDRjcxNTdEMDdCNUU4OTk3Qi5jZXIDIQCkQWqyp4SqIIo/MDdZDuPcATgIbzhN2Z9Isc6e2YkQvTBRFiw0NTkxRkYyRjk0RDAxRTQ1REEzQTIwRjYyNTc5NDMxREVFRDVCMDM4LmNlcgMhAExprSBCUo1UQh+xP6C4HeMVnNOIcDxV3NK/xMk8qgdxoIIImTCCCJUwggd9oAMCAQICFG5DVDion9vgC+DReRyGRHOiDzJhMA0GCSqGSIb3DQEBCwUAMIICLTGCAikwggIlBgNVBAMTggIcMzA4MjAxMEEwMjgyMDEwMTAwRDU3MDUyRjNGN0UyOTkxRTQyMjFENTc0RDA4OTQ3NkI1MjI0MTkyQ0Y2NzdDOTM5MjIxMzE0RTVFN0E3QTQ4QTQxQ0ZGOEJBQTVFNTg0RjE5RDBFODJFQ0ZEOUQyOUI4OTE5NzBGQkM0QTUzQ0RGODZGNjY1QUFEQjgzNEQzQkE1QjM1N0U3OEU3N0VEMzUwN0JCRTVGOTVGMTVEOTc2QTQ3MEY3RjcyNTYwRDNBMjUwRTNGMEU1N0M0OUZDMzRBODIyNjlEREI2MTQxNDVDOTIwRjRBQkUyNjIzN0UzMzA2MjQ2MTEzRjQwRTQ3NjU3NkE0N0M3MTQ2MTlFN0VDNjg0M0JDNzZGN0VFQTk4RjY2ODMyRUFGMEMxODg4MERENTc0OUVBRTEzM0U5RDcxQzY2MUVDNEJBMjVDQjE5NjA2NUNCMDQ5RUUzMkMxRTI4RDlCMDQxNzhEMDJFMzVBRjU0NDREOEY1Q0Q1NEM1MjIzRDVERDY4ODA5NzgxQzAxNjREQzI2MzJERDY3OTg2MTVBNkExRTRFMkY2RTIyNTAzNTNBMTIzMjcyNkNBRUMxNzE4MzgxMjdFNURDNThCNDVDMjlCNzFDNTBGMTA1NTIxNjUwRTU5MzIyMEE1NkE5MEI3MzRCQzgwODI1QzlEQ0YyM0FFRTVFMTc3MUQyRTkwMjAzMDEwMDAxMB4XDTIwMDQyODEzMjMwNVoXDTIwMDUwNTEzMjgwNVowggItMYICKTCCAiUGA1UEAxOCAhwzMDgyMDEwQTAyODIwMTAxMDBEQkE0QUYyMjM2QTA2QzFDQ0FCRTdGNDJGRjEwMDg0NUFCQjgzQTg0OUIzRERBMDQ1NkMwQ0QyQ0RENkQ1NTcwQ0RFNzJCNUQ5Nzc2NkVGRENGMzdFQzRDNTk5Qzk0MkE4Mzk3MjI4QUFEMEU0OEFFQjNDNjFGQUNCQ0QxRUUxNzA5MUEwMjJDMEM5RDczRTgwMEYzNDI0NzgzRTUwRkRFQzI0OUUxNDEwMjlFREUyNTI2NTZDNTcyQzA2Rjc2NjU3REYyNEY3MTNBNTk0RUE0QTA3MURCOTI4MjJDOEU2RDkzMjhCNTA4OTEwRDQ5NUQ2QjA0NTIxNDMyRkZGNjVBNDg0QjQzNTMwMkJENjhBQTgyNTlFQTBDNkY0M0RCMTg1QzY4NkZFQkU4NTIwNTFEMzA0QjNGNjhFQTZEOUE2ODc2Q0NBNEFFQTU2NEQ1MTMzOTc5OTY0OEQ2NTM1OTFDMUQzMTNEQjA5QjI5Q0UxREI3Q0QyODJFQjFCREQ3RDNGRTRCRDlEMjI3NEYxM0JEREMwMUE1NzdCNEE1NDQ0ODg3MTY0MjFBRDNGMjVDNDE5MDUyNUJDMkI1QkNDMEZGMTYyMTc3NkUxMTY4QkRCODI3NDZBNjgzOTREODU4NzQyRjk0MjlGQzNDRjg5RDVGRjk3MDFGRjE5QjBCNkIxNzAyMDMwMTAwMDEwggEiMA0GCSqGSIb3DQEBAQUAA4IBDwAwggEKAoIBAQDbpK8iNqBsHMq+f0L/EAhFq7g6hJs92gRWwM0s3W1VcM3nK12Xdm79zzfsTFmclCqDlyKKrQ5IrrPGH6y80e4XCRoCLAydc+gA80JHg+UP3sJJ4UECnt4lJlbFcsBvdmV98k9xOllOpKBx25KCLI5tkyi1CJENSV1rBFIUMv/2WkhLQ1MCvWiqglnqDG9D2xhcaG/r6FIFHTBLP2jqbZpodsykrqVk1RM5eZZI1lNZHB0xPbCbKc4dt80oLrG919P+S9nSJ08TvdwBpXe0pURIhxZCGtPyXEGQUlvCtbzA/xYhd24RaL24J0amg5TYWHQvlCn8PPidX/lwH/GbC2sXAgMBAAGjggGnMIIBozAdBgNVHQ4EFgQUEnNgUA/Ccmcz18Y8Ta9bo+IGiBIwHwYDVR0jBBgwFoAUbKywsyXpTjVWMCm+YXmGJbjPRHswDgYDVR0PAQH/BAQDAgeAMFkGA1UdHwRSMFAwTqBMoEqGSHJzeW5jOi8vbG9jYWxob3N0L3JlcG8vdGEvMC82Q0FDQjBCMzI1RTk0RTM1NTYzMDI5QkU2MTc5ODYyNUI4Q0Y0NDdCLmNybDA8BggrBgEFBQcBAQQwMC4wLAYIKwYBBQUHMAKGIHJzeW5jOi8vbG9jYWxob3N0L3JlcG8vdGEvdGEuY2VyMGQGCCsGAQUFBwELBFgwVjBUBggrBgEFBQcwC4ZIcnN5bmM6Ly9sb2NhbGhvc3QvcmVwby90YS8wLzZDQUNCMEIzMjVFOTRFMzU1NjMwMjlCRTYxNzk4NjI1QjhDRjQ0N0IubWZ0MBgGA1UdIAEB/wQOMAwwCgYIKwYBBQUHDgIwIQYIKwYBBQUHAQcBAf8EEjAQMAYEAgABBQAwBgQCAAIFADAVBggrBgEFBQcBCAEB/wQGMASgAgUAMA0GCSqGSIb3DQEBCwUAA4IBAQAxqXvc1uSu8sXiRDMjOeJRom/GhVhClLVx/9YO2ir9yEd7i10IZ26IQqm3GKFGQYgS/60rGjmolsPZyHhiYSN05A0Egj1D8rVkeEm/BQRx0OaydIbRYDEM6+uxClRW/BgLAbe5GubwYQMXk51WDwBKtmOVCnuERnuxsht7DI7l0k/cXW94HKym9NF4ZIVLStMMP/9+Euvm1IDlL6t5xTeYczwebiz5NVehhz8OSuDJWt//QMZBcrBQ/w8kxgct+aOttDrxB8qTgKBodLrBEQgz7dtNXMgijMJ4D8xaBO76HKs0Exxc1Oh6KZwCfMyrGwO/NpuPduaExJIVOf/oTFxaMYIBrDCCAagCAQOAFBJzYFAPwnJnM9fGPE2vW6PiBogSMA0GCWCGSAFlAwQCAQUAoGswGgYJKoZIhvcNAQkDMQ0GCyqGSIb3DQEJEAEaMBwGCSqGSIb3DQEJBTEPFw0yMDA0MjgxMzI4MDVaMC8GCSqGSIb3DQEJBDEiBCA5Gx+nnlhfF6Ze7RTFB5OgnAEl+sLN7/693DmsQ3k0VzANBgkqhkiG9w0BAQEFAASCAQC8gIqOIF7kGsVFjPoXhuCbHWz/IweVFCsqaTMeEg48505CeQ6fQBmDNhOM+Jt/10OQeXYgUHHNBEAmPHf8ny8aTJUWaUaRy8kJDXETPgulbt3jybqrqTQHNZLzrfuSNAbpqRrbUuZkodH9/4W7vK5Dq+6sK7XUV9Lkf2jBpEAz1r0lBtVeOIbeuv3979AcK0YiAi6Vn1QOJ5Sf65EsKUCS5rPSQ8rZ5Va0oMrBoPflgqPHYSIT9iQ4E80wi5vtYAYxs0KdiwLkgltR+BRDjbunjdzW/jUK6wyeUXF3sqq91iKzZVdB3ZkkSdTtBhLiO2sTgA3XvAxi9ReF7aOTCK3b",
                        "serial": "629490471430895052940261620890726760506452816481",
                        "expires": "2020-04-29T13:28:05.413331Z"
                      },
                      "old": "8e3b6ce059248879c80dc50cb5395dbe09c28111a65832e0efc0145e840484ab"
                    }
                  ],
                  "withdrawn": []
                }
              }
            }
          ]
        }
      }
    ]
  }
}