{
  "command": {
    "actor": "krill",
    "time": "2020-04-28T13:28:02.346519Z",
    "handle": "ta",
    "version": 8,
    "sequence": 6,
    "details": {
      "child_update_resources": [
        "child",
        {
          "asn": "",
          "v4": "192.168.0.0/16",
          "v6": ""
        }
      ]
    },
    "effect": {
      "events": [
        8
      ]
    }
  },
  "result": {
    "Events": [
      {
        "id": "ta",
        "version": 8,
        "details": {
          "child_updated_resources": [
            "child",
            {
              "asn": "",
              "v4": "192.168.0.0/16",
              "v6": ""
            }
          ]
        }
      }
    ]
  }
}