{
  "command": {
    "actor": "krill",
    "time": "2020-04-28T13:27:58.851363Z",
    "handle": "ta",
    "version": 3,
    "sequence": 3,
    "details": {
      "update_rcvd_cert": [
        "0",
        {
          "asn": "AS0-AS4294967295",
          "v4": "0.0.0.0/0",
          "v6": "::/0"
        }
      ]
    },
    "effect": {
      "events": [
        3
      ]
    }
  },
  "result": {
    "Events": [
      {
        "id": "ta",
        "version": 3,
        "details": {
          "key_pending_to_active": [
            "0",
            {
              "key_id": "6CACB0B325E94E35563029BE61798625B8CF447B",
              "incoming_cert": {
                "cert": "MIIIazCCB1OgAwIBAgIUDqPHoHYSMQkciWCKunyG7syEm/AwDQYJKoZIhvcNAQELBQAwggItMYICKTCCAiUGA1UEAxOCAhwzMDgyMDEwQTAyODIwMTAxMDBENTcwNTJGM0Y3RTI5OTFFNDIyMUQ1NzREMDg5NDc2QjUyMjQxOTJDRjY3N0M5MzkyMjEzMTRFNUU3QTdBNDhBNDFDRkY4QkFBNUU1ODRGMTlEMEU4MkVDRkQ5RDI5Qjg5MTk3MEZCQzRBNTNDREY4NkY2NjVBQURCODM0RDNCQTVCMzU3RTc4RTc3RUQzNTA3QkJFNUY5NUYxNUQ5NzZBNDcwRjdGNzI1NjBEM0EyNTBFM0YwRTU3QzQ5RkMzNEE4MjI2OUREQjYxNDE0NUM5MjBGNEFCRTI2MjM3RTMzMDYyNDYxMTNGNDBFNDc2NTc2QTQ3QzcxNDYxOUU3RUM2ODQzQkM3NkY3RUVBOThGNjY4MzJFQUYwQzE4ODgwREQ1NzQ5RUFFMTMzRTlENzFDNjYxRUM0QkEyNUNCMTk2MDY1Q0IwNDlFRTMyQzFFMjhEOUIwNDE3OEQwMkUzNUFGNTQ0NEQ4RjVDRDU0QzUyMjNENURENjg4MDk3ODFDMDE2NERDMjYzMkRENjc5ODYxNUE2QTFFNEUyRjZFMjI1MDM1M0ExMjMyNzI2Q0FFQzE3MTgzODEyN0U1REM1OEI0NUMyOUI3MUM1MEYxMDU1MjE2NTBFNTkzMjIwQTU2QTkwQjczNEJDODA4MjVDOURDRjIzQUVFNUUxNzcxRDJFOTAyMDMwMTAwMDEwIBcNMjAwNDI4MTMyMjU4WhgPMjEyMDA0MjgxMzI3NThaMIICLTGCAikwggIlBgNVBAMTggIcMzA4MjAxMEEwMjgyMDEwMTAwRDU3MDUyRjNGN0UyOTkxRTQyMjFENTc0RDA4OTQ3NkI1MjI0MTkyQ0Y2NzdDOTM5MjIxMzE0RTVFN0E3QTQ4QTQxQ0ZGOEJBQTVFNTg0RjE5RDBFODJFQ0ZEOUQyOUI4OTE5NzBGQkM0QTUzQ0RGODZGNjY1QUFEQjgzNEQzQkE1QjM1N0U3OEU3N0VEMzUwN0JCRTVGOTVGMTVEOTc2QTQ3MEY3RjcyNTYwRDNBMjUwRTNGMEU1N0M0OUZDMzRBODIyNjlEREI2MTQxNDVDOTIwRjRBQkUyNjIzN0UzMzA2MjQ2MTEzRjQwRTQ3NjU3NkE0N0M3MTQ2MTlFN0VDNjg0M0JDNzZGN0VFQTk4RjY2ODMyRUFGMEMxODg4MERENTc0OUVBRTEzM0U5RDcxQzY2MUVDNEJBMjVDQjE5NjA2NUNCMDQ5RUUzMkMxRTI4RDlCMDQxNzhEMDJFMzVBRjU0NDREOEY1Q0Q1NEM1MjIzRDVERDY4ODA5NzgxQzAxNjREQzI2MzJERDY3OTg2MTVBNkExRTRFMkY2RTIyNTAzNTNBMTIzMjcyNkNBRUMxNzE4MzgxMjdFNURDNThCNDVDMjlCNzFDNTBGMTA1NTIxNjUwRTU5MzIyMEE1NkE5MEI3MzRCQzgwODI1QzlEQ0YyM0FFRTVFMTc3MUQyRTkwMjAzMDEwMDAxMIIBIjANBgkqhkiG9w0BAQEFAAOCAQ8AMIIBCgKCAQEA1XBS8/fimR5CIdV00IlHa1IkGSz2d8k5IhMU5eenpIpBz/i6peWE8Z0Oguz9nSm4kZcPvEpTzfhvZlqtuDTTuls1fnjnftNQe75flfFdl2pHD39yVg06JQ4/DlfEn8NKgiad22FBRckg9KviYjfjMGJGET9A5HZXakfHFGGefsaEO8dvfuqY9mgy6vDBiIDdV0nq4TPp1xxmHsS6JcsZYGXLBJ7jLB4o2bBBeNAuNa9URNj1zVTFIj1d1ogJeBwBZNwmMt1nmGFaah5OL24iUDU6EjJybK7BcYOBJ+XcWLRcKbccUPEFUhZQ5ZMiClapC3NLyAglydzyOu5eF3HS6QIDAQABo4IBezCCAXcwDwYDVR0TAQH/BAUwAwEB/zAdBgNVHQ4EFgQUbKywsyXpTjVWMCm+YXmGJbjPRHswDgYDVR0PAQH/BAQDAgEGMIHOBggrBgEFBQcBCwSBwTCBvjAnBggrBgEFBQcwBYYbcnN5bmM6Ly9sb2NhbGhvc3QvcmVwby90YS8wMFQGCCsGAQUFBzAKhkhyc3luYzovL2xvY2FsaG9zdC9yZXBvL3RhLzAvNkNBQ0IwQjMyNUU5NEUzNTU2MzAyOUJFNjE3OTg2MjVCOENGNDQ3Qi5tZnQwPQYIKwYBBQUHMA2GMWh0dHBzOi8vbG9jYWxob3N0OjMwMDAvdGVzdC1ycmRwL25vdGlmaWNhdGlvbi54bWwwGAYDVR0gAQH/BA4wDDAKBggrBgEFBQcOAjAnBggrBgEFBQcBBwEB/wQYMBYwCQQCAAEwAwMBADAJBAIAAjADAwEAMCEGCCsGAQUFBwEIAQH/BBIwEKAOMAwwCgIBAAIFAP////8wDQYJKoZIhvcNAQELBQADggEBAJWpmqgb3Fp9gp0r0ZTuaG/tlA6ukbyftgHr75xASar2/+k/NoRMthkmzrC74xIKmVpK/owhbLXWEyIpYgBPIZcdLdWlC13IMC6xVgzw0mspM6nJwuq92ySy/digIEnlcW2CQ+VbJP6ilcQkpEHR0pQrRGsvBm/hPM68Ey8gMK32YJmIJ2m4QY8u3WV5in5bWck3GGGo845HxMYCt30gb413IiAOb10WtURB7/pPEjPlYnCRC20b+hqQ/r7WOQrOz35fy9MulH2KwiDXFqppW92lyMneFyd+aaGyfS08Gd2qhcegDt0j50B3GYKOwfBn++HVv5+Nn/IAgP9cHtYU8Ew=",
                "uri": "rsync://localhost/repo/ta/ta.cer",
                "resources": {
                  "asn": "AS0-AS4294967295",
                  "v4": "0.0.0.0/0",
                  "v6": "::/0"
                }
              },
              "current_set": {
                "number": 1,
                "revocations": [],
                "manifest_info": {
                  "name": "6CACB0B325E94E35563029BE61798625B8CF447B.mft",
                  "current": {
                    "content": "MIILEgYJKoZIhvcNAQcCoIILAzCCCv8CAQMxDzANBglghkgBZQMEAgEFADCBmwYLKoZIhvcNAQkQARqggYsEgYgwgYUCAQEYDzIwMjAwNDI4MTMyMjU4WhgPMjAyMDA0MjkxMzI3NThaBglghkgBZQMEAgEwUzBRFiw2Q0FDQjBCMzI1RTk0RTM1NTYzMDI5QkU2MTc5ODYyNUI4Q0Y0NDdCLmNybAMhAKTgbe/S6cCiCSBdsRIZFWsFGQRd1ty0saZoGuoyvYW6oIIImTCCCJUwggd9oAMCAQICFEWMDNouYw1BDsCnlkKNAap4C30GMA0GCSqGSIb3DQEBCwUAMIICLTGCAikwggIlBgNVBAMTggIcMzA4MjAxMEEwMjgyMDEwMTAwRDU3MDUyRjNGN0UyOTkxRTQyMjFENTc0RDA4OTQ3NkI1MjI0MTkyQ0Y2NzdDOTM5MjIxMzE0RTVFN0E3QTQ4QTQxQ0ZGOEJBQTVFNTg0RjE5RDBFODJFQ0ZEOUQyOUI4OTE5NzBGQkM0QTUzQ0RGODZGNjY1QUFEQjgzNEQzQkE1QjM1N0U3OEU3N0VEMzUwN0JCRTVGOTVGMTVEOTc2QTQ3MEY3RjcyNTYwRDNBMjUwRTNGMEU1N0M0OUZDMzRBODIyNjlEREI2MTQxNDVDOTIwRjRBQkUyNjIzN0UzMzA2MjQ2MTEzRjQwRTQ3NjU3NkE0N0M3MTQ2MTlFN0VDNjg0M0JDNzZGN0VFQTk4RjY2ODMyRUFGMEMxODg4MERENTc0OUVBRTEzM0U5RDcxQzY2MUVDNEJBMjVDQjE5NjA2NUNCMDQ5RUUzMkMxRTI4RDlCMDQxNzhEMDJFMzVBRjU0NDREOEY1Q0Q1NEM1MjIzRDVERDY4ODA5NzgxQzAxNjREQzI2MzJERDY3OTg2MTVBNkExRTRFMkY2RTIyNTAzNTNBMTIzMjcyNkNBRUMxNzE4MzgxMjdFNURDNThCNDVDMjlCNzFDNTBGMTA1NTIxNjUwRTU5MzIyMEE1NkE5MEI3MzRCQzgwODI1QzlEQ0YyM0FFRTVFMTc3MUQyRTkwMjAzMDEwMDAxMB4XDTIwMDQyODEzMjI1OFoXDTIwMDUwNTEzMjc1OFowggItMYICKTCCAiUGA1UEAxOCAhwzMDgyMDEwQTAyODIwMTAxMDBCMEEzN0IxQzdCMzg2RDg4OTI2MjhFNjFDNDU2NjI4NjhCOENCMkRCRDE1NDlEMkU4OERCMjBFRTFDRTYxRDAwQkNEOTUxMkU3RDc5QzkwNUM5NzlDNkNFNDVBNDAxMjkyMkQwODgwQURDN0JDRUI2N0Q2RDJDOUUyNDI5QzRBMzUwMTM1NUZGQjI3QTk5NjI3NDYyQTUxMEI2MTU5QkNBMzYzRjAwRjAyOTNGNjA1MzA5M0UxQzkxODdDQkJEN0YwMjUyNDVFQ0U3Njg4MzhERTE4OTlDMDg0REE1NDRENzE3RkREOTMwRTBFRjE2MUU2MUJENjk3QjZGQjc5MTE1NTJGODQ5NTU1NjFBRTgzNzJFQjMzNjMwRkE5OUJGN0RBRkQxRjBDM0Q0M0M1NDAyNTU4NzM4NEEzREIyRDI5Nzg1RkY0RTJFMkYyNEY1NkI1NTQyMkE5NzNCOEYyQTBFNDMwN0U2MDE1QjBBREM3Nzk2NzlBMUUxNTM1QkEyQjE1RURERDFFNDZEQ0M2M0YxRUI4MjI0QTY3MTg4M0Y3OEVGNEM5QkNEQ0QyOEZGREE3ODJERjI1MzhDNDg2ODc2MjNBNTBGNDZBREI2RTEzNTA2M0RDNzFBMTFGMDVCRjIwMEMwMEE2NzQyNUQ5OTNDNDhBM0M0NTkzRDM0REQ5RDAyMDMwMTAwMDEwggEiMA0GCSqGSIb3DQEBAQUAA4IBDwAwggEKAoIBAQCwo3scezhtiJJijmHEVmKGi4yy29FUnS6I2yDuHOYdALzZUS59eckFyXnGzkWkASki0IgK3HvOtn1tLJ4kKcSjUBNV/7J6mWJ0YqUQthWbyjY/APApP2BTCT4ckYfLvX8CUkXs52iDjeGJnAhNpUTXF/3ZMODvFh5hvWl7b7eRFVL4SVVWGug3LrM2MPqZv32v0fDD1DxUAlWHOEo9stKXhf9OLi8k9WtVQiqXO48qDkMH5gFbCtx3lnmh4VNborFe3dHkbcxj8euCJKZxiD9470ybzc0o/9p4LfJTjEhodiOlD0attuE1Bj3HGhHwW/IAwApnQl2ZPEijxFk9NN2dAgMBAAGjggGnMIIBozAdBgNVHQ4EFgQUHsd9hb/wpg3tKuioBJc9lgYYMtkwHwYDVR0jBBgwFoAUbKywsyXpTjVWMCm+YXmGJbjPRHswDgYDVR0PAQH/BAQDAgeAMFkGA1UdHwRSMFAwTqBMoEqGSHJzeW5jOi8vbG9jYWxob3N0L3JlcG8vdGEvMC82Q0FDQjBCMzI1RTk0RTM1NTYzMDI5QkU2MTc5ODYyNUI4Q0Y0NDdCLmNybDA8BggrBgEFBQcBAQQwMC4wLAYIKwYBBQUHMAKGIHJzeW5jOi8vbG9jYWxob3N0L3JlcG8vdGEvdGEuY2VyMGQGCCsGAQUFBwELBFgwVjBUBggrBgEFBQcwC4ZIcnN5bmM6Ly9sb2NhbGhvc3QvcmVwby90YS8wLzZDQUNCMEIzMjVFOTRFMzU1NjMwMjlCRTYxNzk4NjI1QjhDRjQ0N0IubWZ0MBgGA1UdIAEB/wQOMAwwCgYIKwYBBQUHDgIwIQYIKwYBBQUHAQcBAf8EEjAQMAYEAgABBQAwBgQCAAIFADAVBggrBgEFBQcBCAEB/wQGMASgAgUAMA0GCSqGSIb3DQEBCwUAA4IBAQCR9gGisgr0N5p9Y/jszxRSpg57y1n3floIidcT0wRvqsSix5EL1vTFsxlK9ao7nyOG8SkJFrUXuazzwh0656123vUSYEEd9sHjGrOuexnzrDs9oteFqRqbcFtsApJj8NycGorfE3Crv1VooF+YC44Ij32esM8h0Os+STqi6oU0apLEgM8s8u069P9fcUKc5Iy5EvpuRMJVH/fW2EYEa/9/vB8PQVDvZdA9wpeoj4Hh3SH2MvyCCxTTnTuQiogEMjxoCB5jdxK2ueBAAiVjDPa6r4ShdPqBay+PwYXV3qBziutopdb5+wYQ5IjzyUc7GAX/0j8Rt5jPsjPF36W9buk5MYIBrDCCAagCAQOAFB7HfYW/8KYN7SroqASXPZYGGDLZMA0GCWCGSAFlAwQCAQUAoGswGgYJKoZIhvcNAQkDMQ0GCyqGSIb3DQEJEAEaMBwGCSqGSIb3DQEJBTEPFw0yMDA0MjgxMzI3NThaMC8GCSqGSIb3DQEJBDEiBCDv93RzNq9manZQMs4+kBd0rkybwBSeXxyxoAQv0VrOSTANBgkqhkiG9w0BAQEFAASCAQBGHr+Br4zaiDdN+mq0Qh4ZyI5ghLjFA0gpqDWpHbafOxpJ8Iawi1LLJFNAbuIUk7RKbqH4SJfJa4bWZmss6kWakdxufu4M+x1BRPw6IImvpjdOs9W/GqXnJqpqhE+NFor8zQn45Jl3d5/g41DHC6GqxE2v9Ae2u+gk/U+6ypafilEVodO14hnWhHQ5uxma6GfoW8vIe8ne0QkKwzMtrjbTSp6P9QKPyucO4nCOB/BEB+fdcffV6bS/bQKt+OYVbAxp6RCt2+dUDJXRr7JIMWEAYH5qZCojNvpAD5sIC4fF+w9BYkRDxnWyCGGSiODZaLE/C7JuRwbINBWPjK/lwMv7",
                    "serial": "397043587105285178320268906918261558634766630150",
                    "expires": "2020-04-29T13:27:58.855633Z"
                  },
                  "next_update": "2020-04-29T13:27:58.855633Z",
                  "old": null
                },
                "crl_info": {
                  "name": "6CACB0B325E94E35563029BE61798625B8CF447B.crl",
                  "current": {
                    "content": "MIIDrDCCApQCAQEwDQYJKoZIhvcNAQELBQAwggItMYICKTCCAiUGA1UEAxOCAhwzMDgyMDEwQTAyODIwMTAxMDBENTcwNTJGM0Y3RTI5OTFFNDIyMUQ1NzREMDg5NDc2QjUyMjQxOTJDRjY3N0M5MzkyMjEzMTRFNUU3QTdBNDhBNDFDRkY4QkFBNUU1ODRGMTlEMEU4MkVDRkQ5RDI5Qjg5MTk3MEZCQzRBNTNDREY4NkY2NjVBQURCODM0RDNCQTVCMzU3RTc4RTc3RUQzNTA3QkJFNUY5NUYxNUQ5NzZBNDcwRjdGNzI1NjBEM0EyNTBFM0YwRTU3QzQ5RkMzNEE4MjI2OUREQjYxNDE0NUM5MjBGNEFCRTI2MjM3RTMzMDYyNDYxMTNGNDBFNDc2NTc2QTQ3QzcxNDYxOUU3RUM2ODQzQkM3NkY3RUVBOThGNjY4MzJFQUYwQzE4ODgwREQ1NzQ5RUFFMTMzRTlENzFDNjYxRUM0QkEyNUNCMTk2MDY1Q0IwNDlFRTMyQzFFMjhEOUIwNDE3OEQwMkUzNUFGNTQ0NEQ4RjVDRDU0QzUyMjNENURENjg4MDk3ODFDMDE2NERDMjYzMkRENjc5ODYxNUE2QTFFNEUyRjZFMjI1MDM1M0ExMjMyNzI2Q0FFQzE3MTgzODEyN0U1REM1OEI0NUMyOUI3MUM1MEYxMDU1MjE2NTBFNTkzMjIwQTU2QTkwQjczNEJDODA4MjVDOURDRjIzQUVFNUUxNzcxRDJFOTAyMDMwMTAwMDEXDTIwMDQyODEzMjI1OFoXDTIwMDQyOTEzMjc1OFowAKAvMC0wHwYDVR0jBBgwFoAUbKywsyXpTjVWMCm+YXmGJbjPRHswCgYDVR0UBAMCAQEwDQYJKoZIhvcNAQELBQADggEBADQdEWL0SlBk1yk7zQDgQ5q7aby59JahM1rpRMUHc75zvqI3N0YNES7JS/sYaVCBDSnsjXK+d6XqtcUJK2B7OW1Dq4LxvkuMTzLPKGfOfyqUHTDI84pHtJ/RTK1fgb/6vye+dU4Tay117GNbx5F1CbIJvA7RR8UrRsx0WK0snkmZrZm00Pb2jJ5KcXeVMpEit8gV+79zCT7yu+E3qt+WAIXKMoSxrIf/HFS9IBhsS9nC+zk4oJHmXIh1zliHn5p87KPhC0exILZjn1qzSVpHK5KW8LCqQ+egQtM80zPpFXN5+E3z8T3seZoER8SiMmjXds6DaUFetdbL2KWjHf7fhR0=",
                    "serial": "1",
                    "expires": "2020-04-29T13:27:58.851644Z"
                  },
                  "old": null
                }
              },
              "request": null
            },
            {
              "ca_repo": "rsync://localhost/repo/ta/0",
              "added": [
                {
                  "name": "6CACB0B325E94E35563029BE61798625B8CF447B.mft",
                  "object": {
                    "content": "MIILEgYJKoZIhvcNAQcCoIILAzCCCv8CAQMxDzANBglghkgBZQMEAgEFADCBmwYLKoZIhvcNAQkQARqggYsEgYgwgYUCAQEYDzIwMjAwNDI4MTMyMjU4WhgPMjAyMDA0MjkxMzI3NThaBglghkgBZQMEAgEwUzBRFiw2Q0FDQjBCMzI1RTk0RTM1NTYzMDI5QkU2MTc5ODYyNUI4Q0Y0NDdCLmNybAMhAKTgbe/S6cCiCSBdsRIZFWsFGQRd1ty0saZoGuoyvYW6oIIImTCCCJUwggd9oAMCAQICFEWMDNouYw1BDsCnlkKNAap4C30GMA0GCSqGSIb3DQEBCwUAMIICLTGCAikwggIlBgNVBAMTggIcMzA4MjAxMEEwMjgyMDEwMTAwRDU3MDUyRjNGN0UyOTkxRTQyMjFENTc0RDA4OTQ3NkI1MjI0MTkyQ0Y2NzdDOTM5MjIxMzE0RTVFN0E3QTQ4QTQxQ0ZGOEJBQTVFNTg0RjE5RDBFODJFQ0ZEOUQyOUI4OTE5NzBGQkM0QTUzQ0RGODZGNjY1QUFEQjgzNEQzQkE1QjM1N0U3OEU3N0VEMzUwN0JCRTVGOTVGMTVEOTc2QTQ3MEY3RjcyNTYwRDNBMjUwRTNGMEU1N0M0OUZDMzRBODIyNjlEREI2MTQxNDVDOTIwRjRBQkUyNjIzN0UzMzA2MjQ2MTEzRjQwRTQ3NjU3NkE0N0M3MTQ2MTlFN0VDNjg0M0JDNzZGN0VFQTk4RjY2ODMyRUFGMEMxODg4MERENTc0OUVBRTEzM0U5RDcxQzY2MUVDNEJBMjVDQjE5NjA2NUNCMDQ5RUUzMkMxRTI4RDlCMDQxNzhEMDJFMzVBRjU0NDREOEY1Q0Q1NEM1MjIzRDVERDY4ODA5NzgxQzAxNjREQzI2MzJERDY3OTg2MTVBNkExRTRFMkY2RTIyNTAzNTNBMTIzMjcyNkNBRUMxNzE4MzgxMjdFNURDNThCNDVDMjlCNzFDNTBGMTA1NTIxNjUwRTU5MzIyMEE1NkE5MEI3MzRCQzgwODI1QzlEQ0YyM0FFRTVFMTc3MUQyRTkwMjAzMDEwMDAxMB4XDTIwMDQyODEzMjI1OFoXDTIwMDUwNTEzMjc1OFowggItMYICKTCCAiUGA1UEAxOCAhwzMDgyMDEwQTAyODIwMTAxMDBCMEEzN0IxQzdCMzg2RDg4OTI2MjhFNjFDNDU2NjI4NjhCOENCMkRCRDE1NDlEMkU4OERCMjBFRTFDRTYxRDAwQkNEOTUxMkU3RDc5QzkwNUM5NzlDNkNFNDVBNDAxMjkyMkQwODgwQURDN0JDRUI2N0Q2RDJDOUUyNDI5QzRBMzUwMTM1NUZGQjI3QTk5NjI3NDYyQTUxMEI2MTU5QkNBMzYzRjAwRjAyOTNGNjA1MzA5M0UxQzkxODdDQkJEN0YwMjUyNDVFQ0U3Njg4MzhERTE4OTlDMDg0REE1NDRENzE3RkREOTMwRTBFRjE2MUU2MUJENjk3QjZGQjc5MTE1NTJGODQ5NTU1NjFBRTgzNzJFQjMzNjMwRkE5OUJGN0RBRkQxRjBDM0Q0M0M1NDAyNTU4NzM4NEEzREIyRDI5Nzg1RkY0RTJFMkYyNEY1NkI1NTQyMkE5NzNCOEYyQTBFNDMwN0U2MDE1QjBBREM3Nzk2NzlBMUUxNTM1QkEyQjE1RURERDFFNDZEQ0M2M0YxRUI4MjI0QTY3MTg4M0Y3OEVGNEM5QkNEQ0QyOEZGREE3ODJERjI1MzhDNDg2ODc2MjNBNTBGNDZBREI2RTEzNTA2M0RDNzFBMTFGMDVCRjIwMEMwMEE2NzQyNUQ5OTNDNDhBM0M0NTkzRDM0REQ5RDAyMDMwMTAwMDEwggEiMA0GCSqGSIb3DQEBAQUAA4IBDwAwggEKAoIBAQCwo3scezhtiJJijmHEVmKGi4yy29FUnS6I2yDuHOYdALzZUS59eckFyXnGzkWkASki0IgK3HvOtn1tLJ4kKcSjUBNV/7J6mWJ0YqUQthWbyjY/APApP2BTCT4ckYfLvX8CUkXs52iDjeGJnAhNpUTXF/3ZMODvFh5hvWl7b7eRFVL4SVVWGug3LrM2MPqZv32v0fDD1DxUAlWHOEo9stKXhf9OLi8k9WtVQiqXO48qDkMH5gFbCtx3lnmh4VNborFe3dHkbcxj8euCJKZxiD9470ybzc0o/9p4LfJTjEhodiOlD0attuE1Bj3HGhHwW/IAwApnQl2ZPEijxFk9NN2dAgMBAAGjggGnMIIBozAdBgNVHQ4EFgQUHsd9hb/wpg3tKuioBJc9lgYYMtkwHwYDVR0jBBgwFoAUbKywsyXpTjVWMCm+YXmGJbjPRHswDgYDVR0PAQH/BAQDAgeAMFkGA1UdHwRSMFAwTqBMoEqGSHJzeW5jOi8vbG9jYWxob3N0L3JlcG8vdGEvMC82Q0FDQjBCMzI1RTk0RTM1NTYzMDI5QkU2MTc5ODYyNUI4Q0Y0NDdCLmNybDA8BggrBgEFBQcBAQQwMC4wLAYIKwYBBQUHMAKGIHJzeW5jOi8vbG9jYWxob3N0L3JlcG8vdGEvdGEuY2VyMGQGCCsGAQUFBwELBFgwVjBUBggrBgEFBQcwC4ZIcnN5bmM6Ly9sb2NhbGhvc3QvcmVwby90YS8wLzZDQUNCMEIzMjVFOTRFMzU1NjMwMjlCRTYxNzk4NjI1QjhDRjQ0N0IubWZ0MBgGA1UdIAEB/wQOMAwwCgYIKwYBBQUHDgIwIQYIKwYBBQUHAQcBAf8EEjAQMAYEAgABBQAwBgQCAAIFADAVBggrBgEFBQcBCAEB/wQGMASgAgUAMA0GCSqGSIb3DQEBCwUAA4IBAQCR9gGisgr0N5p9Y/jszxRSpg57y1n3floIidcT0wRvqsSix5EL1vTFsxlK9ao7nyOG8SkJFrUXuazzwh0656123vUSYEEd9sHjGrOuexnzrDs9oteFqRqbcFtsApJj8NycGorfE3Crv1VooF+YC44Ij32esM8h0Os+STqi6oU0apLEgM8s8u069P9fcUKc5Iy5EvpuRMJVH/fW2EYEa/9/vB8PQVDvZdA9wpeoj4Hh3SH2MvyCCxTTnTuQiogEMjxoCB5jdxK2ueBAAiVjDPa6r4ShdPqBay+PwYXV3qBziutopdb5+wYQ5IjzyUc7GAX/0j8Rt5jPsjPF36W9buk5MYIBrDCCAagCAQOAFB7HfYW/8KYN7SroqASXPZYGGDLZMA0GCWCGSAFlAwQCAQUAoGswGgYJKoZIhvcNAQkDMQ0GCyqGSIb3DQEJEAEaMBwGCSqGSIb3DQEJBTEPFw0yMDA0MjgxMzI3NThaMC8GCSqGSIb3DQEJBDEiBCDv93RzNq9manZQMs4+kBd0rkybwBSeXxyxoAQv0VrOSTANBgkqhkiG9w0BAQEFAASCAQBGHr+Br4zaiDdN+mq0Qh4ZyI5ghLjFA0gpqDWpHbafOxpJ8Iawi1LLJFNAbuIUk7RKbqH4SJfJa4bWZmss6kWakdxufu4M+x1BRPw6IImvpjdOs9W/GqXnJqpqhE+NFor8zQn45Jl3d5/g41DHC6GqxE2v9Ae2u+gk/U+6ypafilEVodO14hnWhHQ5uxma6GfoW8vIe8ne0QkKwzMtrjbTSp6P9QKPyucO4nCOB/BEB+fdcffV6bS/bQKt+OYVbAxp6RCt2+dUDJXRr7JIMWEAYH5qZCojNvpAD5sIC4fF+w9BYkRDxnWyCGGSiODZaLE/C7JuRwbINBWPjK/lwMv7",
                    "serial": "397043587105285178320268906918261558634766630150",
                    "expires": "2020-04-29T13:27:58.855633Z"
                  }
                },
                {
                  "name": "6CACB0B325E94E35563029BE61798625B8CF447B.crl",
                  "object": {
                    "content": "MIIDrDCCApQCAQEwDQYJKoZIhvcNAQELBQAwggItMYICKTCCAiUGA1UEAxOCAhwzMDgyMDEwQTAyODIwMTAxMDBENTcwNTJGM0Y3RTI5OTFFNDIyMUQ1NzREMDg5NDc2QjUyMjQxOTJDRjY3N0M5MzkyMjEzMTRFNUU3QTdBNDhBNDFDRkY4QkFBNUU1ODRGMTlEMEU4MkVDRkQ5RDI5Qjg5MTk3MEZCQzRBNTNDREY4NkY2NjVBQURCODM0RDNCQTVCMzU3RTc4RTc3RUQzNTA3QkJFNUY5NUYxNUQ5NzZBNDcwRjdGNzI1NjBEM0EyNTBFM0YwRTU3QzQ5RkMzNEE4MjI2OUREQjYxNDE0NUM5MjBGNEFCRTI2MjM3RTMzMDYyNDYxMTNGNDBFNDc2NTc2QTQ3QzcxNDYxOUU3RUM2ODQzQkM3NkY3RUVBOThGNjY4MzJFQUYwQzE4ODgwREQ1NzQ5RUFFMTMzRTlENzFDNjYxRUM0QkEyNUNCMTk2MDY1Q0IwNDlFRTMyQzFFMjhEOUIwNDE3OEQwMkUzNUFGNTQ0NEQ4RjVDRDU0QzUyMjNENURENjg4MDk3ODFDMDE2NERDMjYzMkRENjc5ODYxNUE2QTFFNEUyRjZFMjI1MDM1M0ExMjMyNzI2Q0FFQzE3MTgzODEyN0U1REM1OEI0NUMyOUI3MUM1MEYxMDU1MjE2NTBFNTkzMjIwQTU2QTkwQjczNEJDODA4MjVDOURDRjIzQUVFNUUxNzcxRDJFOTAyMDMwMTAwMDEXDTIwMDQyODEzMjI1OFoXDTIwMDQyOTEzMjc1OFowAKAvMC0wHwYDVR0jBBgwFoAUbKywsyXpTjVWMCm+YXmGJbjPRHswCgYDVR0UBAMCAQEwDQYJKoZIhvcNAQELBQADggEBADQdEWL0SlBk1yk7zQDgQ5q7aby59JahM1rpRMUHc75zvqI3N0YNES7JS/sYaVCBDSnsjXK+d6XqtcUJK2B7OW1Dq4LxvkuMTzLPKGfOfyqUHTDI84pHtJ/RTK1fgb/6vye+dU4Tay117GNbx5F1CbIJvA7RR8UrRsx0WK0snkmZrZm00Pb2jJ5KcXeVMpEit8gV+79zCT7yu+E3qt+WAIXKMoSxrIf/HFS9IBhsS9nC+zk4oJHmXIh1zliHn5p87KPhC0exILZjn1qzSVpHK5KW8LCqQ+egQtM80zPpFXN5+E3z8T3seZoER8SiMmjXds6DaUFetdbL2KWjHf7fhR0=",
                    "serial": "1",
                    "expires": "2020-04-29T13:27:58.851644Z"
                  }
                }
              ],
              "updated": [],
              "withdrawn": []
            }
          ]
        }
      }
    ]
  }
}