{
  "command": {
    "actor": "krill",
    "time": "2020-04-28T13:28:03.281524Z",
    "handle": "ta",
    "version": 9,
    "sequence": 7,
    "details": {
      "child_certify": [
        "child",
        "0",
        {
          "asn": "none",
          "v4": "none",
          "v6": "none"
        },
        "77AA69E9571D1DD092F7331CF7157D07B5E8997B"
      ]
    },
    "effect": {
      "events": [
        9,
        10,
        11
      ]
    }
  },
  "result": {
    "Events": [
      {
        "id": "ta",
        "version": 9,
        "details": {
          "child_certificate_issued": [
            "child",
            "0",
            "77AA69E9571D1DD092F7331CF7157D07B5E8997B"
          ]
        }
      },
      {
        "id": "ta",
        "version": 10,
        "details": {
          "child_certificates_updated": [
            "0",
            {
              "issued": [
                {
                  "uri": "rsync://localhost/repo/ta/0/77AA69E9571D1DD092F7331CF7157D07B5E8997B.cer",
                  "limit": {
                    "asn": "none",
                    "v4": "none",
                    "v6": "none"
                  },
                  "resource_set": {
                    "asn": "",
                    "v4": "192.168.0.0/16",
                    "v6": ""
                  },
                  "cert": "MIIHAjCCBeqgAwIBAgIUO+L6AGPqhZyMkWlflYKKfxo4/MUwDQYJKoZIhvcNAQELBQAwggItMYICKTCCAiUGA1UEAxOCAhwzMDgyMDEwQTAyODIwMTAxMDBENTcwNTJGM0Y3RTI5OTFFNDIyMUQ1NzREMDg5NDc2QjUyMjQxOTJDRjY3N0M5MzkyMjEzMTRFNUU3QTdBNDhBNDFDRkY4QkFBNUU1ODRGMTlEMEU4MkVDRkQ5RDI5Qjg5MTk3MEZCQzRBNTNDREY4NkY2NjVBQURCODM0RDNCQTVCMzU3RTc4RTc3RUQzNTA3QkJFNUY5NUYxNUQ5NzZBNDcwRjdGNzI1NjBEM0EyNTBFM0YwRTU3QzQ5RkMzNEE4MjI2OUREQjYxNDE0NUM5MjBGNEFCRTI2MjM3RTMzMDYyNDYxMTNGNDBFNDc2NTc2QTQ3QzcxNDYxOUU3RUM2ODQzQkM3NkY3RUVBOThGNjY4MzJFQUYwQzE4ODgwREQ1NzQ5RUFFMTMzRTlENzFDNjYxRUM0QkEyNUNCMTk2MDY1Q0IwNDlFRTMyQzFFMjhEOUIwNDE3OEQwMkUzNUFGNTQ0NEQ4RjVDRDU0QzUyMjNENURENjg4MDk3ODFDMDE2NERDMjYzMkRENjc5ODYxNUE2QTFFNEUyRjZFMjI1MDM1M0ExMjMyNzI2Q0FFQzE3MTgzODEyN0U1REM1OEI0NUMyOUI3MUM1MEYxMDU1MjE2NTBFNTkzMjIwQTU2QTkwQjczNEJDODA4MjVDOURDRjIzQUVFNUUxNzcxRDJFOTAyMDMwMTAwMDEwHhcNMjAwNDI4MTMyMzAzWhcNMjEwNDI4MTMyODAzWjAzMTEwLwYDVQQDEyg3N0FBNjlFOTU3MUQxREQwOTJGNzMzMUNGNzE1N0QwN0I1RTg5OTdCMIIBIjANBgkqhkiG9w0BAQEFAAOCAQ8AMIIBCgKCAQEAxfzcrut62t49w60FaZK5SH4hwuRpgfe/PEPrQiJQ6J+812f+ZL3hxchyMwj5rcfAU0tMVrwKBdeZcfLhM7WsUZ4z11edOK4bCDkdLRUwCOdFp4emOCnQz+OFQNB7gRmGy+vmAe4z2E6MsGKI5JmqFF5g5RfYUPcLOsC0vuq9Kos2/bKuYl7YTUkJmIvxOEkbhiNpTD8yo4u/W+qWLZKRsZgvgTJ49QXYPsD7lXSCBmhypwfpEW6+2eIm5sqaN20RcIknW9ZISrT0KHi2oNdKrJIIGMtjyoeU4BrEcsNvDT9yLxM/Ztlhi7Hf6SL0ftN53SMHiv2LdsdpsArH8jSm7QIDAQABo4ICEDCCAgwwDwYDVR0TAQH/BAUwAwEB/zAdBgNVHQ4EFgQUd6pp6VcdHdCS9zMc9xV9B7XomXswHwYDVR0jBBgwFoAUbKywsyXpTjVWMCm+YXmGJbjPRHswDgYDVR0PAQH/BAQDAgEGMFkGA1UdHwRSMFAwTqBMoEqGSHJzeW5jOi8vbG9jYWxob3N0L3JlcG8vdGEvMC82Q0FDQjBCMzI1RTk0RTM1NTYzMDI5QkU2MTc5ODYyNUI4Q0Y0NDdCLmNybDA8BggrBgEFBQcBAQQwMC4wLAYIKwYBBQUHMAKGIHJzeW5jOi8vbG9jYWxob3N0L3JlcG8vdGEvdGEuY2VyMIHVBggrBgEFBQcBCwSByDCBxTArBggrBgEFBQcwBYYfcnN5bmM6Ly9sb2NhbGhvc3QvcmVwby9jaGlsZC8wLzBXBggrBgEFBQcwCoZLcnN5bmM6Ly9sb2NhbGhvc3QvcmVwby9jaGlsZC8wLzc3QUE2OUU5NTcxRDFERDA5MkY3MzMxQ0Y3MTU3RDA3QjVFODk5N0IubWZ0MD0GCCsGAQUFBzANhjFodHRwczovL2xvY2FsaG9zdDozMDAwL3Rlc3QtcnJkcC9ub3RpZmljYXRpb24ueG1sMBgGA1UdIAEB/wQOMAwwCgYIKwYBBQUHDgIwHgYIKwYBBQUHAQcBAf8EDzANMAsEAgABMAUDAwDAqDANBgkqhkiG9w0BAQsFAAOCAQEATurNZ188yJutuwLrTrzGeZf2JBK59SOwdiX7aPaqKNZEt0S2i+xs9cdECmdCTjG7YzDmehir6I5BXL7f0wyBR5aI/ygMEhWp1UQtGeofY9c+eCqDA8WLgAY/mR/eCb2mYce+fshbr0fzuR9xQIE3IlNvLduDcw780T1Egw1uAOV30WRE7xkkepQPxKP4LvGQrs3Zu8PKNs60gKQw1MlQE3AYPNez+6Mt+mqjf/bQr04KiNUNxkzT4Dlp+NqL0xJbluxYKsD7Bwta9lwTBPi9rjWr3AOkMPtja29R1k1EAlx73KHsZzMWR7ONeaPZMIvR+Qbv+eZTBvvO112fjPHNVg==",
                  "replaces": {
                    "revocation": {
                      "serial": "253848166670994809533606324635587824513509576151",
                      "expires": "2021-04-28T13:28:00Z"
                    },
                    "hash": "47368deff188d59546bd59df97303f721462903d600cdac97aec63f499cbb982"
                  }
                }
              ],
              "removed": []
            }
          ]
        }
      },
      {
        "id": "ta",
        "version": 11,
        "details": {
          "object_set_updated": [
            "0",
            {
              "6CACB0B325E94E35563029BE61798625B8CF447B": {
                "number": 3,
                "revocations_delta": {
                  "added": [
                    {
                      "serial": "253848166670994809533606324635587824513509576151",
                      "expires": "2021-04-28T13:28:00Z"
                    },
                    {
                      "serial": "475074938745660120334182819164501165858054487081",
                      "expires": "2020-04-29T13:28:00.230799Z"
                    }
                  ],
                  "dropped": []
                },
                "manifest_info": {
                  "name": "6CACB0B325E94E35563029BE61798625B8CF447B.mft",
                  "current": {
                    "content": "MIILZgYJKoZIhvcNAQcCoIILVzCCC1MCAQMxDzANBglghkgBZQMEAgEFADCB7wYLKoZIhvcNAQkQARqggd8EgdwwgdkCAQMYDzIwMjAwNDI4MTMyMzAzWhgPMjAyMDA0MjkxMzI4MDNaBglghkgBZQMEAgEwgaYwURYsNkNBQ0IwQjMyNUU5NEUzNTU2MzAyOUJFNjE3OTg2MjVCOENGNDQ3Qi5jcmwDIQCLEKvvtHbMiawBmsJtTigOLI6rV60xqokO8X4K/xLlATBRFiw3N0FBNjlFOTU3MUQxREQwOTJGNzMzMUNGNzE1N0QwN0I1RTg5OTdCLmNlcgMhAKRBarKnhKogij8wN1kO49wBOAhvOE3Zn0ixzp7ZiRC9oIIImTCCCJUwggd9oAMCAQICFEYPhPJ3BA7YvDVOlLPNCsfUNnxaMA0GCSqGSIb3DQEBCwUAMIICLTGCAikwggIlBgNVBAMTggIcMzA4MjAxMEEwMjgyMDEwMTAwRDU3MDUyRjNGN0UyOTkxRTQyMjFENTc0RDA4OTQ3NkI1MjI0MTkyQ0Y2NzdDOTM5MjIxMzE0RTVFN0E3QTQ4QTQxQ0ZGOEJBQTVFNTg0RjE5RDBFODJFQ0ZEOUQyOUI4OTE5NzBGQkM0QTUzQ0RGODZGNjY1QUFEQjgzNEQzQkE1QjM1N0U3OEU3N0VEMzUwN0JCRTVGOTVGMTVEOTc2QTQ3MEY3RjcyNTYwRDNBMjUwRTNGMEU1N0M0OUZDMzRBODIyNjlEREI2MTQxNDVDOTIwRjRBQkUyNjIzN0UzMzA2MjQ2MTEzRjQwRTQ3NjU3NkE0N0M3MTQ2MTlFN0VDNjg0M0JDNzZGN0VFQTk4RjY2ODMyRUFGMEMxODg4MERENTc0OUVBRTEzM0U5RDcxQzY2MUVDNEJBMjVDQjE5NjA2NUNCMDQ5RUUzMkMxRTI4RDlCMDQxNzhEMDJFMzVBRjU0NDREOEY1Q0Q1NEM1MjIzRDVERDY4ODA5NzgxQzAxNjREQzI2MzJERDY3OTg2MTVBNkExRTRFMkY2RTIyNTAzNTNBMTIzMjcyNkNBRUMxNzE4MzgxMjdFNURDNThCNDVDMjlCNzFDNTBGMTA1NTIxNjUwRTU5MzIyMEE1NkE5MEI3MzRCQzgwODI1QzlEQ0YyM0FFRTVFMTc3MUQyRTkwMjAzMDEwMDAxMB4XDTIwMDQyODEzMjMwM1oXDTIwMDUwNTEzMjgwM1owggItMYICKTCCAiUGA1UEAxOCAhwzMDgyMDEwQTAyODIwMTAxMDBDQzE1MjRDOTNGQjZDM0ZBQjMwOTFBQTBCNTQ1ODJGQzI5ODM4QjJDQjZGMUY4RkFBQ0EzNUE0OUM1QjVFMkU3ODgxMzU3MDc5RkYwNjI4RjZBRkM0REJGOEE4NkY4RjcyQTQ1MzA3MDNGOEI1NEZENjYyOTQ3NDkzOEVDNzg2QzYzQkQ3NDA0RjFFODcxMTk4MTZGMzNDODg4QjJCMUY4RkVBQ0NBN0U2NzUwQjRFMEI3QjVCQkJBMjU0ODQ1RDg2MDMxOUJFNDgwQTc3QzdDMzk1NjcwRDNENTdBMDEzOEZBRDBGOUM2NDdDRjBCRUIzQkYwNDAzMzUyNDNCQzE4OEVDMDBEMUMyM0I5RjM5OUIyOTg3QjAwQzcxNDMxMDJDNUVFRTRERjZGRUM5QUEwNDlGNzY2NTkzODU3RTcyM0Y1OEVDNzExQkRGNUYxQjE4OUZDMzk5NUYyRDIyQTE1N0EyOTM0NTVFMTQ0MEM0QUZEMTQ5OEIzQjVGOTQwNkZGNkM3OTc1RjQ5QzJEQ0JDRUMwNEZCQ0VCNTdFQjJFODcwMTA2MEYwRERCMEU5RjA2RTRDOTA2NEQ4M0Y4RDVDODM4QUU3RUQ1NjlDRkU3RkJFOUMyRTk3QkU5ODE0N0Y4MDRCMzNGRDIxN0M0N0YyN0FFNjc3NENDMTIwQTAzRDAyMDMwMTAwMDEwggEiMA0GCSqGSIb3DQEBAQUAA4IBDwAwggEKAoIBAQDMFSTJP7bD+rMJGqC1RYL8KYOLLLbx+Pqso1pJxbXi54gTVwef8GKPavxNv4qG+PcqRTBwP4tU/WYpR0k47HhsY710BPHocRmBbzPIiLKx+P6syn5nULTgt7W7uiVIRdhgMZvkgKd8fDlWcNPVegE4+tD5xkfPC+s78EAzUkO8GI7ADRwjufOZsph7AMcUMQLF7uTfb+yaoEn3Zlk4V+cj9Y7HEb318bGJ/DmV8tIqFXopNFXhRAxK/RSYs7X5QG/2x5dfScLcvOwE+861frLocBBg8N2w6fBuTJBk2D+NXIOK5+1WnP5/vpwul76YFH+ASzP9IXxH8nrmd0zBIKA9AgMBAAGjggGnMIIBozAdBgNVHQ4EFgQU8DYfjAR4tIqY5yILDkIp0vRxbNMwHwYDVR0jBBgwFoAUbKywsyXpTjVWMCm+YXmGJbjPRHswDgYDVR0PAQH/BAQDAgeAMFkGA1UdHwRSMFAwTqBMoEqGSHJzeW5jOi8vbG9jYWxob3N0L3JlcG8vdGEvMC82Q0FDQjBCMzI1RTk0RTM1NTYzMDI5QkU2MTc5ODYyNUI4Q0Y0NDdCLmNybDA8BggrBgEFBQcBAQQwMC4wLAYIKwYBBQUHMAKGIHJzeW5jOi8vbG9jYWxob3N0L3JlcG8vdGEvdGEuY2VyMGQGCCsGAQUFBwELBFgwVjBUBggrBgEFBQcwC4ZIcnN5bmM6Ly9sb2NhbGhvc3QvcmVwby90YS8wLzZDQUNCMEIzMjVFOTRFMzU1NjMwMjlCRTYxNzk4NjI1QjhDRjQ0N0IubWZ0MBgGA1UdIAEB/wQOMAwwCgYIKwYBBQUHDgIwIQYIKwYBBQUHAQcBAf8EEjAQMAYEAgABBQAwBgQCAAIFADAVBggrBgEFBQcBCAEB/wQGMASgAgUAMA0GCSqGSIb3DQEBCwUAA4IBAQCVFCjetsLUEz4ywp+W5v9mIk/53PadYVosr1kv434VF5ktEtWx0pNEnulMb4EysO32G5CZGQ/zouaVF6iafsLbBTWzw7fXXD3vaRwPRs8h5IAGVlHY1HOPh5s2iPY896xJGKyNQHzxxpGUyIgVUwLd5SwEAtbnnb6jLMkkU4uF0GzIlKf9AhkmKCUaqqAbM5JGPHq8jeIQzknypSysh81o0IlcXwNeOnh1vejkAgBw79t2HhiuJ9rP++eK3kH6niwSTrZWmLNKTFiQCSvqDMc6B4P4K9yIcvlpi8bAV0no0E69wvU1xBo5Ug3Lv4xhk3tdbXkXvF/v2jNxcTWTTJ3tMYIBrDCCAagCAQOAFPA2H4wEeLSKmOciCw5CKdL0cWzTMA0GCWCGSAFlAwQCAQUAoGswGgYJKoZIhvcNAQkDMQ0GCyqGSIb3DQEJEAEaMBwGCSqGSIb3DQEJBTEPFw0yMDA0MjgxMzI4MDNaMC8GCSqGSIb3DQEJBDEiBCBRYAnNCHagFCCLmRYXoDvoVCz2jZ2nASsviPZUhB3Z+jANBgkqhkiG9w0BAQEFAASCAQAaEVwwLsD33kNYvuDbgsu7ay/NjmIXymQ2/jVHRH6kFHm+t7ZSV+wOG5FeDRf8drjC9HY/+IPcqfZaIMBnC8V84Hpzku78V7zEVV+7g966iZwMERfj1UnJaAuJVFGRgL2w1IhWfdrwXfmrcvUizy5V8iW4i11+tbM2WGRAneP5YoRTi2sKSghxBeitO3mtDxvNFS8Hv5CV19mlBNayzrR7qQTRNLq2EBQ16TMGT8fBNG+iVz/WNCyXXT7ozAeO60w2u9LGpJDUD5JQS0YXUDnbL8rLcz5ZsR4iXVCCzmlagaIIHNSHjDrlou0uObnOP1XF2Ym9RAeTrcdFf7+4EoN1",
                    "serial": "399975446463921715074212928104399972599005084762",
                    "expires": "2020-04-29T13:28:03.289655Z"
                  },
                  "next_update": "2020-04-29T13:28:03.289655Z",
                  "old": "0ea8cac18d52637c8f8588a33e871b46fa76a3eec4f20d93b98b9c96b1ca0ac0"
                },
                "crl_info": {
                  "name": "6CACB0B325E94E35563029BE61798625B8CF447B.crl",
                  "current": {
                    "content": "MIIEITCCAwkCAQEwDQYJKoZIhvcNAQELBQAwggItMYICKTCCAiUGA1UEAxOCAhwzMDgyMDEwQTAyODIwMTAxMDBENTcwNTJGM0Y3RTI5OTFFNDIyMUQ1NzREMDg5NDc2QjUyMjQxOTJDRjY3N0M5MzkyMjEzMTRFNUU3QTdBNDhBNDFDRkY4QkFBNUU1ODRGMTlEMEU4MkVDRkQ5RDI5Qjg5MTk3MEZCQzRBNTNDREY4NkY2NjVBQURCODM0RDNCQTVCMzU3RTc4RTc3RUQzNTA3QkJFNUY5NUYxNUQ5NzZBNDcwRjdGNzI1NjBEM0EyNTBFM0YwRTU3QzQ5RkMzNEE4MjI2OUREQjYxNDE0NUM5MjBGNEFCRTI2MjM3RTMzMDYyNDYxMTNGNDBFNDc2NTc2QTQ3QzcxNDYxOUU3RUM2ODQzQkM3NkY3RUVBOThGNjY4MzJFQUYwQzE4ODgwREQ1NzQ5RUFFMTMzRTlENzFDNjYxRUM0QkEyNUNCMTk2MDY1Q0IwNDlFRTMyQzFFMjhEOUIwNDE3OEQwMkUzNUFGNTQ0NEQ4RjVDRDU0QzUyMjNENURENjg4MDk3ODFDMDE2NERDMjYzMkRENjc5ODYxNUE2QTFFNEUyRjZFMjI1MDM1M0ExMjMyNzI2Q0FFQzE3MTgzODEyN0U1REM1OEI0NUMyOUI3MUM1MEYxMDU1MjE2NTBFNTkzMjIwQTU2QTkwQjczNEJDODA4MjVDOURDRjIzQUVFNUUxNzcxRDJFOTAyMDMwMTAwMDEXDTIwMDQyODEzMjMwM1oXDTIwMDQyOTEzMjgwM1owdTAlAhRFjAzaLmMNQQ7Ap5ZCjQGqeAt9BhcNMjAwNDI5MTMyNzU4WjAlAhQsdvIKuIsUxQvd/vD9VK+gM41N1xcNMjEwNDI4MTMyODAwWjAlAhRTNxjWyCveFEbEUFb2F1Vc6tQ8KRcNMjAwNDI5MTMyODAwWqAvMC0wHwYDVR0jBBgwFoAUbKywsyXpTjVWMCm+YXmGJbjPRHswCgYDVR0UBAMCAQMwDQYJKoZIhvcNAQELBQADggEBACt9D57PzSGUBof/4e85DfLvcLPYb7ICjr6Vn4JZDjImw+AaHsTr7fQOOmhQPyPObCgOXLMRyXBISHm8TB4kXCbyU+5Vh8g/TrwRfhQOnugtxrobpjAi8/K9Gy8xDh4z15XA1eE8je4vgE00X3mdThBunW3K1hcFWcOOgat0ZjIcUPRZlr9z+eNrowv3SWPlqaPwzilv1i5cF27enLfyDvNi5SXC3PyIA2tM74f6oK7avqLkE5tAiQt8bHBZv77KUdIWoS2VkLyOoP79lGx5SWyx61h8bnMDAmEGK9uP9ndxEk7VFsToKO60wNJ1gTwsFydv91KCgrEYmYYIlqxAEgo=",
                    "serial": "3",
                    "expires": "2020-04-29T13:28:03.285950Z"
                  },
                  "old": "e884c6792c5d8c322215ec333bd82b76e77fa5d4d3ca0fbce46605c788e4af5c"
                },
                "objects_delta": {
                  "ca_repo": "rsync://localhost/repo/ta/0",
                  "added": [],
                  "updated": [
                    {
                      "name": "77AA69E9571D1DD092F7331CF7157D07B5E8997B.cer",
                      "object": {
                        "content": "MIIHAjCCBeqgAwIBAgIUO+L6AGPqhZyMkWlflYKKfxo4/MUwDQYJKoZIhvcNAQELBQAwggItMYICKTCCAiUGA1UEAxOCAhwzMDgyMDEwQTAyODIwMTAxMDBENTcwNTJGM0Y3RTI5OTFFNDIyMUQ1NzREMDg5NDc2QjUyMjQxOTJDRjY3N0M5MzkyMjEzMTRFNUU3QTdBNDhBNDFDRkY4QkFBNUU1ODRGMTlEMEU4MkVDRkQ5RDI5Qjg5MTk3MEZCQzRBNTNDREY4NkY2NjVBQURCODM0RDNCQTVCMzU3RTc4RTc3RUQzNTA3QkJFNUY5NUYxNUQ5NzZBNDcwRjdGNzI1NjBEM0EyNTBFM0YwRTU3QzQ5RkMzNEE4MjI2OUREQjYxNDE0NUM5MjBGNEFCRTI2MjM3RTMzMDYyNDYxMTNGNDBFNDc2NTc2QTQ3QzcxNDYxOUU3RUM2ODQzQkM3NkY3RUVBOThGNjY4MzJFQUYwQzE4ODgwREQ1NzQ5RUFFMTMzRTlENzFDNjYxRUM0QkEyNUNCMTk2MDY1Q0IwNDlFRTMyQzFFMjhEOUIwNDE3OEQwMkUzNUFGNTQ0NEQ4RjVDRDU0QzUyMjNENURENjg4MDk3ODFDMDE2NERDMjYzMkRENjc5ODYxNUE2QTFFNEUyRjZFMjI1MDM1M0ExMjMyNzI2Q0FFQzE3MTgzODEyN0U1REM1OEI0NUMyOUI3MUM1MEYxMDU1MjE2NTBFNTkzMjIwQTU2QTkwQjczNEJDODA4MjVDOURDRjIzQUVFNUUxNzcxRDJFOTAyMDMwMTAwMDEwHhcNMjAwNDI4MTMyMzAzWhcNMjEwNDI4MTMyODAzWjAzMTEwLwYDVQQDEyg3N0FBNjlFOTU3MUQxREQwOTJGNzMzMUNGNzE1N0QwN0I1RTg5OTdCMIIBIjANBgkqhkiG9w0BAQEFAAOCAQ8AMIIBCgKCAQEAxfzcrut62t49w60FaZK5SH4hwuRpgfe/PEPrQiJQ6J+812f+ZL3hxchyMwj5rcfAU0tMVrwKBdeZcfLhM7WsUZ4z11edOK4bCDkdLRUwCOdFp4emOCnQz+OFQNB7gRmGy+vmAe4z2E6MsGKI5JmqFF5g5RfYUPcLOsC0vuq9Kos2/bKuYl7YTUkJmIvxOEkbhiNpTD8yo4u/W+qWLZKRsZgvgTJ49QXYPsD7lXSCBmhypwfpEW6+2eIm5sqaN20RcIknW9ZISrT0KHi2oNdKrJIIGMtjyoeU4BrEcsNvDT9yLxM/Ztlhi7Hf6SL0ftN53SMHiv2LdsdpsArH8jSm7QIDAQABo4ICEDCCAgwwDwYDVR0TAQH/BAUwAwEB/zAdBgNVHQ4EFgQUd6pp6VcdHdCS9zMc9xV9B7XomXswHwYDVR0jBBgwFoAUbKywsyXpTjVWMCm+YXmGJbjPRHswDgYDVR0PAQH/BAQDAgEGMFkGA1UdHwRSMFAwTqBMoEqGSHJzeW5jOi8vbG9jYWxob3N0L3JlcG8vdGEvMC82Q0FDQjBCMzI1RTk0RTM1NTYzMDI5QkU2MTc5ODYyNUI4Q0Y0NDdCLmNybDA8BggrBgEFBQcBAQQwMC4wLAYIKwYBBQUHMAKGIHJzeW5jOi8vbG9jYWxob3N0L3JlcG8vdGEvdGEuY2VyMIHVBggrBgEFBQcBCwSByDCBxTArBggrBgEFBQcwBYYfcnN5bmM6Ly9sb2NhbGhvc3QvcmVwby9jaGlsZC8wLzBXBggrBgEFBQcwCoZLcnN5bmM6Ly9sb2NhbGhvc3QvcmVwby9jaGlsZC8wLzc3QUE2OUU5NTcxRDFERDA5MkY3MzMxQ0Y3MTU3RDA3QjVFODk5N0IubWZ0MD0GCCsGAQUFBzANhjFodHRwczovL2xvY2FsaG9zdDozMDAwL3Rlc3QtcnJkcC9ub3RpZmljYXRpb24ueG1sMBgGA1UdIAEB/wQOMAwwCgYIKwYBBQUHDgIwHgYIKwYBBQUHAQcBAf8EDzANMAsEAgABMAUDAwDAqDANBgkqhkiG9w0BAQsFAAOCAQEATurNZ188yJutuwLrTrzGeZf2JBK59SOwdiX7aPaqKNZEt0S2i+xs9cdECmdCTjG7YzDmehir6I5BXL7f0wyBR5aI/ygMEhWp1UQtGeofY9c+eCqDA8WLgAY/mR/eCb2mYce+fshbr0fzuR9xQIE3IlNvLduDcw780T1Egw1uAOV30WRE7xkkepQPxKP4LvGQrs3Zu8PKNs60gKQw1MlQE3AYPNez+6Mt+mqjf/bQr04KiNUNxkzT4Dlp+NqL0xJbluxYKsD7Bwta9lwTBPi9rjWr3AOkMPtja29R1k1EAlx73KHsZzMWR7ONeaPZMIvR+Qbv+eZTBvvO112fjPHNVg==",
                        "serial": "341892202097768671832582369305058244442367524037",
                        "expires": "2021-04-28T13:28:03Z"
                      },
                      "old": "47368deff188d59546bd59df97303f721462903d600cdac97aec63f499cbb982"
                    },
                    {
                      "name": "6CACB0B325E94E35563029BE61798625B8CF447B.crl",
                      "object": {
                        "content": "MIIEITCCAwkCAQEwDQYJKoZIhvcNAQELBQAwggItMYICKTCCAiUGA1UEAxOCAhwzMDgyMDEwQTAyODIwMTAxMDBENTcwNTJGM0Y3RTI5OTFFNDIyMUQ1NzREMDg5NDc2QjUyMjQxOTJDRjY3N0M5MzkyMjEzMTRFNUU3QTdBNDhBNDFDRkY4QkFBNUU1ODRGMTlEMEU4MkVDRkQ5RDI5Qjg5MTk3MEZCQzRBNTNDREY4NkY2NjVBQURCODM0RDNCQTVCMzU3RTc4RTc3RUQzNTA3QkJFNUY5NUYxNUQ5NzZBNDcwRjdGNzI1NjBEM0EyNTBFM0YwRTU3QzQ5RkMzNEE4MjI2OUREQjYxNDE0NUM5MjBGNEFCRTI2MjM3RTMzMDYyNDYxMTNGNDBFNDc2NTc2QTQ3QzcxNDYxOUU3RUM2ODQzQkM3NkY3RUVBOThGNjY4MzJFQUYwQzE4ODgwREQ1NzQ5RUFFMTMzRTlENzFDNjYxRUM0QkEyNUNCMTk2MDY1Q0IwNDlFRTMyQzFFMjhEOUIwNDE3OEQwMkUzNUFGNTQ0NEQ4RjVDRDU0QzUyMjNENURENjg4MDk3ODFDMDE2NERDMjYzMkRENjc5ODYxNUE2QTFFNEUyRjZFMjI1MDM1M0ExMjMyNzI2Q0FFQzE3MTgzODEyN0U1REM1OEI0NUMyOUI3MUM1MEYxMDU1MjE2NTBFNTkzMjIwQTU2QTkwQjczNEJDODA4MjVDOURDRjIzQUVFNUUxNzcxRDJFOTAyMDMwMTAwMDEXDTIwMDQyODEzMjMwM1oXDTIwMDQyOTEzMjgwM1owdTAlAhRFjAzaLmMNQQ7Ap5ZCjQGqeAt9BhcNMjAwNDI5MTMyNzU4WjAlAhQsdvIKuIsUxQvd/vD9VK+gM41N1xcNMjEwNDI4MTMyODAwWjAlAhRTNxjWyCveFEbEUFb2F1Vc6tQ8KRcNMjAwNDI5MTMyODAwWqAvMC0wHwYDVR0jBBgwFoAUbKywsyXpTjVWMCm+YXmGJbjPRHswCgYDVR0UBAMCAQMwDQYJKoZIhvcNAQELBQADggEBACt9D57PzSGUBof/4e85DfLvcLPYb7ICjr6Vn4JZDjImw+AaHsTr7fQOOmhQPyPObCgOXLMRyXBISHm8TB4kXCbyU+5Vh8g/TrwRfhQOnugtxrobpjAi8/K9Gy8xDh4z15XA1eE8je4vgE00X3mdThBunW3K1hcFWcOOgat0ZjIcUPRZlr9z+eNrowv3SWPlqaPwzilv1i5cF27enLfyDvNi5SXC3PyIA2tM74f6oK7avqLkE5tAiQt8bHBZv77KUdIWoS2VkLyOoP79lGx5SWyx61h8bnMDAmEGK9uP9ndxEk7VFsToKO60wNJ1gTwsFydv91KCgrEYmYYIlqxAEgo=",
                        "serial": "3",
                        "expires": "2020-04-29T13:28:03.285950Z"
                      },
                      "old": "e884c6792c5d8c322215ec333bd82b76e77fa5d4d3ca0fbce46605c788e4af5c"
                    },
                    {
                      "name": "6CACB0B325E94E35563029BE61798625B8CF447B.mft",
                      "object": {
                        "content": "MIILZgYJKoZIhvcNAQcCoIILVzCCC1MCAQMxDzANBglghkgBZQMEAgEFADCB7wYLKoZIhvcNAQkQARqggd8EgdwwgdkCAQMYDzIwMjAwNDI4MTMyMzAzWhgPMjAyMDA0MjkxMzI4MDNaBglghkgBZQMEAgEwgaYwURYsNkNBQ0IwQjMyNUU5NEUzNTU2MzAyOUJFNjE3OTg2MjVCOENGNDQ3Qi5jcmwDIQCLEKvvtHbMiawBmsJtTigOLI6rV60xqokO8X4K/xLlATBRFiw3N0FBNjlFOTU3MUQxREQwOTJGNzMzMUNGNzE1N0QwN0I1RTg5OTdCLmNlcgMhAKRBarKnhKogij8wN1kO49wBOAhvOE3Zn0ixzp7ZiRC9oIIImTCCCJUwggd9oAMCAQICFEYPhPJ3BA7YvDVOlLPNCsfUNnxaMA0GCSqGSIb3DQEBCwUAMIICLTGCAikwggIlBgNVBAMTggIcMzA4MjAxMEEwMjgyMDEwMTAwRDU3MDUyRjNGN0UyOTkxRTQyMjFENTc0RDA4OTQ3NkI1MjI0MTkyQ0Y2NzdDOTM5MjIxMzE0RTVFN0E3QTQ4QTQxQ0ZGOEJBQTVFNTg0RjE5RDBFODJFQ0ZEOUQyOUI4OTE5NzBGQkM0QTUzQ0RGODZGNjY1QUFEQjgzNEQzQkE1QjM1N0U3OEU3N0VEMzUwN0JCRTVGOTVGMTVEOTc2QTQ3MEY3RjcyNTYwRDNBMjUwRTNGMEU1N0M0OUZDMzRBODIyNjlEREI2MTQxNDVDOTIwRjRBQkUyNjIzN0UzMzA2MjQ2MTEzRjQwRTQ3NjU3NkE0N0M3MTQ2MTlFN0VDNjg0M0JDNzZGN0VFQTk4RjY2ODMyRUFGMEMxODg4MERENTc0OUVBRTEzM0U5RDcxQzY2MUVDNEJBMjVDQjE5NjA2NUNCMDQ5RUUzMkMxRTI4RDlCMDQxNzhEMDJFMzVBRjU0NDREOEY1Q0Q1NEM1MjIzRDVERDY4ODA5NzgxQzAxNjREQzI2MzJERDY3OTg2MTVBNkExRTRFMkY2RTIyNTAzNTNBMTIzMjcyNkNBRUMxNzE4MzgxMjdFNURDNThCNDVDMjlCNzFDNTBGMTA1NTIxNjUwRTU5MzIyMEE1NkE5MEI3MzRCQzgwODI1QzlEQ0YyM0FFRTVFMTc3MUQyRTkwMjAzMDEwMDAxMB4XDTIwMDQyODEzMjMwM1oXDTIwMDUwNTEzMjgwM1owggItMYICKTCCAiUGA1UEAxOCAhwzMDgyMDEwQTAyODIwMTAxMDBDQzE1MjRDOTNGQjZDM0ZBQjMwOTFBQTBCNTQ1ODJGQzI5ODM4QjJDQjZGMUY4RkFBQ0EzNUE0OUM1QjVFMkU3ODgxMzU3MDc5RkYwNjI4RjZBRkM0REJGOEE4NkY4RjcyQTQ1MzA3MDNGOEI1NEZENjYyOTQ3NDkzOEVDNzg2QzYzQkQ3NDA0RjFFODcxMTk4MTZGMzNDODg4QjJCMUY4RkVBQ0NBN0U2NzUwQjRFMEI3QjVCQkJBMjU0ODQ1RDg2MDMxOUJFNDgwQTc3QzdDMzk1NjcwRDNENTdBMDEzOEZBRDBGOUM2NDdDRjBCRUIzQkYwNDAzMzUyNDNCQzE4OEVDMDBEMUMyM0I5RjM5OUIyOTg3QjAwQzcxNDMxMDJDNUVFRTRERjZGRUM5QUEwNDlGNzY2NTkzODU3RTcyM0Y1OEVDNzExQkRGNUYxQjE4OUZDMzk5NUYyRDIyQTE1N0EyOTM0NTVFMTQ0MEM0QUZEMTQ5OEIzQjVGOTQwNkZGNkM3OTc1RjQ5QzJEQ0JDRUMwNEZCQ0VCNTdFQjJFODcwMTA2MEYwRERCMEU5RjA2RTRDOTA2NEQ4M0Y4RDVDODM4QUU3RUQ1NjlDRkU3RkJFOUMyRTk3QkU5ODE0N0Y4MDRCMzNGRDIxN0M0N0YyN0FFNjc3NENDMTIwQTAzRDAyMDMwMTAwMDEwggEiMA0GCSqGSIb3DQEBAQUAA4IBDwAwggEKAoIBAQDMFSTJP7bD+rMJGqC1RYL8KYOLLLbx+Pqso1pJxbXi54gTVwef8GKPavxNv4qG+PcqRTBwP4tU/WYpR0k47HhsY710BPHocRmBbzPIiLKx+P6syn5nULTgt7W7uiVIRdhgMZvkgKd8fDlWcNPVegE4+tD5xkfPC+s78EAzUkO8GI7ADRwjufOZsph7AMcUMQLF7uTfb+yaoEn3Zlk4V+cj9Y7HEb318bGJ/DmV8tIqFXopNFXhRAxK/RSYs7X5QG/2x5dfScLcvOwE+861frLocBBg8N2w6fBuTJBk2D+NXIOK5+1WnP5/vpwul76YFH+ASzP9IXxH8nrmd0zBIKA9AgMBAAGjggGnMIIBozAdBgNVHQ4EFgQU8DYfjAR4tIqY5yILDkIp0vRxbNMwHwYDVR0jBBgwFoAUbKywsyXpTjVWMCm+YXmGJbjPRHswDgYDVR0PAQH/BAQDAgeAMFkGA1UdHwRSMFAwTqBMoEqGSHJzeW5jOi8vbG9jYWxob3N0L3JlcG8vdGEvMC82Q0FDQjBCMzI1RTk0RTM1NTYzMDI5QkU2MTc5ODYyNUI4Q0Y0NDdCLmNybDA8BggrBgEFBQcBAQQwMC4wLAYIKwYBBQUHMAKGIHJzeW5jOi8vbG9jYWxob3N0L3JlcG8vdGEvdGEuY2VyMGQGCCsGAQUFBwELBFgwVjBUBggrBgEFBQcwC4ZIcnN5bmM6Ly9sb2NhbGhvc3QvcmVwby90YS8wLzZDQUNCMEIzMjVFOTRFMzU1NjMwMjlCRTYxNzk4NjI1QjhDRjQ0N0IubWZ0MBgGA1UdIAEB/wQOMAwwCgYIKwYBBQUHDgIwIQYIKwYBBQUHAQcBAf8EEjAQMAYEAgABBQAwBgQCAAIFADAVBggrBgEFBQcBCAEB/wQGMASgAgUAMA0GCSqGSIb3DQEBCwUAA4IBAQCVFCjetsLUEz4ywp+W5v9mIk/53PadYVosr1kv434VF5ktEtWx0pNEnulMb4EysO32G5CZGQ/zouaVF6iafsLbBTWzw7fXXD3vaRwPRs8h5IAGVlHY1HOPh5s2iPY896xJGKyNQHzxxpGUyIgVUwLd5SwEAtbnnb6jLMkkU4uF0GzIlKf9AhkmKCUaqqAbM5JGPHq8jeIQzknypSysh81o0IlcXwNeOnh1vejkAgBw79t2HhiuJ9rP++eK3kH6niwSTrZWmLNKTFiQCSvqDMc6B4P4K9yIcvlpi8bAV0no0E69wvU1xBo5Ug3Lv4xhk3tdbXkXvF/v2jNxcTWTTJ3tMYIBrDCCAagCAQOAFPA2H4wEeLSKmOciCw5CKdL0cWzTMA0GCWCGSAFlAwQCAQUAoGswGgYJKoZIhvcNAQkDMQ0GCyqGSIb3DQEJEAEaMBwGCSqGSIb3DQEJBTEPFw0yMDA0MjgxMzI4MDNaMC8GCSqGSIb3DQEJBDEiBCBRYAnNCHagFCCLmRYXoDvoVCz2jZ2nASsviPZUhB3Z+jANBgkqhkiG9w0BAQEFAASCAQAaEVwwLsD33kNYvuDbgsu7ay/NjmIXymQ2/jVHRH6kFHm+t7ZSV+wOG5FeDRf8drjC9HY/+IPcqfZaIMBnC8V84Hpzku78V7zEVV+7g966iZwMERfj1UnJaAuJVFGRgL2w1IhWfdrwXfmrcvUizy5V8iW4i11+tbM2WGRAneP5YoRTi2sKSghxBeitO3mtDxvNFS8Hv5CV19mlBNayzrR7qQTRNLq2EBQ16TMGT8fBNG+iVz/WNCyXXT7ozAeO60w2u9LGpJDUD5JQS0YXUDnbL8rLcz5ZsR4iXVCCzmlagaIIHNSHjDrlou0uObnOP1XF2Ym9RAeTrcdFf7+4EoN1",
                        "serial": "399975446463921715074212928104399972599005084762",
                        "expires": "2020-04-29T13:28:03.289655Z"
                      },
                      "old": "0ea8cac18d52637c8f8588a33e871b46fa76a3eec4f20d93b98b9c96b1ca0ac0"
                    }
                  ],
                  "withdrawn": []
                }
              }
            }
          ]
        }
      }
    ]
  }
}