{
  "command": {
    "actor": "krill",
    "time": "2020-04-30T14:22:30.805630Z",
    "handle": "CA4",
    "version": 9,
    "sequence": 5,
    "details": {
      "update_rcvd_cert": [
        "1",
        {
          "asn": "",
          "v4": "10.1.0.0/24",
          "v6": ""
        }
      ]
    },
    "effect": {
      "events": [
        9
      ]
    }
  },
  "result": {
    "Events": [
      {
        "id": "CA4",
        "version": 9,
        "details": {
          "key_pending_to_active": [
            "1",
            {
              "key_id": "33EF547F08298CEE8D3C6C41B24550496C5E3ED6",
              "incoming_cert": {
                "cert": "MIIFLTCCBBWgAwIBAgIUHRyvrl1wIWInNJmGJhACGxlcyPswDQYJKoZIhvcNAQELBQAwMzExMC8GA1UEAxMoQzM0QjU2QkVDQ0MwODkwODFDNzY1NjBFOEY3QTQxREIxQzA3ODE1MDAeFw0yMDA0MzAxNDE3MzBaFw0yMTA0MzAxNDIyMzBaMDMxMTAvBgNVBAMTKDMzRUY1NDdGMDgyOThDRUU4RDNDNkM0MUIyNDU1MDQ5NkM1RTNFRDYwggEiMA0GCSqGSIb3DQEBAQUAA4IBDwAwggEKAoIBAQCec8YN8Mtcyhk6bCZ/xE6zb/b1cOYz0LGqDvip+gnNGnKOobUfM5rprEkH8ZrFZt/YtwszoZ4ZwaZhGLvVi9iK49MIEp2pMHnBvWU+0KzDvrlDt21/uBoDxTO+Wd3zj15XJWSvtEAjIsnU11TwRwjLKo8P6aQvseJLM8YqGFkMWFmpFDPWCrb0o9L6uVcl+3fv0POhCc6OCHtz3UJMHhufogGCJu2tb20NP22ULDGSB8SbFE6JyyjwniaKi8kL9ohCJ5Vw1BGJmx9puj09j5lBdllMs+Q5+cz6lEtSxhm5jm1ssPiSLFk+sWyTD/VgZZ061hSFfm9DIHsMuBcZZFsxAgMBAAGjggI3MIICMzAPBgNVHRMBAf8EBTADAQH/MB0GA1UdDgQWBBQz71R/CCmM7o08bEGyRVBJbF4+1jAfBgNVHSMEGDAWgBTDS1a+zMCJCBx2Vg6PekHbHAeBUDAOBgNVHQ8BAf8EBAMCAQYwWgYDVR0fBFMwUTBPoE2gS4ZJcnN5bmM6Ly9sb2NhbGhvc3QvcmVwby9DQTMvMS9DMzRCNTZCRUNDQzA4OTA4MUM3NjU2MEU4RjdBNDFEQjFDMDc4MTUwLmNybDBlBggrBgEFBQcBAQRZMFcwVQYIKwYBBQUHMAKGSXJzeW5jOi8vbG9jYWxob3N0L3JlcG8vQ0EyLzAvQzM0QjU2QkVDQ0MwODkwODFDNzY1NjBFOEY3QTQxREIxQzA3ODE1MC5jZXIwgdEGCCsGAQUFBwELBIHEMIHBMCkGCCsGAQUFBzAFhh1yc3luYzovL2xvY2FsaG9zdC9yZXBvL0NBNC8xLzBVBggrBgEFBQcwCoZJcnN5bmM6Ly9sb2NhbGhvc3QvcmVwby9DQTQvMS8zM0VGNTQ3RjA4Mjk4Q0VFOEQzQzZDNDFCMjQ1NTA0OTZDNUUzRUQ2Lm1mdDA9BggrBgEFBQcwDYYxaHR0cHM6Ly9sb2NhbGhvc3Q6MzAwMC90ZXN0LXJyZHAvbm90aWZpY2F0aW9uLnhtbDAYBgNVHSABAf8EDjAMMAoGCCsGAQUFBw4CMB8GCCsGAQUFBwEHAQH/BBAwDjAMBAIAATAGAwQACgEAMA0GCSqGSIb3DQEBCwUAA4IBAQAr5og7Pd6Hb0CR+QCIJIYMzonb/Ea/y2GHgr4wruFU5vouGdSjWexT37pTv/b3on+OitBfOQzEU507IEEg3kapUb/ymdQ0/c+y863oSNf4X5eaMq5l59E3J/1X9hyLKF46OLIT+HMytu+nVflX/lSYj5jUVyPSjNgcA4PBpuUBNMQDDogXYXWbC3+s3BEUeaCADlIBrV4wHaUzd7nqX5dO6u8TigBfNP7SuWLpPRcOlfC9EFH0p1gPqNwWMaQGTMfrq36zEwy9RxZ6Zl/y3RI4A5btffkoHGmacRc45ZOfhEpQP+AkGs2GGSAKhcQ2rUiCHBQ18JehFMwVAJFZdPpL",
                "uri": "rsync://localhost/repo/CA3/1/33EF547F08298CEE8D3C6C41B24550496C5E3ED6.cer",
                "resources": {
                  "asn": "",
                  "v4": "10.1.0.0/24",
                  "v6": ""
                }
              },
              "current_set": {
                "number": 1,
                "revocations": [],
                "manifest_info": {
                  "name": "33EF547F08298CEE8D3C6C41B24550496C5E3ED6.mft",
                  "current": {
                    "content": "MIIJQQYJKoZIhvcNAQcCoIIJMjCCCS4CAQMxDzANBglghkgBZQMEAgEFADCBmwYLKoZIhvcNAQkQARqggYsEgYgwgYUCAQEYDzIwMjAwNDMwMTQxNzMwWhgPMjAyMDA1MDExNDIyMzBaBglghkgBZQMEAgEwUzBRFiwzM0VGNTQ3RjA4Mjk4Q0VFOEQzQzZDNDFCMjQ1NTA0OTZDNUUzRUQ2LmNybAMhAI2SRyTKUWb/JzAIHsNVFfGqRzDbQVehavK/H12GCYD3oIIGyDCCBsQwggWsoAMCAQICFGBz1I7a7pjOeAbgk5+Nay4KHSrGMA0GCSqGSIb3DQEBCwUAMDMxMTAvBgNVBAMTKDMzRUY1NDdGMDgyOThDRUU4RDNDNkM0MUIyNDU1MDQ5NkM1RTNFRDYwHhcNMjAwNDMwMTQxNzMwWhcNMjAwNTA3MTQyMjMwWjCCAi0xggIpMIICJQYDVQQDE4ICHDMwODIwMTBBMDI4MjAxMDEwMEExODVDNEVGOEM0QTVEQzhDQTM1MDg5NUJFNTJBOTUwRjkwMDVBMzM1MjlFQ0Q5NkMxRUYyNERBMDM5MjNGQ0JFNzMyNDM3MjBDRjUyMEY5NkM1MzE5OUFENzBEN0Y3ODgyMkEyMjg4NjkwQzU2MjE4MTI5ODlFMzU2MUQ3NDdBOUY3MTFGMDlFRkU2MUQ3RUJFOTVGNkY2QkJGNjE1QTdCREZBRjRENEE5MkJFRTM4NTI0OUJDMTM5NURGQTU4MUZFRTY1QzlEMTY2NUM0RjFBNUNDODgyRjU2RjE2QTcxQjA0MjU1NDlGNjE2NEMwRjBBMTU1NDU4OEQyQTA4NTQxMDcwNkQwQTIyMDU0QUM5QzMxNzA2ODk3M0Q1MkNFNjM3RTI2NzhBMjQzNTcwMzlBRDYyNTVBOEJDQzMzMkVDM0JBRTM2QURDMTcxRkFCNkNCNzFERDZEOEUyQUIzMDMwRDEyOURFMDQzMzUzQTZCMUU4NUFBNjE2MjhDQzMyNkM4Q0UzQzc2NTc0QkJFQUM2NkNCOUMwODk4QjlFNzUxNEJFM0I2NkE5M0NDNzU1NjM3QjA3NTk4NkE0OTIyMkY1ODFGNDlBNTA0Mzc0OTBDRTlCOUIxMzE1MzQ0OTk3QURBQjYzRUI0MURENDM2MjlEQkVCQUMyRUVCNUE0RTA5MDIwMzAxMDAwMTCCASIwDQYJKoZIhvcNAQEBBQADggEPADCCAQoCggEBAKGFxO+MSl3IyjUIlb5SqVD5AFozUp7NlsHvJNoDkj/L5zJDcgz1IPlsUxma1w1/eIIqIohpDFYhgSmJ41YddHqfcR8J7+Ydfr6V9va79hWnvfr01Kkr7jhSSbwTld+lgf7mXJ0WZcTxpcyIL1bxanGwQlVJ9hZMDwoVVFiNKghUEHBtCiIFSsnDFwaJc9Us5jfiZ4okNXA5rWJVqLzDMuw7rjatwXH6tstx3W2OKrMDDRKd4EM1OmsehaphYozDJsjOPHZXS76sZsucCJi551FL47Zqk8x1VjewdZhqSSIvWB9JpQQ3SQzpubExU0SZetq2PrQd1DYp2+usLutaTgkCAwEAAaOCAdIwggHOMB0GA1UdDgQWBBTwxA1bRr+qNZvE/N9Zk8P6zEr4kDAfBgNVHSMEGDAWgBQz71R/CCmM7o08bEGyRVBJbF4+1jAOBgNVHQ8BAf8EBAMCB4AwWgYDVR0fBFMwUTBPoE2gS4ZJcnN5bmM6Ly9sb2NhbGhvc3QvcmVwby9DQTQvMS8zM0VGNTQ3RjA4Mjk4Q0VFOEQzQzZDNDFCMjQ1NTA0OTZDNUUzRUQ2LmNybDBlBggrBgEFBQcBAQRZMFcwVQYIKwYBBQUHMAKGSXJzeW5jOi8vbG9jYWxob3N0L3JlcG8vQ0EzLzEvMzNFRjU0N0YwODI5OENFRThEM0M2QzQxQjI0NTUwNDk2QzVFM0VENi5jZXIwZQYIKwYBBQUHAQsEWTBXMFUGCCsGAQUFBzALhklyc3luYzovL2xvY2FsaG9zdC9yZXBvL0NBNC8xLzMzRUY1NDdGMDgyOThDRUU4RDNDNkM0MUIyNDU1MDQ5NkM1RTNFRDYubWZ0MBgGA1UdIAEB/wQOMAwwCgYIKwYBBQUHDgIwIQYIKwYBBQUHAQcBAf8EEjAQMAYEAgABBQAwBgQCAAIFADAVBggrBgEFBQcBCAEB/wQGMASgAgUAMA0GCSqGSIb3DQEBCwUAA4IBAQCNNu0emYrfqEwaMko5cPNCQPQnytLfuA5M4buLh5Isp9lhJiDphhrwcH4pM/wHTW8rUxyAKaqsq3HmBDvY+RcK1CGEed4UhKOsoFLB07pBN//5RqjvOSSowqQ15gq6lZSCZcZYUWvnLBOnrhldaBdv/kgHOYri00G7rvYv8uQ/tm2FAgFF38MOxH7urFsgB9+6UW1hkSAZHLKeMx2LFDoMiGjP6XZxll9F4/e++jntqTwJ4N8qn5kn5KoGhT51Z/76Bi0/AJc/HYPduODBimOGBKme284uNVbVa2Otx5YBSakfVzGWcgt6brhOuCoKqqiq4KKEtld08GACCaVHpbV1MYIBrDCCAagCAQOAFPDEDVtGv6o1m8T831mTw/rMSviQMA0GCWCGSAFlAwQCAQUAoGswGgYJKoZIhvcNAQkDMQ0GCyqGSIb3DQEJEAEaMBwGCSqGSIb3DQEJBTEPFw0yMDA0MzAxNDIyMzBaMC8GCSqGSIb3DQEJBDEiBCAFTYUvuwSylnlQqXhqYOI/vX6S6jTuXDf/MFAX8O7tHzANBgkqhkiG9w0BAQEFAASCAQBvv0xvai50wZm1L5SCUxUFqPIQfOiqcQ4TAS+X878IOINR7AyAeh0ISMRxjtajtBKeyKSyO/5y/TMkUlQQ+jZHtrVvffiNziiaYBMFboIkeQdZGwX2F7TVXLieOm8PUEo1MFOQXORP6YShBGJsvv/6dZsUOqj1usGXR2c1fbN92FDw3sEr6geVL8wDKuxtZHKW9lOYu1KRlYCaXybaTf9Enl5FfKVPVUM5Wb617Lhwl5pX4A1EZu8Oqsjk3j09C1eO70t1jKy9BLWm4amiPaI70RvONL+cXLypU1FKtZBDHIjkqGMOmg6rA5OD6OuuSQMkVTcOrVlfk1RFw5fusjGL",
                    "serial": "550646216112643820951060013463567268626422377158",
                    "expires": "2020-05-01T14:22:30.809179Z"
                  },
                  "next_update": "2020-05-01T14:22:30.809179Z",
                  "old": null
                },
                "crl_info": {
                  "name": "33EF547F08298CEE8D3C6C41B24550496C5E3ED6.crl",
                  "current": {
                    "content": "MIIBrzCBmAIBATANBgkqhkiG9w0BAQsFADAzMTEwLwYDVQQDEygzM0VGNTQ3RjA4Mjk4Q0VFOEQzQzZDNDFCMjQ1NTA0OTZDNUUzRUQ2Fw0yMDA0MzAxNDE3MzBaFw0yMDA1MDExNDIyMzBaMACgLzAtMB8GA1UdIwQYMBaAFDPvVH8IKYzujTxsQbJFUElsXj7WMAoGA1UdFAQDAgEBMA0GCSqGSIb3DQEBCwUAA4IBAQCZuGz3kTwbO49Wguxx6UIbFAKA3FXAoji0iT9237l2+aAI6QNart1DEfATy/tZJ5NyFtfUYzqk2n0vMZhT6GRx3TLPspV3JywldXZbXren2YJWd4hKQh7CXZ4KvpunMWslQ++lDnZvRtqqpmB78ptISYfbAfmoy1/LZUqgnWFKPc/T33kCXuaRZKabE/NSoAa50MGY64GuEgPtx4//hzsDr95gp8j95BzpJJN9Q2WsSXD09FqVKELv2qnCgjbCGi2GXofXH1BjIO7Hre+KDRl463Ch23lP6vHdqCEyc951V/vM+u7bd0s7+qlpTuZSbiALypsq3dODkBhtigfrcChk",
                    "serial": "1",
                    "expires": "2020-05-01T14:22:30.805841Z"
                  },
                  "old": null
                }
              },
              "request": null
            },
            {
              "ca_repo": "rsync://localhost/repo/CA4/1/",
              "added": [
                {
                  "name": "33EF547F08298CEE8D3C6C41B24550496C5E3ED6.mft",
                  "object": {
                    "content": "MIIJQQYJKoZIhvcNAQcCoIIJMjCCCS4CAQMxDzANBglghkgBZQMEAgEFADCBmwYLKoZIhvcNAQkQARqggYsEgYgwgYUCAQEYDzIwMjAwNDMwMTQxNzMwWhgPMjAyMDA1MDExNDIyMzBaBglghkgBZQMEAgEwUzBRFiwzM0VGNTQ3RjA4Mjk4Q0VFOEQzQzZDNDFCMjQ1NTA0OTZDNUUzRUQ2LmNybAMhAI2SRyTKUWb/JzAIHsNVFfGqRzDbQVehavK/H12GCYD3oIIGyDCCBsQwggWsoAMCAQICFGBz1I7a7pjOeAbgk5+Nay4KHSrGMA0GCSqGSIb3DQEBCwUAMDMxMTAvBgNVBAMTKDMzRUY1NDdGMDgyOThDRUU4RDNDNkM0MUIyNDU1MDQ5NkM1RTNFRDYwHhcNMjAwNDMwMTQxNzMwWhcNMjAwNTA3MTQyMjMwWjCCAi0xggIpMIICJQYDVQQDE4ICHDMwODIwMTBBMDI4MjAxMDEwMEExODVDNEVGOEM0QTVEQzhDQTM1MDg5NUJFNTJBOTUwRjkwMDVBMzM1MjlFQ0Q5NkMxRUYyNERBMDM5MjNGQ0JFNzMyNDM3MjBDRjUyMEY5NkM1MzE5OUFENzBEN0Y3ODgyMkEyMjg4NjkwQzU2MjE4MTI5ODlFMzU2MUQ3NDdBOUY3MTFGMDlFRkU2MUQ3RUJFOTVGNkY2QkJGNjE1QTdCREZBRjRENEE5MkJFRTM4NTI0OUJDMTM5NURGQTU4MUZFRTY1QzlEMTY2NUM0RjFBNUNDODgyRjU2RjE2QTcxQjA0MjU1NDlGNjE2NEMwRjBBMTU1NDU4OEQyQTA4NTQxMDcwNkQwQTIyMDU0QUM5QzMxNzA2ODk3M0Q1MkNFNjM3RTI2NzhBMjQzNTcwMzlBRDYyNTVBOEJDQzMzMkVDM0JBRTM2QURDMTcxRkFCNkNCNzFERDZEOEUyQUIzMDMwRDEyOURFMDQzMzUzQTZCMUU4NUFBNjE2MjhDQzMyNkM4Q0UzQzc2NTc0QkJFQUM2NkNCOUMwODk4QjlFNzUxNEJFM0I2NkE5M0NDNzU1NjM3QjA3NTk4NkE0OTIyMkY1ODFGNDlBNTA0Mzc0OTBDRTlCOUIxMzE1MzQ0OTk3QURBQjYzRUI0MURENDM2MjlEQkVCQUMyRUVCNUE0RTA5MDIwMzAxMDAwMTCCASIwDQYJKoZIhvcNAQEBBQADggEPADCCAQoCggEBAKGFxO+MSl3IyjUIlb5SqVD5AFozUp7NlsHvJNoDkj/L5zJDcgz1IPlsUxma1w1/eIIqIohpDFYhgSmJ41YddHqfcR8J7+Ydfr6V9va79hWnvfr01Kkr7jhSSbwTld+lgf7mXJ0WZcTxpcyIL1bxanGwQlVJ9hZMDwoVVFiNKghUEHBtCiIFSsnDFwaJc9Us5jfiZ4okNXA5rWJVqLzDMuw7rjatwXH6tstx3W2OKrMDDRKd4EM1OmsehaphYozDJsjOPHZXS76sZsucCJi551FL47Zqk8x1VjewdZhqSSIvWB9JpQQ3SQzpubExU0SZetq2PrQd1DYp2+usLutaTgkCAwEAAaOCAdIwggHOMB0GA1UdDgQWBBTwxA1bRr+qNZvE/N9Zk8P6zEr4kDAfBgNVHSMEGDAWgBQz71R/CCmM7o08bEGyRVBJbF4+1jAOBgNVHQ8BAf8EBAMCB4AwWgYDVR0fBFMwUTBPoE2gS4ZJcnN5bmM6Ly9sb2NhbGhvc3QvcmVwby9DQTQvMS8zM0VGNTQ3RjA4Mjk4Q0VFOEQzQzZDNDFCMjQ1NTA0OTZDNUUzRUQ2LmNybDBlBggrBgEFBQcBAQRZMFcwVQYIKwYBBQUHMAKGSXJzeW5jOi8vbG9jYWxob3N0L3JlcG8vQ0EzLzEvMzNFRjU0N0YwODI5OENFRThEM0M2QzQxQjI0NTUwNDk2QzVFM0VENi5jZXIwZQYIKwYBBQUHAQsEWTBXMFUGCCsGAQUFBzALhklyc3luYzovL2xvY2FsaG9zdC9yZXBvL0NBNC8xLzMzRUY1NDdGMDgyOThDRUU4RDNDNkM0MUIyNDU1MDQ5NkM1RTNFRDYubWZ0MBgGA1UdIAEB/wQOMAwwCgYIKwYBBQUHDgIwIQYIKwYBBQUHAQcBAf8EEjAQMAYEAgABBQAwBgQCAAIFADAVBggrBgEFBQcBCAEB/wQGMASgAgUAMA0GCSqGSIb3DQEBCwUAA4IBAQCNNu0emYrfqEwaMko5cPNCQPQnytLfuA5M4buLh5Isp9lhJiDphhrwcH4pM/wHTW8rUxyAKaqsq3HmBDvY+RcK1CGEed4UhKOsoFLB07pBN//5RqjvOSSowqQ15gq6lZSCZcZYUWvnLBOnrhldaBdv/kgHOYri00G7rvYv8uQ/tm2FAgFF38MOxH7urFsgB9+6UW1hkSAZHLKeMx2LFDoMiGjP6XZxll9F4/e++jntqTwJ4N8qn5kn5KoGhT51Z/76Bi0/AJc/HYPduODBimOGBKme284uNVbVa2Otx5YBSakfVzGWcgt6brhOuCoKqqiq4KKEtld08GACCaVHpbV1MYIBrDCCAagCAQOAFPDEDVtGv6o1m8T831mTw/rMSviQMA0GCWCGSAFlAwQCAQUAoGswGgYJKoZIhvcNAQkDMQ0GCyqGSIb3DQEJEAEaMBwGCSqGSIb3DQEJBTEPFw0yMDA0MzAxNDIyMzBaMC8GCSqGSIb3DQEJBDEiBCAFTYUvuwSylnlQqXhqYOI/vX6S6jTuXDf/MFAX8O7tHzANBgkqhkiG9w0BAQEFAASCAQBvv0xvai50wZm1L5SCUxUFqPIQfOiqcQ4TAS+X878IOINR7AyAeh0ISMRxjtajtBKeyKSyO/5y/TMkUlQQ+jZHtrVvffiNziiaYBMFboIkeQdZGwX2F7TVXLieOm8PUEo1MFOQXORP6YShBGJsvv/6dZsUOqj1usGXR2c1fbN92FDw3sEr6geVL8wDKuxtZHKW9lOYu1KRlYCaXybaTf9Enl5FfKVPVUM5Wb617Lhwl5pX4A1EZu8Oqsjk3j09C1eO70t1jKy9BLWm4amiPaI70RvONL+cXLypU1FKtZBDHIjkqGMOmg6rA5OD6OuuSQMkVTcOrVlfk1RFw5fusjGL",
                    "serial": "550646216112643820951060013463567268626422377158",
                    "expires": "2020-05-01T14:22:30.809179Z"
                  }
                },
                {
                  "name": "33EF547F08298CEE8D3C6C41B24550496C5E3ED6.crl",
                  "object": {
                    "content": "MIIBrzCBmAIBATANBgkqhkiG9w0BAQsFADAzMTEwLwYDVQQDEygzM0VGNTQ3RjA4Mjk4Q0VFOEQzQzZDNDFCMjQ1NTA0OTZDNUUzRUQ2Fw0yMDA0MzAxNDE3MzBaFw0yMDA1MDExNDIyMzBaMACgLzAtMB8GA1UdIwQYMBaAFDPvVH8IKYzujTxsQbJFUElsXj7WMAoGA1UdFAQDAgEBMA0GCSqGSIb3DQEBCwUAA4IBAQCZuGz3kTwbO49Wguxx6UIbFAKA3FXAoji0iT9237l2+aAI6QNart1DEfATy/tZJ5NyFtfUYzqk2n0vMZhT6GRx3TLPspV3JywldXZbXren2YJWd4hKQh7CXZ4KvpunMWslQ++lDnZvRtqqpmB78ptISYfbAfmoy1/LZUqgnWFKPc/T33kCXuaRZKabE/NSoAa50MGY64GuEgPtx4//hzsDr95gp8j95BzpJJN9Q2WsSXD09FqVKELv2qnCgjbCGi2GXofXH1BjIO7Hre+KDRl463Ch23lP6vHdqCEyc951V/vM+u7bd0s7+qlpTuZSbiALypsq3dODkBhtigfrcChk",
                    "serial": "1",
                    "expires": "2020-05-01T14:22:30.805841Z"
                  }
                }
              ],
              "updated": [],
              "withdrawn": []
            }
          ]
        }
      }
    ]
  }
}