{
  "command": {
    "actor": "krill",
    "time": "2020-04-30T14:22:31.016105Z",
    "handle": "CA4",
    "version": 10,
    "sequence": 6,
    "details": {
      "update_rcvd_cert": [
        "0",
        {
          "asn": "",
          "v4": "10.0.0.0/16",
          "v6": ""
        }
      ]
    },
    "effect": {
      "events": [
        10
      ]
    }
  },
  "result": {
    "Events": [
      {
        "id": "CA4",
        "version": 10,
        "details": {
          "key_pending_to_active": [
            "0",
            {
              "key_id": "AB90119164402C965DC5544B54E30B6A7014CDB6",
              "incoming_cert": {
                "cert": "MIIFLDCCBBSgAwIBAgIUSEUFltclKRzog8bWbVLsvAEWw8EwDQYJKoZIhvcNAQELBQAwMzExMC8GA1UEAxMoOTZCRTQ1MkJDOUE3MDkyRTQxNTZEOTZEQjhDRkM3Qzg5MDk0RkU1QTAeFw0yMDA0MzAxNDE3MzBaFw0yMTA0MzAxNDIyMzBaMDMxMTAvBgNVBAMTKEFCOTAxMTkxNjQ0MDJDOTY1REM1NTQ0QjU0RTMwQjZBNzAxNENEQjYwggEiMA0GCSqGSIb3DQEBAQUAA4IBDwAwggEKAoIBAQCqGvHLaOlert2KXHYZ1QuJc7hU8zzhCf9Osf5nJa3eAPoGOU5XZffnDPCoCWpADnYBRHaIr4MQdmn1Kap1uumi1yHDeOumjL/dROLf/kmu4eVOXdZet60X45U59npaMZb52HGACFYykNMQ+8CrUpYi1ZdXaoLbUf7G/yqqeE/tfu2/lJaFOkVfajX/u2fVUC0PD4nmbwmvqupsO8wUnl4VdvtKjxti8tsQF0e6dKO8+TYmju45EpxiEFIqK2I/FV/F+AoHIqEPFQBeH3yDjPrhxCx114163Zf90V1Cz31531HkSspUfnCUPpB4VNXz3kQ2lfLgyFy+zwb2lcUDWz27AgMBAAGjggI2MIICMjAPBgNVHRMBAf8EBTADAQH/MB0GA1UdDgQWBBSrkBGRZEAsll3FVEtU4wtqcBTNtjAfBgNVHSMEGDAWgBSWvkUryacJLkFW2W24z8fIkJT+WjAOBgNVHQ8BAf8EBAMCAQYwWgYDVR0fBFMwUTBPoE2gS4ZJcnN5bmM6Ly9sb2NhbGhvc3QvcmVwby9DQTMvMC85NkJFNDUyQkM5QTcwOTJFNDE1NkQ5NkRCOENGQzdDODkwOTRGRTVBLmNybDBlBggrBgEFBQcBAQRZMFcwVQYIKwYBBQUHMAKGSXJzeW5jOi8vbG9jYWxob3N0L3JlcG8vQ0ExLzAvOTZCRTQ1MkJDOUE3MDkyRTQxNTZEOTZEQjhDRkM3Qzg5MDk0RkU1QS5jZXIwgdEGCCsGAQUFBwELBIHEMIHBMCkGCCsGAQUFBzAFhh1yc3luYzovL2xvY2FsaG9zdC9yZXBvL0NBNC8wLzBVBggrBgEFBQcwCoZJcnN5bmM6Ly9sb2NhbGhvc3QvcmVwby9DQTQvMC9BQjkwMTE5MTY0NDAyQzk2NURDNTU0NEI1NEUzMEI2QTcwMTRDREI2Lm1mdDA9BggrBgEFBQcwDYYxaHR0cHM6Ly9sb2NhbGhvc3Q6MzAwMC90ZXN0LXJyZHAvbm90aWZpY2F0aW9uLnhtbDAYBgNVHSABAf8EDjAMMAoGCCsGAQUFBw4CMB4GCCsGAQUFBwEHAQH/BA8wDTALBAIAATAFAwMACgAwDQYJKoZIhvcNAQELBQADggEBAB65/lKlk2v3NZhBwANc/w0b0rwvNyDVyirWkGBTnHgvYf9GxsVLKu+pLMf+awlBRgOSoasUm0OLqBTF28WHe0osmJvoFqZQx7TrkWgXwPtmIIz3sF6AITyW4sisSkz36lY56WUjU2xfAoObHEtGDGoyuUt6v89K+m2BXwzxPGENsjHB9QlqSnUQccR6J8weSHhwHvSSd0DCqRCPKBQJ4ebmapg8HSX+ZmPGRCEM6Jcquo3f0UuTW6EYFhCpFTEot0/eGiVdQXS04b8hehePg6HHj8Hf/5pIrHKz4HUBD+67gfMUMH3AadBGohzqzZRUsGjpNE+pZds1Yct2qk7z1cE=",
                "uri": "rsync://localhost/repo/CA3/0/AB90119164402C965DC5544B54E30B6A7014CDB6.cer",
                "resources": {
                  "asn": "",
                  "v4": "10.0.0.0/16",
                  "v6": ""
                }
              },
              "current_set": {
                "number": 1,
                "revocations": [],
                "manifest_info": {
                  "name": "AB90119164402C965DC5544B54E30B6A7014CDB6.mft",
                  "current": {
                    "content": "MIIJQQYJKoZIhvcNAQcCoIIJMjCCCS4CAQMxDzANBglghkgBZQMEAgEFADCBmwYLKoZIhvcNAQkQARqggYsEgYgwgYUCAQEYDzIwMjAwNDMwMTQxNzMxWhgPMjAyMDA1MDExNDIyMzFaBglghkgBZQMEAgEwUzBRFixBQjkwMTE5MTY0NDAyQzk2NURDNTU0NEI1NEUzMEI2QTcwMTRDREI2LmNybAMhAEltvS1UV19f4yh4cS2U7j2pWPH8uwUTFgByFxuLGF7PoIIGyDCCBsQwggWsoAMCAQICFExo1EPGCCmpP7Mx3jVear+A8O0aMA0GCSqGSIb3DQEBCwUAMDMxMTAvBgNVBAMTKEFCOTAxMTkxNjQ0MDJDOTY1REM1NTQ0QjU0RTMwQjZBNzAxNENEQjYwHhcNMjAwNDMwMTQxNzMxWhcNMjAwNTA3MTQyMjMxWjCCAi0xggIpMIICJQYDVQQDE4ICHDMwODIwMTBBMDI4MjAxMDEwMEQ5OUMwMDdGMkIzNkIxMUZFNzg2RkM2NzVBQ0Q1NjY1MjcyNTZENTJFNTgyMDU2QTcyMzZEMEFGNEI5RkFEQkM5M0I1NEUyRjdBRkI4MjJBMjY4RTI5OUY2NTgxRUQ1RjIxMzJGMTBGMDkwMUEyN0NGNzI1NTM4NkNGNTYyOTdCQjUyREUzRjgyNjZDQjA5MTc4MDREMzU0QjQ3M0YwREYwRTBDRTY4N0RBODYyMjFEMzQ5QUMxMUY5MTk3QzREQzFBQkYzOUZFNEM2RENBQzE0MUU0NDg0ODk3MTAwQkQ4QURCQTg0REY1N0NBOERFQjZBQUQ4M0M4MkM3Qjk4OTJBNkNFNEJCRDg1MzlFOUQwOUUxQkI0QzI0ODIwMjcwMzU0OEE5Mjc1N0ExODE4QjU1QTZCQURGOTJFNjBDNjU0QkY5NzgzRTI0OTc5QUVFNkIxNkRCNkE4Qjg1NjI5NUNFOTkyMzQ4MENCODhCMTI2NkFDRDI4OTZFNjQ4QjVEQUY5MUMxNTZFMzNFOTI5OTQyN0QwOTA5OEY1Q0MwRjAxQkY5NTE4RkMwNjZGNzFBOTUzMzE4RDBCMkMyMzM4MjExQkNCNEU0RkM0REY4NUQwN0MwQjBGMDZCMjcwQkU2MDBGNzhEQUFFNDI2RjAxQTQ0RDVBQTA0Q0RGODU2MTI5MDIwMzAxMDAwMTCCASIwDQYJKoZIhvcNAQEBBQADggEPADCCAQoCggEBANmcAH8rNrEf54b8Z1rNVmUnJW1S5YIFanI20K9Ln628k7VOL3r7giomjimfZYHtXyEy8Q8JAaJ89yVThs9WKXu1LeP4JmywkXgE01S0c/DfDgzmh9qGIh00msEfkZfE3Bq/Of5MbcrBQeRISJcQC9ituoTfV8qN62qtg8gse5iSps5LvYU56dCeG7TCSCAnA1SKknV6GBi1Wmut+S5gxlS/l4PiSXmu5rFttqi4Vilc6ZI0gMuIsSZqzSiW5ki12vkcFW4z6SmUJ9CQmPXMDwG/lRj8Bm9xqVMxjQssIzghG8tOT8TfhdB8Cw8GsnC+YA942q5CbwGkTVqgTN+FYSkCAwEAAaOCAdIwggHOMB0GA1UdDgQWBBT9PJCcY0hp3kUAkvyRguzKQXS2LTAfBgNVHSMEGDAWgBSrkBGRZEAsll3FVEtU4wtqcBTNtjAOBgNVHQ8BAf8EBAMCB4AwWgYDVR0fBFMwUTBPoE2gS4ZJcnN5bmM6Ly9sb2NhbGhvc3QvcmVwby9DQTQvMC9BQjkwMTE5MTY0NDAyQzk2NURDNTU0NEI1NEUzMEI2QTcwMTRDREI2LmNybDBlBggrBgEFBQcBAQRZMFcwVQYIKwYBBQUHMAKGSXJzeW5jOi8vbG9jYWxob3N0L3JlcG8vQ0EzLzAvQUI5MDExOTE2NDQwMkM5NjVEQzU1NDRCNTRFMzBCNkE3MDE0Q0RCNi5jZXIwZQYIKwYBBQUHAQsEWTBXMFUGCCsGAQUFBzALhklyc3luYzovL2xvY2FsaG9zdC9yZXBvL0NBNC8wL0FCOTAxMTkxNjQ0MDJDOTY1REM1NTQ0QjU0RTMwQjZBNzAxNENEQjYubWZ0MBgGA1UdIAEB/wQOMAwwCgYIKwYBBQUHDgIwIQYIKwYBBQUHAQcBAf8EEjAQMAYEAgABBQAwBgQCAAIFADAVBggrBgEFBQcBCAEB/wQGMASgAgUAMA0GCSqGSIb3DQEBCwUAA4IBAQCQEpAKN9WyY3B8Bhg9mEulQ4gWmfjLMx1ejDUCzjGfR3/ozz93areXp1W/S4HftPH4XLzW6mcKffZSNYGY7eY4kcIg6/hi8IvwHM+kOfcBIy7DYisn45u/OC8awm7xwOyxBx0wRc/wU1MNDrZxQ0rf5wnr+DCY9CN7Zxkh40QZbwik7bbZAcMJJxDUjvkMoqMrXLP2EnZSmd0xeX08aOzvYrcqgAwoa9zH+GxOO75s2srkGrG+leLmzOCaJ9oEv1EEpqEpZHuS3mtBKK5UERqrdTvNLtt5Nw2jTHZe7kAkxQKuzrj4XkVv03yUyxng4Nrkx9vHo+0DMkxPzGUEaGmkMYIBrDCCAagCAQOAFP08kJxjSGneRQCS/JGC7MpBdLYtMA0GCWCGSAFlAwQCAQUAoGswGgYJKoZIhvcNAQkDMQ0GCyqGSIb3DQEJEAEaMBwGCSqGSIb3DQEJBTEPFw0yMDA0MzAxNDIyMzFaMC8GCSqGSIb3DQEJBDEiBCDsWOu7A7PJgxrRyXcMQk2FqRTwRn56u5Jm9DbiRpsMcjANBgkqhkiG9w0BAQEFAASCAQAonsbs9/bkAniOeHSP1/kuXsSU9xs/NqkqfiDpCvI18LJlpujs5MZdkrGGayj34yMtdzwNYy0t15fGlNDCQFjHRumhccaeEOPtgWh3F+L6n9aRY14Mu5YCAI8GaAnnisFGHf3i+6d5UmZteYLoXuH6i8aiTCNhbmgWLzcdfAPnc/WLsTkxlP+nRecSOTX4AOy8S4P/uYGijk4hQaBycMEjYqM7/XTInRtkMMtvlu/76ZxAb9iZ4+zg+pBIM0pKVU6qLkQmctVsu8DlqfGeM0ecPEJ3ThoVBadOQy1UfqpvU6ukYicLEFgG9oeHhyCDxmB4iIks1CZp0NQGkNYRukOQ",
                    "serial": "436221066950024632051953810646373894392816659738",
                    "expires": "2020-05-01T14:22:31.020138Z"
                  },
                  "next_update": "2020-05-01T14:22:31.020138Z",
                  "old": null
                },
                "crl_info": {
                  "name": "AB90119164402C965DC5544B54E30B6A7014CDB6.crl",
                  "current": {
                    "content": "MIIBrzCBmAIBATANBgkqhkiG9w0BAQsFADAzMTEwLwYDVQQDEyhBQjkwMTE5MTY0NDAyQzk2NURDNTU0NEI1NEUzMEI2QTcwMTRDREI2Fw0yMDA0MzAxNDE3MzFaFw0yMDA1MDExNDIyMzFaMACgLzAtMB8GA1UdIwQYMBaAFKuQEZFkQCyWXcVUS1TjC2pwFM22MAoGA1UdFAQDAgEBMA0GCSqGSIb3DQEBCwUAA4IBAQBfQ5p4UAd4RHXdML+te5RFtKUtWJeJhfqx6onXP8HC5q/WI0OjBTiS67YRPqgYnGDf+mAe2Yb4c6MtF+AEL7p6D3LDAWmif8LwVeuIS3Q9u1vOApATU4+2MMBbWX9Znm9kEqhbOSsDIy3ywZOEyvtzfrnbuNEfDZyfvknp07s8nhUT4d08Cw8XMc2QlJ+RXx1GdEkrSslpJ8LOcg2EP9O4VQxMp/oYjpHup5m7BJ7gqecY7gaTNsx8tysJ6qqcOCuc33e6Cq78RL+lDxxijM5btG3Rsv0jjfMnHJS49cQA6+LLEfVM4+t8cNyWcPDsUIKywxRO4qHJZCp+K7qLPhHI",
                    "serial": "1",
                    "expires": "2020-05-01T14:22:31.016385Z"
                  },
                  "old": null
                }
              },
              "request": null
            },
            {
              "ca_repo": "rsync://localhost/repo/CA4/0/",
              "added": [
                {
                  "name": "AB90119164402C965DC5544B54E30B6A7014CDB6.mft",
                  "object": {
                    "content": "MIIJQQYJKoZIhvcNAQcCoIIJMjCCCS4CAQMxDzANBglghkgBZQMEAgEFADCBmwYLKoZIhvcNAQkQARqggYsEgYgwgYUCAQEYDzIwMjAwNDMwMTQxNzMxWhgPMjAyMDA1MDExNDIyMzFaBglghkgBZQMEAgEwUzBRFixBQjkwMTE5MTY0NDAyQzk2NURDNTU0NEI1NEUzMEI2QTcwMTRDREI2LmNybAMhAEltvS1UV19f4yh4cS2U7j2pWPH8uwUTFgByFxuLGF7PoIIGyDCCBsQwggWsoAMCAQICFExo1EPGCCmpP7Mx3jVear+A8O0aMA0GCSqGSIb3DQEBCwUAMDMxMTAvBgNVBAMTKEFCOTAxMTkxNjQ0MDJDOTY1REM1NTQ0QjU0RTMwQjZBNzAxNENEQjYwHhcNMjAwNDMwMTQxNzMxWhcNMjAwNTA3MTQyMjMxWjCCAi0xggIpMIICJQYDVQQDE4ICHDMwODIwMTBBMDI4MjAxMDEwMEQ5OUMwMDdGMkIzNkIxMUZFNzg2RkM2NzVBQ0Q1NjY1MjcyNTZENTJFNTgyMDU2QTcyMzZEMEFGNEI5RkFEQkM5M0I1NEUyRjdBRkI4MjJBMjY4RTI5OUY2NTgxRUQ1RjIxMzJGMTBGMDkwMUEyN0NGNzI1NTM4NkNGNTYyOTdCQjUyREUzRjgyNjZDQjA5MTc4MDREMzU0QjQ3M0YwREYwRTBDRTY4N0RBODYyMjFEMzQ5QUMxMUY5MTk3QzREQzFBQkYzOUZFNEM2RENBQzE0MUU0NDg0ODk3MTAwQkQ4QURCQTg0REY1N0NBOERFQjZBQUQ4M0M4MkM3Qjk4OTJBNkNFNEJCRDg1MzlFOUQwOUUxQkI0QzI0ODIwMjcwMzU0OEE5Mjc1N0ExODE4QjU1QTZCQURGOTJFNjBDNjU0QkY5NzgzRTI0OTc5QUVFNkIxNkRCNkE4Qjg1NjI5NUNFOTkyMzQ4MENCODhCMTI2NkFDRDI4OTZFNjQ4QjVEQUY5MUMxNTZFMzNFOTI5OTQyN0QwOTA5OEY1Q0MwRjAxQkY5NTE4RkMwNjZGNzFBOTUzMzE4RDBCMkMyMzM4MjExQkNCNEU0RkM0REY4NUQwN0MwQjBGMDZCMjcwQkU2MDBGNzhEQUFFNDI2RjAxQTQ0RDVBQTA0Q0RGODU2MTI5MDIwMzAxMDAwMTCCASIwDQYJKoZIhvcNAQEBBQADggEPADCCAQoCggEBANmcAH8rNrEf54b8Z1rNVmUnJW1S5YIFanI20K9Ln628k7VOL3r7giomjimfZYHtXyEy8Q8JAaJ89yVThs9WKXu1LeP4JmywkXgE01S0c/DfDgzmh9qGIh00msEfkZfE3Bq/Of5MbcrBQeRISJcQC9ituoTfV8qN62qtg8gse5iSps5LvYU56dCeG7TCSCAnA1SKknV6GBi1Wmut+S5gxlS/l4PiSXmu5rFttqi4Vilc6ZI0gMuIsSZqzSiW5ki12vkcFW4z6SmUJ9CQmPXMDwG/lRj8Bm9xqVMxjQssIzghG8tOT8TfhdB8Cw8GsnC+YA942q5CbwGkTVqgTN+FYSkCAwEAAaOCAdIwggHOMB0GA1UdDgQWBBT9PJCcY0hp3kUAkvyRguzKQXS2LTAfBgNVHSMEGDAWgBSrkBGRZEAsll3FVEtU4wtqcBTNtjAOBgNVHQ8BAf8EBAMCB4AwWgYDVR0fBFMwUTBPoE2gS4ZJcnN5bmM6Ly9sb2NhbGhvc3QvcmVwby9DQTQvMC9BQjkwMTE5MTY0NDAyQzk2NURDNTU0NEI1NEUzMEI2QTcwMTRDREI2LmNybDBlBggrBgEFBQcBAQRZMFcwVQYIKwYBBQUHMAKGSXJzeW5jOi8vbG9jYWxob3N0L3JlcG8vQ0EzLzAvQUI5MDExOTE2NDQwMkM5NjVEQzU1NDRCNTRFMzBCNkE3MDE0Q0RCNi5jZXIwZQYIKwYBBQUHAQsEWTBXMFUGCCsGAQUFBzALhklyc3luYzovL2xvY2FsaG9zdC9yZXBvL0NBNC8wL0FCOTAxMTkxNjQ0MDJDOTY1REM1NTQ0QjU0RTMwQjZBNzAxNENEQjYubWZ0MBgGA1UdIAEB/wQOMAwwCgYIKwYBBQUHDgIwIQYIKwYBBQUHAQcBAf8EEjAQMAYEAgABBQAwBgQCAAIFADAVBggrBgEFBQcBCAEB/wQGMASgAgUAMA0GCSqGSIb3DQEBCwUAA4IBAQCQEpAKN9WyY3B8Bhg9mEulQ4gWmfjLMx1ejDUCzjGfR3/ozz93areXp1W/S4HftPH4XLzW6mcKffZSNYGY7eY4kcIg6/hi8IvwHM+kOfcBIy7DYisn45u/OC8awm7xwOyxBx0wRc/wU1MNDrZxQ0rf5wnr+DCY9CN7Zxkh40QZbwik7bbZAcMJJxDUjvkMoqMrXLP2EnZSmd0xeX08aOzvYrcqgAwoa9zH+GxOO75s2srkGrG+leLmzOCaJ9oEv1EEpqEpZHuS3mtBKK5UERqrdTvNLtt5Nw2jTHZe7kAkxQKuzrj4XkVv03yUyxng4Nrkx9vHo+0DMkxPzGUEaGmkMYIBrDCCAagCAQOAFP08kJxjSGneRQCS/JGC7MpBdLYtMA0GCWCGSAFlAwQCAQUAoGswGgYJKoZIhvcNAQkDMQ0GCyqGSIb3DQEJEAEaMBwGCSqGSIb3DQEJBTEPFw0yMDA0MzAxNDIyMzFaMC8GCSqGSIb3DQEJBDEiBCDsWOu7A7PJgxrRyXcMQk2FqRTwRn56u5Jm9DbiRpsMcjANBgkqhkiG9w0BAQEFAASCAQAonsbs9/bkAniOeHSP1/kuXsSU9xs/NqkqfiDpCvI18LJlpujs5MZdkrGGayj34yMtdzwNYy0t15fGlNDCQFjHRumhccaeEOPtgWh3F+L6n9aRY14Mu5YCAI8GaAnnisFGHf3i+6d5UmZteYLoXuH6i8aiTCNhbmgWLzcdfAPnc/WLsTkxlP+nRecSOTX4AOy8S4P/uYGijk4hQaBycMEjYqM7/XTInRtkMMtvlu/76ZxAb9iZ4+zg+pBIM0pKVU6qLkQmctVsu8DlqfGeM0ecPEJ3ThoVBadOQy1UfqpvU6ukYicLEFgG9oeHhyCDxmB4iIks1CZp0NQGkNYRukOQ",
                    "serial": "436221066950024632051953810646373894392816659738",
                    "expires": "2020-05-01T14:22:31.020138Z"
                  }
                },
                {
                  "name": "AB90119164402C965DC5544B54E30B6A7014CDB6.crl",
                  "object": {
                    "content": "MIIBrzCBmAIBATANBgkqhkiG9w0BAQsFADAzMTEwLwYDVQQDEyhBQjkwMTE5MTY0NDAyQzk2NURDNTU0NEI1NEUzMEI2QTcwMTRDREI2Fw0yMDA0MzAxNDE3MzFaFw0yMDA1MDExNDIyMzFaMACgLzAtMB8GA1UdIwQYMBaAFKuQEZFkQCyWXcVUS1TjC2pwFM22MAoGA1UdFAQDAgEBMA0GCSqGSIb3DQEBCwUAA4IBAQBfQ5p4UAd4RHXdML+te5RFtKUtWJeJhfqx6onXP8HC5q/WI0OjBTiS67YRPqgYnGDf+mAe2Yb4c6MtF+AEL7p6D3LDAWmif8LwVeuIS3Q9u1vOApATU4+2MMBbWX9Znm9kEqhbOSsDIy3ywZOEyvtzfrnbuNEfDZyfvknp07s8nhUT4d08Cw8XMc2QlJ+RXx1GdEkrSslpJ8LOcg2EP9O4VQxMp/oYjpHup5m7BJ7gqecY7gaTNsx8tysJ6qqcOCuc33e6Cq78RL+lDxxijM5btG3Rsv0jjfMnHJS49cQA6+LLEfVM4+t8cNyWcPDsUIKywxRO4qHJZCp+K7qLPhHI",
                    "serial": "1",
                    "expires": "2020-05-01T14:22:31.016385Z"
                  }
                }
              ],
              "updated": [],
              "withdrawn": []
            }
          ]
        }
      }
    ]
  }
}