{
  "command": {
    "actor": "krill",
    "time": "2020-04-30T14:22:30.040309Z",
    "handle": "CA3",
    "version": 12,
    "sequence": 10,
    "details": {
      "child_certify": [
        "CA4",
        "0",
        {
          "asn": "none",
          "v4": "none",
          "v6": "none"
        },
        "AB90119164402C965DC5544B54E30B6A7014CDB6"
      ]
    },
    "effect": {
      "events": [
        12,
        13,
        14
      ]
    }
  },
  "result": {
    "Events": [
      {
        "id": "CA3",
        "version": 12,
        "details": {
          "child_certificate_issued": [
            "CA4",
            "0",
            "AB90119164402C965DC5544B54E30B6A7014CDB6"
          ]
        }
      },
      {
        "id": "CA3",
        "version": 13,
        "details": {
          "child_certificates_updated": [
            "0",
            {
              "issued": [
                {
                  "uri": "rsync://localhost/repo/CA3/0/AB90119164402C965DC5544B54E30B6A7014CDB6.cer",
                  "limit": {
                    "asn": "none",
                    "v4": "none",
                    "v6": "none"
                  },
                  "resource_set": {
                    "asn": "",
                    "v4": "10.0.0.0/16",
                    "v6": ""
                  },
                  "cert": "MIIFLDCCBBSgAwIBAgIUSEUFltclKRzog8bWbVLsvAEWw8EwDQYJKoZIhvcNAQELBQAwMzExMC8GA1UEAxMoOTZCRTQ1MkJDOUE3MDkyRTQxNTZEOTZEQjhDRkM3Qzg5MDk0RkU1QTAeFw0yMDA0MzAxNDE3MzBaFw0yMTA0MzAxNDIyMzBaMDMxMTAvBgNVBAMTKEFCOTAxMTkxNjQ0MDJDOTY1REM1NTQ0QjU0RTMwQjZBNzAxNENEQjYwggEiMA0GCSqGSIb3DQEBAQUAA4IBDwAwggEKAoIBAQCqGvHLaOlert2KXHYZ1QuJc7hU8zzhCf9Osf5nJa3eAPoGOU5XZffnDPCoCWpADnYBRHaIr4MQdmn1Kap1uumi1yHDeOumjL/dROLf/kmu4eVOXdZet60X45U59npaMZb52HGACFYykNMQ+8CrUpYi1ZdXaoLbUf7G/yqqeE/tfu2/lJaFOkVfajX/u2fVUC0PD4nmbwmvqupsO8wUnl4VdvtKjxti8tsQF0e6dKO8+TYmju45EpxiEFIqK2I/FV/F+AoHIqEPFQBeH3yDjPrhxCx114163Zf90V1Cz31531HkSspUfnCUPpB4VNXz3kQ2lfLgyFy+zwb2lcUDWz27AgMBAAGjggI2MIICMjAPBgNVHRMBAf8EBTADAQH/MB0GA1UdDgQWBBSrkBGRZEAsll3FVEtU4wtqcBTNtjAfBgNVHSMEGDAWgBSWvkUryacJLkFW2W24z8fIkJT+WjAOBgNVHQ8BAf8EBAMCAQYwWgYDVR0fBFMwUTBPoE2gS4ZJcnN5bmM6Ly9sb2NhbGhvc3QvcmVwby9DQTMvMC85NkJFNDUyQkM5QTcwOTJFNDE1NkQ5NkRCOENGQzdDODkwOTRGRTVBLmNybDBlBggrBgEFBQcBAQRZMFcwVQYIKwYBBQUHMAKGSXJzeW5jOi8vbG9jYWxob3N0L3JlcG8vQ0ExLzAvOTZCRTQ1MkJDOUE3MDkyRTQxNTZEOTZEQjhDRkM3Qzg5MDk0RkU1QS5jZXIwgdEGCCsGAQUFBwELBIHEMIHBMCkGCCsGAQUFBzAFhh1yc3luYzovL2xvY2FsaG9zdC9yZXBvL0NBNC8wLzBVBggrBgEFBQcwCoZJcnN5bmM6Ly9sb2NhbGhvc3QvcmVwby9DQTQvMC9BQjkwMTE5MTY0NDAyQzk2NURDNTU0NEI1NEUzMEI2QTcwMTRDREI2Lm1mdDA9BggrBgEFBQcwDYYxaHR0cHM6Ly9sb2NhbGhvc3Q6MzAwMC90ZXN0LXJyZHAvbm90aWZpY2F0aW9uLnhtbDAYBgNVHSABAf8EDjAMMAoGCCsGAQUFBw4CMB4GCCsGAQUFBwEHAQH/BA8wDTALBAIAATAFAwMACgAwDQYJKoZIhvcNAQELBQADggEBAB65/lKlk2v3NZhBwANc/w0b0rwvNyDVyirWkGBTnHgvYf9GxsVLKu+pLMf+awlBRgOSoasUm0OLqBTF28WHe0osmJvoFqZQx7TrkWgXwPtmIIz3sF6AITyW4sisSkz36lY56WUjU2xfAoObHEtGDGoyuUt6v89K+m2BXwzxPGENsjHB9QlqSnUQccR6J8weSHhwHvSSd0DCqRCPKBQJ4ebmapg8HSX+ZmPGRCEM6Jcquo3f0UuTW6EYFhCpFTEot0/eGiVdQXS04b8hehePg6HHj8Hf/5pIrHKz4HUBD+67gfMUMH3AadBGohzqzZRUsGjpNE+pZds1Yct2qk7z1cE=",
                  "replaces": null
                }
              ],
              "removed": []
            }
          ]
        }
      },
      {
        "id": "CA3",
        "version": 14,
        "details": {
          "object_set_updated": [
            "0",
            {
              "96BE452BC9A7092E4156D96DB8CFC7C89094FE5A": {
                "number": 2,
                "revocations_delta": {
                  "added": [
                    {
                      "serial": "488085241801648689437945058399670741238393172370",
                      "expires": "2020-05-01T14:22:26.086578Z"
                    }
                  ],
                  "dropped": []
                },
                "manifest_info": {
                  "name": "96BE452BC9A7092E4156D96DB8CFC7C89094FE5A.mft",
                  "current": {
                    "content": "MIIJlQYJKoZIhvcNAQcCoIIJhjCCCYICAQMxDzANBglghkgBZQMEAgEFADCB7wYLKoZIhvcNAQkQARqggd8EgdwwgdkCAQIYDzIwMjAwNDMwMTQxNzMwWhgPMjAyMDA1MDExNDIyMzBaBglghkgBZQMEAgEwgaYwURYsOTZCRTQ1MkJDOUE3MDkyRTQxNTZEOTZEQjhDRkM3Qzg5MDk0RkU1QS5jcmwDIQBe9d3gc1smN/GKqweBVZiPEP/fkDSXbtijJ/hEXinMhTBRFixBQjkwMTE5MTY0NDAyQzk2NURDNTU0NEI1NEUzMEI2QTcwMTRDREI2LmNlcgMhAPY0mz7uHHXp0246F5rRxiq2ga6FHGTOr5Eq0Dumg0/noIIGyDCCBsQwggWsoAMCAQICFCXo9zyt+ESdgTgTA/GsOBFUCzXVMA0GCSqGSIb3DQEBCwUAMDMxMTAvBgNVBAMTKDk2QkU0NTJCQzlBNzA5MkU0MTU2RDk2REI4Q0ZDN0M4OTA5NEZFNUEwHhcNMjAwNDMwMTQxNzMwWhcNMjAwNTA3MTQyMjMwWjCCAi0xggIpMIICJQYDVQQDE4ICHDMwODIwMTBBMDI4MjAxMDEwMEI5MkMxMTdDNTNGQjIzRTFGRTYzMUI4Mjg1NUUyNzgyNjA0ODMxQjc5MjM5NTlEMEY4NjVENTBEQTlDQ0VDNEI5NTBCRjkzMzA4QkY5MjA3QTQ5NEQwOUMxQjdDNTQ4MkQxMzYzMDRGQzg4NzhGNzM1NjgyMzc2MzVCQTk2NDVBNzNCOEYwODEzRDEyMzMwODIyQkZFMDIwNkVGOTY2RTlBM0NDOEYzM0U5OTAwMzU1RkY5QUI1MTMxQUIxOUNBNjJBOUU1RjI4NzlCNDBBRjEwMjNCNjQxQzQwREY0RTJEMzA3Qjc1ODNBMEExMDdDNTgyODdCMUZFNTY0M0U2MkVEOUE0MkJGMTIwRkRGMjg3Qjc1MjJFMTZDRDg5MzkyQzg2NzYyOEE1OTYzQTM5RTU0Qjc3OEFGMDFCMUQ4NTU5QzE0NTJBQkZEMUMyRTA1MzQ4MjJDNTEwMzkxQTA3OEFBRUJDNTMzQzlCRDI1REIzQkI2NDlFQzhDOTBCMzYyQjRFOTdDNkI0NjZENDI0QkU5RkQzNjJGRUFGREVFQkU3QzQwOEI1OTRBQUVFNUZGNDhFMDVEQ0U2QUU0QzhGRDYxNDM5NUI3ODY5OTRDQ0NDRjg0QjQ3NjIyNTc0M0ZBMDgwRDIzMDhCNTlCNzY1RUMyOEQ0REFEQTA1NkYzNEREMDIwMzAxMDAwMTCCASIwDQYJKoZIhvcNAQEBBQADggEPADCCAQoCggEBALksEXxT+yPh/mMbgoVeJ4JgSDG3kjlZ0Phl1Q2pzOxLlQv5Mwi/kgeklNCcG3xUgtE2ME/Ih49zVoI3Y1upZFpzuPCBPRIzCCK/4CBu+Wbpo8yPM+mQA1X/mrUTGrGcpiqeXyh5tArxAjtkHEDfTi0we3WDoKEHxYKHsf5WQ+Yu2aQr8SD98oe3Ui4WzYk5LIZ2KKWWOjnlS3eK8BsdhVnBRSq/0cLgU0gixRA5GgeKrrxTPJvSXbO7ZJ7IyQs2K06XxrRm1CS+n9Ni/q/e6+fECLWUqu5f9I4F3OauTI/WFDlbeGmUzMz4S0diJXQ/oIDSMItZt2XsKNTa2gVvNN0CAwEAAaOCAdIwggHOMB0GA1UdDgQWBBScWDEe427VCFmVQYvC/8fOz/CzejAfBgNVHSMEGDAWgBSWvkUryacJLkFW2W24z8fIkJT+WjAOBgNVHQ8BAf8EBAMCB4AwWgYDVR0fBFMwUTBPoE2gS4ZJcnN5bmM6Ly9sb2NhbGhvc3QvcmVwby9DQTMvMC85NkJFNDUyQkM5QTcwOTJFNDE1NkQ5NkRCOENGQzdDODkwOTRGRTVBLmNybDBlBggrBgEFBQcBAQRZMFcwVQYIKwYBBQUHMAKGSXJzeW5jOi8vbG9jYWxob3N0L3JlcG8vQ0ExLzAvOTZCRTQ1MkJDOUE3MDkyRTQxNTZEOTZEQjhDRkM3Qzg5MDk0RkU1QS5jZXIwZQYIKwYBBQUHAQsEWTBXMFUGCCsGAQUFBzALhklyc3luYzovL2xvY2FsaG9zdC9yZXBvL0NBMy8wLzk2QkU0NTJCQzlBNzA5MkU0MTU2RDk2REI4Q0ZDN0M4OTA5NEZFNUEubWZ0MBgGA1UdIAEB/wQOMAwwCgYIKwYBBQUHDgIwIQYIKwYBBQUHAQcBAf8EEjAQMAYEAgABBQAwBgQCAAIFADAVBggrBgEFBQcBCAEB/wQGMASgAgUAMA0GCSqGSIb3DQEBCwUAA4IBAQBKUqC0lEY0grRJNRkZjRq8gbesf3HD1UJQCvekpLFQaohL/lAjZr7AzvB7aXXIyk4GOjgGPl8JZqbmZTlEPkFuNqJnQRgdFL5SRGxYRG/Gzy3Vmmxd4IR6ZTvoEiSy1aWcbLo0AuKVrFo0pTNe1wC31wTfmEIuajIuw5A09REabNADFurna8sxzBwoeBbwIl5OOMZotk3x6ANafEV/tytKnYINaS1MTm5wUvLxNed1Q7MSGlkOG3Z6ANo+4V6Wu1Kfn3ra0g1Oqr/YJZHfT0pug9/kcZ2WNGc6+oN8ZVtD4TnC63TD0YDEpMgCVJkGR+E5D+MzZhSERNukDFRCxpQiMYIBrDCCAagCAQOAFJxYMR7jbtUIWZVBi8L/x87P8LN6MA0GCWCGSAFlAwQCAQUAoGswGgYJKoZIhvcNAQkDMQ0GCyqGSIb3DQEJEAEaMBwGCSqGSIb3DQEJBTEPFw0yMDA0MzAxNDIyMzBaMC8GCSqGSIb3DQEJBDEiBCDLe19kqum2V6XBzetbQS2+sRF31Q7H0JO7eF6FXOABazANBgkqhkiG9w0BAQEFAASCAQA1C7sLpVQH0wVM2ra7BywKtVlT+4nMQ9Kp/EFzzCvaFTy2E1ggIj3+ScfY8gSfBcdLbBJ7agR0ClXZ2NaEBNCY3H4EtEp+1/gwEzMyJVAq2ZuFsc+fAMaYrlzJyp9FaIGZhBQhQy+j3sEWvpU1g3ycSmbmGnyzHUHtjm+wCsbZl/K/CgqgnJ0RSWm9sq57FJfEUb9qonqpcYu9sKDO3fwjNH2xgw49QuZYcVs7nIf/BzeXeMLQno28COnDzXJLmw4K3ZeV25icWCZu+3MwnwrAuIh/uA8ceAP3GzMVeM53kCeJPM5jRPwbS+VxnkooGNLs19LDwOXAO1n4S0KdjmkU",
                    "serial": "216427968789353851577065136251326981995185780181",
                    "expires": "2020-05-01T14:22:30.047728Z"
                  },
                  "next_update": "2020-05-01T14:22:30.047728Z",
                  "old": "f591730f7956d68f8eed2fe1fbba963f4991dcdd77712e0e8b5bdb7801a95f79"
                },
                "crl_info": {
                  "name": "96BE452BC9A7092E4156D96DB8CFC7C89094FE5A.crl",
                  "current": {
                    "content": "MIIB1jCBvwIBATANBgkqhkiG9w0BAQsFADAzMTEwLwYDVQQDEyg5NkJFNDUyQkM5QTcwOTJFNDE1NkQ5NkRCOENGQzdDODkwOTRGRTVBFw0yMDA0MzAxNDE3MzBaFw0yMDA1MDExNDIyMzBaMCcwJQIUVX5/yyTX+4IKLGVMCQoN7jC9cZIXDTIwMDUwMTE0MjIyNlqgLzAtMB8GA1UdIwQYMBaAFJa+RSvJpwkuQVbZbbjPx8iQlP5aMAoGA1UdFAQDAgECMA0GCSqGSIb3DQEBCwUAA4IBAQCw373O6Yg9jkRP2urhkYEm9MWJfw5pnj7dvqgihNdwkf4A7sCBJHNMUZdD3exC1TEDxutN927ibV4iJks3y4HZ2bw7QjBeGrDD6jxtIIPVhDlaeSC1GgEX1VI6Z9AW+inAwoJiDvos7SEIQs5tYxtyLtoHTmmze3qc7ea1K+s78qMeqD0kCUHZnpfQlMNc0pJ6kBkdwAGtrU8Ok7wYB1iGHPZDzwzeLHMjl9UUOOscdaiSLWDTiNE/vkpCV2ZRFGmYDH7Rh/60zZ646pEbC1HrORHg97R7LhpC+yAOrryZ43rwik/ZAXzOybnnNg/zrbPSuK0IM6JdIL6XYvVeN8aO",
                    "serial": "2",
                    "expires": "2020-05-01T14:22:30.044331Z"
                  },
                  "old": "0fc160a64c7d117a673e2f41cd8f4c1b3ccb8a81ffee83b22aad42783c3991ba"
                },
                "objects_delta": {
                  "ca_repo": "rsync://localhost/repo/CA3/0",
                  "added": [
                    {
                      "name": "AB90119164402C965DC5544B54E30B6A7014CDB6.cer",
                      "object": {
                        "content": "MIIFLDCCBBSgAwIBAgIUSEUFltclKRzog8bWbVLsvAEWw8EwDQYJKoZIhvcNAQELBQAwMzExMC8GA1UEAxMoOTZCRTQ1MkJDOUE3MDkyRTQxNTZEOTZEQjhDRkM3Qzg5MDk0RkU1QTAeFw0yMDA0MzAxNDE3MzBaFw0yMTA0MzAxNDIyMzBaMDMxMTAvBgNVBAMTKEFCOTAxMTkxNjQ0MDJDOTY1REM1NTQ0QjU0RTMwQjZBNzAxNENEQjYwggEiMA0GCSqGSIb3DQEBAQUAA4IBDwAwggEKAoIBAQCqGvHLaOlert2KXHYZ1QuJc7hU8zzhCf9Osf5nJa3eAPoGOU5XZffnDPCoCWpADnYBRHaIr4MQdmn1Kap1uumi1yHDeOumjL/dROLf/kmu4eVOXdZet60X45U59npaMZb52HGACFYykNMQ+8CrUpYi1ZdXaoLbUf7G/yqqeE/tfu2/lJaFOkVfajX/u2fVUC0PD4nmbwmvqupsO8wUnl4VdvtKjxti8tsQF0e6dKO8+TYmju45EpxiEFIqK2I/FV/F+AoHIqEPFQBeH3yDjPrhxCx114163Zf90V1Cz31531HkSspUfnCUPpB4VNXz3kQ2lfLgyFy+zwb2lcUDWz27AgMBAAGjggI2MIICMjAPBgNVHRMBAf8EBTADAQH/MB0GA1UdDgQWBBSrkBGRZEAsll3FVEtU4wtqcBTNtjAfBgNVHSMEGDAWgBSWvkUryacJLkFW2W24z8fIkJT+WjAOBgNVHQ8BAf8EBAMCAQYwWgYDVR0fBFMwUTBPoE2gS4ZJcnN5bmM6Ly9sb2NhbGhvc3QvcmVwby9DQTMvMC85NkJFNDUyQkM5QTcwOTJFNDE1NkQ5NkRCOENGQzdDODkwOTRGRTVBLmNybDBlBggrBgEFBQcBAQRZMFcwVQYIKwYBBQUHMAKGSXJzeW5jOi8vbG9jYWxob3N0L3JlcG8vQ0ExLzAvOTZCRTQ1MkJDOUE3MDkyRTQxNTZEOTZEQjhDRkM3Qzg5MDk0RkU1QS5jZXIwgdEGCCsGAQUFBwELBIHEMIHBMCkGCCsGAQUFBzAFhh1yc3luYzovL2xvY2FsaG9zdC9yZXBvL0NBNC8wLzBVBggrBgEFBQcwCoZJcnN5bmM6Ly9sb2NhbGhvc3QvcmVwby9DQTQvMC9BQjkwMTE5MTY0NDAyQzk2NURDNTU0NEI1NEUzMEI2QTcwMTRDREI2Lm1mdDA9BggrBgEFBQcwDYYxaHR0cHM6Ly9sb2NhbGhvc3Q6MzAwMC90ZXN0LXJyZHAvbm90aWZpY2F0aW9uLnhtbDAYBgNVHSABAf8EDjAMMAoGCCsGAQUFBw4CMB4GCCsGAQUFBwEHAQH/BA8wDTALBAIAATAFAwMACgAwDQYJKoZIhvcNAQELBQADggEBAB65/lKlk2v3NZhBwANc/w0b0rwvNyDVyirWkGBTnHgvYf9GxsVLKu+pLMf+awlBRgOSoasUm0OLqBTF28WHe0osmJvoFqZQx7TrkWgXwPtmIIz3sF6AITyW4sisSkz36lY56WUjU2xfAoObHEtGDGoyuUt6v89K+m2BXwzxPGENsjHB9QlqSnUQccR6J8weSHhwHvSSd0DCqRCPKBQJ4ebmapg8HSX+ZmPGRCEM6Jcquo3f0UuTW6EYFhCpFTEot0/eGiVdQXS04b8hehePg6HHj8Hf/5pIrHKz4HUBD+67gfMUMH3AadBGohzqzZRUsGjpNE+pZds1Yct2qk7z1cE=",
                        "serial": "412586573807776723630219908347384975751747388353",
                        "expires": "2021-04-30T14:22:30Z"
                      }
                    }
                  ],
                  "updated": [
                    {
                      "name": "96BE452BC9A7092E4156D96DB8CFC7C89094FE5A.crl",
                      "object": {
                        "content": "MIIB1jCBvwIBATANBgkqhkiG9w0BAQsFADAzMTEwLwYDVQQDEyg5NkJFNDUyQkM5QTcwOTJFNDE1NkQ5NkRCOENGQzdDODkwOTRGRTVBFw0yMDA0MzAxNDE3MzBaFw0yMDA1MDExNDIyMzBaMCcwJQIUVX5/yyTX+4IKLGVMCQoN7jC9cZIXDTIwMDUwMTE0MjIyNlqgLzAtMB8GA1UdIwQYMBaAFJa+RSvJpwkuQVbZbbjPx8iQlP5aMAoGA1UdFAQDAgECMA0GCSqGSIb3DQEBCwUAA4IBAQCw373O6Yg9jkRP2urhkYEm9MWJfw5pnj7dvqgihNdwkf4A7sCBJHNMUZdD3exC1TEDxutN927ibV4iJks3y4HZ2bw7QjBeGrDD6jxtIIPVhDlaeSC1GgEX1VI6Z9AW+inAwoJiDvos7SEIQs5tYxtyLtoHTmmze3qc7ea1K+s78qMeqD0kCUHZnpfQlMNc0pJ6kBkdwAGtrU8Ok7wYB1iGHPZDzwzeLHMjl9UUOOscdaiSLWDTiNE/vkpCV2ZRFGmYDH7Rh/60zZ646pEbC1HrORHg97R7LhpC+yAOrryZ43rwik/ZAXzOybnnNg/zrbPSuK0IM6JdIL6XYvVeN8aO",
                        "serial": "2",
                        "expires": "2020-05-01T14:22:30.044331Z"
                      },
                      "old": "0fc160a64c7d117a673e2f41cd8f4c1b3ccb8a81ffee83b22aad42783c3991ba"
                    },
                    {
                      "name": "96BE452BC9A7092E4156D96DB8CFC7C89094FE5A.mft",
                      "object": {
                        "content": "MIIJlQYJKoZIhvcNAQcCoIIJhjCCCYICAQMxDzANBglghkgBZQMEAgEFADCB7wYLKoZIhvcNAQkQARqggd8EgdwwgdkCAQIYDzIwMjAwNDMwMTQxNzMwWhgPMjAyMDA1MDExNDIyMzBaBglghkgBZQMEAgEwgaYwURYsOTZCRTQ1MkJDOUE3MDkyRTQxNTZEOTZEQjhDRkM3Qzg5MDk0RkU1QS5jcmwDIQBe9d3gc1smN/GKqweBVZiPEP/fkDSXbtijJ/hEXinMhTBRFixBQjkwMTE5MTY0NDAyQzk2NURDNTU0NEI1NEUzMEI2QTcwMTRDREI2LmNlcgMhAPY0mz7uHHXp0246F5rRxiq2ga6FHGTOr5Eq0Dumg0/noIIGyDCCBsQwggWsoAMCAQICFCXo9zyt+ESdgTgTA/GsOBFUCzXVMA0GCSqGSIb3DQEBCwUAMDMxMTAvBgNVBAMTKDk2QkU0NTJCQzlBNzA5MkU0MTU2RDk2REI4Q0ZDN0M4OTA5NEZFNUEwHhcNMjAwNDMwMTQxNzMwWhcNMjAwNTA3MTQyMjMwWjCCAi0xggIpMIICJQYDVQQDE4ICHDMwODIwMTBBMDI4MjAxMDEwMEI5MkMxMTdDNTNGQjIzRTFGRTYzMUI4Mjg1NUUyNzgyNjA0ODMxQjc5MjM5NTlEMEY4NjVENTBEQTlDQ0VDNEI5NTBCRjkzMzA4QkY5MjA3QTQ5NEQwOUMxQjdDNTQ4MkQxMzYzMDRGQzg4NzhGNzM1NjgyMzc2MzVCQTk2NDVBNzNCOEYwODEzRDEyMzMwODIyQkZFMDIwNkVGOTY2RTlBM0NDOEYzM0U5OTAwMzU1RkY5QUI1MTMxQUIxOUNBNjJBOUU1RjI4NzlCNDBBRjEwMjNCNjQxQzQwREY0RTJEMzA3Qjc1ODNBMEExMDdDNTgyODdCMUZFNTY0M0U2MkVEOUE0MkJGMTIwRkRGMjg3Qjc1MjJFMTZDRDg5MzkyQzg2NzYyOEE1OTYzQTM5RTU0Qjc3OEFGMDFCMUQ4NTU5QzE0NTJBQkZEMUMyRTA1MzQ4MjJDNTEwMzkxQTA3OEFBRUJDNTMzQzlCRDI1REIzQkI2NDlFQzhDOTBCMzYyQjRFOTdDNkI0NjZENDI0QkU5RkQzNjJGRUFGREVFQkU3QzQwOEI1OTRBQUVFNUZGNDhFMDVEQ0U2QUU0QzhGRDYxNDM5NUI3ODY5OTRDQ0NDRjg0QjQ3NjIyNTc0M0ZBMDgwRDIzMDhCNTlCNzY1RUMyOEQ0REFEQTA1NkYzNEREMDIwMzAxMDAwMTCCASIwDQYJKoZIhvcNAQEBBQADggEPADCCAQoCggEBALksEXxT+yPh/mMbgoVeJ4JgSDG3kjlZ0Phl1Q2pzOxLlQv5Mwi/kgeklNCcG3xUgtE2ME/Ih49zVoI3Y1upZFpzuPCBPRIzCCK/4CBu+Wbpo8yPM+mQA1X/mrUTGrGcpiqeXyh5tArxAjtkHEDfTi0we3WDoKEHxYKHsf5WQ+Yu2aQr8SD98oe3Ui4WzYk5LIZ2KKWWOjnlS3eK8BsdhVnBRSq/0cLgU0gixRA5GgeKrrxTPJvSXbO7ZJ7IyQs2K06XxrRm1CS+n9Ni/q/e6+fECLWUqu5f9I4F3OauTI/WFDlbeGmUzMz4S0diJXQ/oIDSMItZt2XsKNTa2gVvNN0CAwEAAaOCAdIwggHOMB0GA1UdDgQWBBScWDEe427VCFmVQYvC/8fOz/CzejAfBgNVHSMEGDAWgBSWvkUryacJLkFW2W24z8fIkJT+WjAOBgNVHQ8BAf8EBAMCB4AwWgYDVR0fBFMwUTBPoE2gS4ZJcnN5bmM6Ly9sb2NhbGhvc3QvcmVwby9DQTMvMC85NkJFNDUyQkM5QTcwOTJFNDE1NkQ5NkRCOENGQzdDODkwOTRGRTVBLmNybDBlBggrBgEFBQcBAQRZMFcwVQYIKwYBBQUHMAKGSXJzeW5jOi8vbG9jYWxob3N0L3JlcG8vQ0ExLzAvOTZCRTQ1MkJDOUE3MDkyRTQxNTZEOTZEQjhDRkM3Qzg5MDk0RkU1QS5jZXIwZQYIKwYBBQUHAQsEWTBXMFUGCCsGAQUFBzALhklyc3luYzovL2xvY2FsaG9zdC9yZXBvL0NBMy8wLzk2QkU0NTJCQzlBNzA5MkU0MTU2RDk2REI4Q0ZDN0M4OTA5NEZFNUEubWZ0MBgGA1UdIAEB/wQOMAwwCgYIKwYBBQUHDgIwIQYIKwYBBQUHAQcBAf8EEjAQMAYEAgABBQAwBgQCAAIFADAVBggrBgEFBQcBCAEB/wQGMASgAgUAMA0GCSqGSIb3DQEBCwUAA4IBAQBKUqC0lEY0grRJNRkZjRq8gbesf3HD1UJQCvekpLFQaohL/lAjZr7AzvB7aXXIyk4GOjgGPl8JZqbmZTlEPkFuNqJnQRgdFL5SRGxYRG/Gzy3Vmmxd4IR6ZTvoEiSy1aWcbLo0AuKVrFo0pTNe1wC31wTfmEIuajIuw5A09REabNADFurna8sxzBwoeBbwIl5OOMZotk3x6ANafEV/tytKnYINaS1MTm5wUvLxNed1Q7MSGlkOG3Z6ANo+4V6Wu1Kfn3ra0g1Oqr/YJZHfT0pug9/kcZ2WNGc6+oN8ZVtD4TnC63TD0YDEpMgCVJkGR+E5D+MzZhSERNukDFRCxpQiMYIBrDCCAagCAQOAFJxYMR7jbtUIWZVBi8L/x87P8LN6MA0GCWCGSAFlAwQCAQUAoGswGgYJKoZIhvcNAQkDMQ0GCyqGSIb3DQEJEAEaMBwGCSqGSIb3DQEJBTEPFw0yMDA0MzAxNDIyMzBaMC8GCSqGSIb3DQEJBDEiBCDLe19kqum2V6XBzetbQS2+sRF31Q7H0JO7eF6FXOABazANBgkqhkiG9w0BAQEFAASCAQA1C7sLpVQH0wVM2ra7BywKtVlT+4nMQ9Kp/EFzzCvaFTy2E1ggIj3+ScfY8gSfBcdLbBJ7agR0ClXZ2NaEBNCY3H4EtEp+1/gwEzMyJVAq2ZuFsc+fAMaYrlzJyp9FaIGZhBQhQy+j3sEWvpU1g3ycSmbmGnyzHUHtjm+wCsbZl/K/CgqgnJ0RSWm9sq57FJfEUb9qonqpcYu9sKDO3fwjNH2xgw49QuZYcVs7nIf/BzeXeMLQno28COnDzXJLmw4K3ZeV25icWCZu+3MwnwrAuIh/uA8ceAP3GzMVeM53kCeJPM5jRPwbS+VxnkooGNLs19LDwOXAO1n4S0KdjmkU",
                        "serial": "216427968789353851577065136251326981995185780181",
                        "expires": "2020-05-01T14:22:30.047728Z"
                      },
                      "old": "f591730f7956d68f8eed2fe1fbba963f4991dcdd77712e0e8b5bdb7801a95f79"
                    }
                  ],
                  "withdrawn": []
                }
              }
            }
          ]
        }
      }
    ]
  }
}