{
  "command": {
    "actor": "krill",
    "time": "2020-04-30T14:22:30.525213Z",
    "handle": "CA3",
    "version": 15,
    "sequence": 11,
    "details": {
      "child_certify": [
        "CA4",
        "1",
        {
          "asn": "none",
          "v4": "none",
          "v6": "none"
        },
        "33EF547F08298CEE8D3C6C41B24550496C5E3ED6"
      ]
    },
    "effect": {
      "events": [
        15,
        16,
        17
      ]
    }
  },
  "result": {
    "Events": [
      {
        "id": "CA3",
        "version": 15,
        "details": {
          "child_certificate_issued": [
            "CA4",
            "1",
            "33EF547F08298CEE8D3C6C41B24550496C5E3ED6"
          ]
        }
      },
      {
        "id": "CA3",
        "version": 16,
        "details": {
          "child_certificates_updated": [
            "1",
            {
              "issued": [
                {
                  "uri": "rsync://localhost/repo/CA3/1/33EF547F08298CEE8D3C6C41B24550496C5E3ED6.cer",
                  "limit": {
                    "asn": "none",
                    "v4": "none",
                    "v6": "none"
                  },
                  "resource_set": {
                    "asn": "",
                    "v4": "10.1.0.0/24",
                    "v6": ""
                  },
                  "cert": "MIIFLTCCBBWgAwIBAgIUHRyvrl1wIWInNJmGJhACGxlcyPswDQYJKoZIhvcNAQELBQAwMzExMC8GA1UEAxMoQzM0QjU2QkVDQ0MwODkwODFDNzY1NjBFOEY3QTQxREIxQzA3ODE1MDAeFw0yMDA0MzAxNDE3MzBaFw0yMTA0MzAxNDIyMzBaMDMxMTAvBgNVBAMTKDMzRUY1NDdGMDgyOThDRUU4RDNDNkM0MUIyNDU1MDQ5NkM1RTNFRDYwggEiMA0GCSqGSIb3DQEBAQUAA4IBDwAwggEKAoIBAQCec8YN8Mtcyhk6bCZ/xE6zb/b1cOYz0LGqDvip+gnNGnKOobUfM5rprEkH8ZrFZt/YtwszoZ4ZwaZhGLvVi9iK49MIEp2pMHnBvWU+0KzDvrlDt21/uBoDxTO+Wd3zj15XJWSvtEAjIsnU11TwRwjLKo8P6aQvseJLM8YqGFkMWFmpFDPWCrb0o9L6uVcl+3fv0POhCc6OCHtz3UJMHhufogGCJu2tb20NP22ULDGSB8SbFE6JyyjwniaKi8kL9ohCJ5Vw1BGJmx9puj09j5lBdllMs+Q5+cz6lEtSxhm5jm1ssPiSLFk+sWyTD/VgZZ061hSFfm9DIHsMuBcZZFsxAgMBAAGjggI3MIICMzAPBgNVHRMBAf8EBTADAQH/MB0GA1UdDgQWBBQz71R/CCmM7o08bEGyRVBJbF4+1jAfBgNVHSMEGDAWgBTDS1a+zMCJCBx2Vg6PekHbHAeBUDAOBgNVHQ8BAf8EBAMCAQYwWgYDVR0fBFMwUTBPoE2gS4ZJcnN5bmM6Ly9sb2NhbGhvc3QvcmVwby9DQTMvMS9DMzRCNTZCRUNDQzA4OTA4MUM3NjU2MEU4RjdBNDFEQjFDMDc4MTUwLmNybDBlBggrBgEFBQcBAQRZMFcwVQYIKwYBBQUHMAKGSXJzeW5jOi8vbG9jYWxob3N0L3JlcG8vQ0EyLzAvQzM0QjU2QkVDQ0MwODkwODFDNzY1NjBFOEY3QTQxREIxQzA3ODE1MC5jZXIwgdEGCCsGAQUFBwELBIHEMIHBMCkGCCsGAQUFBzAFhh1yc3luYzovL2xvY2FsaG9zdC9yZXBvL0NBNC8xLzBVBggrBgEFBQcwCoZJcnN5bmM6Ly9sb2NhbGhvc3QvcmVwby9DQTQvMS8zM0VGNTQ3RjA4Mjk4Q0VFOEQzQzZDNDFCMjQ1NTA0OTZDNUUzRUQ2Lm1mdDA9BggrBgEFBQcwDYYxaHR0cHM6Ly9sb2NhbGhvc3Q6MzAwMC90ZXN0LXJyZHAvbm90aWZpY2F0aW9uLnhtbDAYBgNVHSABAf8EDjAMMAoGCCsGAQUFBw4CMB8GCCsGAQUFBwEHAQH/BBAwDjAMBAIAATAGAwQACgEAMA0GCSqGSIb3DQEBCwUAA4IBAQAr5og7Pd6Hb0CR+QCIJIYMzonb/Ea/y2GHgr4wruFU5vouGdSjWexT37pTv/b3on+OitBfOQzEU507IEEg3kapUb/ymdQ0/c+y863oSNf4X5eaMq5l59E3J/1X9hyLKF46OLIT+HMytu+nVflX/lSYj5jUVyPSjNgcA4PBpuUBNMQDDogXYXWbC3+s3BEUeaCADlIBrV4wHaUzd7nqX5dO6u8TigBfNP7SuWLpPRcOlfC9EFH0p1gPqNwWMaQGTMfrq36zEwy9RxZ6Zl/y3RI4A5btffkoHGmacRc45ZOfhEpQP+AkGs2GGSAKhcQ2rUiCHBQ18JehFMwVAJFZdPpL",
                  "replaces": null
                }
              ],
              "removed": []
            }
          ]
        }
      },
      {
        "id": "CA3",
        "version": 17,
        "details": {
          "object_set_updated": [
            "1",
            {
              "C34B56BECCC089081C76560E8F7A41DB1C078150": {
                "number": 2,
                "revocations_delta": {
                  "added": [
                    {
                      "serial": "209271231218458825714192088628328357543102139584",
                      "expires": "2020-05-01T14:22:27.701389Z"
                    }
                  ],
                  "dropped": []
                },
                "manifest_info": {
                  "name": "C34B56BECCC089081C76560E8F7A41DB1C078150.mft",
                  "current": {
                    "content": "MIIJlQYJKoZIhvcNAQcCoIIJhjCCCYICAQMxDzANBglghkgBZQMEAgEFADCB7wYLKoZIhvcNAQkQARqggd8EgdwwgdkCAQIYDzIwMjAwNDMwMTQxNzMwWhgPMjAyMDA1MDExNDIyMzBaBglghkgBZQMEAgEwgaYwURYsQzM0QjU2QkVDQ0MwODkwODFDNzY1NjBFOEY3QTQxREIxQzA3ODE1MC5jcmwDIQAUQ41X0YGm7Im86CasewjNm0I366l8bvI23/yYiqIlxjBRFiwzM0VGNTQ3RjA4Mjk4Q0VFOEQzQzZDNDFCMjQ1NTA0OTZDNUUzRUQ2LmNlcgMhAAlIvAVX/Bb+9ZRogAdLleDo5sgDdQYyCanmHxZXal0soIIGyDCCBsQwggWsoAMCAQICFCeiDABDjlFWFpMmi6zREsCoz18yMA0GCSqGSIb3DQEBCwUAMDMxMTAvBgNVBAMTKEMzNEI1NkJFQ0NDMDg5MDgxQzc2NTYwRThGN0E0MURCMUMwNzgxNTAwHhcNMjAwNDMwMTQxNzMwWhcNMjAwNTA3MTQyMjMwWjCCAi0xggIpMIICJQYDVQQDE4ICHDMwODIwMTBBMDI4MjAxMDEwMEJCMDMzRkY2QjU4NUM0RThEMjdBNUI0MEYwRTJERkNBMEM2NDREOTAwNzc2Q0U1RDY3QjVFMEQzRDg4OUMyNTA5NUE4MjZBM0UyNTRDMjI5NjVCNjE4MzU3NzVERkFCOEFFMEE5QkREM0JCMTIyRkQ5MTdFRjkxNjY1QzM2NzgxNkM0MDIyRjlFMzkzQTAxMDAyMDNEODM5NUJDNTMxQzkwNjIxQzBGMjZDRjM4MkE2ODM3OTc4QzRDOEY2OEVGOTdBOTFCQjIwODQ4M0ZCMjc5Mjk1OUQ0NkM3Nzc2MTBCMDBDNjY1OEQ3NzE1MTlGNjExRUMxM0Q5MEFDREUzODM2NjA3Nzk0NUFBRjQzODJENDY2Rjc0NEQ2QjU5RDJGNUVCNzU3OTYzN0NBOTNGRTc4RTVDQ0U2N0UzMkNGRkY3Q0RDQTNDQjBFOTQ0ODJBQjNBRTA0RkUzRjNDOEZCRkZBRTJERTU3NTI1RjlGNDFCQ0QyMEUwMDlFMDZGRUY1MERDNTU1NzYwRUE4MzNFODVBOTlEMUI1QjNCNTFDMjNCQTJENTJCMTE3MzI0REY2QUIyQUJGOEIxNjg3NjVFNDdFOEE2QUU2RTkyOUMwRTBBQUJDRjEyMTk1MjA2QzJENkE2RDUxQUM1NTY4ODkxNENDMzREM0NBMTc2RkI5REE5MDIwMzAxMDAwMTCCASIwDQYJKoZIhvcNAQEBBQADggEPADCCAQoCggEBALsDP/a1hcTo0npbQPDi38oMZE2QB3bOXWe14NPYicJQlagmo+JUwillthg1d136uK4Km907sSL9kX75FmXDZ4FsQCL545OgEAID2DlbxTHJBiHA8mzzgqaDeXjEyPaO+XqRuyCEg/snkpWdRsd3YQsAxmWNdxUZ9hHsE9kKzeODZgd5Rar0OC1Gb3RNa1nS9et1eWN8qT/njlzOZ+Ms//fNyjyw6USCqzrgT+PzyPv/ri3ldSX59BvNIOAJ4G/vUNxVV2Dqgz6FqZ0bWztRwjui1SsRcyTfarKr+LFodl5H6KaubpKcDgqrzxIZUgbC1qbVGsVWiJFMw008oXb7nakCAwEAAaOCAdIwggHOMB0GA1UdDgQWBBTg2GkzQo6fxLM/zzobbexEVkVUijAfBgNVHSMEGDAWgBTDS1a+zMCJCBx2Vg6PekHbHAeBUDAOBgNVHQ8BAf8EBAMCB4AwWgYDVR0fBFMwUTBPoE2gS4ZJcnN5bmM6Ly9sb2NhbGhvc3QvcmVwby9DQTMvMS9DMzRCNTZCRUNDQzA4OTA4MUM3NjU2MEU4RjdBNDFEQjFDMDc4MTUwLmNybDBlBggrBgEFBQcBAQRZMFcwVQYIKwYBBQUHMAKGSXJzeW5jOi8vbG9jYWxob3N0L3JlcG8vQ0EyLzAvQzM0QjU2QkVDQ0MwODkwODFDNzY1NjBFOEY3QTQxREIxQzA3ODE1MC5jZXIwZQYIKwYBBQUHAQsEWTBXMFUGCCsGAQUFBzALhklyc3luYzovL2xvY2FsaG9zdC9yZXBvL0NBMy8xL0MzNEI1NkJFQ0NDMDg5MDgxQzc2NTYwRThGN0E0MURCMUMwNzgxNTAubWZ0MBgGA1UdIAEB/wQOMAwwCgYIKwYBBQUHDgIwIQYIKwYBBQUHAQcBAf8EEjAQMAYEAgABBQAwBgQCAAIFADAVBggrBgEFBQcBCAEB/wQGMASgAgUAMA0GCSqGSIb3DQEBCwUAA4IBAQBWsQzCquRxy2u6/xBcgiWU559lwKjQaMbcnVh7ND9HchD/PYf66VmNJOvc28pDOruSqNzg4wT+WKHFZdP3UaofX/wUn+Q/1ZB+Ti32WTh5UxBYSaw78Df9X5m8h5l/mCcgd6//NYRsuqNTvM310ROmAF9CHWfGxlDJEwXTyb5VegiLaWxUEDTWU97GHAN2sGBwnCgqF6NkaapVa+0pGA9dHEowlcf/j8cIxmN6Il+h76zv8bRlvWnE9/WTHaWX8C4AnTh0oV1uRzESTxyChgogCYd5QMs1ew/23hjpCCXD1fXNboYbWyYJnLboP2H2vzUzV8WJLY0k9zL/atO9Q94dMYIBrDCCAagCAQOAFODYaTNCjp/Esz/POhtt7ERWRVSKMA0GCWCGSAFlAwQCAQUAoGswGgYJKoZIhvcNAQkDMQ0GCyqGSIb3DQEJEAEaMBwGCSqGSIb3DQEJBTEPFw0yMDA0MzAxNDIyMzBaMC8GCSqGSIb3DQEJBDEiBCDnGSeDiRFdyDxJRPaN1g+cizyu3pR2FSznewOd5aLIlTANBgkqhkiG9w0BAQEFAASCAQAcAevqQQZhY5k87sxRgfX/uKkfyOWCFYEB2hLMeNmX+hdtCKpNO/puycnbO87HPl6BxcSkz/56eCU23F7rNhLs+8r/kI5S485n4jfGTxl4+B2m7qm1htnUS5mIjTezP9/jD7LkINoatrtMjIgQnL4Sw8HXL4D4rYSkxnAcxk8STWlAyrWh7YrDG7XoanOHiVdRFf1jYQmYJyQboVAedVwM0/BewdO/DchnpMMPT1xb8cv7Xc4aZq15SNBc4SbqCKJNG3tIfiM2+q2WrKlNjbf+jCZa03qi7epcVpbUpAuEOykkLsYUX/QozUYtFBEgyKU5GfcnFmN0by0ivLlNlGpX",
                    "serial": "226264406221520115084268902438957554877393231666",
                    "expires": "2020-05-01T14:22:30.532895Z"
                  },
                  "next_update": "2020-05-01T14:22:30.532895Z",
                  "old": "0503d94d0635c3af08c1cb3d134fa8949d5567f458b514228e5430f9aa4933ef"
                },
                "crl_info": {
                  "name": "C34B56BECCC089081C76560E8F7A41DB1C078150.crl",
                  "current": {
                    "content": "MIIB1jCBvwIBATANBgkqhkiG9w0BAQsFADAzMTEwLwYDVQQDEyhDMzRCNTZCRUNDQzA4OTA4MUM3NjU2MEU4RjdBNDFEQjFDMDc4MTUwFw0yMDA0MzAxNDE3MzBaFw0yMDA1MDExNDIyMzBaMCcwJQIUJKgL6zehemlyh/01CkTtMVQ8TMAXDTIwMDUwMTE0MjIyN1qgLzAtMB8GA1UdIwQYMBaAFMNLVr7MwIkIHHZWDo96QdscB4FQMAoGA1UdFAQDAgECMA0GCSqGSIb3DQEBCwUAA4IBAQBUkJLp/X1M6WM2ZFzUQq42iOoNKP2Q6+0Dgt7j0399LvciiTnKmMOx+b2cznARjlVeB745fq2JaNhWdhrcXbJuNdnvHDcyMPY00m6w1z21wPdHqZ+m4eT2LEo960gJpfyVIf9LNzJx/jfqELnTZVcnbcBJ94/Khi5Ha6WVF/2VWiVytu5UWrvpMpPcd6StEalxA7kYYulmjymz2CLBdwAyS+2PYfBc02oEF/X08Wqxv/Odj85m0VcdjOQjqHNdsxGVbD93voxcsCNHjWt98LggcKuVV4W2vIdVxR6zLMCQAzUiGIGLwDTrGQOPFCQ8ypqc+5nHcLx9/vIJZkMzhUXM",
                    "serial": "2",
                    "expires": "2020-05-01T14:22:30.529416Z"
                  },
                  "old": "f1c69fd1140ac5a7a93a86dc0381ae78ee7b7ad852b42518dbea385f9729ff2d"
                },
                "objects_delta": {
                  "ca_repo": "rsync://localhost/repo/CA3/1",
                  "added": [
                    {
                      "name": "33EF547F08298CEE8D3C6C41B24550496C5E3ED6.cer",
                      "object": {
                        "content": "MIIFLTCCBBWgAwIBAgIUHRyvrl1wIWInNJmGJhACGxlcyPswDQYJKoZIhvcNAQELBQAwMzExMC8GA1UEAxMoQzM0QjU2QkVDQ0MwODkwODFDNzY1NjBFOEY3QTQxREIxQzA3ODE1MDAeFw0yMDA0MzAxNDE3MzBaFw0yMTA0MzAxNDIyMzBaMDMxMTAvBgNVBAMTKDMzRUY1NDdGMDgyOThDRUU4RDNDNkM0MUIyNDU1MDQ5NkM1RTNFRDYwggEiMA0GCSqGSIb3DQEBAQUAA4IBDwAwggEKAoIBAQCec8YN8Mtcyhk6bCZ/xE6zb/b1cOYz0LGqDvip+gnNGnKOobUfM5rprEkH8ZrFZt/YtwszoZ4ZwaZhGLvVi9iK49MIEp2pMHnBvWU+0KzDvrlDt21/uBoDxTO+Wd3zj15XJWSvtEAjIsnU11TwRwjLKo8P6aQvseJLM8YqGFkMWFmpFDPWCrb0o9L6uVcl+3fv0POhCc6OCHtz3UJMHhufogGCJu2tb20NP22ULDGSB8SbFE6JyyjwniaKi8kL9ohCJ5Vw1BGJmx9puj09j5lBdllMs+Q5+cz6lEtSxhm5jm1ssPiSLFk+sWyTD/VgZZ061hSFfm9DIHsMuBcZZFsxAgMBAAGjggI3MIICMzAPBgNVHRMBAf8EBTADAQH/MB0GA1UdDgQWBBQz71R/CCmM7o08bEGyRVBJbF4+1jAfBgNVHSMEGDAWgBTDS1a+zMCJCBx2Vg6PekHbHAeBUDAOBgNVHQ8BAf8EBAMCAQYwWgYDVR0fBFMwUTBPoE2gS4ZJcnN5bmM6Ly9sb2NhbGhvc3QvcmVwby9DQTMvMS9DMzRCNTZCRUNDQzA4OTA4MUM3NjU2MEU4RjdBNDFEQjFDMDc4MTUwLmNybDBlBggrBgEFBQcBAQRZMFcwVQYIKwYBBQUHMAKGSXJzeW5jOi8vbG9jYWxob3N0L3JlcG8vQ0EyLzAvQzM0QjU2QkVDQ0MwODkwODFDNzY1NjBFOEY3QTQxREIxQzA3ODE1MC5jZXIwgdEGCCsGAQUFBwELBIHEMIHBMCkGCCsGAQUFBzAFhh1yc3luYzovL2xvY2FsaG9zdC9yZXBvL0NBNC8xLzBVBggrBgEFBQcwCoZJcnN5bmM6Ly9sb2NhbGhvc3QvcmVwby9DQTQvMS8zM0VGNTQ3RjA4Mjk4Q0VFOEQzQzZDNDFCMjQ1NTA0OTZDNUUzRUQ2Lm1mdDA9BggrBgEFBQcwDYYxaHR0cHM6Ly9sb2NhbGhvc3Q6MzAwMC90ZXN0LXJyZHAvbm90aWZpY2F0aW9uLnhtbDAYBgNVHSABAf8EDjAMMAoGCCsGAQUFBw4CMB8GCCsGAQUFBwEHAQH/BBAwDjAMBAIAATAGAwQACgEAMA0GCSqGSIb3DQEBCwUAA4IBAQAr5og7Pd6Hb0CR+QCIJIYMzonb/Ea/y2GHgr4wruFU5vouGdSjWexT37pTv/b3on+OitBfOQzEU507IEEg3kapUb/ymdQ0/c+y863oSNf4X5eaMq5l59E3J/1X9hyLKF46OLIT+HMytu+nVflX/lSYj5jUVyPSjNgcA4PBpuUBNMQDDogXYXWbC3+s3BEUeaCADlIBrV4wHaUzd7nqX5dO6u8TigBfNP7SuWLpPRcOlfC9EFH0p1gPqNwWMaQGTMfrq36zEwy9RxZ6Zl/y3RI4A5btffkoHGmacRc45ZOfhEpQP+AkGs2GGSAKhcQ2rUiCHBQ18JehFMwVAJFZdPpL",
                        "serial": "166200457202820523889343402677179470726282660091",
                        "expires": "2021-04-30T14:22:30Z"
                      }
                    }
                  ],
                  "updated": [
                    {
                      "name": "C34B56BECCC089081C76560E8F7A41DB1C078150.crl",
                      "object": {
                        "content": "MIIB1jCBvwIBATANBgkqhkiG9w0BAQsFADAzMTEwLwYDVQQDEyhDMzRCNTZCRUNDQzA4OTA4MUM3NjU2MEU4RjdBNDFEQjFDMDc4MTUwFw0yMDA0MzAxNDE3MzBaFw0yMDA1MDExNDIyMzBaMCcwJQIUJKgL6zehemlyh/01CkTtMVQ8TMAXDTIwMDUwMTE0MjIyN1qgLzAtMB8GA1UdIwQYMBaAFMNLVr7MwIkIHHZWDo96QdscB4FQMAoGA1UdFAQDAgECMA0GCSqGSIb3DQEBCwUAA4IBAQBUkJLp/X1M6WM2ZFzUQq42iOoNKP2Q6+0Dgt7j0399LvciiTnKmMOx+b2cznARjlVeB745fq2JaNhWdhrcXbJuNdnvHDcyMPY00m6w1z21wPdHqZ+m4eT2LEo960gJpfyVIf9LNzJx/jfqELnTZVcnbcBJ94/Khi5Ha6WVF/2VWiVytu5UWrvpMpPcd6StEalxA7kYYulmjymz2CLBdwAyS+2PYfBc02oEF/X08Wqxv/Odj85m0VcdjOQjqHNdsxGVbD93voxcsCNHjWt98LggcKuVV4W2vIdVxR6zLMCQAzUiGIGLwDTrGQOPFCQ8ypqc+5nHcLx9/vIJZkMzhUXM",
                        "serial": "2",
                        "expires": "2020-05-01T14:22:30.529416Z"
                      },
                      "old": "f1c69fd1140ac5a7a93a86dc0381ae78ee7b7ad852b42518dbea385f9729ff2d"
                    },
                    {
                      "name": "C34B56BECCC089081C76560E8F7A41DB1C078150.mft",
                      "object": {
                        "content": "MIIJlQYJKoZIhvcNAQcCoIIJhjCCCYICAQMxDzANBglghkgBZQMEAgEFADCB7wYLKoZIhvcNAQkQARqggd8EgdwwgdkCAQIYDzIwMjAwNDMwMTQxNzMwWhgPMjAyMDA1MDExNDIyMzBaBglghkgBZQMEAgEwgaYwURYsQzM0QjU2QkVDQ0MwODkwODFDNzY1NjBFOEY3QTQxREIxQzA3ODE1MC5jcmwDIQAUQ41X0YGm7Im86CasewjNm0I366l8bvI23/yYiqIlxjBRFiwzM0VGNTQ3RjA4Mjk4Q0VFOEQzQzZDNDFCMjQ1NTA0OTZDNUUzRUQ2LmNlcgMhAAlIvAVX/Bb+9ZRogAdLleDo5sgDdQYyCanmHxZXal0soIIGyDCCBsQwggWsoAMCAQICFCeiDABDjlFWFpMmi6zREsCoz18yMA0GCSqGSIb3DQEBCwUAMDMxMTAvBgNVBAMTKEMzNEI1NkJFQ0NDMDg5MDgxQzc2NTYwRThGN0E0MURCMUMwNzgxNTAwHhcNMjAwNDMwMTQxNzMwWhcNMjAwNTA3MTQyMjMwWjCCAi0xggIpMIICJQYDVQQDE4ICHDMwODIwMTBBMDI4MjAxMDEwMEJCMDMzRkY2QjU4NUM0RThEMjdBNUI0MEYwRTJERkNBMEM2NDREOTAwNzc2Q0U1RDY3QjVFMEQzRDg4OUMyNTA5NUE4MjZBM0UyNTRDMjI5NjVCNjE4MzU3NzVERkFCOEFFMEE5QkREM0JCMTIyRkQ5MTdFRjkxNjY1QzM2NzgxNkM0MDIyRjlFMzkzQTAxMDAyMDNEODM5NUJDNTMxQzkwNjIxQzBGMjZDRjM4MkE2ODM3OTc4QzRDOEY2OEVGOTdBOTFCQjIwODQ4M0ZCMjc5Mjk1OUQ0NkM3Nzc2MTBCMDBDNjY1OEQ3NzE1MTlGNjExRUMxM0Q5MEFDREUzODM2NjA3Nzk0NUFBRjQzODJENDY2Rjc0NEQ2QjU5RDJGNUVCNzU3OTYzN0NBOTNGRTc4RTVDQ0U2N0UzMkNGRkY3Q0RDQTNDQjBFOTQ0ODJBQjNBRTA0RkUzRjNDOEZCRkZBRTJERTU3NTI1RjlGNDFCQ0QyMEUwMDlFMDZGRUY1MERDNTU1NzYwRUE4MzNFODVBOTlEMUI1QjNCNTFDMjNCQTJENTJCMTE3MzI0REY2QUIyQUJGOEIxNjg3NjVFNDdFOEE2QUU2RTkyOUMwRTBBQUJDRjEyMTk1MjA2QzJENkE2RDUxQUM1NTY4ODkxNENDMzREM0NBMTc2RkI5REE5MDIwMzAxMDAwMTCCASIwDQYJKoZIhvcNAQEBBQADggEPADCCAQoCggEBALsDP/a1hcTo0npbQPDi38oMZE2QB3bOXWe14NPYicJQlagmo+JUwillthg1d136uK4Km907sSL9kX75FmXDZ4FsQCL545OgEAID2DlbxTHJBiHA8mzzgqaDeXjEyPaO+XqRuyCEg/snkpWdRsd3YQsAxmWNdxUZ9hHsE9kKzeODZgd5Rar0OC1Gb3RNa1nS9et1eWN8qT/njlzOZ+Ms//fNyjyw6USCqzrgT+PzyPv/ri3ldSX59BvNIOAJ4G/vUNxVV2Dqgz6FqZ0bWztRwjui1SsRcyTfarKr+LFodl5H6KaubpKcDgqrzxIZUgbC1qbVGsVWiJFMw008oXb7nakCAwEAAaOCAdIwggHOMB0GA1UdDgQWBBTg2GkzQo6fxLM/zzobbexEVkVUijAfBgNVHSMEGDAWgBTDS1a+zMCJCBx2Vg6PekHbHAeBUDAOBgNVHQ8BAf8EBAMCB4AwWgYDVR0fBFMwUTBPoE2gS4ZJcnN5bmM6Ly9sb2NhbGhvc3QvcmVwby9DQTMvMS9DMzRCNTZCRUNDQzA4OTA4MUM3NjU2MEU4RjdBNDFEQjFDMDc4MTUwLmNybDBlBggrBgEFBQcBAQRZMFcwVQYIKwYBBQUHMAKGSXJzeW5jOi8vbG9jYWxob3N0L3JlcG8vQ0EyLzAvQzM0QjU2QkVDQ0MwODkwODFDNzY1NjBFOEY3QTQxREIxQzA3ODE1MC5jZXIwZQYIKwYBBQUHAQsEWTBXMFUGCCsGAQUFBzALhklyc3luYzovL2xvY2FsaG9zdC9yZXBvL0NBMy8xL0MzNEI1NkJFQ0NDMDg5MDgxQzc2NTYwRThGN0E0MURCMUMwNzgxNTAubWZ0MBgGA1UdIAEB/wQOMAwwCgYIKwYBBQUHDgIwIQYIKwYBBQUHAQcBAf8EEjAQMAYEAgABBQAwBgQCAAIFADAVBggrBgEFBQcBCAEB/wQGMASgAgUAMA0GCSqGSIb3DQEBCwUAA4IBAQBWsQzCquRxy2u6/xBcgiWU559lwKjQaMbcnVh7ND9HchD/PYf66VmNJOvc28pDOruSqNzg4wT+WKHFZdP3UaofX/wUn+Q/1ZB+Ti32WTh5UxBYSaw78Df9X5m8h5l/mCcgd6//NYRsuqNTvM310ROmAF9CHWfGxlDJEwXTyb5VegiLaWxUEDTWU97GHAN2sGBwnCgqF6NkaapVa+0pGA9dHEowlcf/j8cIxmN6Il+h76zv8bRlvWnE9/WTHaWX8C4AnTh0oV1uRzESTxyChgogCYd5QMs1ew/23hjpCCXD1fXNboYbWyYJnLboP2H2vzUzV8WJLY0k9zL/atO9Q94dMYIBrDCCAagCAQOAFODYaTNCjp/Esz/POhtt7ERWRVSKMA0GCWCGSAFlAwQCAQUAoGswGgYJKoZIhvcNAQkDMQ0GCyqGSIb3DQEJEAEaMBwGCSqGSIb3DQEJBTEPFw0yMDA0MzAxNDIyMzBaMC8GCSqGSIb3DQEJBDEiBCDnGSeDiRFdyDxJRPaN1g+cizyu3pR2FSznewOd5aLIlTANBgkqhkiG9w0BAQEFAASCAQAcAevqQQZhY5k87sxRgfX/uKkfyOWCFYEB2hLMeNmX+hdtCKpNO/puycnbO87HPl6BxcSkz/56eCU23F7rNhLs+8r/kI5S485n4jfGTxl4+B2m7qm1htnUS5mIjTezP9/jD7LkINoatrtMjIgQnL4Sw8HXL4D4rYSkxnAcxk8STWlAyrWh7YrDG7XoanOHiVdRFf1jYQmYJyQboVAedVwM0/BewdO/DchnpMMPT1xb8cv7Xc4aZq15SNBc4SbqCKJNG3tIfiM2+q2WrKlNjbf+jCZa03qi7epcVpbUpAuEOykkLsYUX/QozUYtFBEgyKU5GfcnFmN0by0ivLlNlGpX",
                        "serial": "226264406221520115084268902438957554877393231666",
                        "expires": "2020-05-01T14:22:30.532895Z"
                      },
                      "old": "0503d94d0635c3af08c1cb3d134fa8949d5567f458b514228e5430f9aa4933ef"
                    }
                  ],
                  "withdrawn": []
                }
              }
            }
          ]
        }
      }
    ]
  }
}