{
  "command": {
    "actor": "krill",
    "time": "2020-04-30T14:22:23.978133Z",
    "handle": "CA2",
    "version": 6,
    "sequence": 5,
    "details": {
      "update_rcvd_cert": [
        "0",
        {
          "asn": "",
          "v4": "10.1.0.0/16",
          "v6": ""
        }
      ]
    },
    "effect": {
      "events": [
        6
      ]
    }
  },
  "result": {
    "Events": [
      {
        "id": "CA2",
        "version": 6,
        "details": {
          "key_pending_to_active": [
            "0",
            {
              "key_id": "FE7805B8F0C16A0BF93B6CC8E53D57D39D856018",
              "incoming_cert": {
                "cert": "MIIG/jCCBeagAwIBAgIUcZ3rA50kKXEDGB9F8YspF/Ip12swDQYJKoZIhvcNAQELBQAwggItMYICKTCCAiUGA1UEAxOCAhwzMDgyMDEwQTAyODIwMTAxMDBEMjhFOUY0MENENTkzRkYyRTUyMDk4NjgyODBDRDg0MEIxQUI4QzgwM0Q0QTE4MTg4OERERUNEN0IzNjM5NUZGMTdEQTU5MEI5M0U2NDg0NzE1QzQ0NEY0QzU5NTJERDI3MTU1QzZCQkE4RkI0MUIxREZBOTlDNkFDMjIwNEYxQzk3Q0Y5NzkxNjVGNTQwMzc5RTJDNDQ3NEU4QkZCQTY4NzdBQkEzNTEzNEQ5QTE4N0M3OTY5NjNGQkEyNEI4N0VDMTQ3RTEwOTAxMUEwMkU2RDA2QkNGQTJCRTU3OUJGQkVGMTVBRDQyQzA4QzQ2MkNEQkJCNUM4NkVDRENFQUU4RkMzREFCNjQ5QjE1NTc3QTBENEJGRTIzRDU0MzgyRDFCMTk5M0U3QjA3Q0RCRDc2RTVDRThFQjMxQkJFM0ZGRjZEMDAzNzI0NDhEMEFGODI2RDQ3M0NEMjQ3RTUzRDA5MjJCQTY0NzdCRkI0REQzMzVDM0ZCNEY0M0M1N0YwOEMwMzg0MjE5NkVBNjI4MUM2QzlGMDI1NkRDM0Q2Njg0MjI1MkQ5ODQ2OUVGOEUyQzM5RDA5MzBFMjdDNjUwQjc1MTdGOTQ2NEUxRDQ5M0YxOTAyMjMzMzU4RjM2MDhGRjdCM0E4NUQ3NDMyNTNBMzQzNjAwMDc1OEQzOEEwODc4MTAyMDMwMTAwMDEwHhcNMjAwNDMwMTQxNzIzWhcNMjEwNDMwMTQyMjIzWjAzMTEwLwYDVQQDEyhGRTc4MDVCOEYwQzE2QTBCRjkzQjZDQzhFNTNENTdEMzlEODU2MDE4MIIBIjANBgkqhkiG9w0BAQEFAAOCAQ8AMIIBCgKCAQEA5tV4dw+Kp8dvC7us+R7vExdUs9ZXODvt8ecxxrKdMtKe6d4S8G6smnUiVuOLKjE6N6z3iLaZYW4fcP0pusHegXPP41BZjBqjZ1B6DbSXfRxzSJIgxobsu9DMpb/bF4CWxk7ouxNUeWrptBWhF2/8vDPb7vRhCD7UA9tNFCLM1if6uHnaWl0Tz3M9ULMrHDgfk90K3ILuXf9p0SAbZV7Ty/BPfaZwXo8VOD1G2Mx9MQTaoM6r+Z/ztNahYHvR4BC9kf+aWaoDYg8fbOdMrYiexz1VLjheaplgHErH2vWN7B0CQ6oXCVWZqrvzltMRoZNAZnJMKG41oyAS90w6lIf6PQIDAQABo4ICDDCCAggwDwYDVR0TAQH/BAUwAwEB/zAdBgNVHQ4EFgQU/ngFuPDBagv5O2zI5T1X052FYBgwHwYDVR0jBBgwFoAUvuBADR671pU0To2x+oD0mfjHtCkwDgYDVR0PAQH/BAQDAgEGMFkGA1UdHwRSMFAwTqBMoEqGSHJzeW5jOi8vbG9jYWxob3N0L3JlcG8vdGEvMC9CRUUwNDAwRDFFQkJENjk1MzQ0RThEQjFGQTgwRjQ5OUY4QzdCNDI5LmNybDA8BggrBgEFBQcBAQQwMC4wLAYIKwYBBQUHMAKGIHJzeW5jOi8vbG9jYWxob3N0L3JlcG8vdGEvdGEuY2VyMIHRBggrBgEFBQcBCwSBxDCBwTApBggrBgEFBQcwBYYdcnN5bmM6Ly9sb2NhbGhvc3QvcmVwby9DQTIvMC8wVQYIKwYBBQUHMAqGSXJzeW5jOi8vbG9jYWxob3N0L3JlcG8vQ0EyLzAvRkU3ODA1QjhGMEMxNkEwQkY5M0I2Q0M4RTUzRDU3RDM5RDg1NjAxOC5tZnQwPQYIKwYBBQUHMA2GMWh0dHBzOi8vbG9jYWxob3N0OjMwMDAvdGVzdC1ycmRwL25vdGlmaWNhdGlvbi54bWwwGAYDVR0gAQH/BA4wDDAKBggrBgEFBQcOAjAeBggrBgEFBQcBBwEB/wQPMA0wCwQCAAEwBQMDAAoBMA0GCSqGSIb3DQEBCwUAA4IBAQCPF1qmN8+okQ+RjBWyugdk8xwtfxBOzLSZPHX/hBRa2r8igIKTau0VtptKtYb+U0B9VOKRN5Cb9/0pjFrUj2le/HqOEHfWBzmSzICTpFWnFldJumVQq74a1iafk79pyOx3p89cKao2NFDU6Eq9JSn6BGpHjbIjUN3fsY+LTMwhEqEMj2PnHQhx2iKRNGUyPXi+WZ9bTSpdr47Qp7KWBOQecIy1QqdodpTfGBs7JkwwO1Ooo055gQSJeXA7MaG4F11KvvhkHStklVXhiV+tBhpp2w1WYnCG9LNUGbiKzFnVmHu4U4ctY+Dc109hd2rGvnfKMWwzkL63OWCcROm9TEMy",
                "uri": "rsync://localhost/repo/ta/0/FE7805B8F0C16A0BF93B6CC8E53D57D39D856018.cer",
                "resources": {
                  "asn": "",
                  "v4": "10.1.0.0/16",
                  "v6": ""
                }
              },
              "current_set": {
                "number": 1,
                "revocations": [],
                "manifest_info": {
                  "name": "FE7805B8F0C16A0BF93B6CC8E53D57D39D856018.mft",
                  "current": {
                    "content": "MIIJQAYJKoZIhvcNAQcCoIIJMTCCCS0CAQMxDzANBglghkgBZQMEAgEFADCBmwYLKoZIhvcNAQkQARqggYsEgYgwgYUCAQEYDzIwMjAwNDMwMTQxNzIzWhgPMjAyMDA1MDExNDIyMjNaBglghkgBZQMEAgEwUzBRFixGRTc4MDVCOEYwQzE2QTBCRjkzQjZDQzhFNTNENTdEMzlEODU2MDE4LmNybAMhAJtoeAQSfrrOiMs2kWChh/Mq3nSA2r3s6Bc/ZQ6NzuuVoIIGxzCCBsMwggWroAMCAQICFAT1FoELBcval8onK0ulD98u7ve2MA0GCSqGSIb3DQEBCwUAMDMxMTAvBgNVBAMTKEZFNzgwNUI4RjBDMTZBMEJGOTNCNkNDOEU1M0Q1N0QzOUQ4NTYwMTgwHhcNMjAwNDMwMTQxNzIzWhcNMjAwNTA3MTQyMjIzWjCCAi0xggIpMIICJQYDVQQDE4ICHDMwODIwMTBBMDI4MjAxMDEwMEJBRTFCQTRGQTE1MEY3QTZGQTlDRkZEMThCNzdFRTgxRDQ0NzA1N0ZENjdCOUQ2MDI3MTQ5RjNDNjIzNzQyNjczODMyNzFDOEYyQzk5NjZCOTc3QzdDRUIyRTgxNzkzQkIxNTQyQTUzOEIwODU5NUFFMzM1QzFFMTUzNzE4RkI5NjQ5RDM4MEU4RUIyRjYwRTNFMzZCQUZGNUJFQ0I4NzJFODMzOUYxOEU1QTcxMjdGN0E2QTVFNjI4QTNENUUxREJGQUI3NTQxRDEyNzFDQ0MxNzEzQ0FGNjA5NUFGQUJDMDQ0QkMzQzREOTJGOEY4M0MyNzAzMDM4MTk3ODkxNENGNzg5MkMxNTU0MzI4RDkzNURFQzMyOTc3NTlBQUE0NTA2MDQyMzIxQjk1MEFFMzRDMTBERDRBMTZGQUYxODZERDE4N0Q3MTU1QTMzOTcwMjQ4MzEyODE5RDk3MzE5QTBCODk1ODhGODUyQzZGMzFFRTIwMjdGMTFDN0YzNkIwREU4REI1QURDOTAxQzBCNzVDQUQyNTBCNjdFN0Y2MTY0MjA4OEZBMjVBMDc1ODEyRTVBRURGNzFCMTYyNkU3MzMwNEQ1N0I5RjQ2M0I3Rjk2NEIxMkYwQTNGREY1ODA5ODE4N0E2Q0NDQjI1QkQ5RTVDMTIwNjkyNEI3RUU5OTQzMDIwMzAxMDAwMTCCASIwDQYJKoZIhvcNAQEBBQADggEPADCCAQoCggEBALrhuk+hUPem+pz/0Yt37oHURwV/1nudYCcUnzxiN0JnODJxyPLJlmuXfHzrLoF5O7FUKlOLCFla4zXB4VNxj7lknTgOjrL2Dj42uv9b7Lhy6DOfGOWnEn96al5iij1eHb+rdUHRJxzMFxPK9gla+rwES8PE2S+Pg8JwMDgZeJFM94ksFVQyjZNd7DKXdZqqRQYEIyG5UK40wQ3UoW+vGG3Rh9cVWjOXAkgxKBnZcxmguJWI+FLG8x7iAn8Rx/NrDejbWtyQHAt1ytJQtn5/YWQgiPoloHWBLlrt9xsWJuczBNV7n0Y7f5ZLEvCj/fWAmBh6bMyyW9nlwSBpJLfumUMCAwEAAaOCAdEwggHNMB0GA1UdDgQWBBS5VQ565QmGzpwN+iQmbiWENwxUuTAfBgNVHSMEGDAWgBT+eAW48MFqC/k7bMjlPVfTnYVgGDAOBgNVHQ8BAf8EBAMCB4AwWgYDVR0fBFMwUTBPoE2gS4ZJcnN5bmM6Ly9sb2NhbGhvc3QvcmVwby9DQTIvMC9GRTc4MDVCOEYwQzE2QTBCRjkzQjZDQzhFNTNENTdEMzlEODU2MDE4LmNybDBkBggrBgEFBQcBAQRYMFYwVAYIKwYBBQUHMAKGSHJzeW5jOi8vbG9jYWxob3N0L3JlcG8vdGEvMC9GRTc4MDVCOEYwQzE2QTBCRjkzQjZDQzhFNTNENTdEMzlEODU2MDE4LmNlcjBlBggrBgEFBQcBCwRZMFcwVQYIKwYBBQUHMAuGSXJzeW5jOi8vbG9jYWxob3N0L3JlcG8vQ0EyLzAvRkU3ODA1QjhGMEMxNkEwQkY5M0I2Q0M4RTUzRDU3RDM5RDg1NjAxOC5tZnQwGAYDVR0gAQH/BA4wDDAKBggrBgEFBQcOAjAhBggrBgEFBQcBBwEB/wQSMBAwBgQCAAEFADAGBAIAAgUAMBUGCCsGAQUFBwEIAQH/BAYwBKACBQAwDQYJKoZIhvcNAQELBQADggEBAHS5KN8AbrEdxpNiqD2OqVdXTA6GWJ0D2bZbt6QAkyxWuJE/ktzANvK8XqNYfuVcvsb4kl2ITYmNzB1GX5n7RvMz+HY0yjY49z4UdrK9qV50mCqjxLHPicqEO/9Yxvh2piwK7D2JAYzojnJ3Wv7C9uzZ9IuvAoG/fFxb1XkJiI8ScNwRftmvg0L7Kmp+JLZzELpVG8K20eV24j6dBpSSa1eHLfEDJcEywoLEgq8wvR9RXm1Aw8POEv3/SlVjCeNiPUTeMQyq0pUK3mzgvKyX3HC2ghY7MWZUsapCiCD96qnrHqaRobWcisVZ7GUQ7wbR/PSpD2y4g43h5uYTcPBxKWYxggGsMIIBqAIBA4AUuVUOeuUJhs6cDfokJm4lhDcMVLkwDQYJYIZIAWUDBAIBBQCgazAaBgkqhkiG9w0BCQMxDQYLKoZIhvcNAQkQARowHAYJKoZIhvcNAQkFMQ8XDTIwMDQzMDE0MjIyM1owLwYJKoZIhvcNAQkEMSIEIPR83PW0gtQm7aDKjSAUbxMkAMmK2DVTurax2zNKfuMJMA0GCSqGSIb3DQEBAQUABIIBACh7/R9bWTGMWkQ8xhE0R5rT1sX4PGsDm3LYIYYVTg89GqgSSz7QNBZGFUQKBR+vF3nVQI0qaiR4XSNfVVZB2B7KCzXCTXa2x1MmoIuMaKfP13KjDLAQiwnywgDVMB7vyMzbTkJJHcoRU1oGh4QFelrzpem8OTfUQEVebOx77bo/pjjr+JMZnSDCB0nryqVA3vzSACDKESxIg2wamwlZ3Y4SOTIfiKuLUGicJ60BicFJU+uT1FTHJTiTx/fcDNgxTqNCU3XgBgH7IdBOkfhg3Ev0hqoEZph4cTWibkssbItjiUOMRx70KiL+AjLrRH4i8Io131SNlF8XkeuFJnnEGkU=",
                    "serial": "28301606038302796378889181597449239928725501878",
                    "expires": "2020-05-01T14:22:23.981534Z"
                  },
                  "next_update": "2020-05-01T14:22:23.981534Z",
                  "old": null
                },
                "crl_info": {
                  "name": "FE7805B8F0C16A0BF93B6CC8E53D57D39D856018.crl",
                  "current": {
                    "content": "MIIBrzCBmAIBATANBgkqhkiG9w0BAQsFADAzMTEwLwYDVQQDEyhGRTc4MDVCOEYwQzE2QTBCRjkzQjZDQzhFNTNENTdEMzlEODU2MDE4Fw0yMDA0MzAxNDE3MjNaFw0yMDA1MDExNDIyMjNaMACgLzAtMB8GA1UdIwQYMBaAFP54BbjwwWoL+TtsyOU9V9OdhWAYMAoGA1UdFAQDAgEBMA0GCSqGSIb3DQEBCwUAA4IBAQAN1wO3pud3TpK1Ns5aa4Qyxi0ZaSjU72uA5ZOLQwvZtcluyRGOiB3KpnqNMrdtjPdINggqVZh1Gx99eTfirEogaqdVFx1f7SxREku5ONrTMffmWAkMKyOOVkCMUTp3gtpLmDc/In8mljaR97pSzIdJj4veyOU53NI90Xsn1TSIAnJwc6DJbOUGugmi2IOIQVTkWmej1XjB7JFTZ3E2MgmcvIBouf6zyKsKyPejpWNwJAGiH1QSXj/+t/AffN2WxbNFgc7P9qlMjKtA2V+RyBc4GTpHDalJcm76ne6va37ngB9uaNesf8WQF4sHuJkF7pf9MFyNIA9tX7frFdH+iqRj",
                    "serial": "1",
                    "expires": "2020-05-01T14:22:23.978376Z"
                  },
                  "old": null
                }
              },
              "request": null
            },
            {
              "ca_repo": "rsync://localhost/repo/CA2/0/",
              "added": [
                {
                  "name": "FE7805B8F0C16A0BF93B6CC8E53D57D39D856018.mft",
                  "object": {
                    "content": "MIIJQAYJKoZIhvcNAQcCoIIJMTCCCS0CAQMxDzANBglghkgBZQMEAgEFADCBmwYLKoZIhvcNAQkQARqggYsEgYgwgYUCAQEYDzIwMjAwNDMwMTQxNzIzWhgPMjAyMDA1MDExNDIyMjNaBglghkgBZQMEAgEwUzBRFixGRTc4MDVCOEYwQzE2QTBCRjkzQjZDQzhFNTNENTdEMzlEODU2MDE4LmNybAMhAJtoeAQSfrrOiMs2kWChh/Mq3nSA2r3s6Bc/ZQ6NzuuVoIIGxzCCBsMwggWroAMCAQICFAT1FoELBcval8onK0ulD98u7ve2MA0GCSqGSIb3DQEBCwUAMDMxMTAvBgNVBAMTKEZFNzgwNUI4RjBDMTZBMEJGOTNCNkNDOEU1M0Q1N0QzOUQ4NTYwMTgwHhcNMjAwNDMwMTQxNzIzWhcNMjAwNTA3MTQyMjIzWjCCAi0xggIpMIICJQYDVQQDE4ICHDMwODIwMTBBMDI4MjAxMDEwMEJBRTFCQTRGQTE1MEY3QTZGQTlDRkZEMThCNzdFRTgxRDQ0NzA1N0ZENjdCOUQ2MDI3MTQ5RjNDNjIzNzQyNjczODMyNzFDOEYyQzk5NjZCOTc3QzdDRUIyRTgxNzkzQkIxNTQyQTUzOEIwODU5NUFFMzM1QzFFMTUzNzE4RkI5NjQ5RDM4MEU4RUIyRjYwRTNFMzZCQUZGNUJFQ0I4NzJFODMzOUYxOEU1QTcxMjdGN0E2QTVFNjI4QTNENUUxREJGQUI3NTQxRDEyNzFDQ0MxNzEzQ0FGNjA5NUFGQUJDMDQ0QkMzQzREOTJGOEY4M0MyNzAzMDM4MTk3ODkxNENGNzg5MkMxNTU0MzI4RDkzNURFQzMyOTc3NTlBQUE0NTA2MDQyMzIxQjk1MEFFMzRDMTBERDRBMTZGQUYxODZERDE4N0Q3MTU1QTMzOTcwMjQ4MzEyODE5RDk3MzE5QTBCODk1ODhGODUyQzZGMzFFRTIwMjdGMTFDN0YzNkIwREU4REI1QURDOTAxQzBCNzVDQUQyNTBCNjdFN0Y2MTY0MjA4OEZBMjVBMDc1ODEyRTVBRURGNzFCMTYyNkU3MzMwNEQ1N0I5RjQ2M0I3Rjk2NEIxMkYwQTNGREY1ODA5ODE4N0E2Q0NDQjI1QkQ5RTVDMTIwNjkyNEI3RUU5OTQzMDIwMzAxMDAwMTCCASIwDQYJKoZIhvcNAQEBBQADggEPADCCAQoCggEBALrhuk+hUPem+pz/0Yt37oHURwV/1nudYCcUnzxiN0JnODJxyPLJlmuXfHzrLoF5O7FUKlOLCFla4zXB4VNxj7lknTgOjrL2Dj42uv9b7Lhy6DOfGOWnEn96al5iij1eHb+rdUHRJxzMFxPK9gla+rwES8PE2S+Pg8JwMDgZeJFM94ksFVQyjZNd7DKXdZqqRQYEIyG5UK40wQ3UoW+vGG3Rh9cVWjOXAkgxKBnZcxmguJWI+FLG8x7iAn8Rx/NrDejbWtyQHAt1ytJQtn5/YWQgiPoloHWBLlrt9xsWJuczBNV7n0Y7f5ZLEvCj/fWAmBh6bMyyW9nlwSBpJLfumUMCAwEAAaOCAdEwggHNMB0GA1UdDgQWBBS5VQ565QmGzpwN+iQmbiWENwxUuTAfBgNVHSMEGDAWgBT+eAW48MFqC/k7bMjlPVfTnYVgGDAOBgNVHQ8BAf8EBAMCB4AwWgYDVR0fBFMwUTBPoE2gS4ZJcnN5bmM6Ly9sb2NhbGhvc3QvcmVwby9DQTIvMC9GRTc4MDVCOEYwQzE2QTBCRjkzQjZDQzhFNTNENTdEMzlEODU2MDE4LmNybDBkBggrBgEFBQcBAQRYMFYwVAYIKwYBBQUHMAKGSHJzeW5jOi8vbG9jYWxob3N0L3JlcG8vdGEvMC9GRTc4MDVCOEYwQzE2QTBCRjkzQjZDQzhFNTNENTdEMzlEODU2MDE4LmNlcjBlBggrBgEFBQcBCwRZMFcwVQYIKwYBBQUHMAuGSXJzeW5jOi8vbG9jYWxob3N0L3JlcG8vQ0EyLzAvRkU3ODA1QjhGMEMxNkEwQkY5M0I2Q0M4RTUzRDU3RDM5RDg1NjAxOC5tZnQwGAYDVR0gAQH/BA4wDDAKBggrBgEFBQcOAjAhBggrBgEFBQcBBwEB/wQSMBAwBgQCAAEFADAGBAIAAgUAMBUGCCsGAQUFBwEIAQH/BAYwBKACBQAwDQYJKoZIhvcNAQELBQADggEBAHS5KN8AbrEdxpNiqD2OqVdXTA6GWJ0D2bZbt6QAkyxWuJE/ktzANvK8XqNYfuVcvsb4kl2ITYmNzB1GX5n7RvMz+HY0yjY49z4UdrK9qV50mCqjxLHPicqEO/9Yxvh2piwK7D2JAYzojnJ3Wv7C9uzZ9IuvAoG/fFxb1XkJiI8ScNwRftmvg0L7Kmp+JLZzELpVG8K20eV24j6dBpSSa1eHLfEDJcEywoLEgq8wvR9RXm1Aw8POEv3/SlVjCeNiPUTeMQyq0pUK3mzgvKyX3HC2ghY7MWZUsapCiCD96qnrHqaRobWcisVZ7GUQ7wbR/PSpD2y4g43h5uYTcPBxKWYxggGsMIIBqAIBA4AUuVUOeuUJhs6cDfokJm4lhDcMVLkwDQYJYIZIAWUDBAIBBQCgazAaBgkqhkiG9w0BCQMxDQYLKoZIhvcNAQkQARowHAYJKoZIhvcNAQkFMQ8XDTIwMDQzMDE0MjIyM1owLwYJKoZIhvcNAQkEMSIEIPR83PW0gtQm7aDKjSAUbxMkAMmK2DVTurax2zNKfuMJMA0GCSqGSIb3DQEBAQUABIIBACh7/R9bWTGMWkQ8xhE0R5rT1sX4PGsDm3LYIYYVTg89GqgSSz7QNBZGFUQKBR+vF3nVQI0qaiR4XSNfVVZB2B7KCzXCTXa2x1MmoIuMaKfP13KjDLAQiwnywgDVMB7vyMzbTkJJHcoRU1oGh4QFelrzpem8OTfUQEVebOx77bo/pjjr+JMZnSDCB0nryqVA3vzSACDKESxIg2wamwlZ3Y4SOTIfiKuLUGicJ60BicFJU+uT1FTHJTiTx/fcDNgxTqNCU3XgBgH7IdBOkfhg3Ev0hqoEZph4cTWibkssbItjiUOMRx70KiL+AjLrRH4i8Io131SNlF8XkeuFJnnEGkU=",
                    "serial": "28301606038302796378889181597449239928725501878",
                    "expires": "2020-05-01T14:22:23.981534Z"
                  }
                },
                {
                  "name": "FE7805B8F0C16A0BF93B6CC8E53D57D39D856018.crl",
                  "object": {
                    "content": "MIIBrzCBmAIBATANBgkqhkiG9w0BAQsFADAzMTEwLwYDVQQDEyhGRTc4MDVCOEYwQzE2QTBCRjkzQjZDQzhFNTNENTdEMzlEODU2MDE4Fw0yMDA0MzAxNDE3MjNaFw0yMDA1MDExNDIyMjNaMACgLzAtMB8GA1UdIwQYMBaAFP54BbjwwWoL+TtsyOU9V9OdhWAYMAoGA1UdFAQDAgEBMA0GCSqGSIb3DQEBCwUAA4IBAQAN1wO3pud3TpK1Ns5aa4Qyxi0ZaSjU72uA5ZOLQwvZtcluyRGOiB3KpnqNMrdtjPdINggqVZh1Gx99eTfirEogaqdVFx1f7SxREku5ONrTMffmWAkMKyOOVkCMUTp3gtpLmDc/In8mljaR97pSzIdJj4veyOU53NI90Xsn1TSIAnJwc6DJbOUGugmi2IOIQVTkWmej1XjB7JFTZ3E2MgmcvIBouf6zyKsKyPejpWNwJAGiH1QSXj/+t/AffN2WxbNFgc7P9qlMjKtA2V+RyBc4GTpHDalJcm76ne6va37ngB9uaNesf8WQF4sHuJkF7pf9MFyNIA9tX7frFdH+iqRj",
                    "serial": "1",
                    "expires": "2020-05-01T14:22:23.978376Z"
                  }
                }
              ],
              "updated": [],
              "withdrawn": []
            }
          ]
        }
      }
    ]
  }
}