{
  "command": {
    "actor": "krill",
    "time": "2020-04-30T14:22:27.553887Z",
    "handle": "CA2",
    "version": 8,
    "sequence": 7,
    "details": {
      "child_certify": [
        "CA3",
        "0",
        {
          "asn": "none",
          "v4": "none",
          "v6": "none"
        },
        "C34B56BECCC089081C76560E8F7A41DB1C078150"
      ]
    },
    "effect": {
      "events": [
        8,
        9,
        10
      ]
    }
  },
  "result": {
    "Events": [
      {
        "id": "CA2",
        "version": 8,
        "details": {
          "child_certificate_issued": [
            "CA3",
            "0",
            "C34B56BECCC089081C76560E8F7A41DB1C078150"
          ]
        }
      },
      {
        "id": "CA2",
        "version": 9,
        "details": {
          "child_certificates_updated": [
            "0",
            {
              "issued": [
                {
                  "uri": "rsync://localhost/repo/CA2/0/C34B56BECCC089081C76560E8F7A41DB1C078150.cer",
                  "limit": {
                    "asn": "none",
                    "v4": "none",
                    "v6": "none"
                  },
                  "resource_set": {
                    "asn": "",
                    "v4": "10.1.0.0/24",
                    "v6": ""
                  },
                  "cert": "MIIFLDCCBBSgAwIBAgIUeJ6JoCY490BQOjob2xztOHMY4PswDQYJKoZIhvcNAQELBQAwMzExMC8GA1UEAxMoRkU3ODA1QjhGMEMxNkEwQkY5M0I2Q0M4RTUzRDU3RDM5RDg1NjAxODAeFw0yMDA0MzAxNDE3MjdaFw0yMTA0MzAxNDIyMjdaMDMxMTAvBgNVBAMTKEMzNEI1NkJFQ0NDMDg5MDgxQzc2NTYwRThGN0E0MURCMUMwNzgxNTAwggEiMA0GCSqGSIb3DQEBAQUAA4IBDwAwggEKAoIBAQDGN7/UMBpjTFvZJyu/IlzyT43Jz16Ewy3XSNz3eGFEmXmZczasX3kD1baD3qlFJKjFoMKLFQ5Saw6KnFgQ3FjGINYLFKBYQwVuvWNxhAXJ7BQfoK2X/KoJ0lg4lceNec9HObrg6IPjiwj68pLiEm4F43rS67o2AyAQvf5RYnkWdLDE1vs1dQ0R3SIv0NJim5VSZbaH9kq8R1+IkI2JT/NrbywcSun0pF+WPX96g6A48cguA6b8qD2F2SqIiTZFt90UM/x0LIJlwcJ4ISrdBbiY7nRjfoMBetMb3OPeo4AHicHhKqOH4YGS3Ja5vExWLqKPiq5LZjo3nHZmbeRj7u8xAgMBAAGjggI2MIICMjAPBgNVHRMBAf8EBTADAQH/MB0GA1UdDgQWBBTDS1a+zMCJCBx2Vg6PekHbHAeBUDAfBgNVHSMEGDAWgBT+eAW48MFqC/k7bMjlPVfTnYVgGDAOBgNVHQ8BAf8EBAMCAQYwWgYDVR0fBFMwUTBPoE2gS4ZJcnN5bmM6Ly9sb2NhbGhvc3QvcmVwby9DQTIvMC9GRTc4MDVCOEYwQzE2QTBCRjkzQjZDQzhFNTNENTdEMzlEODU2MDE4LmNybDBkBggrBgEFBQcBAQRYMFYwVAYIKwYBBQUHMAKGSHJzeW5jOi8vbG9jYWxob3N0L3JlcG8vdGEvMC9GRTc4MDVCOEYwQzE2QTBCRjkzQjZDQzhFNTNENTdEMzlEODU2MDE4LmNlcjCB0QYIKwYBBQUHAQsEgcQwgcEwKQYIKwYBBQUHMAWGHXJzeW5jOi8vbG9jYWxob3N0L3JlcG8vQ0EzLzEvMFUGCCsGAQUFBzAKhklyc3luYzovL2xvY2FsaG9zdC9yZXBvL0NBMy8xL0MzNEI1NkJFQ0NDMDg5MDgxQzc2NTYwRThGN0E0MURCMUMwNzgxNTAubWZ0MD0GCCsGAQUFBzANhjFodHRwczovL2xvY2FsaG9zdDozMDAwL3Rlc3QtcnJkcC9ub3RpZmljYXRpb24ueG1sMBgGA1UdIAEB/wQOMAwwCgYIKwYBBQUHDgIwHwYIKwYBBQUHAQcBAf8EEDAOMAwEAgABMAYDBAAKAQAwDQYJKoZIhvcNAQELBQADggEBAMuVarsxcZm8jxcaKGkZUvfhZs3rEjNgF4RF5/tm6v1RF4SV3G1IKDJiVegElApw8DpnsmO2a0pdtA0b3LIIb+06+InYciNfOEydfBhF+sulEshdyoLCMfHJVfgIS88+nS1bxkG0ODsK7kDfeAJ52H5E+kn2a2eauf4zqXsHT76B4fxSx9EbW85iDlYYdLFtjIT187y1fqIuomUcEy1h9QsGoWn1ngluJee/lP0AehgwP92QXHZ3CfUTSo9hc1q+wds5exLaZMJSHNaf3gi/8sQv79kI5mJR6V1ipy99YewtWyseQITemN5xJqNlr+WezMAPsmVr0GUGzXUWXTgEt6Y=",
                  "replaces": null
                }
              ],
              "removed": []
            }
          ]
        }
      },
      {
        "id": "CA2",
        "version": 10,
        "details": {
          "object_set_updated": [
            "0",
            {
              "FE7805B8F0C16A0BF93B6CC8E53D57D39D856018": {
                "number": 2,
                "revocations_delta": {
                  "added": [
                    {
                      "serial": "28301606038302796378889181597449239928725501878",
                      "expires": "2020-05-01T14:22:23.981534Z"
                    }
                  ],
                  "dropped": []
                },
                "manifest_info": {
                  "name": "FE7805B8F0C16A0BF93B6CC8E53D57D39D856018.mft",
                  "current": {
                    "content": "MIIJlAYJKoZIhvcNAQcCoIIJhTCCCYECAQMxDzANBglghkgBZQMEAgEFADCB7wYLKoZIhvcNAQkQARqggd8EgdwwgdkCAQIYDzIwMjAwNDMwMTQxNzI3WhgPMjAyMDA1MDExNDIyMjdaBglghkgBZQMEAgEwgaYwURYsRkU3ODA1QjhGMEMxNkEwQkY5M0I2Q0M4RTUzRDU3RDM5RDg1NjAxOC5jcmwDIQCbq02WU8s8bYCXKoW+V0uzIZBIieNan7WFS8JV3wy8WDBRFixDMzRCNTZCRUNDQzA4OTA4MUM3NjU2MEU4RjdBNDFEQjFDMDc4MTUwLmNlcgMhAHD7jjioHnEOcEmwOGpqfkkfECCam8h3/dBwViy1xpsooIIGxzCCBsMwggWroAMCAQICFBljq84jXH5Tjb1sOtUadbDl8ZBCMA0GCSqGSIb3DQEBCwUAMDMxMTAvBgNVBAMTKEZFNzgwNUI4RjBDMTZBMEJGOTNCNkNDOEU1M0Q1N0QzOUQ4NTYwMTgwHhcNMjAwNDMwMTQxNzI3WhcNMjAwNTA3MTQyMjI3WjCCAi0xggIpMIICJQYDVQQDE4ICHDMwODIwMTBBMDI4MjAxMDEwMEM3OTVDRThGMkQwNkZBQzA2Q0E5NUNDNkY3MEQ0ODBGRjU4NzQxOTMzOTJGQTc3NEM0RjlCRjEwNjRBQ0Q3QkVEOTZDMTgxMDg0RkE2Q0Y2NjUxQTI0QjA2ODlCQkM5M0E0MjY1MDBBMDlEQTJDMUE4RUE2NUFDMDQxMEJDODFFRkY5MDI0RUJBNjEwQzU1QUI5NDE3QjQ5MTI0M0UzMzkyNEMwQUY1OTE5RTg5NjdGODk3ODAyQzJEQTZEQjUwNTE4NjA5QjA2QTRGNzUxQjUxQTMzNzYyRjJGMTBGMzExNzU3NEEyM0VDMUMxNjE0NzNFRjExMEE4OTk5OTczMTlFN0IzRDkyQUVGNDRERkE2MzQ4NEJBNTI4MzVEMkVGRTVCMzFDNkMzRDM2RTI3M0M5QUE3NDc4RDAzQjIxM0REMkQ3MUQxMUE0ODU4NjBCQzgxNjJEMEUxQ0Y1N0IzMTY2QUZCNThFRTU4MDM4MjVGNzY3MzA2NjZFMUY5NzRCNTRERDM0MkFFMjgzQUQ4ODEwMUYxNkQ2NDI2MERDMzY0ODc3RkRBQzA2MzY3NUI2Qjc1QzhEQjgyNkRCQ0U1RjFDQTNERjAwMzJDRjc1MEY2NjQzNzhGNzQ2NTRDMENBQjFGRTk5NkMyRkZCOTU3QkM2RkM5QTRDMEEwQzFCQjlGMDIwMzAxMDAwMTCCASIwDQYJKoZIhvcNAQEBBQADggEPADCCAQoCggEBAMeVzo8tBvrAbKlcxvcNSA/1h0GTOS+ndMT5vxBkrNe+2WwYEIT6bPZlGiSwaJu8k6QmUAoJ2iwajqZawEELyB7/kCTrphDFWrlBe0kSQ+M5JMCvWRnoln+JeALC2m21BRhgmwak91G1GjN2Ly8Q8xF1dKI+wcFhRz7xEKiZmXMZ57PZKu9E36Y0hLpSg10u/lsxxsPTbic8mqdHjQOyE90tcdEaSFhgvIFi0OHPV7MWavtY7lgDgl92cwZm4fl0tU3TQq4oOtiBAfFtZCYNw2SHf9rAY2dba3XI24JtvOXxyj3wAyz3UPZkN490ZUwMqx/plsL/uVe8b8mkwKDBu58CAwEAAaOCAdEwggHNMB0GA1UdDgQWBBTnCblGxLom77x3eS/x0ng2GNZfCDAfBgNVHSMEGDAWgBT+eAW48MFqC/k7bMjlPVfTnYVgGDAOBgNVHQ8BAf8EBAMCB4AwWgYDVR0fBFMwUTBPoE2gS4ZJcnN5bmM6Ly9sb2NhbGhvc3QvcmVwby9DQTIvMC9GRTc4MDVCOEYwQzE2QTBCRjkzQjZDQzhFNTNENTdEMzlEODU2MDE4LmNybDBkBggrBgEFBQcBAQRYMFYwVAYIKwYBBQUHMAKGSHJzeW5jOi8vbG9jYWxob3N0L3JlcG8vdGEvMC9GRTc4MDVCOEYwQzE2QTBCRjkzQjZDQzhFNTNENTdEMzlEODU2MDE4LmNlcjBlBggrBgEFBQcBCwRZMFcwVQYIKwYBBQUHMAuGSXJzeW5jOi8vbG9jYWxob3N0L3JlcG8vQ0EyLzAvRkU3ODA1QjhGMEMxNkEwQkY5M0I2Q0M4RTUzRDU3RDM5RDg1NjAxOC5tZnQwGAYDVR0gAQH/BA4wDDAKBggrBgEFBQcOAjAhBggrBgEFBQcBBwEB/wQSMBAwBgQCAAEFADAGBAIAAgUAMBUGCCsGAQUFBwEIAQH/BAYwBKACBQAwDQYJKoZIhvcNAQELBQADggEBAHBtSfy3CD2qKKlneUoQpMTvenx4sbHpoqSBODQAbXLQ7SgcitIEcNm7daK/RU42DE8ehAXwb9Mj6tHIz3IXbkqPJZ9Dg9W4CD2C7hcSVVX5nLW/1y7crPp20T1AaBxWs+f2PA5FQCmST4rI8PIFPRHl4KEml/A8ALhYDt4lrBzKG31d6T7Lg8YkHEhs7uD/adspe2KTdIKVGSQpxomt03VOtwDSwydOSHQChDioSW8kATB8lxn/UX/2s/DB5ORbGk459lEtBk1ReTQHWCVC+MACJu1W4l3MLovv+B0m8GLOa7KOW+G2sBxt7HynuO1NdhK9CjZV78z4pmh728qNoi8xggGsMIIBqAIBA4AU5wm5RsS6Ju+8d3kv8dJ4NhjWXwgwDQYJYIZIAWUDBAIBBQCgazAaBgkqhkiG9w0BCQMxDQYLKoZIhvcNAQkQARowHAYJKoZIhvcNAQkFMQ8XDTIwMDQzMDE0MjIyN1owLwYJKoZIhvcNAQkEMSIEIH9RDUGV1qyWXp3eNv0j7JEMUZdPxyy/OgLNU9s4ImBRMA0GCSqGSIb3DQEBAQUABIIBAESKyJSFwrywD0S/e7eR9zcJrGGpKVnFh5ktMtq04Oa8mRCP0oDVIKndsZW1Yj4dTLJI+tT9gD7sc+xnt5qfK7Q7vW1LlZ6mciyN3Ioph4J2FCOyjnmYSYtJwmsXtyNCY2xbggZSaQWy5ynKzDxwOcYBDL8fKfTpWbGHZW8eR3VDis1Wu3goQF2EAXWnx6RGo7V8gI5SruU8cEKDU657duTh7qdo6A91u1+1O5afaydtv8COGtiwqVNApa+5Jx/frgVNBGEwXfFz9LFoVQPcV+6HHAalBdDt9EmYCOdSDe/meKkQrxPxVQ2yf5E00Q2x9IHiBt7AGlDjSxueL2MghpQ=",
                    "serial": "144947509391315669879211872149361096929909510210",
                    "expires": "2020-05-01T14:22:27.561164Z"
                  },
                  "next_update": "2020-05-01T14:22:27.561164Z",
                  "old": "66b21e10b4181964d8efddfd4a6ecdda9b2804a24a7154fbe955f2177b614a5d"
                },
                "crl_info": {
                  "name": "FE7805B8F0C16A0BF93B6CC8E53D57D39D856018.crl",
                  "current": {
                    "content": "MIIB1jCBvwIBATANBgkqhkiG9w0BAQsFADAzMTEwLwYDVQQDEyhGRTc4MDVCOEYwQzE2QTBCRjkzQjZDQzhFNTNENTdEMzlEODU2MDE4Fw0yMDA0MzAxNDE3MjdaFw0yMDA1MDExNDIyMjdaMCcwJQIUBPUWgQsFy9qXyicrS6UP3y7u97YXDTIwMDUwMTE0MjIyM1qgLzAtMB8GA1UdIwQYMBaAFP54BbjwwWoL+TtsyOU9V9OdhWAYMAoGA1UdFAQDAgECMA0GCSqGSIb3DQEBCwUAA4IBAQC6dmyVRladaL/u0PhNaqRGhGIE3qTwbGam+O+w5R0sOspxwzF81/OZA/fi/b8jPMgC/PvE1tr4UlyqG9VMZcv7leJyVT+LRRDavvbLlUFdzWCwakBefWAywFRGdF6C0kAij1lV2DpLWixyCZnMmO6miiomJbHu0qvpje9ITOgBze+VYm4pFOkqB0NmvSG/ucRHHqvwlsQC4InaAPG7ERYEEtucuAqf8QrIfyayOZfyedW/o5mJ97D/4dyrWGComVAjQko3HUy1et2lAi+OneH/RLMOHsl64SlJkk1Q2kuAawce1nBCzGZWnEbrjKYhdLIa9f2AMHbDymXN7UF83HIP",
                    "serial": "2",
                    "expires": "2020-05-01T14:22:27.557816Z"
                  },
                  "old": "9b687804127ebace88cb369160a187f32ade7480dabdece8173f650e8dceeb95"
                },
                "objects_delta": {
                  "ca_repo": "rsync://localhost/repo/CA2/0",
                  "added": [
                    {
                      "name": "C34B56BECCC089081C76560E8F7A41DB1C078150.cer",
                      "object": {
                        "content": "MIIFLDCCBBSgAwIBAgIUeJ6JoCY490BQOjob2xztOHMY4PswDQYJKoZIhvcNAQELBQAwMzExMC8GA1UEAxMoRkU3ODA1QjhGMEMxNkEwQkY5M0I2Q0M4RTUzRDU3RDM5RDg1NjAxODAeFw0yMDA0MzAxNDE3MjdaFw0yMTA0MzAxNDIyMjdaMDMxMTAvBgNVBAMTKEMzNEI1NkJFQ0NDMDg5MDgxQzc2NTYwRThGN0E0MURCMUMwNzgxNTAwggEiMA0GCSqGSIb3DQEBAQUAA4IBDwAwggEKAoIBAQDGN7/UMBpjTFvZJyu/IlzyT43Jz16Ewy3XSNz3eGFEmXmZczasX3kD1baD3qlFJKjFoMKLFQ5Saw6KnFgQ3FjGINYLFKBYQwVuvWNxhAXJ7BQfoK2X/KoJ0lg4lceNec9HObrg6IPjiwj68pLiEm4F43rS67o2AyAQvf5RYnkWdLDE1vs1dQ0R3SIv0NJim5VSZbaH9kq8R1+IkI2JT/NrbywcSun0pF+WPX96g6A48cguA6b8qD2F2SqIiTZFt90UM/x0LIJlwcJ4ISrdBbiY7nRjfoMBetMb3OPeo4AHicHhKqOH4YGS3Ja5vExWLqKPiq5LZjo3nHZmbeRj7u8xAgMBAAGjggI2MIICMjAPBgNVHRMBAf8EBTADAQH/MB0GA1UdDgQWBBTDS1a+zMCJCBx2Vg6PekHbHAeBUDAfBgNVHSMEGDAWgBT+eAW48MFqC/k7bMjlPVfTnYVgGDAOBgNVHQ8BAf8EBAMCAQYwWgYDVR0fBFMwUTBPoE2gS4ZJcnN5bmM6Ly9sb2NhbGhvc3QvcmVwby9DQTIvMC9GRTc4MDVCOEYwQzE2QTBCRjkzQjZDQzhFNTNENTdEMzlEODU2MDE4LmNybDBkBggrBgEFBQcBAQRYMFYwVAYIKwYBBQUHMAKGSHJzeW5jOi8vbG9jYWxob3N0L3JlcG8vdGEvMC9GRTc4MDVCOEYwQzE2QTBCRjkzQjZDQzhFNTNENTdEMzlEODU2MDE4LmNlcjCB0QYIKwYBBQUHAQsEgcQwgcEwKQYIKwYBBQUHMAWGHXJzeW5jOi8vbG9jYWxob3N0L3JlcG8vQ0EzLzEvMFUGCCsGAQUFBzAKhklyc3luYzovL2xvY2FsaG9zdC9yZXBvL0NBMy8xL0MzNEI1NkJFQ0NDMDg5MDgxQzc2NTYwRThGN0E0MURCMUMwNzgxNTAubWZ0MD0GCCsGAQUFBzANhjFodHRwczovL2xvY2FsaG9zdDozMDAwL3Rlc3QtcnJkcC9ub3RpZmljYXRpb24ueG1sMBgGA1UdIAEB/wQOMAwwCgYIKwYBBQUHDgIwHwYIKwYBBQUHAQcBAf8EEDAOMAwEAgABMAYDBAAKAQAwDQYJKoZIhvcNAQELBQADggEBAMuVarsxcZm8jxcaKGkZUvfhZs3rEjNgF4RF5/tm6v1RF4SV3G1IKDJiVegElApw8DpnsmO2a0pdtA0b3LIIb+06+InYciNfOEydfBhF+sulEshdyoLCMfHJVfgIS88+nS1bxkG0ODsK7kDfeAJ52H5E+kn2a2eauf4zqXsHT76B4fxSx9EbW85iDlYYdLFtjIT187y1fqIuomUcEy1h9QsGoWn1ngluJee/lP0AehgwP92QXHZ3CfUTSo9hc1q+wds5exLaZMJSHNaf3gi/8sQv79kI5mJR6V1ipy99YewtWyseQITemN5xJqNlr+WezMAPsmVr0GUGzXUWXTgEt6Y=",
                        "serial": "688614399119386387182793099724411945322313998587",
                        "expires": "2021-04-30T14:22:27Z"
                      }
                    }
                  ],
                  "updated": [
                    {
                      "name": "FE7805B8F0C16A0BF93B6CC8E53D57D39D856018.crl",
                      "object": {
                        "content": "MIIB1jCBvwIBATANBgkqhkiG9w0BAQsFADAzMTEwLwYDVQQDEyhGRTc4MDVCOEYwQzE2QTBCRjkzQjZDQzhFNTNENTdEMzlEODU2MDE4Fw0yMDA0MzAxNDE3MjdaFw0yMDA1MDExNDIyMjdaMCcwJQIUBPUWgQsFy9qXyicrS6UP3y7u97YXDTIwMDUwMTE0MjIyM1qgLzAtMB8GA1UdIwQYMBaAFP54BbjwwWoL+TtsyOU9V9OdhWAYMAoGA1UdFAQDAgECMA0GCSqGSIb3DQEBCwUAA4IBAQC6dmyVRladaL/u0PhNaqRGhGIE3qTwbGam+O+w5R0sOspxwzF81/OZA/fi/b8jPMgC/PvE1tr4UlyqG9VMZcv7leJyVT+LRRDavvbLlUFdzWCwakBefWAywFRGdF6C0kAij1lV2DpLWixyCZnMmO6miiomJbHu0qvpje9ITOgBze+VYm4pFOkqB0NmvSG/ucRHHqvwlsQC4InaAPG7ERYEEtucuAqf8QrIfyayOZfyedW/o5mJ97D/4dyrWGComVAjQko3HUy1et2lAi+OneH/RLMOHsl64SlJkk1Q2kuAawce1nBCzGZWnEbrjKYhdLIa9f2AMHbDymXN7UF83HIP",
                        "serial": "2",
                        "expires": "2020-05-01T14:22:27.557816Z"
                      },
                      "old": "9b687804127ebace88cb369160a187f32ade7480dabdece8173f650e8dceeb95"
                    },
                    {
                      "name": "FE7805B8F0C16A0BF93B6CC8E53D57D39D856018.mft",
                      "object": {
                        "content": "MIIJlAYJKoZIhvcNAQcCoIIJhTCCCYECAQMxDzANBglghkgBZQMEAgEFADCB7wYLKoZIhvcNAQkQARqggd8EgdwwgdkCAQIYDzIwMjAwNDMwMTQxNzI3WhgPMjAyMDA1MDExNDIyMjdaBglghkgBZQMEAgEwgaYwURYsRkU3ODA1QjhGMEMxNkEwQkY5M0I2Q0M4RTUzRDU3RDM5RDg1NjAxOC5jcmwDIQCbq02WU8s8bYCXKoW+V0uzIZBIieNan7WFS8JV3wy8WDBRFixDMzRCNTZCRUNDQzA4OTA4MUM3NjU2MEU4RjdBNDFEQjFDMDc4MTUwLmNlcgMhAHD7jjioHnEOcEmwOGpqfkkfECCam8h3/dBwViy1xpsooIIGxzCCBsMwggWroAMCAQICFBljq84jXH5Tjb1sOtUadbDl8ZBCMA0GCSqGSIb3DQEBCwUAMDMxMTAvBgNVBAMTKEZFNzgwNUI4RjBDMTZBMEJGOTNCNkNDOEU1M0Q1N0QzOUQ4NTYwMTgwHhcNMjAwNDMwMTQxNzI3WhcNMjAwNTA3MTQyMjI3WjCCAi0xggIpMIICJQYDVQQDE4ICHDMwODIwMTBBMDI4MjAxMDEwMEM3OTVDRThGMkQwNkZBQzA2Q0E5NUNDNkY3MEQ0ODBGRjU4NzQxOTMzOTJGQTc3NEM0RjlCRjEwNjRBQ0Q3QkVEOTZDMTgxMDg0RkE2Q0Y2NjUxQTI0QjA2ODlCQkM5M0E0MjY1MDBBMDlEQTJDMUE4RUE2NUFDMDQxMEJDODFFRkY5MDI0RUJBNjEwQzU1QUI5NDE3QjQ5MTI0M0UzMzkyNEMwQUY1OTE5RTg5NjdGODk3ODAyQzJEQTZEQjUwNTE4NjA5QjA2QTRGNzUxQjUxQTMzNzYyRjJGMTBGMzExNzU3NEEyM0VDMUMxNjE0NzNFRjExMEE4OTk5OTczMTlFN0IzRDkyQUVGNDRERkE2MzQ4NEJBNTI4MzVEMkVGRTVCMzFDNkMzRDM2RTI3M0M5QUE3NDc4RDAzQjIxM0REMkQ3MUQxMUE0ODU4NjBCQzgxNjJEMEUxQ0Y1N0IzMTY2QUZCNThFRTU4MDM4MjVGNzY3MzA2NjZFMUY5NzRCNTRERDM0MkFFMjgzQUQ4ODEwMUYxNkQ2NDI2MERDMzY0ODc3RkRBQzA2MzY3NUI2Qjc1QzhEQjgyNkRCQ0U1RjFDQTNERjAwMzJDRjc1MEY2NjQzNzhGNzQ2NTRDMENBQjFGRTk5NkMyRkZCOTU3QkM2RkM5QTRDMEEwQzFCQjlGMDIwMzAxMDAwMTCCASIwDQYJKoZIhvcNAQEBBQADggEPADCCAQoCggEBAMeVzo8tBvrAbKlcxvcNSA/1h0GTOS+ndMT5vxBkrNe+2WwYEIT6bPZlGiSwaJu8k6QmUAoJ2iwajqZawEELyB7/kCTrphDFWrlBe0kSQ+M5JMCvWRnoln+JeALC2m21BRhgmwak91G1GjN2Ly8Q8xF1dKI+wcFhRz7xEKiZmXMZ57PZKu9E36Y0hLpSg10u/lsxxsPTbic8mqdHjQOyE90tcdEaSFhgvIFi0OHPV7MWavtY7lgDgl92cwZm4fl0tU3TQq4oOtiBAfFtZCYNw2SHf9rAY2dba3XI24JtvOXxyj3wAyz3UPZkN490ZUwMqx/plsL/uVe8b8mkwKDBu58CAwEAAaOCAdEwggHNMB0GA1UdDgQWBBTnCblGxLom77x3eS/x0ng2GNZfCDAfBgNVHSMEGDAWgBT+eAW48MFqC/k7bMjlPVfTnYVgGDAOBgNVHQ8BAf8EBAMCB4AwWgYDVR0fBFMwUTBPoE2gS4ZJcnN5bmM6Ly9sb2NhbGhvc3QvcmVwby9DQTIvMC9GRTc4MDVCOEYwQzE2QTBCRjkzQjZDQzhFNTNENTdEMzlEODU2MDE4LmNybDBkBggrBgEFBQcBAQRYMFYwVAYIKwYBBQUHMAKGSHJzeW5jOi8vbG9jYWxob3N0L3JlcG8vdGEvMC9GRTc4MDVCOEYwQzE2QTBCRjkzQjZDQzhFNTNENTdEMzlEODU2MDE4LmNlcjBlBggrBgEFBQcBCwRZMFcwVQYIKwYBBQUHMAuGSXJzeW5jOi8vbG9jYWxob3N0L3JlcG8vQ0EyLzAvRkU3ODA1QjhGMEMxNkEwQkY5M0I2Q0M4RTUzRDU3RDM5RDg1NjAxOC5tZnQwGAYDVR0gAQH/BA4wDDAKBggrBgEFBQcOAjAhBggrBgEFBQcBBwEB/wQSMBAwBgQCAAEFADAGBAIAAgUAMBUGCCsGAQUFBwEIAQH/BAYwBKACBQAwDQYJKoZIhvcNAQELBQADggEBAHBtSfy3CD2qKKlneUoQpMTvenx4sbHpoqSBODQAbXLQ7SgcitIEcNm7daK/RU42DE8ehAXwb9Mj6tHIz3IXbkqPJZ9Dg9W4CD2C7hcSVVX5nLW/1y7crPp20T1AaBxWs+f2PA5FQCmST4rI8PIFPRHl4KEml/A8ALhYDt4lrBzKG31d6T7Lg8YkHEhs7uD/adspe2KTdIKVGSQpxomt03VOtwDSwydOSHQChDioSW8kATB8lxn/UX/2s/DB5ORbGk459lEtBk1ReTQHWCVC+MACJu1W4l3MLovv+B0m8GLOa7KOW+G2sBxt7HynuO1NdhK9CjZV78z4pmh728qNoi8xggGsMIIBqAIBA4AU5wm5RsS6Ju+8d3kv8dJ4NhjWXwgwDQYJYIZIAWUDBAIBBQCgazAaBgkqhkiG9w0BCQMxDQYLKoZIhvcNAQkQARowHAYJKoZIhvcNAQkFMQ8XDTIwMDQzMDE0MjIyN1owLwYJKoZIhvcNAQkEMSIEIH9RDUGV1qyWXp3eNv0j7JEMUZdPxyy/OgLNU9s4ImBRMA0GCSqGSIb3DQEBAQUABIIBAESKyJSFwrywD0S/e7eR9zcJrGGpKVnFh5ktMtq04Oa8mRCP0oDVIKndsZW1Yj4dTLJI+tT9gD7sc+xnt5qfK7Q7vW1LlZ6mciyN3Ioph4J2FCOyjnmYSYtJwmsXtyNCY2xbggZSaQWy5ynKzDxwOcYBDL8fKfTpWbGHZW8eR3VDis1Wu3goQF2EAXWnx6RGo7V8gI5SruU8cEKDU657duTh7qdo6A91u1+1O5afaydtv8COGtiwqVNApa+5Jx/frgVNBGEwXfFz9LFoVQPcV+6HHAalBdDt9EmYCOdSDe/meKkQrxPxVQ2yf5E00Q2x9IHiBt7AGlDjSxueL2MghpQ=",
                        "serial": "144947509391315669879211872149361096929909510210",
                        "expires": "2020-05-01T14:22:27.561164Z"
                      },
                      "old": "66b21e10b4181964d8efddfd4a6ecdda9b2804a24a7154fbe955f2177b614a5d"
                    }
                  ],
                  "withdrawn": []
                }
              }
            }
          ]
        }
      }
    ]
  }
}